
 Start         Length     Name                   Class
 0001:00000000 00014C2CH .text                   CODE
 0002:00000000 00000358H .data                   DATA
 0002:00000358 0000002DH .bss                    BSS


Detailed map of segments

 0001:00000000 0000037E C=CODE     S=.text    G=(none)   M=System   ACBP=A9
 0001:00000380 000001EC C=CODE     S=.text    G=(none)   M=SysInit  ACBP=A9
 0001:0000056C 000000A8 C=CODE     S=.text    G=(none)   M=ADOConst ACBP=A9
 0001:00000614 00000058 C=CODE     S=.text    G=(none)   M=Windows  ACBP=A9
 0001:0000066C 0000000E C=CODE     S=.text    G=(none)   M=Types    ACBP=A9
 0001:0000067C 0000006E C=CODE     S=.text    G=(none)   M=Variants ACBP=A9
 0001:000006EC 000000C6 C=CODE     S=.text    G=(none)   M=SysUtils ACBP=A9
 0001:000007B4 0000000E C=CODE     S=.text    G=(none)   M=SysConst ACBP=A9
 0001:000007C4 0000000E C=CODE     S=.text    G=(none)   M=VarUtils ACBP=A9
 0001:000007D4 0000002E C=CODE     S=.text    G=(none)   M=ActiveX  ACBP=A9
 0001:00000804 00000038 C=CODE     S=.text    G=(none)   M=Messages ACBP=A9
 0001:0000083C 000001F6 C=CODE     S=.text    G=(none)   M=Classes  ACBP=A9
 0001:00000A34 0000000E C=CODE     S=.text    G=(none)   M=TypInfo  ACBP=A9
 0001:00000A44 0000000E C=CODE     S=.text    G=(none)   M=RTLConsts ACBP=A9
 0001:00000A54 00000536 C=CODE     S=.text    G=(none)   M=DB       ACBP=A9
 0001:00000F8C 0000000E C=CODE     S=.text    G=(none)   M=FMTBcd   ACBP=A9
 0001:00000F9C 0000000E C=CODE     S=.text    G=(none)   M=Math     ACBP=A9
 0001:00000FAC 0000000E C=CODE     S=.text    G=(none)   M=DBConsts ACBP=A9
 0001:00000FBC 0000000E C=CODE     S=.text    G=(none)   M=SqlTimSt ACBP=A9
 0001:00000FCC 0000000E C=CODE     S=.text    G=(none)   M=DateUtils ACBP=A9
 0001:00000FDC 0000000E C=CODE     S=.text    G=(none)   M=MaskUtils ACBP=A9
 0001:00000FEC 00000026 C=CODE     S=.text    G=(none)   M=ComObj   ACBP=A9
 0001:00001014 0000000E C=CODE     S=.text    G=(none)   M=ComConst ACBP=A9
 0001:00001024 0000000E C=CODE     S=.text    G=(none)   M=OleDB    ACBP=A9
 0001:00001034 0000000E C=CODE     S=.text    G=(none)   M=ADOInt   ACBP=A9
 0001:00001044 00000016 C=CODE     S=.text    G=(none)   M=DBCommon ACBP=A9
 0001:0000105C 00000016 C=CODE     S=.text    G=(none)   M=Mtx      ACBP=A9
 0001:00001074 00013A9E C=CODE     S=.text    G=(none)   M=ADODB    ACBP=A9
 0001:00014B14 00000115 C=CODE     S=.text    G=(none)   M=adortl   ACBP=A9
 0002:00000000 00000028 C=DATA     S=.data    G=DGROUP   M=SysInit  ACBP=A9
 0002:00000028 000002AC C=DATA     S=.data    G=DGROUP   M=ADODB    ACBP=A9
 0002:00001000 00000018 C=BSS      S=.bss     G=DGROUP   M=SysInit  ACBP=A9
 0002:00001018 00000004 C=BSS      S=.bss     G=DGROUP   M=ADOConst ACBP=A9
 0002:0000101C 00000004 C=BSS      S=.bss     G=DGROUP   M=Windows  ACBP=A9
 0002:00001020 00000004 C=BSS      S=.bss     G=DGROUP   M=Messages ACBP=A9
 0002:00001024 00000008 C=BSS      S=.bss     G=DGROUP   M=ADODB    ACBP=A9


  Address         Publics by Name

 0002:00001010       .1
 0002:00001018       .1
 0002:00001020       .1
 0002:0000101C       .3
 0002:00001024       .31
 0001:00014C04       @GetPackageInfoTable
 0001:000004B8       @InitPkg
 0001:0000051C       @PackageLoad
 0001:00014C0C       @PackageLoad
 0001:00014C18       @PackageUnload
 0001:00000528       @PackageUnload
 0001:0000C604       AddFieldDef
 0001:000139C0       AddFieldToList
 0001:0000060C       ADOConst
 0001:00014AC0       ADODB
 0001:00014C24       adortl
 0001:00005544       ADOTypeToFieldType
 0002:000002A0       AffectRecordsValues
 0001:000003B8       AllocTlsBuffer
 0001:00006778       ApplicationHandleException
 0001:00009E40       AssignField
 0001:00009EBC       AssignParam
 0001:00009D60       AssignParameter
 0001:0000A16C       AssignToParam
 0001:0000E83C       BufferToVar
 0001:00007614       CheckForAsyncExecute
 0001:0000F358       CheckForFlyAway
 0002:00000028       CommandTypeValues
 0002:00000040       ConnectModeValues
 0002:00000060       ConnectOptionValues
 0001:000054E0       CreateADOObject
 0001:00013C34       CreateFields
 0001:00005F20       CreateUDLFile
 0001:0000E0BC       CurrToBuffer
 0002:00000068       CursorLocationValues
 0002:00000070       CursorOptionValues
 0002:000000A4       CursorTypeValues
 0001:000064F0       DataLinkDir
 0002:000000B8       DataTypeValues
 0001:0000D304       DesignerDataStored
 0001:0000F638       DoRecordsetDelete
 0002:00000150       EventReasonValues
 0002:0000018C       EventStatusValues
 0001:00005A9C       ExecuteOptionsToOrd
 0002:000001A0       ExecuteOptionValues
 0001:00000464       ExitProcessTLS
 0001:0000043C       ExitThreadTLS
 0001:00007BDC       ExtractCommandType
 0001:00005B18       ExtractFieldName
 0001:00007854       ExtractUserID
 0001:00005EDC       FieldListCheckSum
 0001:0000572C       FieldTypeToADOType
 0002:000001B0       FilterGroupValues
 0001:00014A70       Finalization
 0001:00000804       Finalization
 0001:00000634       Finalization
 0001:000005DC       Finalization
 0001:00000534       Finalization
 0001:00000380       FreeLibrary
 0001:0000953C       GetComponent
 0001:00006638       GetDataLinkFiles
 0001:00005B64       GetFilterStr
 0001:000086B0       GetFromDataFactory
 0001:00008758       GetFromProperty
 0001:00012E04       GetIdx
 0001:00006028       GetProviderNames
 0001:00005A48       GetStates
 0001:000003C4       GetTlsSize
 0001:00007920       GetUserName
 0002:00001028       GlobalMalloc
 0002:0000100C       HInstance
 0001:0000CBC8       InitBinding
 0001:0000BD28       InitializeConnection
 0001:0000B9D0       InitializeMasterFields
 0001:00000488       InitializeModule
 0001:0000BEAC       InitializeRecordset
 0001:0000B4FC       InitParameters
 0001:00000410       InitProcessTLS
 0001:000003CC       InitThreadTLS
 0001:0001355C       InMTSTransaction
 0001:0000989C       IsLiteral
 0002:000001CC       IsolationLevelValues
 0001:00009FA0       LoadFromStreamPersist
 0001:0000A000       LoadFromStrings
 0001:00000388       LocalAlloc
 0001:00000390       LocalFree
 0002:000001F0       LockTypeValues
 0002:00000204       MarshalOptionValues
 0001:00000834       Messages
 0002:00000000       Module
 0002:00001000       ModuleIsLib
 0002:00001001       ModuleIsPackage
 0001:00009874       NameDelimiter
 0002:0000020C       ObjectStateValues
 0001:000059FC       OleEnumToOrd
 0001:00005AD8       OrdToExecuteOptions
 0002:00000220       ParameterAttributeValues
 0002:0000022C       ParameterDirectionValues
 0001:000063CC       PromptDataLinkFile
 0001:00006264       PromptDataSource
 0001:00005E10       PropertyExists
 0002:00000240       RecordStatusValues
 0001:0000E478       RefreshBuffers
 0001:00008E48       RefreshFromADO
 0001:00008B4C       RefreshFromOleDB
 0001:00000614       RegCloseKey
 0001:0000061C       RegOpenKeyEx
 0001:00000624       RegQueryValueEx
 0002:000002D0       RetCodes
 0002:00000288       SeekOptionValues
 0001:000137F4       SetTableFilter
 0001:0000CC58       SetupBindings
 0002:000002CC       SIsAutoInc
 0001:000058F4       StringToVarArray
 0001:000098BC       StripChar
 0001:00009928       StripLiterals
 0001:00000564       SysInit
 0001:000145B8       TADOBlobStream.Create
 0001:00014720       TADOBlobStream.Destroy
 0001:000147C8       TADOBlobStream.ReadBlobData
 0001:00014978       TADOBlobStream.Realloc
 0001:00014A54       TADOBlobStream.Truncate
 0001:00014A44       TADOBlobStream.Write
 0001:0000AF98       TADOCommand.Assign
 0001:0000B7C8       TADOCommand.AssignCommandText
 0001:0000B020       TADOCommand.Cancel
 0001:0000B030       TADOCommand.CheckCommandText
 0001:0000B8C0       TADOCommand.ClearActiveConnection
 0001:0000B1F0       TADOCommand.ComponentLoading
 0001:0000B8D4       TADOCommand.ConnectionStateChange
 0001:0000AE7C       TADOCommand.Create
 0001:0000AF58       TADOCommand.Destroy
 0001:0000B20C       TADOCommand.Execute
 0001:0000B224       TADOCommand.Execute
 0001:0000B248       TADOCommand.Execute
 0001:0000B4DC       TADOCommand.GetActiveConnection
 0001:0000B854       TADOCommand.GetCommandTimeOut
 0001:0000B87C       TADOCommand.GetCommandType
 0001:0000B964       TADOCommand.GetPrepared
 0001:0000B9B0       TADOCommand.GetProperties
 0001:0000B98C       TADOCommand.GetState
 0001:0000B338       TADOCommand.Initialize
 0001:0000B118       TADOCommand.OpenConnection
 0001:0000B8A4       TADOCommand.SetComandType
 0001:0000B82C       TADOCommand.SetCommandText
 0001:0000B86C       TADOCommand.SetCommandTimeOut
 0001:0000B8E0       TADOCommand.SetConnection
 0001:0000B0A4       TADOCommand.SetConnectionFlag
 0001:0000B924       TADOCommand.SetConnectionString
 0001:0000B954       TADOCommand.SetParameters
 0001:0000B97C       TADOCommand.SetPrepared
 0001:00006A28       TADOConnection.BeginTrans
 0001:000073EC       TADOConnection.BeginTransComplete
 0001:00006AA0       TADOConnection.Cancel
 0001:000069A0       TADOConnection.CheckActive
 0001:00006BB4       TADOConnection.CheckDisconnect
 0001:000069C0       TADOConnection.CheckInactive
 0001:000069E0       TADOConnection.ClearRefs
 0001:00006A48       TADOConnection.CommitTrans
 0001:0000746C       TADOConnection.CommitTransComplete
 0001:000074E8       TADOConnection.ConnectComplete
 0001:00007368       TADOConnection.ConnectionPoint
 0001:00006798       TADOConnection.Create
 0001:000068B8       TADOConnection.Destroy
 0001:00007564       TADOConnection.Disconnect
 0001:00006AE8       TADOConnection.DoConnect
 0001:00006B84       TADOConnection.DoDisconnect
 0001:00006CA0       TADOConnection.Execute
 0001:00006C10       TADOConnection.Execute
 0001:000076C8       TADOConnection.ExecuteComplete
 0001:000080EC       TADOConnection.GetADODataSet
 0001:00007D1C       TADOConnection.GetAttributes
 0001:000080D0       TADOConnection.GetCommand
 0001:000080E4       TADOConnection.GetCommandCount
 0001:00007DC0       TADOConnection.GetCommandTimeout
 0001:00007DE8       TADOConnection.GetConnected
 0001:00007EE8       TADOConnection.GetConnectionString
 0001:00007F9C       TADOConnection.GetConnectionTimeout
 0001:00008000       TADOConnection.GetCursorLocation
 0001:00008120       TADOConnection.GetDefaultDatabase
 0001:000081F8       TADOConnection.GetErrors
 0001:00006F2C       TADOConnection.GetFieldNames
 0001:00008218       TADOConnection.GetInTransaction
 0001:00008224       TADOConnection.GetIsolationLevel
 0001:00008298       TADOConnection.GetMode
 0001:00006E3C       TADOConnection.GetProcedureNames
 0001:000082F8       TADOConnection.GetProperties
 0001:00008318       TADOConnection.GetProvider
 0001:0000845C       TADOConnection.GetState
 0001:00007198       TADOConnection.GetTableNames
 0001:00008484       TADOConnection.GetVersion
 0001:0000775C       TADOConnection.InfoMessage
 0001:0000810C       TADOConnection.IsDefaultDatabaseStored
 0001:000083A8       TADOConnection.IsProviderStored
 0001:0000695C       TADOConnection.Loaded
 0001:00006D24       TADOConnection.Open
 0001:00006D98       TADOConnection.OpenSchema
 0001:00008044       TADOConnection.RegisterClient
 0001:00006A74       TADOConnection.RollbackTrans
 0001:000077D8       TADOConnection.RollbackTransComplete
 0001:00007D74       TADOConnection.SetAttributes
 0001:00007DD8       TADOConnection.SetCommandTimeout
 0001:00007E1C       TADOConnection.SetConnectionObject
 0001:00007F28       TADOConnection.SetConnectionString
 0001:00007FB4       TADOConnection.SetConnectionTimeout
 0001:00007FE0       TADOConnection.SetConnectOptions
 0001:00008028       TADOConnection.SetCursorLocation
 0001:00008180       TADOConnection.SetDefaultDatabase
 0001:0000826C       TADOConnection.SetIsolationLevel
 0001:000084A4       TADOConnection.SetKeepConnection
 0001:000082C0       TADOConnection.SetMode
 0001:0000833C       TADOConnection.SetProvider
 0001:00008090       TADOConnection.UnRegisterClient
 0001:00006AB4       TADOConnection.WaitForConnectComplete
 0001:00007A64       TADOConnection.WillConnect
 0001:00007C04       TADOConnection.WillExecute
 0001:00013D3C       TADODataSet.CreateDataSet
 0001:00013E60       TADODataSet.DataEvent
 0001:00013F24       TADODataSet.GetIndexNames
 0001:00013F48       TADODataSet.OpenCursor
 0001:000141D4       TADODataSet.SetConnection
 0001:00014240       TADODataSet.SetDataSetField
 0001:000141FC       TADODataSet.SetRDSConnection
 0001:00014360       TADOQuery.Create
 0001:000143DC       TADOQuery.Destroy
 0001:0001440C       TADOQuery.ExecSQL
 0001:000144E4       TADOQuery.GetSQL
 0001:00014470       TADOQuery.QueryChanged
 0001:000144EC       TADOQuery.SetSQL
 0001:000144FC       TADOStoredProc.Create
 0001:0001456C       TADOStoredProc.ExecProc
 0001:00014284       TADOTable.Create
 0001:0001433C       TADOTable.GetIndexNames
 0001:000142EC       TADOTable.GetReadOnly
 0001:00014314       TADOTable.GetTableDirect
 0001:00014300       TADOTable.SetReadOnly
 0001:00014328       TADOTable.SetTableDirect
 0001:0000F8B0       TCustomADODataSet.ActivateTextFilter
 0001:0000D93C       TCustomADODataSet.AllocRecordBuffer
 0001:0000D80C       TCustomADODataSet.BookmarkValid
 0001:0000F79C       TCustomADODataSet.CancelBatch
 0001:0000F794       TCustomADODataSet.CancelUpdates
 0001:0000C554       TCustomADODataSet.CheckActive
 0001:0000C578       TCustomADODataSet.CheckFieldCompatibility
 0001:0000DE5C       TCustomADODataSet.ClearCalcFields
 0001:0000D168       TCustomADODataSet.Clone
 0001:0000D87C       TCustomADODataSet.CompareBookmarks
 0001:000115D8       TCustomADODataSet.ConnectionPoint
 0001:0000BB54       TCustomADODataSet.Create
 0001:0000ECA4       TCustomADODataSet.CreateBlobStream
 0001:0000D2A8       TCustomADODataSet.DataEvent
 0001:0000F950       TCustomADODataSet.DeactivateFilters
 0001:0000C5D8       TCustomADODataSet.DefChanged
 0001:0000D348       TCustomADODataSet.DefineProperties
 0001:0000F720       TCustomADODataSet.DeleteRecords
 0001:0000BC50       TCustomADODataSet.Destroy
 0001:00010160       TCustomADODataSet.DestroyLookupCursor
 0001:0000D6D8       TCustomADODataSet.DoOnNewRecord
 0001:000114A4       TCustomADODataSet.EnableEvents
 0001:00011B20       TCustomADODataSet.EndOfRecordset
 0001:00011BA4       TCustomADODataSet.FetchComplete
 0001:00011C28       TCustomADODataSet.FetchProgress
 0001:000116F8       TCustomADODataSet.FieldChangeComplete
 0001:0000FD80       TCustomADODataSet.FilterOnBookmarks
 0001:0000FECC       TCustomADODataSet.FindRecord
 0001:0000D978       TCustomADODataSet.FreeRecordBuffer
 0001:0000DF00       TCustomADODataSet.GetActiveRecBuf
 0001:0000E0A4       TCustomADODataSet.GetBlobFieldData
 0001:0000D7C8       TCustomADODataSet.GetBookmarkData
 0001:0000D7C0       TCustomADODataSet.GetBookmarkFlag
 0001:00011E70       TCustomADODataSet.GetCacheSize
 0001:0000EDD0       TCustomADODataSet.GetCanModify
 0001:00011ECC       TCustomADODataSet.GetCommandText
 0001:00011F58       TCustomADODataSet.GetCommandTimeout
 0001:00011F70       TCustomADODataSet.GetCommandType
 0001:00011FE0       TCustomADODataSet.GetConnection
 0001:000120C0       TCustomADODataSet.GetConnectionString
 0001:00012150       TCustomADODataSet.GetCursorLocation
 0001:000121C0       TCustomADODataSet.GetCursorType
 0001:0001222C       TCustomADODataSet.GetDataSource
 0001:000139E4       TCustomADODataSet.GetDetailLinkFields
 0001:000122A4       TCustomADODataSet.GetExecuteOptions
 0001:0000E0AC       TCustomADODataSet.GetFieldData
 0001:0000E664       TCustomADODataSet.GetFieldData
 0001:0000E4B8       TCustomADODataSet.GetFieldData
 0001:0000FBDC       TCustomADODataSet.GetFilterGroup
 0001:00012A28       TCustomADODataSet.GetIndexField
 0001:00012A60       TCustomADODataSet.GetIndexFieldCount
 0001:0001275C       TCustomADODataSet.GetIndexFieldNames
 0001:00012C68       TCustomADODataSet.GetIndexName
 0001:000122C4       TCustomADODataSet.GetLockType
 0001:00012328       TCustomADODataSet.GetMarshalOptions
 0001:000123AC       TCustomADODataSet.GetMasterFields
 0001:00012434       TCustomADODataSet.GetMaxRecords
 0001:0001248C       TCustomADODataSet.GetParamCheck
 0001:000124A4       TCustomADODataSet.GetParameters
 0001:000124C4       TCustomADODataSet.GetPrepared
 0001:000124F0       TCustomADODataSet.GetProperties
 0001:00011CE0       TCustomADODataSet.GetRecNo
 0001:0000DCA8       TCustomADODataSet.GetRecord
 0001:00011CB8       TCustomADODataSet.GetRecordCount
 0001:000125F0       TCustomADODataSet.GetRecordsetState
 0001:0000D934       TCustomADODataSet.GetRecordSize
 0001:00012630       TCustomADODataSet.GetRecordStatus
 0001:0001268C       TCustomADODataSet.GetSort
 0001:0000E688       TCustomADODataSet.GetStateFieldValue
 0001:0000CDC4       TCustomADODataSet.InitOleDBAccess
 0001:0000F0AC       TCustomADODataSet.InternalAddRecord
 0001:0000F78C       TCustomADODataSet.InternalCancel
 0001:0000C31C       TCustomADODataSet.InternalClose
 0001:0000F718       TCustomADODataSet.InternalDelete
 0001:0000EDFC       TCustomADODataSet.InternalEdit
 0001:0000ECE0       TCustomADODataSet.InternalFirst
 0001:0000D9BC       TCustomADODataSet.InternalGetRecord
 0001:0000D77C       TCustomADODataSet.InternalGotoBookmark
 0001:0000D04C       TCustomADODataSet.InternalHandleException
 0001:0000CA2C       TCustomADODataSet.InternalInitFieldDefs
 0001:0000DDE8       TCustomADODataSet.InternalInitRecord
 0001:0000F0A8       TCustomADODataSet.InternalInsert
 0001:0000ED6C       TCustomADODataSet.InternalLast
 0001:0000C290       TCustomADODataSet.InternalOpen
 0001:0000F4D8       TCustomADODataSet.InternalPost
 0001:0000C3F8       TCustomADODataSet.InternalRefresh
 0001:0000C44C       TCustomADODataSet.InternalRequery
 0001:000126C4       TCustomADODataSet.InternalSetSort
 0001:0000D79C       TCustomADODataSet.InternalSetToRecord
 0001:0000C5C4       TCustomADODataSet.IsCursorOpen
 0001:00011DA8       TCustomADODataSet.IsSequenced
 0001:0000BCD4       TCustomADODataSet.Loaded
 0001:0000D054       TCustomADODataSet.LoadFromFile
 0001:000108E8       TCustomADODataSet.Locate
 0001:0001017C       TCustomADODataSet.LocateRecord
 0001:00010810       TCustomADODataSet.Lookup
 0001:0000D40C       TCustomADODataSet.MasterChanged
 0001:0000D450       TCustomADODataSet.MasterDisabled
 0001:00011A88       TCustomADODataSet.MoveComplete
 0001:0000D22C       TCustomADODataSet.NextRecordset
 0001:0000C0A0       TCustomADODataSet.OpenCursor
 0001:0000CF44       TCustomADODataSet.PrepareCursor
 0001:00011E54       TCustomADODataSet.PropertyChanged
 0001:000136D4       TCustomADODataSet.PSEndTransaction
 0001:0001303C       TCustomADODataSet.PSExecute
 0001:00013080       TCustomADODataSet.PSExecuteStatement
 0001:00013960       TCustomADODataSet.PSGetAttributes
 0001:00012F00       TCustomADODataSet.PSGetDefaultOrder
 0001:0001394C       TCustomADODataSet.PSGetIndexDefs
 0001:00013340       TCustomADODataSet.PSGetKeyFields
 0001:00013474       TCustomADODataSet.PSGetParams
 0001:00013550       TCustomADODataSet.PSGetQuoteChar
 0001:000134B0       TCustomADODataSet.PSGetTableName
 0001:00013968       TCustomADODataSet.PSGetUpdateException
 0001:000135E8       TCustomADODataSet.PSInTransaction
 0001:00013794       TCustomADODataSet.PSIsSQLBased
 0001:000139B8       TCustomADODataSet.PSIsSQLSupported
 0001:00013798       TCustomADODataSet.PSReset
 0001:000137A0       TCustomADODataSet.PSSetCommandText
 0001:000138F4       TCustomADODataSet.PSSetParams
 0001:00013614       TCustomADODataSet.PSStartTransaction
 0001:000139BC       TCustomADODataSet.PSUpdateRecord
 0001:0000D3A8       TCustomADODataSet.ReadDesignerData
 0001:0001182C       TCustomADODataSet.RecordChangeComplete
 0001:0001195C       TCustomADODataSet.RecordsetChangeComplete
 0001:00012A78       TCustomADODataSet.RefreshIndexFields
 0001:0000D474       TCustomADODataSet.RefreshParams
 0001:0000F760       TCustomADODataSet.ReleaseLock
 0001:0000C530       TCustomADODataSet.Requery
 0001:0000D088       TCustomADODataSet.SaveToFile
 0001:0001097C       TCustomADODataSet.Seek
 0001:0000ECCC       TCustomADODataSet.SetBlockReadSize
 0001:0000D7EC       TCustomADODataSet.SetBookmarkData
 0001:0000D7C4       TCustomADODataSet.SetBookmarkFlag
 0001:00011EA4       TCustomADODataSet.SetCacheSize
 0001:00011EE8       TCustomADODataSet.SetCommandText
 0001:00011F64       TCustomADODataSet.SetCommandTimeout
 0001:00011F90       TCustomADODataSet.SetCommandType
 0001:00011FF4       TCustomADODataSet.SetConnection
 0001:0000BD18       TCustomADODataSet.SetConnectionFlag
 0001:000120DC       TCustomADODataSet.SetConnectionString
 0001:00012194       TCustomADODataSet.SetCursorLocation
 0001:00012200       TCustomADODataSet.SetCursorType
 0001:00012238       TCustomADODataSet.SetDataSource
 0001:0000D5A4       TCustomADODataSet.SetDetailFilter
 0001:000122B0       TCustomADODataSet.SetExecuteOptions
 0001:0000EB14       TCustomADODataSet.SetFieldData
 0001:0000E820       TCustomADODataSet.SetFieldData
 0001:0000FAFC       TCustomADODataSet.SetFiltered
 0001:0000FCD8       TCustomADODataSet.SetFilterGroup
 0001:0000F9B8       TCustomADODataSet.SetFilterOptions
 0001:0000FA1C       TCustomADODataSet.SetFilterText
 0001:00012A40       TCustomADODataSet.SetIndexField
 0001:000128EC       TCustomADODataSet.SetIndexFieldNames
 0001:00012D2C       TCustomADODataSet.SetIndexName
 0001:00012304       TCustomADODataSet.SetLockType
 0001:0001236C       TCustomADODataSet.SetMarshalOptions
 0001:000123C8       TCustomADODataSet.SetMasterFields
 0001:00012468       TCustomADODataSet.SetMaxRecords
 0001:00012498       TCustomADODataSet.SetParamCheck
 0001:000124B0       TCustomADODataSet.SetParameters
 0001:0000D4F8       TCustomADODataSet.SetParamsFromCursor
 0001:000124DC       TCustomADODataSet.SetPrepared
 0001:00011D54       TCustomADODataSet.SetRecNo
 0001:00012528       TCustomADODataSet.SetRecordset
 0001:00012724       TCustomADODataSet.SetSort
 0001:00011DF4       TCustomADODataSet.Supports
 0001:0000F864       TCustomADODataSet.UpdateBatch
 0001:00010A8C       TCustomADODataSet.UpdateIndexDefs
 0001:0000DFAC       TCustomADODataSet.UpdateRecordSetPosition
 0001:00012DD4       TCustomADODataSet.UpdateStatus
 0001:00011660       TCustomADODataSet.WillChangeField
 0001:00011794       TCustomADODataSet.WillChangeRecord
 0001:000118C8       TCustomADODataSet.WillChangeRecordset
 0001:000119F4       TCustomADODataSet.WillMove
 0001:0000D3FC       TCustomADODataSet.WriteDesignerData
 0001:00000398       TlsAlloc
 0002:00001014       tlsBuffer
 0001:000003A0       TlsFree
 0001:000003A8       TlsGetValue
 0002:00001004       TlsIndex
 0002:BF8EA000       TlsLast
 0002:00000018       TlsProc
 0001:000003B0       TlsSetValue
 0001:00009CE0       TParameter.AppendChunk
 0001:0000A078       TParameter.Assign
 0001:0000A20C       TParameter.AssignTo
 0001:0000A5DC       TParameter.GetAttributes
 0001:0000A70C       TParameter.GetDataType
 0001:0000A7DC       TParameter.GetDisplayName
 0001:0000A82C       TParameter.GetName
 0001:0000A8E8       TParameter.GetNumericScale
 0001:0000A9A8       TParameter.GetParameter
 0001:0000AA18       TParameter.GetParameterDirection
 0001:0000AAF0       TParameter.GetParameters
 0001:0000AAF4       TParameter.GetPrecision
 0001:0000ABB4       TParameter.GetProperties
 0001:0000AC10       TParameter.GetSize
 0001:0000ACD0       TParameter.GetValue
 0001:0000A47C       TParameter.IsEqual
 0001:0000A2A0       TParameter.LoadFromFile
 0001:0000A2FC       TParameter.LoadFromStream
 0001:0000A674       TParameter.SetAttributes
 0001:0000A774       TParameter.SetDataType
 0001:0000A888       TParameter.SetName
 0001:0000A948       TParameter.SetNumericScale
 0001:0000AA88       TParameter.SetParameterDirection
 0001:0000AB54       TParameter.SetPrecision
 0001:0000AC70       TParameter.SetSize
 0001:0000AD2C       TParameter.SetValue
 0001:00009134       TParameters.AddParameter
 0001:0000914C       TParameters.AppendParameters
 0001:00009398       TParameters.AssignValues
 0001:000092D8       TParameters.CreateParameter
 0001:00008A20       TParameters.Create_Parameter
 0001:00009490       TParameters.FindParam
 0001:00009B94       TParameters.GetAttr
 0001:00009BC8       TParameters.GetAttrCount
 0001:00009C7C       TParameters.GetCommand
 0001:00009C9C       TParameters.GetItem
 0001:00009BD0       TParameters.GetItemAttr
 0001:00009CB8       TParameters.GetParamCollection
 0001:000095F8       TParameters.GetParamList
 0001:00009674       TParameters.GetParamValue
 0001:000090B0       TParameters.InternalRefresh
 0001:0000942C       TParameters.IsEqual
 0001:00009578       TParameters.ParamByName
 0001:000099A4       TParameters.ParseSQL
 0001:00008AD4       TParameters.Refresh
 0001:00009CB0       TParameters.SetItem
 0001:00009788       TParameters.SetParamValue
 0001:0000912C       TParameters.Update
 0001:00008578       TRDSConnection.CheckInactive
 0001:00008598       TRDSConnection.ClearRefs
 0001:000084C0       TRDSConnection.Create
 0001:00008534       TRDSConnection.Destroy
 0001:000085DC       TRDSConnection.DoConnect
 0001:00008694       TRDSConnection.DoDisconnect
 0001:000086A0       TRDSConnection.GetConnected
 0001:000088A0       TRDSConnection.GetRecordset
 0001:00008954       TRDSConnection.SetComputerName
 0001:00008970       TRDSConnection.SetServerName
 0001:00000494       UninitializeModule
 0001:0000F0D4       UpdateData
 0002:000002B8       ValidDirectionValues
 0001:000148A4       VarAlloc
 0001:000059AC       VarDataSize
 0001:0000E104       VarToBuffer
 0001:0000062C       WideCharToMultiByte
 0001:00000664       Windows
 0002:000002B0       XactAttributeValues


  Address         Publics by Value

 0002:BF8EA000       TlsLast
 0001:00000380       FreeLibrary
 0001:00000388       LocalAlloc
 0001:00000390       LocalFree
 0001:00000398       TlsAlloc
 0001:000003A0       TlsFree
 0001:000003A8       TlsGetValue
 0001:000003B0       TlsSetValue
 0001:000003B8       AllocTlsBuffer
 0001:000003C4       GetTlsSize
 0001:000003CC       InitThreadTLS
 0001:00000410       InitProcessTLS
 0001:0000043C       ExitThreadTLS
 0001:00000464       ExitProcessTLS
 0001:00000488       InitializeModule
 0001:00000494       UninitializeModule
 0001:000004B8       @InitPkg
 0001:0000051C       @PackageLoad
 0001:00000528       @PackageUnload
 0001:00000534       Finalization
 0001:00000564       SysInit
 0001:000005DC       Finalization
 0001:0000060C       ADOConst
 0001:00000614       RegCloseKey
 0001:0000061C       RegOpenKeyEx
 0001:00000624       RegQueryValueEx
 0001:0000062C       WideCharToMultiByte
 0001:00000634       Finalization
 0001:00000664       Windows
 0001:00000804       Finalization
 0001:00000834       Messages
 0001:000054E0       CreateADOObject
 0001:00005544       ADOTypeToFieldType
 0001:0000572C       FieldTypeToADOType
 0001:000058F4       StringToVarArray
 0001:000059AC       VarDataSize
 0001:000059FC       OleEnumToOrd
 0001:00005A48       GetStates
 0001:00005A9C       ExecuteOptionsToOrd
 0001:00005AD8       OrdToExecuteOptions
 0001:00005B18       ExtractFieldName
 0001:00005B64       GetFilterStr
 0001:00005E10       PropertyExists
 0001:00005EDC       FieldListCheckSum
 0001:00005F20       CreateUDLFile
 0001:00006028       GetProviderNames
 0001:00006264       PromptDataSource
 0001:000063CC       PromptDataLinkFile
 0001:000064F0       DataLinkDir
 0001:00006638       GetDataLinkFiles
 0001:00006778       ApplicationHandleException
 0001:00006798       TADOConnection.Create
 0001:000068B8       TADOConnection.Destroy
 0001:0000695C       TADOConnection.Loaded
 0001:000069A0       TADOConnection.CheckActive
 0001:000069C0       TADOConnection.CheckInactive
 0001:000069E0       TADOConnection.ClearRefs
 0001:00006A28       TADOConnection.BeginTrans
 0001:00006A48       TADOConnection.CommitTrans
 0001:00006A74       TADOConnection.RollbackTrans
 0001:00006AA0       TADOConnection.Cancel
 0001:00006AB4       TADOConnection.WaitForConnectComplete
 0001:00006AE8       TADOConnection.DoConnect
 0001:00006B84       TADOConnection.DoDisconnect
 0001:00006BB4       TADOConnection.CheckDisconnect
 0001:00006C10       TADOConnection.Execute
 0001:00006CA0       TADOConnection.Execute
 0001:00006D24       TADOConnection.Open
 0001:00006D98       TADOConnection.OpenSchema
 0001:00006E3C       TADOConnection.GetProcedureNames
 0001:00006F2C       TADOConnection.GetFieldNames
 0001:00007198       TADOConnection.GetTableNames
 0001:00007368       TADOConnection.ConnectionPoint
 0001:000073EC       TADOConnection.BeginTransComplete
 0001:0000746C       TADOConnection.CommitTransComplete
 0001:000074E8       TADOConnection.ConnectComplete
 0001:00007564       TADOConnection.Disconnect
 0001:00007614       CheckForAsyncExecute
 0001:000076C8       TADOConnection.ExecuteComplete
 0001:0000775C       TADOConnection.InfoMessage
 0001:000077D8       TADOConnection.RollbackTransComplete
 0001:00007854       ExtractUserID
 0001:00007920       GetUserName
 0001:00007A64       TADOConnection.WillConnect
 0001:00007BDC       ExtractCommandType
 0001:00007C04       TADOConnection.WillExecute
 0001:00007D1C       TADOConnection.GetAttributes
 0001:00007D74       TADOConnection.SetAttributes
 0001:00007DC0       TADOConnection.GetCommandTimeout
 0001:00007DD8       TADOConnection.SetCommandTimeout
 0001:00007DE8       TADOConnection.GetConnected
 0001:00007E1C       TADOConnection.SetConnectionObject
 0001:00007EE8       TADOConnection.GetConnectionString
 0001:00007F28       TADOConnection.SetConnectionString
 0001:00007F9C       TADOConnection.GetConnectionTimeout
 0001:00007FB4       TADOConnection.SetConnectionTimeout
 0001:00007FE0       TADOConnection.SetConnectOptions
 0001:00008000       TADOConnection.GetCursorLocation
 0001:00008028       TADOConnection.SetCursorLocation
 0001:00008044       TADOConnection.RegisterClient
 0001:00008090       TADOConnection.UnRegisterClient
 0001:000080D0       TADOConnection.GetCommand
 0001:000080E4       TADOConnection.GetCommandCount
 0001:000080EC       TADOConnection.GetADODataSet
 0001:0000810C       TADOConnection.IsDefaultDatabaseStored
 0001:00008120       TADOConnection.GetDefaultDatabase
 0001:00008180       TADOConnection.SetDefaultDatabase
 0001:000081F8       TADOConnection.GetErrors
 0001:00008218       TADOConnection.GetInTransaction
 0001:00008224       TADOConnection.GetIsolationLevel
 0001:0000826C       TADOConnection.SetIsolationLevel
 0001:00008298       TADOConnection.GetMode
 0001:000082C0       TADOConnection.SetMode
 0001:000082F8       TADOConnection.GetProperties
 0001:00008318       TADOConnection.GetProvider
 0001:0000833C       TADOConnection.SetProvider
 0001:000083A8       TADOConnection.IsProviderStored
 0001:0000845C       TADOConnection.GetState
 0001:00008484       TADOConnection.GetVersion
 0001:000084A4       TADOConnection.SetKeepConnection
 0001:000084C0       TRDSConnection.Create
 0001:00008534       TRDSConnection.Destroy
 0001:00008578       TRDSConnection.CheckInactive
 0001:00008598       TRDSConnection.ClearRefs
 0001:000085DC       TRDSConnection.DoConnect
 0001:00008694       TRDSConnection.DoDisconnect
 0001:000086A0       TRDSConnection.GetConnected
 0001:000086B0       GetFromDataFactory
 0001:00008758       GetFromProperty
 0001:000088A0       TRDSConnection.GetRecordset
 0001:00008954       TRDSConnection.SetComputerName
 0001:00008970       TRDSConnection.SetServerName
 0001:00008A20       TParameters.Create_Parameter
 0001:00008AD4       TParameters.Refresh
 0001:00008B4C       RefreshFromOleDB
 0001:00008E48       RefreshFromADO
 0001:000090B0       TParameters.InternalRefresh
 0001:0000912C       TParameters.Update
 0001:00009134       TParameters.AddParameter
 0001:0000914C       TParameters.AppendParameters
 0001:000092D8       TParameters.CreateParameter
 0001:00009398       TParameters.AssignValues
 0001:0000942C       TParameters.IsEqual
 0001:00009490       TParameters.FindParam
 0001:0000953C       GetComponent
 0001:00009578       TParameters.ParamByName
 0001:000095F8       TParameters.GetParamList
 0001:00009674       TParameters.GetParamValue
 0001:00009788       TParameters.SetParamValue
 0001:00009874       NameDelimiter
 0001:0000989C       IsLiteral
 0001:000098BC       StripChar
 0001:00009928       StripLiterals
 0001:000099A4       TParameters.ParseSQL
 0001:00009B94       TParameters.GetAttr
 0001:00009BC8       TParameters.GetAttrCount
 0001:00009BD0       TParameters.GetItemAttr
 0001:00009C7C       TParameters.GetCommand
 0001:00009C9C       TParameters.GetItem
 0001:00009CB0       TParameters.SetItem
 0001:00009CB8       TParameters.GetParamCollection
 0001:00009CE0       TParameter.AppendChunk
 0001:00009D60       AssignParameter
 0001:00009E40       AssignField
 0001:00009EBC       AssignParam
 0001:00009FA0       LoadFromStreamPersist
 0001:0000A000       LoadFromStrings
 0001:0000A078       TParameter.Assign
 0001:0000A16C       AssignToParam
 0001:0000A20C       TParameter.AssignTo
 0001:0000A2A0       TParameter.LoadFromFile
 0001:0000A2FC       TParameter.LoadFromStream
 0001:0000A47C       TParameter.IsEqual
 0001:0000A5DC       TParameter.GetAttributes
 0001:0000A674       TParameter.SetAttributes
 0001:0000A70C       TParameter.GetDataType
 0001:0000A774       TParameter.SetDataType
 0001:0000A7DC       TParameter.GetDisplayName
 0001:0000A82C       TParameter.GetName
 0001:0000A888       TParameter.SetName
 0001:0000A8E8       TParameter.GetNumericScale
 0001:0000A948       TParameter.SetNumericScale
 0001:0000A9A8       TParameter.GetParameter
 0001:0000AA18       TParameter.GetParameterDirection
 0001:0000AA88       TParameter.SetParameterDirection
 0001:0000AAF0       TParameter.GetParameters
 0001:0000AAF4       TParameter.GetPrecision
 0001:0000AB54       TParameter.SetPrecision
 0001:0000ABB4       TParameter.GetProperties
 0001:0000AC10       TParameter.GetSize
 0001:0000AC70       TParameter.SetSize
 0001:0000ACD0       TParameter.GetValue
 0001:0000AD2C       TParameter.SetValue
 0001:0000AE7C       TADOCommand.Create
 0001:0000AF58       TADOCommand.Destroy
 0001:0000AF98       TADOCommand.Assign
 0001:0000B020       TADOCommand.Cancel
 0001:0000B030       TADOCommand.CheckCommandText
 0001:0000B0A4       TADOCommand.SetConnectionFlag
 0001:0000B118       TADOCommand.OpenConnection
 0001:0000B1F0       TADOCommand.ComponentLoading
 0001:0000B20C       TADOCommand.Execute
 0001:0000B224       TADOCommand.Execute
 0001:0000B248       TADOCommand.Execute
 0001:0000B338       TADOCommand.Initialize
 0001:0000B4DC       TADOCommand.GetActiveConnection
 0001:0000B4FC       InitParameters
 0001:0000B7C8       TADOCommand.AssignCommandText
 0001:0000B82C       TADOCommand.SetCommandText
 0001:0000B854       TADOCommand.GetCommandTimeOut
 0001:0000B86C       TADOCommand.SetCommandTimeOut
 0001:0000B87C       TADOCommand.GetCommandType
 0001:0000B8A4       TADOCommand.SetComandType
 0001:0000B8C0       TADOCommand.ClearActiveConnection
 0001:0000B8D4       TADOCommand.ConnectionStateChange
 0001:0000B8E0       TADOCommand.SetConnection
 0001:0000B924       TADOCommand.SetConnectionString
 0001:0000B954       TADOCommand.SetParameters
 0001:0000B964       TADOCommand.GetPrepared
 0001:0000B97C       TADOCommand.SetPrepared
 0001:0000B98C       TADOCommand.GetState
 0001:0000B9B0       TADOCommand.GetProperties
 0001:0000B9D0       InitializeMasterFields
 0001:0000BB54       TCustomADODataSet.Create
 0001:0000BC50       TCustomADODataSet.Destroy
 0001:0000BCD4       TCustomADODataSet.Loaded
 0001:0000BD18       TCustomADODataSet.SetConnectionFlag
 0001:0000BD28       InitializeConnection
 0001:0000BEAC       InitializeRecordset
 0001:0000C0A0       TCustomADODataSet.OpenCursor
 0001:0000C290       TCustomADODataSet.InternalOpen
 0001:0000C31C       TCustomADODataSet.InternalClose
 0001:0000C3F8       TCustomADODataSet.InternalRefresh
 0001:0000C44C       TCustomADODataSet.InternalRequery
 0001:0000C530       TCustomADODataSet.Requery
 0001:0000C554       TCustomADODataSet.CheckActive
 0001:0000C578       TCustomADODataSet.CheckFieldCompatibility
 0001:0000C5C4       TCustomADODataSet.IsCursorOpen
 0001:0000C5D8       TCustomADODataSet.DefChanged
 0001:0000C604       AddFieldDef
 0001:0000CA2C       TCustomADODataSet.InternalInitFieldDefs
 0001:0000CBC8       InitBinding
 0001:0000CC58       SetupBindings
 0001:0000CDC4       TCustomADODataSet.InitOleDBAccess
 0001:0000CF44       TCustomADODataSet.PrepareCursor
 0001:0000D04C       TCustomADODataSet.InternalHandleException
 0001:0000D054       TCustomADODataSet.LoadFromFile
 0001:0000D088       TCustomADODataSet.SaveToFile
 0001:0000D168       TCustomADODataSet.Clone
 0001:0000D22C       TCustomADODataSet.NextRecordset
 0001:0000D2A8       TCustomADODataSet.DataEvent
 0001:0000D304       DesignerDataStored
 0001:0000D348       TCustomADODataSet.DefineProperties
 0001:0000D3A8       TCustomADODataSet.ReadDesignerData
 0001:0000D3FC       TCustomADODataSet.WriteDesignerData
 0001:0000D40C       TCustomADODataSet.MasterChanged
 0001:0000D450       TCustomADODataSet.MasterDisabled
 0001:0000D474       TCustomADODataSet.RefreshParams
 0001:0000D4F8       TCustomADODataSet.SetParamsFromCursor
 0001:0000D5A4       TCustomADODataSet.SetDetailFilter
 0001:0000D6D8       TCustomADODataSet.DoOnNewRecord
 0001:0000D77C       TCustomADODataSet.InternalGotoBookmark
 0001:0000D79C       TCustomADODataSet.InternalSetToRecord
 0001:0000D7C0       TCustomADODataSet.GetBookmarkFlag
 0001:0000D7C4       TCustomADODataSet.SetBookmarkFlag
 0001:0000D7C8       TCustomADODataSet.GetBookmarkData
 0001:0000D7EC       TCustomADODataSet.SetBookmarkData
 0001:0000D80C       TCustomADODataSet.BookmarkValid
 0001:0000D87C       TCustomADODataSet.CompareBookmarks
 0001:0000D934       TCustomADODataSet.GetRecordSize
 0001:0000D93C       TCustomADODataSet.AllocRecordBuffer
 0001:0000D978       TCustomADODataSet.FreeRecordBuffer
 0001:0000D9BC       TCustomADODataSet.InternalGetRecord
 0001:0000DCA8       TCustomADODataSet.GetRecord
 0001:0000DDE8       TCustomADODataSet.InternalInitRecord
 0001:0000DE5C       TCustomADODataSet.ClearCalcFields
 0001:0000DF00       TCustomADODataSet.GetActiveRecBuf
 0001:0000DFAC       TCustomADODataSet.UpdateRecordSetPosition
 0001:0000E0A4       TCustomADODataSet.GetBlobFieldData
 0001:0000E0AC       TCustomADODataSet.GetFieldData
 0001:0000E0BC       CurrToBuffer
 0001:0000E104       VarToBuffer
 0001:0000E478       RefreshBuffers
 0001:0000E4B8       TCustomADODataSet.GetFieldData
 0001:0000E664       TCustomADODataSet.GetFieldData
 0001:0000E688       TCustomADODataSet.GetStateFieldValue
 0001:0000E820       TCustomADODataSet.SetFieldData
 0001:0000E83C       BufferToVar
 0001:0000EB14       TCustomADODataSet.SetFieldData
 0001:0000ECA4       TCustomADODataSet.CreateBlobStream
 0001:0000ECCC       TCustomADODataSet.SetBlockReadSize
 0001:0000ECE0       TCustomADODataSet.InternalFirst
 0001:0000ED6C       TCustomADODataSet.InternalLast
 0001:0000EDD0       TCustomADODataSet.GetCanModify
 0001:0000EDFC       TCustomADODataSet.InternalEdit
 0001:0000F0A8       TCustomADODataSet.InternalInsert
 0001:0000F0AC       TCustomADODataSet.InternalAddRecord
 0001:0000F0D4       UpdateData
 0001:0000F358       CheckForFlyAway
 0001:0000F4D8       TCustomADODataSet.InternalPost
 0001:0000F638       DoRecordsetDelete
 0001:0000F718       TCustomADODataSet.InternalDelete
 0001:0000F720       TCustomADODataSet.DeleteRecords
 0001:0000F760       TCustomADODataSet.ReleaseLock
 0001:0000F78C       TCustomADODataSet.InternalCancel
 0001:0000F794       TCustomADODataSet.CancelUpdates
 0001:0000F79C       TCustomADODataSet.CancelBatch
 0001:0000F864       TCustomADODataSet.UpdateBatch
 0001:0000F8B0       TCustomADODataSet.ActivateTextFilter
 0001:0000F950       TCustomADODataSet.DeactivateFilters
 0001:0000F9B8       TCustomADODataSet.SetFilterOptions
 0001:0000FA1C       TCustomADODataSet.SetFilterText
 0001:0000FAFC       TCustomADODataSet.SetFiltered
 0001:0000FBDC       TCustomADODataSet.GetFilterGroup
 0001:0000FCD8       TCustomADODataSet.SetFilterGroup
 0001:0000FD80       TCustomADODataSet.FilterOnBookmarks
 0001:0000FECC       TCustomADODataSet.FindRecord
 0001:00010160       TCustomADODataSet.DestroyLookupCursor
 0001:0001017C       TCustomADODataSet.LocateRecord
 0001:00010810       TCustomADODataSet.Lookup
 0001:000108E8       TCustomADODataSet.Locate
 0001:0001097C       TCustomADODataSet.Seek
 0001:00010A8C       TCustomADODataSet.UpdateIndexDefs
 0001:000114A4       TCustomADODataSet.EnableEvents
 0001:000115D8       TCustomADODataSet.ConnectionPoint
 0001:00011660       TCustomADODataSet.WillChangeField
 0001:000116F8       TCustomADODataSet.FieldChangeComplete
 0001:00011794       TCustomADODataSet.WillChangeRecord
 0001:0001182C       TCustomADODataSet.RecordChangeComplete
 0001:000118C8       TCustomADODataSet.WillChangeRecordset
 0001:0001195C       TCustomADODataSet.RecordsetChangeComplete
 0001:000119F4       TCustomADODataSet.WillMove
 0001:00011A88       TCustomADODataSet.MoveComplete
 0001:00011B20       TCustomADODataSet.EndOfRecordset
 0001:00011BA4       TCustomADODataSet.FetchComplete
 0001:00011C28       TCustomADODataSet.FetchProgress
 0001:00011CB8       TCustomADODataSet.GetRecordCount
 0001:00011CE0       TCustomADODataSet.GetRecNo
 0001:00011D54       TCustomADODataSet.SetRecNo
 0001:00011DA8       TCustomADODataSet.IsSequenced
 0001:00011DF4       TCustomADODataSet.Supports
 0001:00011E54       TCustomADODataSet.PropertyChanged
 0001:00011E70       TCustomADODataSet.GetCacheSize
 0001:00011EA4       TCustomADODataSet.SetCacheSize
 0001:00011ECC       TCustomADODataSet.GetCommandText
 0001:00011EE8       TCustomADODataSet.SetCommandText
 0001:00011F58       TCustomADODataSet.GetCommandTimeout
 0001:00011F64       TCustomADODataSet.SetCommandTimeout
 0001:00011F70       TCustomADODataSet.GetCommandType
 0001:00011F90       TCustomADODataSet.SetCommandType
 0001:00011FE0       TCustomADODataSet.GetConnection
 0001:00011FF4       TCustomADODataSet.SetConnection
 0001:000120C0       TCustomADODataSet.GetConnectionString
 0001:000120DC       TCustomADODataSet.SetConnectionString
 0001:00012150       TCustomADODataSet.GetCursorLocation
 0001:00012194       TCustomADODataSet.SetCursorLocation
 0001:000121C0       TCustomADODataSet.GetCursorType
 0001:00012200       TCustomADODataSet.SetCursorType
 0001:0001222C       TCustomADODataSet.GetDataSource
 0001:00012238       TCustomADODataSet.SetDataSource
 0001:000122A4       TCustomADODataSet.GetExecuteOptions
 0001:000122B0       TCustomADODataSet.SetExecuteOptions
 0001:000122C4       TCustomADODataSet.GetLockType
 0001:00012304       TCustomADODataSet.SetLockType
 0001:00012328       TCustomADODataSet.GetMarshalOptions
 0001:0001236C       TCustomADODataSet.SetMarshalOptions
 0001:000123AC       TCustomADODataSet.GetMasterFields
 0001:000123C8       TCustomADODataSet.SetMasterFields
 0001:00012434       TCustomADODataSet.GetMaxRecords
 0001:00012468       TCustomADODataSet.SetMaxRecords
 0001:0001248C       TCustomADODataSet.GetParamCheck
 0001:00012498       TCustomADODataSet.SetParamCheck
 0001:000124A4       TCustomADODataSet.GetParameters
 0001:000124B0       TCustomADODataSet.SetParameters
 0001:000124C4       TCustomADODataSet.GetPrepared
 0001:000124DC       TCustomADODataSet.SetPrepared
 0001:000124F0       TCustomADODataSet.GetProperties
 0001:00012528       TCustomADODataSet.SetRecordset
 0001:000125F0       TCustomADODataSet.GetRecordsetState
 0001:00012630       TCustomADODataSet.GetRecordStatus
 0001:0001268C       TCustomADODataSet.GetSort
 0001:000126C4       TCustomADODataSet.InternalSetSort
 0001:00012724       TCustomADODataSet.SetSort
 0001:0001275C       TCustomADODataSet.GetIndexFieldNames
 0001:000128EC       TCustomADODataSet.SetIndexFieldNames
 0001:00012A28       TCustomADODataSet.GetIndexField
 0001:00012A40       TCustomADODataSet.SetIndexField
 0001:00012A60       TCustomADODataSet.GetIndexFieldCount
 0001:00012A78       TCustomADODataSet.RefreshIndexFields
 0001:00012C68       TCustomADODataSet.GetIndexName
 0001:00012D2C       TCustomADODataSet.SetIndexName
 0001:00012DD4       TCustomADODataSet.UpdateStatus
 0001:00012E04       GetIdx
 0001:00012F00       TCustomADODataSet.PSGetDefaultOrder
 0001:0001303C       TCustomADODataSet.PSExecute
 0001:00013080       TCustomADODataSet.PSExecuteStatement
 0001:00013340       TCustomADODataSet.PSGetKeyFields
 0001:00013474       TCustomADODataSet.PSGetParams
 0001:000134B0       TCustomADODataSet.PSGetTableName
 0001:00013550       TCustomADODataSet.PSGetQuoteChar
 0001:0001355C       InMTSTransaction
 0001:000135E8       TCustomADODataSet.PSInTransaction
 0001:00013614       TCustomADODataSet.PSStartTransaction
 0001:000136D4       TCustomADODataSet.PSEndTransaction
 0001:00013794       TCustomADODataSet.PSIsSQLBased
 0001:00013798       TCustomADODataSet.PSReset
 0001:000137A0       TCustomADODataSet.PSSetCommandText
 0001:000137F4       SetTableFilter
 0001:000138F4       TCustomADODataSet.PSSetParams
 0001:0001394C       TCustomADODataSet.PSGetIndexDefs
 0001:00013960       TCustomADODataSet.PSGetAttributes
 0001:00013968       TCustomADODataSet.PSGetUpdateException
 0001:000139B8       TCustomADODataSet.PSIsSQLSupported
 0001:000139BC       TCustomADODataSet.PSUpdateRecord
 0001:000139C0       AddFieldToList
 0001:000139E4       TCustomADODataSet.GetDetailLinkFields
 0001:00013C34       CreateFields
 0001:00013D3C       TADODataSet.CreateDataSet
 0001:00013E60       TADODataSet.DataEvent
 0001:00013F24       TADODataSet.GetIndexNames
 0001:00013F48       TADODataSet.OpenCursor
 0001:000141D4       TADODataSet.SetConnection
 0001:000141FC       TADODataSet.SetRDSConnection
 0001:00014240       TADODataSet.SetDataSetField
 0001:00014284       TADOTable.Create
 0001:000142EC       TADOTable.GetReadOnly
 0001:00014300       TADOTable.SetReadOnly
 0001:00014314       TADOTable.GetTableDirect
 0001:00014328       TADOTable.SetTableDirect
 0001:0001433C       TADOTable.GetIndexNames
 0001:00014360       TADOQuery.Create
 0001:000143DC       TADOQuery.Destroy
 0001:0001440C       TADOQuery.ExecSQL
 0001:00014470       TADOQuery.QueryChanged
 0001:000144E4       TADOQuery.GetSQL
 0001:000144EC       TADOQuery.SetSQL
 0001:000144FC       TADOStoredProc.Create
 0001:0001456C       TADOStoredProc.ExecProc
 0001:000145B8       TADOBlobStream.Create
 0001:00014720       TADOBlobStream.Destroy
 0001:000147C8       TADOBlobStream.ReadBlobData
 0001:000148A4       VarAlloc
 0001:00014978       TADOBlobStream.Realloc
 0001:00014A44       TADOBlobStream.Write
 0001:00014A54       TADOBlobStream.Truncate
 0001:00014A70       Finalization
 0001:00014AC0       ADODB
 0001:00014C04       @GetPackageInfoTable
 0001:00014C0C       @PackageLoad
 0001:00014C18       @PackageUnload
 0001:00014C24       adortl
 0002:00000000       Module
 0002:00000018       TlsProc
 0002:00000028       CommandTypeValues
 0002:00000040       ConnectModeValues
 0002:00000060       ConnectOptionValues
 0002:00000068       CursorLocationValues
 0002:00000070       CursorOptionValues
 0002:000000A4       CursorTypeValues
 0002:000000B8       DataTypeValues
 0002:00000150       EventReasonValues
 0002:0000018C       EventStatusValues
 0002:000001A0       ExecuteOptionValues
 0002:000001B0       FilterGroupValues
 0002:000001CC       IsolationLevelValues
 0002:000001F0       LockTypeValues
 0002:00000204       MarshalOptionValues
 0002:0000020C       ObjectStateValues
 0002:00000220       ParameterAttributeValues
 0002:0000022C       ParameterDirectionValues
 0002:00000240       RecordStatusValues
 0002:00000288       SeekOptionValues
 0002:000002A0       AffectRecordsValues
 0002:000002B0       XactAttributeValues
 0002:000002B8       ValidDirectionValues
 0002:000002CC       SIsAutoInc
 0002:000002D0       RetCodes
 0002:00001000       ModuleIsLib
 0002:00001001       ModuleIsPackage
 0002:00001004       TlsIndex
 0002:0000100C       HInstance
 0002:00001010       .1
 0002:00001014       tlsBuffer
 0002:00001018       .1
 0002:0000101C       .3
 0002:00001020       .1
 0002:00001024       .31
 0002:00001028       GlobalMalloc


Bound resource files

adortl.res
c:\TEMP\dtf6E7F.tmp


Program entry point at 0001:00014C24
