
 Start         Length     Name                   Class
 0001:00000000 0001C0E4H .text                   CODE
 0002:00000000 00000E8CH .data                   DATA
 0002:00000E8C 000000A9H .bss                    BSS


Detailed map of segments

 0001:00000000 0000025E C=CODE     S=.text    G=(none)   M=System   ACBP=A9
 0001:00000260 000001EC C=CODE     S=.text    G=(none)   M=SysInit  ACBP=A9
 0001:0000044C 0000004E C=CODE     S=.text    G=(none)   M=Variants ACBP=A9
 0001:0000049C 0000000E C=CODE     S=.text    G=(none)   M=Types    ACBP=A9
 0001:000004AC 0000000E C=CODE     S=.text    G=(none)   M=VarUtils ACBP=A9
 0001:000004BC 000000F6 C=CODE     S=.text    G=(none)   M=SysUtils ACBP=A9
 0001:000005B4 0000000E C=CODE     S=.text    G=(none)   M=SysConst ACBP=A9
 0001:000005C4 00000170 C=CODE     S=.text    G=(none)   M=Windows  ACBP=A9
 0001:00000734 000002F6 C=CODE     S=.text    G=(none)   M=Classes  ACBP=A9
 0001:00000A2C 0000002E C=CODE     S=.text    G=(none)   M=ActiveX  ACBP=A9
 0001:00000A5C 00000038 C=CODE     S=.text    G=(none)   M=Messages ACBP=A9
 0001:00000A94 0000000E C=CODE     S=.text    G=(none)   M=TypInfo  ACBP=A9
 0001:00000AA4 0000000E C=CODE     S=.text    G=(none)   M=RTLConsts ACBP=A9
 0001:00000AB4 000006F6 C=CODE     S=.text    G=(none)   M=DB       ACBP=A9
 0001:000011AC 0000000E C=CODE     S=.text    G=(none)   M=FMTBcd   ACBP=A9
 0001:000011BC 0000000E C=CODE     S=.text    G=(none)   M=Math     ACBP=A9
 0001:000011CC 0000000E C=CODE     S=.text    G=(none)   M=DBConsts ACBP=A9
 0001:000011DC 0000000E C=CODE     S=.text    G=(none)   M=SqlTimSt ACBP=A9
 0001:000011EC 0000000E C=CODE     S=.text    G=(none)   M=DateUtils ACBP=A9
 0001:000011FC 0000000E C=CODE     S=.text    G=(none)   M=MaskUtils ACBP=A9
 0001:0000120C 0000000E C=CODE     S=.text    G=(none)   M=ComObj   ACBP=A9
 0001:0000121C 0000000E C=CODE     S=.text    G=(none)   M=ComConst ACBP=A9
 0001:0000122C 00000046 C=CODE     S=.text    G=(none)   M=DBCommon ACBP=A9
 0001:00001274 0000554C C=CODE     S=.text    G=(none)   M=BDE      ACBP=A9
 0001:000067C0 00000068 C=CODE     S=.text    G=(none)   M=SMINTF   ACBP=A9
 0001:00006828 00000248 C=CODE     S=.text    G=(none)   M=bdeconst ACBP=A9
 0001:00006A70 00015564 C=CODE     S=.text    G=(none)   M=DBTables ACBP=A9
 0001:0001BFD4 0000010D C=CODE     S=.text    G=(none)   M=bdertl   ACBP=A9
 0002:00000000 00000028 C=DATA     S=.data    G=DGROUP   M=SysInit  ACBP=A9
 0002:00000028 00000C50 C=DATA     S=.data    G=DGROUP   M=BDE      ACBP=A9
 0002:00000C78 00000010 C=DATA     S=.data    G=DGROUP   M=SMINTF   ACBP=A9
 0002:00000C88 00000128 C=DATA     S=.data    G=DGROUP   M=DBTables ACBP=A9
 0002:00001000 00000018 C=BSS      S=.bss     G=DGROUP   M=SysInit  ACBP=A9
 0002:00001018 00000004 C=BSS      S=.bss     G=DGROUP   M=Windows  ACBP=A9
 0002:0000101C 00000004 C=BSS      S=.bss     G=DGROUP   M=Messages ACBP=A9
 0002:00001020 0000001C C=BSS      S=.bss     G=DGROUP   M=BDE      ACBP=A9
 0002:0000103C 00000004 C=BSS      S=.bss     G=DGROUP   M=SMINTF   ACBP=A9
 0002:00001040 00000004 C=BSS      S=.bss     G=DGROUP   M=bdeconst ACBP=A9
 0002:00001044 00000061 C=BSS      S=.bss     G=DGROUP   M=DBTables ACBP=A9


  Address         Publics by Name

 0001:00002ADC       ..
 0002:00000028       ..
 0001:00005E40       ..
 0002:00000B9C       ..
 0002:00001024       ..
 0002:00001010       .1
 0002:0000103C       .1
 0002:0000101C       .1
 0002:00001040       .1
 0002:00001020       .1
 0002:00001050       .22
 0002:00001018       .3
 0001:0001C0BC       @GetPackageInfoTable
 0001:00000398       @InitPkg
 0001:000003FC       @PackageLoad
 0001:0001C0C4       @PackageLoad
 0001:0001C0D0       @PackageUnload
 0001:00000408       @PackageUnload
 0001:0001B1BC       AddFieldToList
 0001:0000AE80       AddMessage
 0001:00000298       AllocTlsBuffer
 0001:0000A938       AnsiToNative
 0001:0000A9C4       AnsiToNativeBuf
 0001:0000A164       ApplicationHandleException
 0001:000191DC       AssignFields
 0001:000067B8       BDE
 0001:0000A744       BdeCallBack
 0001:00006A68       bdeconst
 0002:0000109C       BDEInitProcs
 0001:0001C0DC       bdertl
 0002:00000D18       BlobTypeMap
 0001:00012160       CanBlockRead
 0002:00000D5C       CBRetCode
 0001:000006CC       CharToOem
 0001:000006D4       CharToOemBuff
 0001:0000AE08       Check
 0001:00014408       CheckIfParentScrolled
 0001:00009EA0       CheckIndexOpen
 0002:00000C78       Class_SMClient
 0001:000005DC       CloseHandle
 0001:000164F8       ConcatField
 0001:000005EC       CreateMutexA
 0002:00001084       CSAnsiToNative
 0002:0000106C       CSNativeToAnsi
 0002:00000DA8       DataType
 0002:00000CFC       DataTypeMap
 0001:000051CE       DbiAcqPersistTableLock
 0001:000051E0       DbiAcqTableLock
 0001:00004ADE       DbiActivateFilter
 0001:00004436       DbiAddAlias
 0001:000043A0       DbiAddDriver
 0001:00004AEA       DbiAddFilter
 0001:00005006       DbiAddIndex
 0001:00005192       DbiAddPassword
 0001:000046B8       DbiAnsiToNative
 0001:00004FAC       DbiAppendRecord
 0001:000044E4       DbiApplyDelayedUpdates
 0001:00004ACC       DbiBatchMove
 0001:00004688       DbiBcdFromFloat
 0001:0000468E       DbiBcdToFloat
 0001:00004334       DbiBeginConstraintLayer
 0001:000044F0       DbiBeginDelayedUpdates
 0001:0000521C       DbiBeginLinkMode
 0001:00004ABA       DbiBeginTran
 0001:00004EB0       DbiCfgAddRecord
 0001:00004EC8       DbiCfgBuildPath
 0001:00004EA4       DbiCfgDropRecord
 0001:00004E98       DbiCfgGetHelp
 0001:00004EBC       DbiCfgGetNextNode
 0001:00004EB6       DbiCfgGetRecord
 0001:00004E92       DbiCfgMerge
 0001:00004EAA       DbiCfgModifyRecord
 0001:00004EC2       DbiCfgPosition
 0001:00004ECE       DbiCfgSave
 0001:00004E9E       DbiCfgTranslate
 0001:00004F40       DbiCheckRefresh
 0001:0000431C       DbiCheckSQLExpression
 0001:00005036       DbiCloneCursor
 0001:000046D6       DbiCloseConfigFile
 0001:000052E2       DbiCloseCursor
 0001:000052FA       DbiCloseDatabase
 0001:0000463A       DbiCloseFieldXlt
 0001:00005060       DbiCloseIndex
 0001:00005198       DbiCloseSession
 0001:0000503C       DbiCompareBookMarks
 0001:00004FA6       DbiCompareKeys
 0001:00005018       DbiCopyTable
 0001:0000522E       DbiCreateInMemTable
 0001:0000501E       DbiCreateTable
 0001:00004F7C       DbiCreateTempTable
 0001:00004304       DbiDatabaseFlush
 0001:0000506C       DbiDateDecode
 0001:00005072       DbiDateEncode
 0001:00004AD8       DbiDeactivateFilter
 0001:00004E68       DbiDebugLayerOptions
 0001:0000441E       DbiDeleteAlias
 0001:0000439A       DbiDeleteDriver
 0001:00005000       DbiDeleteIndex
 0001:000052A0       DbiDeleteRecord
 0001:0000500C       DbiDeleteTable
 0001:00006721       DbiDLLExit
 0001:00004FE8       DbiDoRestructure
 0001:000043C4       DbiDRAdd
 0001:000044BA       DbiDRAddAttr
 0001:000044D2       DbiDRClose
 0001:00004454       DbiDRCreate
 0001:00004418       DbiDRCreateEnumAttrDomain
 0001:000044C0       DbiDRCreateObjectType
 0001:000044AE       DbiDRCreateRelationType
 0001:0000444E       DbiDRDelete
 0001:0000440C       DbiDRDeleteEnumAttrDomain
 0001:000044A2       DbiDRDeleteObjectType
 0001:000044A8       DbiDRDeleteRelationType
 0001:000043BE       DbiDRDrop
 0001:000044B4       DbiDRDropAttr
 0001:000044C6       DbiDRExportToFile
 0001:00004484       DbiDRGetAttrDescs
 0001:000044DE       DbiDRGetDesc
 0001:00004406       DbiDRGetEnumAttrDomain
 0001:0000446C       DbiDRGetObjID
 0001:0000448A       DbiDRGetObjTypeInfo
 0001:000043CA       DbiDRGetRelatedObject
 0001:0000447E       DbiDRGetRelTypeInfo
 0001:000044CC       DbiDRImportFromFile
 0001:0000445A       DbiDRLoadDBObject
 0001:00004412       DbiDRModifyEnumAttrDomain
 0001:000044D8       DbiDROpen
 0001:00004496       DbiDROpenAttrTypeList
 0001:0000449C       DbiDROpenObjectTypeList
 0001:00004478       DbiDROpenObjSet
 0001:00004472       DbiDROpenRelSet
 0001:00004490       DbiDROpenRelTypeList
 0001:00004AE4       DbiDropFilter
 0001:0000518C       DbiDropPassword
 0001:00004466       DbiDRSetToObjID
 0001:00004460       DbiDRSetToObjName
 0001:00004FC4       DbiEmptyTable
 0001:00004322       DbiEndConstraintLayer
 0001:000044EA       DbiEndDelayedUpdates
 0001:00005216       DbiEndLinkMode
 0001:00004AB4       DbiEndTran
 0001:0000ADF0       DbiError
 0001:000066A1       DbiExit
 0001:0000504E       DbiExtractKey
 0001:000051B0       DbiForceRecordReread
 0001:000051BC       DbiForceReread
 0001:00004F70       DbiFormFullName
 0001:000050FC       DbiFreeBlob
 0001:0000458C       DbiFreeSQLRequest
 0001:0000510E       DbiGetBlob
 0001:000050F6       DbiGetBlobHeading
 0001:00005114       DbiGetBlobSize
 0001:00005048       DbiGetBookMark
 0001:00004F3A       DbiGetCallBack
 0001:00004B0E       DbiGetClientInfo
 0001:0000519E       DbiGetCurrSession
 0001:000051B6       DbiGetCursorForTable
 0001:000052EE       DbiGetCursorProps
 0001:0000515C       DbiGetDatabaseDesc
 0001:00004E8C       DbiGetDateFormat
 0001:000043E2       DbiGetDefaultRepository
 0001:00005282       DbiGetDirectory
 0001:00005168       DbiGetDriverDesc
 0001:00004F64       DbiGetErrorContext
 0001:00004F5E       DbiGetErrorEntry
 0001:00004F94       DbiGetErrorInfo
 0001:00004F6A       DbiGetErrorString
 0001:00004A66       DbiGetExactRecordCount
 0001:0000507E       DbiGetField
 0001:000052E8       DbiGetFieldDescs
 0001:00005144       DbiGetFieldTypeDesc
 0001:0000464C       DbiGetFilterInfo
 0001:00005054       DbiGetIndexDesc
 0001:000046CA       DbiGetIndexDescs
 0001:00004FFA       DbiGetIndexForField
 0001:00004FF4       DbiGetIndexSeqNo
 0001:00005138       DbiGetIndexTypeDesc
 0001:00004AF6       DbiGetLdName
 0001:00004A96       DbiGetLdNameFromDb
 0001:00004F88       DbiGetLdObj
 0001:00005204       DbiGetLinkStatus
 0001:000050CC       DbiGetNetUserName
 0001:000052CA       DbiGetNextRecord
 0001:00004E74       DbiGetNumberFormat
 0001:000046A6       DbiGetObjFromName
 0001:00004658       DbiGetObjFromObj
 0001:000052C4       DbiGetPriorRecord
 0001:000046B2       DbiGetProp
 0001:000052BE       DbiGetRecord
 0001:000052B2       DbiGetRecordCount
 0001:00004FA0       DbiGetRecordForKey
 0001:000052B8       DbiGetRelativeRecord
 0001:00004610       DbiGetRintDesc
 0001:0000529A       DbiGetSeqNo
 0001:000050D2       DbiGetSesInfo
 0001:00004592       DbiGetSQLRequest
 0001:000050E4       DbiGetSysConfig
 0001:000050DE       DbiGetSysInfo
 0001:000050EA       DbiGetSysVersion
 0001:00005120       DbiGetTableOpenCount
 0001:00005150       DbiGetTableTypeDesc
 0001:00004E80       DbiGetTimeFormat
 0001:00004AAE       DbiGetTranInfo
 0001:00004616       DbiGetVchkDesc
 0001:00004394       DbiImportODBC
 0001:00002AC4       DbiInit
 0001:000065A6       DbiInitFn
 0001:00005030       DbiInitRecord
 0001:000052AC       DbiInsertRecord
 0001:000051FE       DbiIsRecordLocked
 0001:000051F8       DbiIsTableLocked
 0001:000051F2       DbiIsTableShared
 0001:00005210       DbiLinkDetail
 0001:000051EC       DbiLinkDetailToExp
 0001:00005126       DbiLoadDriver
 0001:000046C4       DbiMakePermanent
 0001:000052A6       DbiModifyRecord
 0001:000046BE       DbiNativeToAnsi
 0001:0000511A       DbiOpenBlob
 0001:000046E2       DbiOpenCfgInfoList
 0001:000046DC       DbiOpenConfigFile
 0001:00005300       DbiOpenDatabase
 0001:00005162       DbiOpenDatabaseList
 0001:0000516E       DbiOpenDriverList
 0001:0000524C       DbiOpenFamilyList
 0001:00005264       DbiOpenFieldList
 0001:0000514A       DbiOpenFieldTypesList
 0001:00004628       DbiOpenFieldXlt
 0001:00005270       DbiOpenFileList
 0001:00004442       DbiOpenFunctionArgList
 0001:00004448       DbiOpenFunctionList
 0001:00005066       DbiOpenIndex
 0001:0000526A       DbiOpenIndexList
 0001:0000513E       DbiOpenIndexTypesList
 0001:0000525E       DbiOpenLdList
 0001:00005180       DbiOpenLockList
 0001:00004316       DbiOpenNestedTable
 0001:0000430A       DbiOpenRef
 0001:000043EE       DbiOpenRepositoryList
 0001:00005252       DbiOpenRintList
 0001:00005234       DbiOpenSecurityList
 0001:000043D0       DbiOpenSessionRepository
 0001:000045B6       DbiOpenSPList
 0001:000045B0       DbiOpenSPParamList
 0001:000052F4       DbiOpenTable
 0001:00005276       DbiOpenTableList
 0001:00005156       DbiOpenTableTypesList
 0001:00005186       DbiOpenUserList
 0001:00005258       DbiOpenVchkList
 0001:00004FCA       DbiPackTable
 0001:00005108       DbiPutBlob
 0001:00005078       DbiPutField
 0001:00005090       DbiQAlloc
 0001:000050A8       DbiQExec
 0001:000050B4       DbiQExecDirect
 0001:0000459E       DbiQExecProcDirect
 0001:00005096       DbiQFree
 0001:0000508A       DbiQGetBaseDescs
 0001:0000509C       DbiQInstantiateAnswer
 0001:000050AE       DbiQPrepare
 0001:00004598       DbiQPrepareExt
 0001:000045AA       DbiQPrepareProc
 0001:000050A2       DbiQSetParams
 0001:000045A4       DbiQSetProcParams
 0001:00005228       DbiReadBlock
 0001:00004FBE       DbiRegenIndex
 0001:00004FB8       DbiRegenIndexes
 0001:00005084       DbiRegisterCallBack
 0001:000051C8       DbiRelPersistTableLock
 0001:000051D4       DbiRelRecordLock
 0001:000051DA       DbiRelTableLock
 0001:00005012       DbiRenameTable
 0001:0000528E       DbiResetRange
 0001:000051C2       DbiSaveChanges
 0001:000043B8       DbiSchemaCacheFlush
 0001:000051A4       DbiSetCurrSession
 0001:00004E86       DbiSetDateFormat
 0001:000043E8       DbiSetDefaultRepository
 0001:0000527C       DbiSetDirectory
 0001:00004F9A       DbiSetFieldMap
 0001:00005174       DbiSetLockRetry
 0001:00004E6E       DbiSetNumberFormat
 0001:0000517A       DbiSetPrivateDir
 0001:000046AC       DbiSetProp
 0001:00005294       DbiSetRange
 0001:00004E7A       DbiSetTimeFormat
 0001:000052DC       DbiSetToBegin
 0001:00005042       DbiSetToBookMark
 0001:000052D0       DbiSetToCursor
 0001:000052D6       DbiSetToEnd
 0001:00005288       DbiSetToKey
 0001:00004FEE       DbiSetToRecordNo
 0001:0000502A       DbiSetToSeqNo
 0001:00004AA8       DbiSortTable
 0001:00004340       DbiSQLTextToCanEx
 0001:000051AA       DbiStartSession
 0001:0000505A       DbiSwitchToIndex
 0001:00004FDC       DbiTimeDecode
 0001:00004FE2       DbiTimeEncode
 0001:00004FD0       DbiTimeStampDecode
 0001:00004FD6       DbiTimeStampEncode
 0001:00004640       DbiTranslateField
 0001:00004646       DbiTranslateRecordStructure
 0001:00005102       DbiTruncateBlob
 0001:00004B02       DbiUndeleteRecord
 0001:0000520A       DbiUnlinkDetail
 0001:00004F82       DbiUseIdleTime
 0001:0000462E       DbiValidateProp
 0001:00005024       DbiVerifyField
 0001:00005222       DbiWriteBlock
 0001:0001BF50       DBTables
 0001:00009E6C       DefaultSession
 0001:0000060C       DeleteCriticalSection
 0001:0000A764       DLLDetachCallBack
 0001:0000432E       DsProviderGetDataPacket
 0001:00004328       DsResolver
 0001:0000AF1C       EDBEngineError.Create
 0001:0000B238       EDBEngineError.Destroy
 0001:0000B28C       EDBEngineError.GetError
 0001:0000B2A0       EDBEngineError.GetErrorCount
 0002:00000D7C       EndType
 0001:00000614       EnterCriticalSection
 0001:00002AB4       ErrCat
 0001:00002ABC       ErrCode
 0001:00000344       ExitProcessTLS
 0001:0000031C       ExitThreadTLS
 0002:00000D94       Exts
 0001:0000061C       FatalAppExitA
 0002:00001054       FCSect
 0001:0001BEC4       Finalization
 0001:00006A38       Finalization
 0001:00000A5C       Finalization
 0001:000006FC       Finalization
 0001:000067F0       Finalization
 0001:00006788       Finalization
 0001:00000414       Finalization
 0001:00000624       FindClose
 0001:0000062C       FindFirstFileA
 0002:00000CB0       FldSubTypeMap
 0002:00000C88       FldTypeMap
 0001:000121C8       FreeBuffer
 0001:00000260       FreeLibrary
 0001:00000634       FreeLibrary
 0001:0000A40C       FreeStatementLocale
 0001:0000A6D4       FreeTimer
 0001:0000064C       GetCurrentDirectoryA
 0001:00000654       GetCurrentThreadId
 0001:00013B60       GetDefaultExpression
 0001:0000AEAC       GetErrorString
 0001:000139C0       GetFieldConstraint
 0001:0000A024       GetFieldSource
 0001:0000F108       GetHashCode
 0001:00018F7C       GetIdx
 0001:0000AC2C       GetIntProp
 0001:0000065C       GetLastError
 0001:00015380       GetMappingNames
 0001:00000664       GetModuleHandleA
 0002:0000104C       GetObjectContextProc
 0001:0000A224       GetParamData
 0001:0000A184       GetParamDataSize
 0001:00009EB4       GetPChar
 0001:000139A8       GetPChar
 0001:0000066C       GetProcAddress
 0001:0000F258       GetStatementHandle
 0001:0000A3C8       GetStatementLocale
 0001:0000F174       GetStmtInfo
 0001:00013AD4       GetTableConstraint
 0001:00000674       GetTickCount
 0001:000002A4       GetTlsSize
 0001:0000067C       GlobalAlloc
 0001:00000684       GlobalLock
 0002:0000100C       HInstance
 0001:00016754       IndexFieldOfs
 0002:00000B6C       INFO_IDAPI32
 0001:0001BEA0       InitDBTables
 0001:00018218       InitFieldDescriptors
 0001:0000068C       InitializeCriticalSection
 0001:00000368       InitializeModule
 0001:000183DC       InitIndexDescriptors
 0001:000002F0       InitProcessTLS
 0001:000180E0       InitTableSettings
 0001:000002AC       InitThreadTLS
 0001:0001849C       InitValChecks
 0001:0000063C       InterlockedDecrement
 0001:00000644       InterlockedIncrement
 0001:00000694       IsDBCSLeadByte
 0001:0000AB8C       IsDirectory
 0001:0000ABD8       IsStandardType
 0001:000006DC       KillTimer
 0001:0000069C       LeaveCriticalSection
 0001:000006A4       LoadLibraryA
 0001:00000268       LocalAlloc
 0001:00000270       LocalFree
 0001:00000A8C       Messages
 0002:00000000       Module
 0002:00001000       ModuleIsLib
 0002:00001001       ModuleIsPackage
 0001:0000AAB4       NativeCompareStr
 0001:0000AAE4       NativeCompareStrBuf
 0001:0000AB20       NativeCompareText
 0001:0000AB50       NativeCompareTextBuf
 0001:0000A990       NativeToAnsi
 0001:0000AA3C       NativeToAnsiBuf
 0001:0000FB38       NeedsDBAlias
 0002:000010A4       NeedToUninitialize
 0001:00009ED8       NextItem
 0001:000006E4       OemToChar
 0001:000006EC       OemToCharBuff
 0001:000006AC       OpenFileMapping
 0002:00000D48       OpenModes
 0002:00000D84       OpenModes
 0001:00004B8C       OsLdAnsiCharToOem
 0001:00004BA4       OsLdAnsiToOem
 0001:00004718       OsLdBuildCharSetXform
 0001:00004B68       OsLdCharToLower
 0001:00004B6E       OsLdCharToUpper
 0001:00004C04       OsLdExit
 0001:00004856       OsLdExStrCmp
 0001:00004BB0       OsLdGetCodePage
 0001:00004C0A       OsLdGetDefaultObj
 0001:00004B62       OsLdGetDescName
 0001:00004868       OsLdGetDriverId
 0001:00004BAA       OsLdGetFName
 0001:000048AA       OsLdGetFuncAddrLdStrnCmpi_
 0001:000048EC       OsLdGetFuncAddrLdStrnColli_
 0001:000048E6       OsLdGetFuncAddrLdStrnColl_
 0001:00004B38       OsLdGetMinMax
 0001:00004B3E       OsLdGetProductID
 0001:00004BB6       OsLdGetSortsig
 0001:00004BBC       OsLdGetSymbName
 0001:00004C10       OsLdInit
 0001:00004B7A       OsLdIsAlpha
 0001:00004B98       OsLdIsAnsiCharInOemCp
 0001:00004B74       OsLdIsDigit
 0001:00004B92       OsLdIsOemCharInAnsiCp
 0001:00004862       OsLdLoadByDriverId
 0001:00004BF8       OsLdLoadByFName
 0001:00004B4A       OsLdLoadByLCID
 0001:00004BFE       OsLdLoadBySortSig
 0001:00004BF2       OsLdLoadBySymbName
 0001:00004B86       OsLdOemCharToAnsi
 0001:00004B9E       OsLdOemToAnsi
 0001:00004B44       OsLdSearchEnd
 0001:00004B5C       OsLdSearchInit
 0001:00004B56       OsLdSearchNext
 0001:00004B32       OsLdSetConvChars
 0001:00004BE6       OsLdStrCmp
 0001:00004BD4       OsLdStrCmpi
 0001:00004BEC       OsLdStrnCmp
 0001:00004BCE       OsLdStrnCmpi
 0001:00004850       OsLdStrnColl
 0001:00004832       OsLdStrnColli
 0001:00004BDA       OsLdStrnToLower
 0001:00004BC2       OsLdStrnToUpper
 0001:00004BE0       OsLdStrToLower
 0001:00004BC8       OsLdStrToUpper
 0001:00004B80       OsLdUnloadObj
 0001:00009FF0       PopValue
 0002:00000D70       PropFlags
 0001:00013DE8       ReAllocBuffers
 0001:000005C4       RegCloseKey
 0001:00009E74       RegisterBDEInitProc
 0001:000005CC       RegOpenKeyExA
 0001:000005D4       RegQueryValueExA
 0001:000006B4       ReleaseMutex
 0002:00000D58       RetCodes
 0002:000010A0       SaveInitProc
 0001:000006BC       SearchPathA
 0002:00001044       Session
 0002:00001048       Sessions
 0001:0000AC5C       SetBoolProp
 0001:000006C4       SetErrorMode
 0001:0000A420       SetQueryParams
 0001:000006F4       SetTimer
 0002:00000D50       ShareModes
 0002:00000D8C       ShareModes
 0001:00006820       SMINTF
 0001:00009ECC       Split
 0002:00000D40       SQLDelay
 0002:00000D44       StartTime
 0001:0000AC80       StringListToParams
 0001:0000A8FC       StrToOem
 0001:00000444       SysInit
 0002:00000D28       TableTypeDriverNames
 0001:00015334       TBatchMove.ConvertName
 0001:000152B4       TBatchMove.Create
 0001:00015304       TBatchMove.Destroy
 0001:00015438       TBatchMove.Execute
 0001:00015884       TBatchMove.Notification
 0001:000158BC       TBatchMove.SetMappings
 0001:000158CC       TBatchMove.SetSource
 0001:0000A780       TBDECallback.Create
 0001:0000A820       TBDECallback.Destroy
 0001:0000A8CC       TBDECallback.Invoke
 0001:00012DE8       TBDEDataSet.ActivateFilters
 0001:0001142C       TBDEDataSet.AddFieldDesc
 0001:00013CBC       TBDEDataSet.AllocCachedUpdateBuffers
 0001:00012620       TBDEDataSet.AllocKeyBuffers
 0001:00010F30       TBDEDataSet.AllocRecordBuffer
 0001:00014020       TBDEDataSet.ApplyUpdates
 0001:000122F4       TBDEDataSet.BlockReadNext
 0001:00012110       TBDEDataSet.BookmarkValid
 0001:00014140       TBDEDataSet.CachedUpdateCallBack
 0001:00011FD0       TBDEDataSet.Cancel
 0001:00014084       TBDEDataSet.CancelUpdates
 0001:00013D40       TBDEDataSet.CheckCachedUpdateMode
 0001:000126F0       TBDEDataSet.CheckSetKeyMode
 0001:00010F64       TBDEDataSet.ClearBlobCache
 0001:00010F9C       TBDEDataSet.ClearCalcFields
 0001:00011CE4       TBDEDataSet.CloseBlob
 0001:000108A4       TBDEDataSet.CloseCursor
 0001:0001405C       TBDEDataSet.CommitUpdates
 0001:000120C0       TBDEDataSet.CompareBookmarks
 0001:00013BF0       TBDEDataSet.ConstraintCallBack
 0001:00013948       TBDEDataSet.ConstraintsDisabled
 0001:00010750       TBDEDataSet.Create
 0001:00011CBC       TBDEDataSet.CreateBlobStream
 0001:00012EE4       TBDEDataSet.CreateExprFilter
 0001:00012F78       TBDEDataSet.CreateFuncFilter
 0001:000108E4       TBDEDataSet.CreateHandle
 0001:00012FA4       TBDEDataSet.CreateLookupFilter
 0001:000144B0       TBDEDataSet.DataEvent
 0001:00012EA4       TBDEDataSet.DeactivateFilters
 0001:000107A8       TBDEDataSet.Destroy
 0001:000108E8       TBDEDataSet.DestroyHandle
 0001:000138F8       TBDEDataSet.DestroyLookupCursor
 0001:00013954       TBDEDataSet.DisableConstraints
 0001:0001397C       TBDEDataSet.EnableConstraints
 0001:000111F4       TBDEDataSet.FetchAll
 0001:0001336C       TBDEDataSet.FindRecord
 0001:00011238       TBDEDataSet.FlushBuffers
 0001:00013DC4       TBDEDataSet.ForceUpdateCallback
 0001:00012694       TBDEDataSet.FreeKeyBuffers
 0001:00010F40       TBDEDataSet.FreeRecordBuffer
 0001:00011334       TBDEDataSet.GetActiveRecBuf
 0001:00011C28       TBDEDataSet.GetBlobData
 0001:00011778       TBDEDataSet.GetBlobFieldData
 0001:00012090       TBDEDataSet.GetBookmarkData
 0001:00012070       TBDEDataSet.GetBookmarkFlag
 0001:00011F4C       TBDEDataSet.GetCanModify
 0001:00011100       TBDEDataSet.GetCurrentRecord
 0001:0001196C       TBDEDataSet.GetFieldData
 0001:000118EC       TBDEDataSet.GetFieldData
 0001:00011DBC       TBDEDataSet.GetFieldFullName
 0001:00010908       TBDEDataSet.GetHandle
 0001:00012538       TBDEDataSet.GetIndexField
 0001:00012618       TBDEDataSet.GetIndexFieldCount
 0001:000123A8       TBDEDataSet.GetIndexInfo
 0001:00012CE4       TBDEDataSet.GetIsIndexField
 0001:00012A68       TBDEDataSet.GetKeyBuffer
 0001:00012B48       TBDEDataSet.GetKeyExclusive
 0001:00012B7C       TBDEDataSet.GetKeyFieldCount
 0001:000138F4       TBDEDataSet.GetLookupCursor
 0001:00010B3C       TBDEDataSet.GetObjectTypeNames
 0001:00011150       TBDEDataSet.GetOldRecord
 0001:00011298       TBDEDataSet.GetRecNo
 0001:00010FF4       TBDEDataSet.GetRecord
 0001:00011258       TBDEDataSet.GetRecordCount
 0001:0001132C       TBDEDataSet.GetRecordSize
 0001:00011D0C       TBDEDataSet.GetStateFieldValue
 0001:0001428C       TBDEDataSet.GetUpdateRecordSet
 0001:000143EC       TBDEDataSet.GetUpdatesPending
 0001:000138FC       TBDEDataSet.HasConstraints
 0001:00010EB4       TBDEDataSet.InitBufferPointers
 0001:000126C0       TBDEDataSet.InitKeyBuffer
 0001:00010FC0       TBDEDataSet.InitRecord
 0001:00012008       TBDEDataSet.InternalAddRecord
 0001:00011FF0       TBDEDataSet.InternalCancel
 0001:00010DF0       TBDEDataSet.InternalClose
 0001:00011F08       TBDEDataSet.InternalDelete
 0001:00011E64       TBDEDataSet.InternalEdit
 0001:00011E34       TBDEDataSet.InternalFirst
 0001:00012040       TBDEDataSet.InternalGotoBookmark
 0001:00010EA4       TBDEDataSet.InternalHandleException
 0001:00010910       TBDEDataSet.InternalInitFieldDefs
 0001:00010F54       TBDEDataSet.InternalInitRecord
 0001:00011E98       TBDEDataSet.InternalInsert
 0001:00011E4C       TBDEDataSet.InternalLast
 0001:00010C50       TBDEDataSet.InternalOpen
 0001:00011EB8       TBDEDataSet.InternalPost
 0001:00011F6C       TBDEDataSet.InternalRefresh
 0001:0001205C       TBDEDataSet.InternalSetToRecord
 0001:00010E98       TBDEDataSet.IsCursorOpen
 0001:00011F34       TBDEDataSet.IsSequenced
 0001:000138A0       TBDEDataSet.Locate
 0001:00013520       TBDEDataSet.LocateRecord
 0001:00013808       TBDEDataSet.Lookup
 0001:00012D54       TBDEDataSet.MapsToIndex
 0001:000107F0       TBDEDataSet.OpenCursor
 0001:00011FB0       TBDEDataSet.Post
 0001:00012AE8       TBDEDataSet.PostKeyBuffer
 0001:00010E94       TBDEDataSet.PrepareCursor
 0001:00013FFC       TBDEDataSet.ProcessUpdates
 0001:000144DC       TBDEDataSet.PSGetUpdateException
 0001:00014534       TBDEDataSet.PSIsSQLSupported
 0001:00014538       TBDEDataSet.PSReset
 0001:00014554       TBDEDataSet.PSUpdateRecord
 0001:000134A4       TBDEDataSet.RecordFilter
 0001:00012948       TBDEDataSet.ResetCursorRange
 0001:000140C0       TBDEDataSet.RevertRecord
 0001:00011C54       TBDEDataSet.SetBlobData
 0001:000121F4       TBDEDataSet.SetBlockReadSize
 0001:000120A8       TBDEDataSet.SetBookmarkData
 0001:00012080       TBDEDataSet.SetBookmarkFlag
 0001:00013E90       TBDEDataSet.SetCachedUpdates
 0001:00012748       TBDEDataSet.SetCursorRange
 0001:00011A0C       TBDEDataSet.SetFieldData
 0001:000131C8       TBDEDataSet.SetFilterData
 0001:00013260       TBDEDataSet.SetFiltered
 0001:00013150       TBDEDataSet.SetFilterHandle
 0001:000132CC       TBDEDataSet.SetFilterOptions
 0001:00013254       TBDEDataSet.SetFilterText
 0001:000125F8       TBDEDataSet.SetIndexField
 0001:00012A74       TBDEDataSet.SetKeyBuffer
 0001:00012B60       TBDEDataSet.SetKeyExclusive
 0001:00012B94       TBDEDataSet.SetKeyFieldCount
 0001:00012BB0       TBDEDataSet.SetKeyFields
 0001:0001299C       TBDEDataSet.SetLinkRanges
 0001:00010EAC       TBDEDataSet.SetLocale
 0001:000132E0       TBDEDataSet.SetOnFilterRecord
 0001:000143B4       TBDEDataSet.SetOnUpdateError
 0001:000112C8       TBDEDataSet.SetRecNo
 0001:00011D38       TBDEDataSet.SetStateFieldValue
 0001:00013F9C       TBDEDataSet.SetupCallBack
 0001:00014318       TBDEDataSet.SetUpdateObject
 0001:000142C8       TBDEDataSet.SetUpdateRecordSet
 0001:00012430       TBDEDataSet.SwitchToIndex
 0001:00011D64       TBDEDataSet.Translate
 0001:00013D98       TBDEDataSet.UpdateCallbackRequired
 0001:0001410C       TBDEDataSet.UpdateStatus
 0001:0001B778       TBlobStream.Create
 0001:0001B99C       TBlobStream.Destroy
 0001:0001BE0C       TBlobStream.GetBlobSize
 0001:0001BA68       TBlobStream.Read
 0001:0001BD98       TBlobStream.Seek
 0001:0001BDCC       TBlobStream.Truncate
 0001:0001BC78       TBlobStream.Write
 0001:0000EF78       TDatabase.ApplyUpdates
 0001:0000F44C       TDatabase.CheckActive
 0001:0000FC84       TDatabase.CheckDatabaseAlias
 0001:0000F504       TDatabase.CheckDatabaseName
 0001:0000F4A0       TDatabase.CheckInactive
 0001:0000F564       TDatabase.CheckSessionName
 0001:0000F0AC       TDatabase.ClearStatements
 0001:0000F71C       TDatabase.CloseDataSets
 0001:0000F748       TDatabase.Commit
 0001:0000EE60       TDatabase.Create
 0001:0000EF1C       TDatabase.Destroy
 0001:00010014       TDatabase.DoConnect
 0001:0000F64C       TDatabase.DoDisconnect
 0001:0000F760       TDatabase.EndTransaction
 0001:0000F378       TDatabase.Execute
 0001:00010720       TDatabase.FlushSchemaCache
 0001:0000F77C       TDatabase.GetAliasName
 0001:0000F7A4       TDatabase.GetConnected
 0001:0000F7AC       TDatabase.GetDataSet
 0001:0000F7CC       TDatabase.GetDirectory
 0001:0000F868       TDatabase.GetDriverName
 0001:0000F824       TDatabase.GetFieldNames
 0001:0000F95C       TDatabase.GetInTransaction
 0001:0000F93C       TDatabase.GetObjectContext
 0001:0000F844       TDatabase.GetTableNames
 0001:0000F904       TDatabase.GetTraceFlags
 0001:0000F98C       TDatabase.Loaded
 0001:0000F9EC       TDatabase.LoadLocale
 0001:0000FA2C       TDatabase.Login
 0001:0000F9A8       TDatabase.Notification
 0001:0000FFE8       TDatabase.OpenFromExistingDB
 0001:00010338       TDatabase.ParamsChanging
 0001:00010340       TDatabase.Rollback
 0001:00010358       TDatabase.SetAliasName
 0001:0000F890       TDatabase.SetDatabaseFlags
 0001:00010360       TDatabase.SetDatabaseName
 0001:000103AC       TDatabase.SetDatabaseType
 0001:000103D0       TDatabase.SetDirectory
 0001:00010430       TDatabase.SetDriverName
 0001:000105CC       TDatabase.SetExclusive
 0001:00010438       TDatabase.SetHandle
 0001:00010510       TDatabase.SetKeepConnection
 0001:00010528       TDatabase.SetParams
 0001:000105E0       TDatabase.SetReadOnly
 0001:00010548       TDatabase.SetSessionName
 0001:0001059C       TDatabase.SetTraceFlags
 0001:000105F4       TDatabase.StartTransaction
 0001:00010674       TDatabase.ValidateName
 0001:00014A70       TDBDataSet.CheckDBSessionName
 0001:00014AD0       TDBDataSet.CheckOpen
 0001:00014A54       TDBDataSet.CloseCursor
 0001:00014BAC       TDBDataSet.CloseDatabase
 0001:00014B14       TDBDataSet.ConstraintsStored
 0001:00014934       TDBDataSet.Create
 0001:00014B2C       TDBDataSet.Disconnect
 0001:00014B34       TDBDataSet.GetDBHandle
 0001:00014B48       TDBDataSet.GetDBLocale
 0001:00014B5C       TDBDataSet.GetDBSession
 0001:00014A10       TDBDataSet.OpenCursor
 0001:00014B88       TDBDataSet.OpenDatabase
 0001:000150FC       TDBDataSet.PSEndTransaction
 0001:00015168       TDBDataSet.PSExecuteStatement
 0001:00014E84       TDBDataSet.PSGetAttributes
 0001:00014F60       TDBDataSet.PSGetQuoteChar
 0001:00015020       TDBDataSet.PSInTransaction
 0001:00014EF4       TDBDataSet.PSIsSQLBased
 0001:00015078       TDBDataSet.PSStartTransaction
 0001:0001522C       TDBDataSet.PSUpdateRecord
 0001:00014DE0       TDBDataSet.SetAutoRefresh
 0001:00014BBC       TDBDataSet.SetDatabaseName
 0001:00014C60       TDBDataSet.SetDBFlag
 0001:000149AC       TDBDataSet.SetHandle
 0001:00014D60       TDBDataSet.SetSessionName
 0001:00014DFC       TDBDataSet.SetupAutoRefresh
 0001:00014D90       TDBDataSet.SetUpdateMode
 0001:0000AE14       TDBError.Create
 0001:0000AE6C       TDBError.GetCategory
 0001:0000AE78       TDBError.GetSubCode
 0001:0000A734       TimerCallBack
 0002:00000D3C       TimerID
 0001:00015918       TIndexFiles.Add
 0001:00015950       TIndexFiles.Clear
 0001:000158DC       TIndexFiles.Create
 0001:00015A14       TIndexFiles.Delete
 0001:000159E0       TIndexFiles.Insert
 0001:00000278       TlsAlloc
 0002:00001014       tlsBuffer
 0001:00000280       TlsFree
 0001:00000288       TlsGetValue
 0002:00001004       TlsIndex
 0002:BF942000       TlsLast
 0002:00000018       TlsProc
 0001:00000290       TlsSetValue
 0001:00014594       TNestedTable.Create
 0001:000145D4       TNestedTable.CreateHandle
 0001:000146F4       TNestedTable.DoAfterPost
 0001:00014828       TNestedTable.DoBeforeInsert
 0001:00014860       TNestedTable.InternalPost
 0001:0000EC2C       TParamList.Create
 0001:0000EE38       TParamList.Destroy
 0001:0001A5B0       TQuery.Create
 0001:0001AD88       TQuery.CreateCursor
 0001:0001AE74       TQuery.CreateHandle
 0001:0001AA58       TQuery.DefineProperties
 0001:0001A64C       TQuery.Destroy
 0001:0001A6B0       TQuery.Disconnect
 0001:0001AE7C       TQuery.ExecSQL
 0001:0001AC60       TQuery.FreeStatement
 0001:0001A784       TQuery.GetDataSource
 0001:0001B1E0       TQuery.GetDetailLinkFields
 0001:0001A9FC       TQuery.GetParamsCount
 0001:0001AEE4       TQuery.GetQueryCursor
 0001:0001B170       TQuery.GetRowsAffected
 0001:0001B02C       TQuery.GetStatementHandle
 0001:0001AD7C       TQuery.ParamByName
 0001:0001A6D4       TQuery.Prepare
 0001:0001AFF8       TQuery.PrepareSQL
 0001:0001B364       TQuery.PSExecute
 0001:0001B27C       TQuery.PSGetDefaultOrder
 0001:0001B2E0       TQuery.PSGetParams
 0001:0001B310       TQuery.PSGetTableName
 0001:0001B36C       TQuery.PSSetCommandText
 0001:0001B2E8       TQuery.PSSetParams
 0001:0001A858       TQuery.QueryChanged
 0001:0001AB20       TQuery.ReadBinaryData
 0001:0001AAF0       TQuery.ReadParamData
 0001:0001AD00       TQuery.RefreshParams
 0001:0001A718       TQuery.SetDataSource
 0001:0001AF34       TQuery.SetDBFlag
 0001:0001AC88       TQuery.SetParamsFromCursor
 0001:0001A9F0       TQuery.SetParamsList
 0001:0001A6C4       TQuery.SetPrepare
 0001:0001AB78       TQuery.SetPrepared
 0001:0001A790       TQuery.SetQuery
 0001:0001A6F8       TQuery.UnPrepare
 0001:0001AB54       TQuery.WriteBinaryData
 0001:0001AB10       TQuery.WriteParamData
 0001:0001948C       TQueryDataLink.ActiveChanged
 0001:000194D0       TQueryDataLink.CheckBrowseMode
 0001:00019450       TQueryDataLink.Create
 0001:000194A8       TQueryDataLink.GetDetailDataSet
 0001:000194AC       TQueryDataLink.RecordChanged
 0001:0000B854       TSession.AddAlias
 0001:0000B990       TSession.AddDatabase
 0001:0000B880       TSession.AddDriver
 0001:0000BB08       TSession.AddPassword
 0001:0000B9B0       TSession.AddStandardAlias
 0001:0000BB78       TSession.CallBDEInitProcs
 0001:0000BC10       TSession.CheckConfigMode
 0001:0000BBB4       TSession.CheckInactive
 0001:0000BC40       TSession.Close
 0001:0000BC48       TSession.CloseDatabase
 0001:0000BC7C       TSession.CloseDatabaseHandle
 0001:0000B780       TSession.Create
 0001:0000BCD8       TSession.DBLoginCallback
 0001:0000BEE4       TSession.DBNotification
 0001:0000BF00       TSession.DeleteAlias
 0001:0000BFC0       TSession.DeleteConfigPath
 0001:0000BF20       TSession.DeleteDriver
 0001:0000B804       TSession.Destroy
 0001:0000C0C8       TSession.DoFindDatabase
 0001:0000DC98       TSession.DoOpenDatabase
 0001:0000C040       TSession.DropConnections
 0001:0000C074       TSession.FindDatabase
 0001:0000C134       TSession.FindDatabaseHandle
 0001:0000C188       TSession.GetActive
 0001:0000C190       TSession.GetAliasDriverName
 0001:0000C2A0       TSession.GetAliasNames
 0001:0000C3E4       TSession.GetAliasParams
 0001:0000E3B0       TSession.GetConfigMode
 0001:0000C5B8       TSession.GetConfigParams
 0001:0000C74C       TSession.GetDatabase
 0001:0000C760       TSession.GetDatabaseCount
 0001:0000C768       TSession.GetDatabaseNames
 0001:0000C81C       TSession.GetDriverNames
 0001:0000C974       TSession.GetDriverParams
 0001:0000CFD0       TSession.GetFieldNames
 0001:0000CB8C       TSession.GetHandle
 0001:0000CBB4       TSession.GetNetFileDir
 0001:0000CD8C       TSession.GetPassword
 0001:0000CCAC       TSession.GetPrivateDir
 0001:0000D118       TSession.GetStoredProcNames
 0001:0000CE34       TSession.GetTableNames
 0001:0000D250       TSession.InitializeBDE
 0001:0000D3C0       TSession.InternalAddAlias
 0001:0000D570       TSession.InternalDeleteAlias
 0001:0000D674       TSession.IsAlias
 0001:0000D758       TSession.Loaded
 0001:0000DD88       TSession.LoadSMClient
 0001:0000D7D0       TSession.LockSession
 0001:0000D808       TSession.MakeCurrent
 0001:0000D830       TSession.ModifyAlias
 0001:0000DB24       TSession.ModifyConfigParams
 0001:0000D9A4       TSession.ModifyDriver
 0001:0000DC34       TSession.Notification
 0001:0000DC90       TSession.Open
 0001:0000DD78       TSession.OpenDatabase
 0001:0000DFDC       TSession.RegisterCallbacks
 0001:0000E0E0       TSession.RemoveAllPasswords
 0001:0000E0C0       TSession.RemoveDatabase
 0001:0000E124       TSession.RemovePassword
 0001:0000E190       TSession.SaveConfigFile
 0001:0000E1F8       TSession.ServerCallback
 0001:0000DD80       TSession.SessionNameStored
 0001:0000E270       TSession.SetActive
 0001:0000E29C       TSession.SetAutoSessionName
 0001:0000E408       TSession.SetConfigMode
 0001:0000E468       TSession.SetConfigParams
 0001:0000E52C       TSession.SetName
 0001:0000E548       TSession.SetNetFileDir
 0001:0000E5D8       TSession.SetPrivateDir
 0001:0000E658       TSession.SetSessionName
 0001:0000E714       TSession.SetSessionNames
 0001:0000E7A4       TSession.SetTraceFlags
 0001:0000E7E0       TSession.SMClientSignal
 0001:0000E7E8       TSession.SqlTraceCallback
 0001:0000E848       TSession.StartSession
 0001:0000D7F4       TSession.UnlockSession
 0001:0000EA84       TSession.UpdateAutoSessionName
 0001:0000EB48       TSession.ValidateAutoSession
 0001:0000B350       TSessionList.AddSession
 0001:0000B3A8       TSessionList.CloseAll
 0001:0000B2A8       TSessionList.Create
 0001:0000B308       TSessionList.Destroy
 0001:0000B5E0       TSessionList.FindSession
 0001:0000B410       TSessionList.GetCount
 0001:0000B460       TSessionList.GetCurrentSession
 0001:0000B4FC       TSessionList.GetSession
 0001:0000B55C       TSessionList.GetSessionByName
 0001:0000B680       TSessionList.GetSessionNames
 0001:0000B734       TSessionList.OpenSession
 0001:0000B76C       TSessionList.SetCurrentSession
 0001:0001A074       TStoredProc.BindParams
 0001:00019A00       TStoredProc.CheckServerParams
 0001:0001A460       TStoredProc.CopyParams
 0001:000194EC       TStoredProc.Create
 0001:00019668       TStoredProc.CreateCursor
 0001:00019694       TStoredProc.CreateHandle
 0001:000197F0       TStoredProc.CreateParamDesc
 0001:000195C8       TStoredProc.DefineProperties
 0001:00019B08       TStoredProc.DescriptionsAvailable
 0001:00019538       TStoredProc.Destroy
 0001:00019654       TStoredProc.Disconnect
 0001:000196D8       TStoredProc.ExecProc
 0001:0001A380       TStoredProc.FreeStatement
 0001:0001969C       TStoredProc.GetCursor
 0001:000197E0       TStoredProc.GetParamsCount
 0001:00019EF8       TStoredProc.GetResults
 0001:0001A540       TStoredProc.ParamByName
 0001:0001A33C       TStoredProc.Prepare
 0001:00019BB8       TStoredProc.PrepareProc
 0001:0001A590       TStoredProc.PSExecute
 0001:0001A54C       TStoredProc.PSGetParams
 0001:0001A57C       TStoredProc.PSGetTableName
 0001:0001A598       TStoredProc.PSSetCommandText
 0001:0001A554       TStoredProc.PSSetParams
 0001:00019634       TStoredProc.ReadParamData
 0001:0001A3E4       TStoredProc.SetDBFlag
 0001:00019798       TStoredProc.SetOverLoad
 0001:0001A4F4       TStoredProc.SetParamsList
 0001:0001A3D4       TStoredProc.SetPrepare
 0001:0001A248       TStoredProc.SetPrepared
 0001:00019740       TStoredProc.SetProcName
 0001:00019960       TStoredProc.SetServerParams
 0001:0001A360       TStoredProc.UnPrepare
 0001:00019624       TStoredProc.WriteParamData
 0001:00016A54       TTable.AddIndex
 0001:00017A44       TTable.ApplyRange
 0001:00018064       TTable.BatchMove
 0001:00017A64       TTable.CancelRange
 0001:00017F20       TTable.CheckMasterRange
 0001:0001713C       TTable.CloseIndexFile
 0001:00015A94       TTable.Create
 0001:00015CE4       TTable.CreateHandle
 0001:0001854C       TTable.CreateTable
 0001:000189C4       TTable.DataEvent
 0001:0001658C       TTable.DecodeIndexDesc
 0001:00016140       TTable.DefChanged
 0001:00016BB4       TTable.DeleteIndex
 0001:000186A8       TTable.DeleteTable
 0001:00015B2C       TTable.Destroy
 0001:000164E0       TTable.DestroyHandle
 0001:00017C98       TTable.DestroyLookupCursor
 0001:00018010       TTable.DoOnNewRecord
 0001:00017A38       TTable.EditKey
 0001:00017AF0       TTable.EditRangeEnd
 0001:00017AFC       TTable.EditRangeStart
 0001:0001872C       TTable.EmptyTable
 0001:00018918       TTable.EncodeFieldDesc
 0001:00016810       TTable.EncodeIndexDesc
 0001:00018AB8       TTable.FieldDefsStored
 0001:000177F4       TTable.FindKey
 0001:0001781C       TTable.FindNearest
 0001:000189E4       TTable.GetCanModify
 0001:00017F70       TTable.GetDataSource
 0001:00017D9C       TTable.GetDetailLinkFields
 0001:00018A04       TTable.GetDriverTypeName
 0001:000176D4       TTable.GetExists
 0001:00018BA4       TTable.GetFileName
 0001:00015B74       TTable.GetHandle
 0001:00016CFC       TTable.GetIndexFieldNames
 0001:00016D28       TTable.GetIndexName
 0001:00016D54       TTable.GetIndexNames
 0001:00016D78       TTable.GetIndexParams
 0001:00015E18       TTable.GetLanguageDriverName
 0001:00017B18       TTable.GetLookupCursor
 0001:00017FE8       TTable.GetMasterFields
 0001:00018A8C       TTable.GetTableLevel
 0001:00018CD0       TTable.GetTableType
 0001:00018A64       TTable.GetTableTypeName
 0001:00017CC8       TTable.GotoCurrent
 0001:00017844       TTable.GotoKey
 0001:00017940       TTable.GotoNearest
 0001:00018AD8       TTable.IndexDefsStored
 0001:00016148       TTable.InitFieldDefs
 0001:000175EC       TTable.IsProductionIndex
 0001:00018AFC       TTable.IsXBaseTable
 0001:000187F8       TTable.LockTable
 0001:00017F4C       TTable.MasterChanged
 0001:00017F68       TTable.MasterDisabled
 0001:00018E8C       TTable.NativeTableName
 0001:00017104       TTable.OpenIndexFile
 0001:000160B8       TTable.PrepareCursor
 0001:00019078       TTable.PSGetDefaultOrder
 0001:000191B0       TTable.PSGetIndexDefs
 0001:00019338       TTable.PSGetKeyFields
 0001:000191C4       TTable.PSGetTableName
 0001:00019320       TTable.PSSetCommandText
 0001:000192B8       TTable.PSSetParams
 0001:00018864       TTable.RenameTable
 0001:0001608C       TTable.RestoreLocale
 0001:00017F7C       TTable.SetDataSource
 0001:00018EC0       TTable.SetExclusive
 0001:00017000       TTable.SetIndex
 0001:00016FF0       TTable.SetIndexDefs
 0001:000170D4       TTable.SetIndexFieldNames
 0001:000170F4       TTable.SetIndexFiles
 0001:000170EC       TTable.SetIndexName
 0001:00017A2C       TTable.SetKey
 0001:00018004       TTable.SetMasterFields
 0001:00017A98       TTable.SetRange
 0001:00017AD8       TTable.SetRangeEnd
 0001:00017AE4       TTable.SetRangeStart
 0001:00018EDC       TTable.SetReadOnly
 0001:00018800       TTable.SetTableLock
 0001:00018EF8       TTable.SetTableName
 0001:00018F60       TTable.SetTableType
 0001:00015FCC       TTable.SetTempLocale
 0001:0001885C       TTable.UnlockTable
 0001:00017518       TTable.UpdateIndexDefs
 0001:00017B08       TTable.UpdateRange
 0001:0001B75C       TUpdateSQL.Apply
 0001:0001B388       TUpdateSQL.Create
 0001:0001B3F4       TUpdateSQL.Destroy
 0001:0001B460       TUpdateSQL.ExecSQL
 0001:0001B574       TUpdateSQL.GetDataSet
 0001:0001B4CC       TUpdateSQL.GetQuery
 0001:0001B564       TUpdateSQL.GetSQL
 0001:0001B56C       TUpdateSQL.GetSQLIndex
 0001:0001B578       TUpdateSQL.SetDataSet
 0001:0001B5E8       TUpdateSQL.SetParams
 0001:0001B57C       TUpdateSQL.SetSQL
 0001:0001B594       TUpdateSQL.SetSQLIndex
 0001:0001B59C       TUpdateSQL.SQLChanged
 0001:00000374       UninitializeModule
 0001:00017208       UpdateFromCursor
 0001:0001740C       UpdateFromIndexList
 0001:0000072C       Windows
 0001:0001AA0C       WriteData
 0001:0001957C       WriteData
 0001:000005E4       _CreateMutexA
 0002:00000C78       __APIINFOTABLE
 0002:00000C78       __APIINFOTABLEEND
 0001:00006311       __LOADFUNC


  Address         Publics by Value

 0002:BF942000       TlsLast
 0001:00000260       FreeLibrary
 0001:00000268       LocalAlloc
 0001:00000270       LocalFree
 0001:00000278       TlsAlloc
 0001:00000280       TlsFree
 0001:00000288       TlsGetValue
 0001:00000290       TlsSetValue
 0001:00000298       AllocTlsBuffer
 0001:000002A4       GetTlsSize
 0001:000002AC       InitThreadTLS
 0001:000002F0       InitProcessTLS
 0001:0000031C       ExitThreadTLS
 0001:00000344       ExitProcessTLS
 0001:00000368       InitializeModule
 0001:00000374       UninitializeModule
 0001:00000398       @InitPkg
 0001:000003FC       @PackageLoad
 0001:00000408       @PackageUnload
 0001:00000414       Finalization
 0001:00000444       SysInit
 0001:000005C4       RegCloseKey
 0001:000005CC       RegOpenKeyExA
 0001:000005D4       RegQueryValueExA
 0001:000005DC       CloseHandle
 0001:000005E4       _CreateMutexA
 0001:000005EC       CreateMutexA
 0001:0000060C       DeleteCriticalSection
 0001:00000614       EnterCriticalSection
 0001:0000061C       FatalAppExitA
 0001:00000624       FindClose
 0001:0000062C       FindFirstFileA
 0001:00000634       FreeLibrary
 0001:0000063C       InterlockedDecrement
 0001:00000644       InterlockedIncrement
 0001:0000064C       GetCurrentDirectoryA
 0001:00000654       GetCurrentThreadId
 0001:0000065C       GetLastError
 0001:00000664       GetModuleHandleA
 0001:0000066C       GetProcAddress
 0001:00000674       GetTickCount
 0001:0000067C       GlobalAlloc
 0001:00000684       GlobalLock
 0001:0000068C       InitializeCriticalSection
 0001:00000694       IsDBCSLeadByte
 0001:0000069C       LeaveCriticalSection
 0001:000006A4       LoadLibraryA
 0001:000006AC       OpenFileMapping
 0001:000006B4       ReleaseMutex
 0001:000006BC       SearchPathA
 0001:000006C4       SetErrorMode
 0001:000006CC       CharToOem
 0001:000006D4       CharToOemBuff
 0001:000006DC       KillTimer
 0001:000006E4       OemToChar
 0001:000006EC       OemToCharBuff
 0001:000006F4       SetTimer
 0001:000006FC       Finalization
 0001:0000072C       Windows
 0001:00000A5C       Finalization
 0001:00000A8C       Messages
 0001:00002AB4       ErrCat
 0001:00002ABC       ErrCode
 0001:00002AC4       DbiInit
 0001:00002ADC       ..
 0001:00004304       DbiDatabaseFlush
 0001:0000430A       DbiOpenRef
 0001:00004316       DbiOpenNestedTable
 0001:0000431C       DbiCheckSQLExpression
 0001:00004322       DbiEndConstraintLayer
 0001:00004328       DsResolver
 0001:0000432E       DsProviderGetDataPacket
 0001:00004334       DbiBeginConstraintLayer
 0001:00004340       DbiSQLTextToCanEx
 0001:00004394       DbiImportODBC
 0001:0000439A       DbiDeleteDriver
 0001:000043A0       DbiAddDriver
 0001:000043B8       DbiSchemaCacheFlush
 0001:000043BE       DbiDRDrop
 0001:000043C4       DbiDRAdd
 0001:000043CA       DbiDRGetRelatedObject
 0001:000043D0       DbiOpenSessionRepository
 0001:000043E2       DbiGetDefaultRepository
 0001:000043E8       DbiSetDefaultRepository
 0001:000043EE       DbiOpenRepositoryList
 0001:00004406       DbiDRGetEnumAttrDomain
 0001:0000440C       DbiDRDeleteEnumAttrDomain
 0001:00004412       DbiDRModifyEnumAttrDomain
 0001:00004418       DbiDRCreateEnumAttrDomain
 0001:0000441E       DbiDeleteAlias
 0001:00004436       DbiAddAlias
 0001:00004442       DbiOpenFunctionArgList
 0001:00004448       DbiOpenFunctionList
 0001:0000444E       DbiDRDelete
 0001:00004454       DbiDRCreate
 0001:0000445A       DbiDRLoadDBObject
 0001:00004460       DbiDRSetToObjName
 0001:00004466       DbiDRSetToObjID
 0001:0000446C       DbiDRGetObjID
 0001:00004472       DbiDROpenRelSet
 0001:00004478       DbiDROpenObjSet
 0001:0000447E       DbiDRGetRelTypeInfo
 0001:00004484       DbiDRGetAttrDescs
 0001:0000448A       DbiDRGetObjTypeInfo
 0001:00004490       DbiDROpenRelTypeList
 0001:00004496       DbiDROpenAttrTypeList
 0001:0000449C       DbiDROpenObjectTypeList
 0001:000044A2       DbiDRDeleteObjectType
 0001:000044A8       DbiDRDeleteRelationType
 0001:000044AE       DbiDRCreateRelationType
 0001:000044B4       DbiDRDropAttr
 0001:000044BA       DbiDRAddAttr
 0001:000044C0       DbiDRCreateObjectType
 0001:000044C6       DbiDRExportToFile
 0001:000044CC       DbiDRImportFromFile
 0001:000044D2       DbiDRClose
 0001:000044D8       DbiDROpen
 0001:000044DE       DbiDRGetDesc
 0001:000044E4       DbiApplyDelayedUpdates
 0001:000044EA       DbiEndDelayedUpdates
 0001:000044F0       DbiBeginDelayedUpdates
 0001:0000458C       DbiFreeSQLRequest
 0001:00004592       DbiGetSQLRequest
 0001:00004598       DbiQPrepareExt
 0001:0000459E       DbiQExecProcDirect
 0001:000045A4       DbiQSetProcParams
 0001:000045AA       DbiQPrepareProc
 0001:000045B0       DbiOpenSPParamList
 0001:000045B6       DbiOpenSPList
 0001:00004610       DbiGetRintDesc
 0001:00004616       DbiGetVchkDesc
 0001:00004628       DbiOpenFieldXlt
 0001:0000462E       DbiValidateProp
 0001:0000463A       DbiCloseFieldXlt
 0001:00004640       DbiTranslateField
 0001:00004646       DbiTranslateRecordStructure
 0001:0000464C       DbiGetFilterInfo
 0001:00004658       DbiGetObjFromObj
 0001:00004688       DbiBcdFromFloat
 0001:0000468E       DbiBcdToFloat
 0001:000046A6       DbiGetObjFromName
 0001:000046AC       DbiSetProp
 0001:000046B2       DbiGetProp
 0001:000046B8       DbiAnsiToNative
 0001:000046BE       DbiNativeToAnsi
 0001:000046C4       DbiMakePermanent
 0001:000046CA       DbiGetIndexDescs
 0001:000046D6       DbiCloseConfigFile
 0001:000046DC       DbiOpenConfigFile
 0001:000046E2       DbiOpenCfgInfoList
 0001:00004718       OsLdBuildCharSetXform
 0001:00004832       OsLdStrnColli
 0001:00004850       OsLdStrnColl
 0001:00004856       OsLdExStrCmp
 0001:00004862       OsLdLoadByDriverId
 0001:00004868       OsLdGetDriverId
 0001:000048AA       OsLdGetFuncAddrLdStrnCmpi_
 0001:000048E6       OsLdGetFuncAddrLdStrnColl_
 0001:000048EC       OsLdGetFuncAddrLdStrnColli_
 0001:00004A66       DbiGetExactRecordCount
 0001:00004A96       DbiGetLdNameFromDb
 0001:00004AA8       DbiSortTable
 0001:00004AAE       DbiGetTranInfo
 0001:00004AB4       DbiEndTran
 0001:00004ABA       DbiBeginTran
 0001:00004ACC       DbiBatchMove
 0001:00004AD8       DbiDeactivateFilter
 0001:00004ADE       DbiActivateFilter
 0001:00004AE4       DbiDropFilter
 0001:00004AEA       DbiAddFilter
 0001:00004AF6       DbiGetLdName
 0001:00004B02       DbiUndeleteRecord
 0001:00004B0E       DbiGetClientInfo
 0001:00004B32       OsLdSetConvChars
 0001:00004B38       OsLdGetMinMax
 0001:00004B3E       OsLdGetProductID
 0001:00004B44       OsLdSearchEnd
 0001:00004B4A       OsLdLoadByLCID
 0001:00004B56       OsLdSearchNext
 0001:00004B5C       OsLdSearchInit
 0001:00004B62       OsLdGetDescName
 0001:00004B68       OsLdCharToLower
 0001:00004B6E       OsLdCharToUpper
 0001:00004B74       OsLdIsDigit
 0001:00004B7A       OsLdIsAlpha
 0001:00004B80       OsLdUnloadObj
 0001:00004B86       OsLdOemCharToAnsi
 0001:00004B8C       OsLdAnsiCharToOem
 0001:00004B92       OsLdIsOemCharInAnsiCp
 0001:00004B98       OsLdIsAnsiCharInOemCp
 0001:00004B9E       OsLdOemToAnsi
 0001:00004BA4       OsLdAnsiToOem
 0001:00004BAA       OsLdGetFName
 0001:00004BB0       OsLdGetCodePage
 0001:00004BB6       OsLdGetSortsig
 0001:00004BBC       OsLdGetSymbName
 0001:00004BC2       OsLdStrnToUpper
 0001:00004BC8       OsLdStrToUpper
 0001:00004BCE       OsLdStrnCmpi
 0001:00004BD4       OsLdStrCmpi
 0001:00004BDA       OsLdStrnToLower
 0001:00004BE0       OsLdStrToLower
 0001:00004BE6       OsLdStrCmp
 0001:00004BEC       OsLdStrnCmp
 0001:00004BF2       OsLdLoadBySymbName
 0001:00004BF8       OsLdLoadByFName
 0001:00004BFE       OsLdLoadBySortSig
 0001:00004C04       OsLdExit
 0001:00004C0A       OsLdGetDefaultObj
 0001:00004C10       OsLdInit
 0001:00004E68       DbiDebugLayerOptions
 0001:00004E6E       DbiSetNumberFormat
 0001:00004E74       DbiGetNumberFormat
 0001:00004E7A       DbiSetTimeFormat
 0001:00004E80       DbiGetTimeFormat
 0001:00004E86       DbiSetDateFormat
 0001:00004E8C       DbiGetDateFormat
 0001:00004E92       DbiCfgMerge
 0001:00004E98       DbiCfgGetHelp
 0001:00004E9E       DbiCfgTranslate
 0001:00004EA4       DbiCfgDropRecord
 0001:00004EAA       DbiCfgModifyRecord
 0001:00004EB0       DbiCfgAddRecord
 0001:00004EB6       DbiCfgGetRecord
 0001:00004EBC       DbiCfgGetNextNode
 0001:00004EC2       DbiCfgPosition
 0001:00004EC8       DbiCfgBuildPath
 0001:00004ECE       DbiCfgSave
 0001:00004F3A       DbiGetCallBack
 0001:00004F40       DbiCheckRefresh
 0001:00004F5E       DbiGetErrorEntry
 0001:00004F64       DbiGetErrorContext
 0001:00004F6A       DbiGetErrorString
 0001:00004F70       DbiFormFullName
 0001:00004F7C       DbiCreateTempTable
 0001:00004F82       DbiUseIdleTime
 0001:00004F88       DbiGetLdObj
 0001:00004F94       DbiGetErrorInfo
 0001:00004F9A       DbiSetFieldMap
 0001:00004FA0       DbiGetRecordForKey
 0001:00004FA6       DbiCompareKeys
 0001:00004FAC       DbiAppendRecord
 0001:00004FB8       DbiRegenIndexes
 0001:00004FBE       DbiRegenIndex
 0001:00004FC4       DbiEmptyTable
 0001:00004FCA       DbiPackTable
 0001:00004FD0       DbiTimeStampDecode
 0001:00004FD6       DbiTimeStampEncode
 0001:00004FDC       DbiTimeDecode
 0001:00004FE2       DbiTimeEncode
 0001:00004FE8       DbiDoRestructure
 0001:00004FEE       DbiSetToRecordNo
 0001:00004FF4       DbiGetIndexSeqNo
 0001:00004FFA       DbiGetIndexForField
 0001:00005000       DbiDeleteIndex
 0001:00005006       DbiAddIndex
 0001:0000500C       DbiDeleteTable
 0001:00005012       DbiRenameTable
 0001:00005018       DbiCopyTable
 0001:0000501E       DbiCreateTable
 0001:00005024       DbiVerifyField
 0001:0000502A       DbiSetToSeqNo
 0001:00005030       DbiInitRecord
 0001:00005036       DbiCloneCursor
 0001:0000503C       DbiCompareBookMarks
 0001:00005042       DbiSetToBookMark
 0001:00005048       DbiGetBookMark
 0001:0000504E       DbiExtractKey
 0001:00005054       DbiGetIndexDesc
 0001:0000505A       DbiSwitchToIndex
 0001:00005060       DbiCloseIndex
 0001:00005066       DbiOpenIndex
 0001:0000506C       DbiDateDecode
 0001:00005072       DbiDateEncode
 0001:00005078       DbiPutField
 0001:0000507E       DbiGetField
 0001:00005084       DbiRegisterCallBack
 0001:0000508A       DbiQGetBaseDescs
 0001:00005090       DbiQAlloc
 0001:00005096       DbiQFree
 0001:0000509C       DbiQInstantiateAnswer
 0001:000050A2       DbiQSetParams
 0001:000050A8       DbiQExec
 0001:000050AE       DbiQPrepare
 0001:000050B4       DbiQExecDirect
 0001:000050CC       DbiGetNetUserName
 0001:000050D2       DbiGetSesInfo
 0001:000050DE       DbiGetSysInfo
 0001:000050E4       DbiGetSysConfig
 0001:000050EA       DbiGetSysVersion
 0001:000050F6       DbiGetBlobHeading
 0001:000050FC       DbiFreeBlob
 0001:00005102       DbiTruncateBlob
 0001:00005108       DbiPutBlob
 0001:0000510E       DbiGetBlob
 0001:00005114       DbiGetBlobSize
 0001:0000511A       DbiOpenBlob
 0001:00005120       DbiGetTableOpenCount
 0001:00005126       DbiLoadDriver
 0001:00005138       DbiGetIndexTypeDesc
 0001:0000513E       DbiOpenIndexTypesList
 0001:00005144       DbiGetFieldTypeDesc
 0001:0000514A       DbiOpenFieldTypesList
 0001:00005150       DbiGetTableTypeDesc
 0001:00005156       DbiOpenTableTypesList
 0001:0000515C       DbiGetDatabaseDesc
 0001:00005162       DbiOpenDatabaseList
 0001:00005168       DbiGetDriverDesc
 0001:0000516E       DbiOpenDriverList
 0001:00005174       DbiSetLockRetry
 0001:0000517A       DbiSetPrivateDir
 0001:00005180       DbiOpenLockList
 0001:00005186       DbiOpenUserList
 0001:0000518C       DbiDropPassword
 0001:00005192       DbiAddPassword
 0001:00005198       DbiCloseSession
 0001:0000519E       DbiGetCurrSession
 0001:000051A4       DbiSetCurrSession
 0001:000051AA       DbiStartSession
 0001:000051B0       DbiForceRecordReread
 0001:000051B6       DbiGetCursorForTable
 0001:000051BC       DbiForceReread
 0001:000051C2       DbiSaveChanges
 0001:000051C8       DbiRelPersistTableLock
 0001:000051CE       DbiAcqPersistTableLock
 0001:000051D4       DbiRelRecordLock
 0001:000051DA       DbiRelTableLock
 0001:000051E0       DbiAcqTableLock
 0001:000051EC       DbiLinkDetailToExp
 0001:000051F2       DbiIsTableShared
 0001:000051F8       DbiIsTableLocked
 0001:000051FE       DbiIsRecordLocked
 0001:00005204       DbiGetLinkStatus
 0001:0000520A       DbiUnlinkDetail
 0001:00005210       DbiLinkDetail
 0001:00005216       DbiEndLinkMode
 0001:0000521C       DbiBeginLinkMode
 0001:00005222       DbiWriteBlock
 0001:00005228       DbiReadBlock
 0001:0000522E       DbiCreateInMemTable
 0001:00005234       DbiOpenSecurityList
 0001:0000524C       DbiOpenFamilyList
 0001:00005252       DbiOpenRintList
 0001:00005258       DbiOpenVchkList
 0001:0000525E       DbiOpenLdList
 0001:00005264       DbiOpenFieldList
 0001:0000526A       DbiOpenIndexList
 0001:00005270       DbiOpenFileList
 0001:00005276       DbiOpenTableList
 0001:0000527C       DbiSetDirectory
 0001:00005282       DbiGetDirectory
 0001:00005288       DbiSetToKey
 0001:0000528E       DbiResetRange
 0001:00005294       DbiSetRange
 0001:0000529A       DbiGetSeqNo
 0001:000052A0       DbiDeleteRecord
 0001:000052A6       DbiModifyRecord
 0001:000052AC       DbiInsertRecord
 0001:000052B2       DbiGetRecordCount
 0001:000052B8       DbiGetRelativeRecord
 0001:000052BE       DbiGetRecord
 0001:000052C4       DbiGetPriorRecord
 0001:000052CA       DbiGetNextRecord
 0001:000052D0       DbiSetToCursor
 0001:000052D6       DbiSetToEnd
 0001:000052DC       DbiSetToBegin
 0001:000052E2       DbiCloseCursor
 0001:000052E8       DbiGetFieldDescs
 0001:000052EE       DbiGetCursorProps
 0001:000052F4       DbiOpenTable
 0001:000052FA       DbiCloseDatabase
 0001:00005300       DbiOpenDatabase
 0001:00005E40       ..
 0001:00006311       __LOADFUNC
 0001:000065A6       DbiInitFn
 0001:000066A1       DbiExit
 0001:00006721       DbiDLLExit
 0001:00006788       Finalization
 0001:000067B8       BDE
 0001:000067F0       Finalization
 0001:00006820       SMINTF
 0001:00006A38       Finalization
 0001:00006A68       bdeconst
 0001:00009E6C       DefaultSession
 0001:00009E74       RegisterBDEInitProc
 0001:00009EA0       CheckIndexOpen
 0001:00009EB4       GetPChar
 0001:00009ECC       Split
 0001:00009ED8       NextItem
 0001:00009FF0       PopValue
 0001:0000A024       GetFieldSource
 0001:0000A164       ApplicationHandleException
 0001:0000A184       GetParamDataSize
 0001:0000A224       GetParamData
 0001:0000A3C8       GetStatementLocale
 0001:0000A40C       FreeStatementLocale
 0001:0000A420       SetQueryParams
 0001:0000A6D4       FreeTimer
 0001:0000A734       TimerCallBack
 0001:0000A744       BdeCallBack
 0001:0000A764       DLLDetachCallBack
 0001:0000A780       TBDECallback.Create
 0001:0000A820       TBDECallback.Destroy
 0001:0000A8CC       TBDECallback.Invoke
 0001:0000A8FC       StrToOem
 0001:0000A938       AnsiToNative
 0001:0000A990       NativeToAnsi
 0001:0000A9C4       AnsiToNativeBuf
 0001:0000AA3C       NativeToAnsiBuf
 0001:0000AAB4       NativeCompareStr
 0001:0000AAE4       NativeCompareStrBuf
 0001:0000AB20       NativeCompareText
 0001:0000AB50       NativeCompareTextBuf
 0001:0000AB8C       IsDirectory
 0001:0000ABD8       IsStandardType
 0001:0000AC2C       GetIntProp
 0001:0000AC5C       SetBoolProp
 0001:0000AC80       StringListToParams
 0001:0000ADF0       DbiError
 0001:0000AE08       Check
 0001:0000AE14       TDBError.Create
 0001:0000AE6C       TDBError.GetCategory
 0001:0000AE78       TDBError.GetSubCode
 0001:0000AE80       AddMessage
 0001:0000AEAC       GetErrorString
 0001:0000AF1C       EDBEngineError.Create
 0001:0000B238       EDBEngineError.Destroy
 0001:0000B28C       EDBEngineError.GetError
 0001:0000B2A0       EDBEngineError.GetErrorCount
 0001:0000B2A8       TSessionList.Create
 0001:0000B308       TSessionList.Destroy
 0001:0000B350       TSessionList.AddSession
 0001:0000B3A8       TSessionList.CloseAll
 0001:0000B410       TSessionList.GetCount
 0001:0000B460       TSessionList.GetCurrentSession
 0001:0000B4FC       TSessionList.GetSession
 0001:0000B55C       TSessionList.GetSessionByName
 0001:0000B5E0       TSessionList.FindSession
 0001:0000B680       TSessionList.GetSessionNames
 0001:0000B734       TSessionList.OpenSession
 0001:0000B76C       TSessionList.SetCurrentSession
 0001:0000B780       TSession.Create
 0001:0000B804       TSession.Destroy
 0001:0000B854       TSession.AddAlias
 0001:0000B880       TSession.AddDriver
 0001:0000B990       TSession.AddDatabase
 0001:0000B9B0       TSession.AddStandardAlias
 0001:0000BB08       TSession.AddPassword
 0001:0000BB78       TSession.CallBDEInitProcs
 0001:0000BBB4       TSession.CheckInactive
 0001:0000BC10       TSession.CheckConfigMode
 0001:0000BC40       TSession.Close
 0001:0000BC48       TSession.CloseDatabase
 0001:0000BC7C       TSession.CloseDatabaseHandle
 0001:0000BCD8       TSession.DBLoginCallback
 0001:0000BEE4       TSession.DBNotification
 0001:0000BF00       TSession.DeleteAlias
 0001:0000BF20       TSession.DeleteDriver
 0001:0000BFC0       TSession.DeleteConfigPath
 0001:0000C040       TSession.DropConnections
 0001:0000C074       TSession.FindDatabase
 0001:0000C0C8       TSession.DoFindDatabase
 0001:0000C134       TSession.FindDatabaseHandle
 0001:0000C188       TSession.GetActive
 0001:0000C190       TSession.GetAliasDriverName
 0001:0000C2A0       TSession.GetAliasNames
 0001:0000C3E4       TSession.GetAliasParams
 0001:0000C5B8       TSession.GetConfigParams
 0001:0000C74C       TSession.GetDatabase
 0001:0000C760       TSession.GetDatabaseCount
 0001:0000C768       TSession.GetDatabaseNames
 0001:0000C81C       TSession.GetDriverNames
 0001:0000C974       TSession.GetDriverParams
 0001:0000CB8C       TSession.GetHandle
 0001:0000CBB4       TSession.GetNetFileDir
 0001:0000CCAC       TSession.GetPrivateDir
 0001:0000CD8C       TSession.GetPassword
 0001:0000CE34       TSession.GetTableNames
 0001:0000CFD0       TSession.GetFieldNames
 0001:0000D118       TSession.GetStoredProcNames
 0001:0000D250       TSession.InitializeBDE
 0001:0000D3C0       TSession.InternalAddAlias
 0001:0000D570       TSession.InternalDeleteAlias
 0001:0000D674       TSession.IsAlias
 0001:0000D758       TSession.Loaded
 0001:0000D7D0       TSession.LockSession
 0001:0000D7F4       TSession.UnlockSession
 0001:0000D808       TSession.MakeCurrent
 0001:0000D830       TSession.ModifyAlias
 0001:0000D9A4       TSession.ModifyDriver
 0001:0000DB24       TSession.ModifyConfigParams
 0001:0000DC34       TSession.Notification
 0001:0000DC90       TSession.Open
 0001:0000DC98       TSession.DoOpenDatabase
 0001:0000DD78       TSession.OpenDatabase
 0001:0000DD80       TSession.SessionNameStored
 0001:0000DD88       TSession.LoadSMClient
 0001:0000DFDC       TSession.RegisterCallbacks
 0001:0000E0C0       TSession.RemoveDatabase
 0001:0000E0E0       TSession.RemoveAllPasswords
 0001:0000E124       TSession.RemovePassword
 0001:0000E190       TSession.SaveConfigFile
 0001:0000E1F8       TSession.ServerCallback
 0001:0000E270       TSession.SetActive
 0001:0000E29C       TSession.SetAutoSessionName
 0001:0000E3B0       TSession.GetConfigMode
 0001:0000E408       TSession.SetConfigMode
 0001:0000E468       TSession.SetConfigParams
 0001:0000E52C       TSession.SetName
 0001:0000E548       TSession.SetNetFileDir
 0001:0000E5D8       TSession.SetPrivateDir
 0001:0000E658       TSession.SetSessionName
 0001:0000E714       TSession.SetSessionNames
 0001:0000E7A4       TSession.SetTraceFlags
 0001:0000E7E0       TSession.SMClientSignal
 0001:0000E7E8       TSession.SqlTraceCallback
 0001:0000E848       TSession.StartSession
 0001:0000EA84       TSession.UpdateAutoSessionName
 0001:0000EB48       TSession.ValidateAutoSession
 0001:0000EC2C       TParamList.Create
 0001:0000EE38       TParamList.Destroy
 0001:0000EE60       TDatabase.Create
 0001:0000EF1C       TDatabase.Destroy
 0001:0000EF78       TDatabase.ApplyUpdates
 0001:0000F0AC       TDatabase.ClearStatements
 0001:0000F108       GetHashCode
 0001:0000F174       GetStmtInfo
 0001:0000F258       GetStatementHandle
 0001:0000F378       TDatabase.Execute
 0001:0000F44C       TDatabase.CheckActive
 0001:0000F4A0       TDatabase.CheckInactive
 0001:0000F504       TDatabase.CheckDatabaseName
 0001:0000F564       TDatabase.CheckSessionName
 0001:0000F64C       TDatabase.DoDisconnect
 0001:0000F71C       TDatabase.CloseDataSets
 0001:0000F748       TDatabase.Commit
 0001:0000F760       TDatabase.EndTransaction
 0001:0000F77C       TDatabase.GetAliasName
 0001:0000F7A4       TDatabase.GetConnected
 0001:0000F7AC       TDatabase.GetDataSet
 0001:0000F7CC       TDatabase.GetDirectory
 0001:0000F824       TDatabase.GetFieldNames
 0001:0000F844       TDatabase.GetTableNames
 0001:0000F868       TDatabase.GetDriverName
 0001:0000F890       TDatabase.SetDatabaseFlags
 0001:0000F904       TDatabase.GetTraceFlags
 0001:0000F93C       TDatabase.GetObjectContext
 0001:0000F95C       TDatabase.GetInTransaction
 0001:0000F98C       TDatabase.Loaded
 0001:0000F9A8       TDatabase.Notification
 0001:0000F9EC       TDatabase.LoadLocale
 0001:0000FA2C       TDatabase.Login
 0001:0000FB38       NeedsDBAlias
 0001:0000FC84       TDatabase.CheckDatabaseAlias
 0001:0000FFE8       TDatabase.OpenFromExistingDB
 0001:00010014       TDatabase.DoConnect
 0001:00010338       TDatabase.ParamsChanging
 0001:00010340       TDatabase.Rollback
 0001:00010358       TDatabase.SetAliasName
 0001:00010360       TDatabase.SetDatabaseName
 0001:000103AC       TDatabase.SetDatabaseType
 0001:000103D0       TDatabase.SetDirectory
 0001:00010430       TDatabase.SetDriverName
 0001:00010438       TDatabase.SetHandle
 0001:00010510       TDatabase.SetKeepConnection
 0001:00010528       TDatabase.SetParams
 0001:00010548       TDatabase.SetSessionName
 0001:0001059C       TDatabase.SetTraceFlags
 0001:000105CC       TDatabase.SetExclusive
 0001:000105E0       TDatabase.SetReadOnly
 0001:000105F4       TDatabase.StartTransaction
 0001:00010674       TDatabase.ValidateName
 0001:00010720       TDatabase.FlushSchemaCache
 0001:00010750       TBDEDataSet.Create
 0001:000107A8       TBDEDataSet.Destroy
 0001:000107F0       TBDEDataSet.OpenCursor
 0001:000108A4       TBDEDataSet.CloseCursor
 0001:000108E4       TBDEDataSet.CreateHandle
 0001:000108E8       TBDEDataSet.DestroyHandle
 0001:00010908       TBDEDataSet.GetHandle
 0001:00010910       TBDEDataSet.InternalInitFieldDefs
 0001:00010B3C       TBDEDataSet.GetObjectTypeNames
 0001:00010C50       TBDEDataSet.InternalOpen
 0001:00010DF0       TBDEDataSet.InternalClose
 0001:00010E94       TBDEDataSet.PrepareCursor
 0001:00010E98       TBDEDataSet.IsCursorOpen
 0001:00010EA4       TBDEDataSet.InternalHandleException
 0001:00010EAC       TBDEDataSet.SetLocale
 0001:00010EB4       TBDEDataSet.InitBufferPointers
 0001:00010F30       TBDEDataSet.AllocRecordBuffer
 0001:00010F40       TBDEDataSet.FreeRecordBuffer
 0001:00010F54       TBDEDataSet.InternalInitRecord
 0001:00010F64       TBDEDataSet.ClearBlobCache
 0001:00010F9C       TBDEDataSet.ClearCalcFields
 0001:00010FC0       TBDEDataSet.InitRecord
 0001:00010FF4       TBDEDataSet.GetRecord
 0001:00011100       TBDEDataSet.GetCurrentRecord
 0001:00011150       TBDEDataSet.GetOldRecord
 0001:000111F4       TBDEDataSet.FetchAll
 0001:00011238       TBDEDataSet.FlushBuffers
 0001:00011258       TBDEDataSet.GetRecordCount
 0001:00011298       TBDEDataSet.GetRecNo
 0001:000112C8       TBDEDataSet.SetRecNo
 0001:0001132C       TBDEDataSet.GetRecordSize
 0001:00011334       TBDEDataSet.GetActiveRecBuf
 0001:0001142C       TBDEDataSet.AddFieldDesc
 0001:00011778       TBDEDataSet.GetBlobFieldData
 0001:000118EC       TBDEDataSet.GetFieldData
 0001:0001196C       TBDEDataSet.GetFieldData
 0001:00011A0C       TBDEDataSet.SetFieldData
 0001:00011C28       TBDEDataSet.GetBlobData
 0001:00011C54       TBDEDataSet.SetBlobData
 0001:00011CBC       TBDEDataSet.CreateBlobStream
 0001:00011CE4       TBDEDataSet.CloseBlob
 0001:00011D0C       TBDEDataSet.GetStateFieldValue
 0001:00011D38       TBDEDataSet.SetStateFieldValue
 0001:00011D64       TBDEDataSet.Translate
 0001:00011DBC       TBDEDataSet.GetFieldFullName
 0001:00011E34       TBDEDataSet.InternalFirst
 0001:00011E4C       TBDEDataSet.InternalLast
 0001:00011E64       TBDEDataSet.InternalEdit
 0001:00011E98       TBDEDataSet.InternalInsert
 0001:00011EB8       TBDEDataSet.InternalPost
 0001:00011F08       TBDEDataSet.InternalDelete
 0001:00011F34       TBDEDataSet.IsSequenced
 0001:00011F4C       TBDEDataSet.GetCanModify
 0001:00011F6C       TBDEDataSet.InternalRefresh
 0001:00011FB0       TBDEDataSet.Post
 0001:00011FD0       TBDEDataSet.Cancel
 0001:00011FF0       TBDEDataSet.InternalCancel
 0001:00012008       TBDEDataSet.InternalAddRecord
 0001:00012040       TBDEDataSet.InternalGotoBookmark
 0001:0001205C       TBDEDataSet.InternalSetToRecord
 0001:00012070       TBDEDataSet.GetBookmarkFlag
 0001:00012080       TBDEDataSet.SetBookmarkFlag
 0001:00012090       TBDEDataSet.GetBookmarkData
 0001:000120A8       TBDEDataSet.SetBookmarkData
 0001:000120C0       TBDEDataSet.CompareBookmarks
 0001:00012110       TBDEDataSet.BookmarkValid
 0001:00012160       CanBlockRead
 0001:000121C8       FreeBuffer
 0001:000121F4       TBDEDataSet.SetBlockReadSize
 0001:000122F4       TBDEDataSet.BlockReadNext
 0001:000123A8       TBDEDataSet.GetIndexInfo
 0001:00012430       TBDEDataSet.SwitchToIndex
 0001:00012538       TBDEDataSet.GetIndexField
 0001:000125F8       TBDEDataSet.SetIndexField
 0001:00012618       TBDEDataSet.GetIndexFieldCount
 0001:00012620       TBDEDataSet.AllocKeyBuffers
 0001:00012694       TBDEDataSet.FreeKeyBuffers
 0001:000126C0       TBDEDataSet.InitKeyBuffer
 0001:000126F0       TBDEDataSet.CheckSetKeyMode
 0001:00012748       TBDEDataSet.SetCursorRange
 0001:00012948       TBDEDataSet.ResetCursorRange
 0001:0001299C       TBDEDataSet.SetLinkRanges
 0001:00012A68       TBDEDataSet.GetKeyBuffer
 0001:00012A74       TBDEDataSet.SetKeyBuffer
 0001:00012AE8       TBDEDataSet.PostKeyBuffer
 0001:00012B48       TBDEDataSet.GetKeyExclusive
 0001:00012B60       TBDEDataSet.SetKeyExclusive
 0001:00012B7C       TBDEDataSet.GetKeyFieldCount
 0001:00012B94       TBDEDataSet.SetKeyFieldCount
 0001:00012BB0       TBDEDataSet.SetKeyFields
 0001:00012CE4       TBDEDataSet.GetIsIndexField
 0001:00012D54       TBDEDataSet.MapsToIndex
 0001:00012DE8       TBDEDataSet.ActivateFilters
 0001:00012EA4       TBDEDataSet.DeactivateFilters
 0001:00012EE4       TBDEDataSet.CreateExprFilter
 0001:00012F78       TBDEDataSet.CreateFuncFilter
 0001:00012FA4       TBDEDataSet.CreateLookupFilter
 0001:00013150       TBDEDataSet.SetFilterHandle
 0001:000131C8       TBDEDataSet.SetFilterData
 0001:00013254       TBDEDataSet.SetFilterText
 0001:00013260       TBDEDataSet.SetFiltered
 0001:000132CC       TBDEDataSet.SetFilterOptions
 0001:000132E0       TBDEDataSet.SetOnFilterRecord
 0001:0001336C       TBDEDataSet.FindRecord
 0001:000134A4       TBDEDataSet.RecordFilter
 0001:00013520       TBDEDataSet.LocateRecord
 0001:00013808       TBDEDataSet.Lookup
 0001:000138A0       TBDEDataSet.Locate
 0001:000138F4       TBDEDataSet.GetLookupCursor
 0001:000138F8       TBDEDataSet.DestroyLookupCursor
 0001:000138FC       TBDEDataSet.HasConstraints
 0001:00013948       TBDEDataSet.ConstraintsDisabled
 0001:00013954       TBDEDataSet.DisableConstraints
 0001:0001397C       TBDEDataSet.EnableConstraints
 0001:000139A8       GetPChar
 0001:000139C0       GetFieldConstraint
 0001:00013AD4       GetTableConstraint
 0001:00013B60       GetDefaultExpression
 0001:00013BF0       TBDEDataSet.ConstraintCallBack
 0001:00013CBC       TBDEDataSet.AllocCachedUpdateBuffers
 0001:00013D40       TBDEDataSet.CheckCachedUpdateMode
 0001:00013D98       TBDEDataSet.UpdateCallbackRequired
 0001:00013DC4       TBDEDataSet.ForceUpdateCallback
 0001:00013DE8       ReAllocBuffers
 0001:00013E90       TBDEDataSet.SetCachedUpdates
 0001:00013F9C       TBDEDataSet.SetupCallBack
 0001:00013FFC       TBDEDataSet.ProcessUpdates
 0001:00014020       TBDEDataSet.ApplyUpdates
 0001:0001405C       TBDEDataSet.CommitUpdates
 0001:00014084       TBDEDataSet.CancelUpdates
 0001:000140C0       TBDEDataSet.RevertRecord
 0001:0001410C       TBDEDataSet.UpdateStatus
 0001:00014140       TBDEDataSet.CachedUpdateCallBack
 0001:0001428C       TBDEDataSet.GetUpdateRecordSet
 0001:000142C8       TBDEDataSet.SetUpdateRecordSet
 0001:00014318       TBDEDataSet.SetUpdateObject
 0001:000143B4       TBDEDataSet.SetOnUpdateError
 0001:000143EC       TBDEDataSet.GetUpdatesPending
 0001:00014408       CheckIfParentScrolled
 0001:000144B0       TBDEDataSet.DataEvent
 0001:000144DC       TBDEDataSet.PSGetUpdateException
 0001:00014534       TBDEDataSet.PSIsSQLSupported
 0001:00014538       TBDEDataSet.PSReset
 0001:00014554       TBDEDataSet.PSUpdateRecord
 0001:00014594       TNestedTable.Create
 0001:000145D4       TNestedTable.CreateHandle
 0001:000146F4       TNestedTable.DoAfterPost
 0001:00014828       TNestedTable.DoBeforeInsert
 0001:00014860       TNestedTable.InternalPost
 0001:00014934       TDBDataSet.Create
 0001:000149AC       TDBDataSet.SetHandle
 0001:00014A10       TDBDataSet.OpenCursor
 0001:00014A54       TDBDataSet.CloseCursor
 0001:00014A70       TDBDataSet.CheckDBSessionName
 0001:00014AD0       TDBDataSet.CheckOpen
 0001:00014B14       TDBDataSet.ConstraintsStored
 0001:00014B2C       TDBDataSet.Disconnect
 0001:00014B34       TDBDataSet.GetDBHandle
 0001:00014B48       TDBDataSet.GetDBLocale
 0001:00014B5C       TDBDataSet.GetDBSession
 0001:00014B88       TDBDataSet.OpenDatabase
 0001:00014BAC       TDBDataSet.CloseDatabase
 0001:00014BBC       TDBDataSet.SetDatabaseName
 0001:00014C60       TDBDataSet.SetDBFlag
 0001:00014D60       TDBDataSet.SetSessionName
 0001:00014D90       TDBDataSet.SetUpdateMode
 0001:00014DE0       TDBDataSet.SetAutoRefresh
 0001:00014DFC       TDBDataSet.SetupAutoRefresh
 0001:00014E84       TDBDataSet.PSGetAttributes
 0001:00014EF4       TDBDataSet.PSIsSQLBased
 0001:00014F60       TDBDataSet.PSGetQuoteChar
 0001:00015020       TDBDataSet.PSInTransaction
 0001:00015078       TDBDataSet.PSStartTransaction
 0001:000150FC       TDBDataSet.PSEndTransaction
 0001:00015168       TDBDataSet.PSExecuteStatement
 0001:0001522C       TDBDataSet.PSUpdateRecord
 0001:000152B4       TBatchMove.Create
 0001:00015304       TBatchMove.Destroy
 0001:00015334       TBatchMove.ConvertName
 0001:00015380       GetMappingNames
 0001:00015438       TBatchMove.Execute
 0001:00015884       TBatchMove.Notification
 0001:000158BC       TBatchMove.SetMappings
 0001:000158CC       TBatchMove.SetSource
 0001:000158DC       TIndexFiles.Create
 0001:00015918       TIndexFiles.Add
 0001:00015950       TIndexFiles.Clear
 0001:000159E0       TIndexFiles.Insert
 0001:00015A14       TIndexFiles.Delete
 0001:00015A94       TTable.Create
 0001:00015B2C       TTable.Destroy
 0001:00015B74       TTable.GetHandle
 0001:00015CE4       TTable.CreateHandle
 0001:00015E18       TTable.GetLanguageDriverName
 0001:00015FCC       TTable.SetTempLocale
 0001:0001608C       TTable.RestoreLocale
 0001:000160B8       TTable.PrepareCursor
 0001:00016140       TTable.DefChanged
 0001:00016148       TTable.InitFieldDefs
 0001:000164E0       TTable.DestroyHandle
 0001:000164F8       ConcatField
 0001:0001658C       TTable.DecodeIndexDesc
 0001:00016754       IndexFieldOfs
 0001:00016810       TTable.EncodeIndexDesc
 0001:00016A54       TTable.AddIndex
 0001:00016BB4       TTable.DeleteIndex
 0001:00016CFC       TTable.GetIndexFieldNames
 0001:00016D28       TTable.GetIndexName
 0001:00016D54       TTable.GetIndexNames
 0001:00016D78       TTable.GetIndexParams
 0001:00016FF0       TTable.SetIndexDefs
 0001:00017000       TTable.SetIndex
 0001:000170D4       TTable.SetIndexFieldNames
 0001:000170EC       TTable.SetIndexName
 0001:000170F4       TTable.SetIndexFiles
 0001:00017104       TTable.OpenIndexFile
 0001:0001713C       TTable.CloseIndexFile
 0001:00017208       UpdateFromCursor
 0001:0001740C       UpdateFromIndexList
 0001:00017518       TTable.UpdateIndexDefs
 0001:000175EC       TTable.IsProductionIndex
 0001:000176D4       TTable.GetExists
 0001:000177F4       TTable.FindKey
 0001:0001781C       TTable.FindNearest
 0001:00017844       TTable.GotoKey
 0001:00017940       TTable.GotoNearest
 0001:00017A2C       TTable.SetKey
 0001:00017A38       TTable.EditKey
 0001:00017A44       TTable.ApplyRange
 0001:00017A64       TTable.CancelRange
 0001:00017A98       TTable.SetRange
 0001:00017AD8       TTable.SetRangeEnd
 0001:00017AE4       TTable.SetRangeStart
 0001:00017AF0       TTable.EditRangeEnd
 0001:00017AFC       TTable.EditRangeStart
 0001:00017B08       TTable.UpdateRange
 0001:00017B18       TTable.GetLookupCursor
 0001:00017C98       TTable.DestroyLookupCursor
 0001:00017CC8       TTable.GotoCurrent
 0001:00017D9C       TTable.GetDetailLinkFields
 0001:00017F20       TTable.CheckMasterRange
 0001:00017F4C       TTable.MasterChanged
 0001:00017F68       TTable.MasterDisabled
 0001:00017F70       TTable.GetDataSource
 0001:00017F7C       TTable.SetDataSource
 0001:00017FE8       TTable.GetMasterFields
 0001:00018004       TTable.SetMasterFields
 0001:00018010       TTable.DoOnNewRecord
 0001:00018064       TTable.BatchMove
 0001:000180E0       InitTableSettings
 0001:00018218       InitFieldDescriptors
 0001:000183DC       InitIndexDescriptors
 0001:0001849C       InitValChecks
 0001:0001854C       TTable.CreateTable
 0001:000186A8       TTable.DeleteTable
 0001:0001872C       TTable.EmptyTable
 0001:000187F8       TTable.LockTable
 0001:00018800       TTable.SetTableLock
 0001:0001885C       TTable.UnlockTable
 0001:00018864       TTable.RenameTable
 0001:00018918       TTable.EncodeFieldDesc
 0001:000189C4       TTable.DataEvent
 0001:000189E4       TTable.GetCanModify
 0001:00018A04       TTable.GetDriverTypeName
 0001:00018A64       TTable.GetTableTypeName
 0001:00018A8C       TTable.GetTableLevel
 0001:00018AB8       TTable.FieldDefsStored
 0001:00018AD8       TTable.IndexDefsStored
 0001:00018AFC       TTable.IsXBaseTable
 0001:00018BA4       TTable.GetFileName
 0001:00018CD0       TTable.GetTableType
 0001:00018E8C       TTable.NativeTableName
 0001:00018EC0       TTable.SetExclusive
 0001:00018EDC       TTable.SetReadOnly
 0001:00018EF8       TTable.SetTableName
 0001:00018F60       TTable.SetTableType
 0001:00018F7C       GetIdx
 0001:00019078       TTable.PSGetDefaultOrder
 0001:000191B0       TTable.PSGetIndexDefs
 0001:000191C4       TTable.PSGetTableName
 0001:000191DC       AssignFields
 0001:000192B8       TTable.PSSetParams
 0001:00019320       TTable.PSSetCommandText
 0001:00019338       TTable.PSGetKeyFields
 0001:00019450       TQueryDataLink.Create
 0001:0001948C       TQueryDataLink.ActiveChanged
 0001:000194A8       TQueryDataLink.GetDetailDataSet
 0001:000194AC       TQueryDataLink.RecordChanged
 0001:000194D0       TQueryDataLink.CheckBrowseMode
 0001:000194EC       TStoredProc.Create
 0001:00019538       TStoredProc.Destroy
 0001:0001957C       WriteData
 0001:000195C8       TStoredProc.DefineProperties
 0001:00019624       TStoredProc.WriteParamData
 0001:00019634       TStoredProc.ReadParamData
 0001:00019654       TStoredProc.Disconnect
 0001:00019668       TStoredProc.CreateCursor
 0001:00019694       TStoredProc.CreateHandle
 0001:0001969C       TStoredProc.GetCursor
 0001:000196D8       TStoredProc.ExecProc
 0001:00019740       TStoredProc.SetProcName
 0001:00019798       TStoredProc.SetOverLoad
 0001:000197E0       TStoredProc.GetParamsCount
 0001:000197F0       TStoredProc.CreateParamDesc
 0001:00019960       TStoredProc.SetServerParams
 0001:00019A00       TStoredProc.CheckServerParams
 0001:00019B08       TStoredProc.DescriptionsAvailable
 0001:00019BB8       TStoredProc.PrepareProc
 0001:00019EF8       TStoredProc.GetResults
 0001:0001A074       TStoredProc.BindParams
 0001:0001A248       TStoredProc.SetPrepared
 0001:0001A33C       TStoredProc.Prepare
 0001:0001A360       TStoredProc.UnPrepare
 0001:0001A380       TStoredProc.FreeStatement
 0001:0001A3D4       TStoredProc.SetPrepare
 0001:0001A3E4       TStoredProc.SetDBFlag
 0001:0001A460       TStoredProc.CopyParams
 0001:0001A4F4       TStoredProc.SetParamsList
 0001:0001A540       TStoredProc.ParamByName
 0001:0001A54C       TStoredProc.PSGetParams
 0001:0001A554       TStoredProc.PSSetParams
 0001:0001A57C       TStoredProc.PSGetTableName
 0001:0001A590       TStoredProc.PSExecute
 0001:0001A598       TStoredProc.PSSetCommandText
 0001:0001A5B0       TQuery.Create
 0001:0001A64C       TQuery.Destroy
 0001:0001A6B0       TQuery.Disconnect
 0001:0001A6C4       TQuery.SetPrepare
 0001:0001A6D4       TQuery.Prepare
 0001:0001A6F8       TQuery.UnPrepare
 0001:0001A718       TQuery.SetDataSource
 0001:0001A784       TQuery.GetDataSource
 0001:0001A790       TQuery.SetQuery
 0001:0001A858       TQuery.QueryChanged
 0001:0001A9F0       TQuery.SetParamsList
 0001:0001A9FC       TQuery.GetParamsCount
 0001:0001AA0C       WriteData
 0001:0001AA58       TQuery.DefineProperties
 0001:0001AAF0       TQuery.ReadParamData
 0001:0001AB10       TQuery.WriteParamData
 0001:0001AB20       TQuery.ReadBinaryData
 0001:0001AB54       TQuery.WriteBinaryData
 0001:0001AB78       TQuery.SetPrepared
 0001:0001AC60       TQuery.FreeStatement
 0001:0001AC88       TQuery.SetParamsFromCursor
 0001:0001AD00       TQuery.RefreshParams
 0001:0001AD7C       TQuery.ParamByName
 0001:0001AD88       TQuery.CreateCursor
 0001:0001AE74       TQuery.CreateHandle
 0001:0001AE7C       TQuery.ExecSQL
 0001:0001AEE4       TQuery.GetQueryCursor
 0001:0001AF34       TQuery.SetDBFlag
 0001:0001AFF8       TQuery.PrepareSQL
 0001:0001B02C       TQuery.GetStatementHandle
 0001:0001B170       TQuery.GetRowsAffected
 0001:0001B1BC       AddFieldToList
 0001:0001B1E0       TQuery.GetDetailLinkFields
 0001:0001B27C       TQuery.PSGetDefaultOrder
 0001:0001B2E0       TQuery.PSGetParams
 0001:0001B2E8       TQuery.PSSetParams
 0001:0001B310       TQuery.PSGetTableName
 0001:0001B364       TQuery.PSExecute
 0001:0001B36C       TQuery.PSSetCommandText
 0001:0001B388       TUpdateSQL.Create
 0001:0001B3F4       TUpdateSQL.Destroy
 0001:0001B460       TUpdateSQL.ExecSQL
 0001:0001B4CC       TUpdateSQL.GetQuery
 0001:0001B564       TUpdateSQL.GetSQL
 0001:0001B56C       TUpdateSQL.GetSQLIndex
 0001:0001B574       TUpdateSQL.GetDataSet
 0001:0001B578       TUpdateSQL.SetDataSet
 0001:0001B57C       TUpdateSQL.SetSQL
 0001:0001B594       TUpdateSQL.SetSQLIndex
 0001:0001B59C       TUpdateSQL.SQLChanged
 0001:0001B5E8       TUpdateSQL.SetParams
 0001:0001B75C       TUpdateSQL.Apply
 0001:0001B778       TBlobStream.Create
 0001:0001B99C       TBlobStream.Destroy
 0001:0001BA68       TBlobStream.Read
 0001:0001BC78       TBlobStream.Write
 0001:0001BD98       TBlobStream.Seek
 0001:0001BDCC       TBlobStream.Truncate
 0001:0001BE0C       TBlobStream.GetBlobSize
 0001:0001BEA0       InitDBTables
 0001:0001BEC4       Finalization
 0001:0001BF50       DBTables
 0001:0001C0BC       @GetPackageInfoTable
 0001:0001C0C4       @PackageLoad
 0001:0001C0D0       @PackageUnload
 0001:0001C0DC       bdertl
 0002:00000000       Module
 0002:00000018       TlsProc
 0002:00000028       ..
 0002:00000B6C       INFO_IDAPI32
 0002:00000B9C       ..
 0002:00000C78       __APIINFOTABLE
 0002:00000C78       __APIINFOTABLEEND
 0002:00000C78       Class_SMClient
 0002:00000C88       FldTypeMap
 0002:00000CB0       FldSubTypeMap
 0002:00000CFC       DataTypeMap
 0002:00000D18       BlobTypeMap
 0002:00000D28       TableTypeDriverNames
 0002:00000D3C       TimerID
 0002:00000D40       SQLDelay
 0002:00000D44       StartTime
 0002:00000D48       OpenModes
 0002:00000D50       ShareModes
 0002:00000D58       RetCodes
 0002:00000D5C       CBRetCode
 0002:00000D70       PropFlags
 0002:00000D7C       EndType
 0002:00000D84       OpenModes
 0002:00000D8C       ShareModes
 0002:00000D94       Exts
 0002:00000DA8       DataType
 0002:00001000       ModuleIsLib
 0002:00001001       ModuleIsPackage
 0002:00001004       TlsIndex
 0002:0000100C       HInstance
 0002:00001010       .1
 0002:00001014       tlsBuffer
 0002:00001018       .3
 0002:0000101C       .1
 0002:00001020       .1
 0002:00001024       ..
 0002:0000103C       .1
 0002:00001040       .1
 0002:00001044       Session
 0002:00001048       Sessions
 0002:0000104C       GetObjectContextProc
 0002:00001050       .22
 0002:00001054       FCSect
 0002:0000106C       CSNativeToAnsi
 0002:00001084       CSAnsiToNative
 0002:0000109C       BDEInitProcs
 0002:000010A0       SaveInitProc
 0002:000010A4       NeedToUninitialize


Bound resource files

bdertl.res
C:\TEMP\dtf2964.tmp


Program entry point at 0001:0001C0DC
