
 Start         Length     Name                   Class
 0001:00000000 0002399CH .text                   CODE
 0002:00000000 000004C0H .data                   DATA
 0002:000004C0 00000051H .bss                    BSS


Detailed map of segments

 0001:00000000 000003F6 C=CODE     S=.text    G=(none)   M=System   ACBP=A9
 0001:000003F8 000001EC C=CODE     S=.text    G=(none)   M=SysInit  ACBP=A9
 0001:000005E4 000002E8 C=CODE     S=.text    G=(none)   M=DBConsts ACBP=A9
 0001:000008CC 00000038 C=CODE     S=.text    G=(none)   M=Windows  ACBP=A9
 0001:00000904 0000000E C=CODE     S=.text    G=(none)   M=Types    ACBP=A9
 0001:00000914 0000013E C=CODE     S=.text    G=(none)   M=Variants ACBP=A9
 0001:00000A54 000001BE C=CODE     S=.text    G=(none)   M=SysUtils ACBP=A9
 0001:00000C14 0000000E C=CODE     S=.text    G=(none)   M=SysConst ACBP=A9
 0001:00000C24 0000000E C=CODE     S=.text    G=(none)   M=VarUtils ACBP=A9
 0001:00000C34 00000346 C=CODE     S=.text    G=(none)   M=Classes  ACBP=A9
 0001:00000F7C 0000000E C=CODE     S=.text    G=(none)   M=ActiveX  ACBP=A9
 0001:00000F8C 00000038 C=CODE     S=.text    G=(none)   M=Messages ACBP=A9
 0001:00000FC4 0000001E C=CODE     S=.text    G=(none)   M=TypInfo  ACBP=A9
 0001:00000FE4 0000000E C=CODE     S=.text    G=(none)   M=RTLConsts ACBP=A9
 0001:00000FF4 00000016 C=CODE     S=.text    G=(none)   M=MaskUtils ACBP=A9
 0001:0000100C 00000016 C=CODE     S=.text    G=(none)   M=DateUtils ACBP=A9
 0001:00001024 00000016 C=CODE     S=.text    G=(none)   M=Math     ACBP=A9
 0001:0000103C 00000FE3 C=CODE     S=.text    G=(none)   M=SqlTimSt ACBP=A9
 0001:00002020 00004E33 C=CODE     S=.text    G=(none)   M=FMTBcd   ACBP=A9
 0001:00006E54 0000001E C=CODE     S=.text    G=(none)   M=ComObj   ACBP=A9
 0001:00006E74 0000000E C=CODE     S=.text    G=(none)   M=ComConst ACBP=A9
 0001:00006E84 00017C34 C=CODE     S=.text    G=(none)   M=DB       ACBP=A9
 0001:0001EAB8 00004DF4 C=CODE     S=.text    G=(none)   M=DBCommon ACBP=A9
 0001:000238AC 000000ED C=CODE     S=.text    G=(none)   M=dbrtl    ACBP=A9
 0002:00000000 00000028 C=DATA     S=.data    G=DGROUP   M=SysInit  ACBP=A9
 0002:00000028 0000003C C=DATA     S=.data    G=DGROUP   M=SqlTimSt ACBP=A9
 0002:00000064 00000065 C=DATA     S=.data    G=DGROUP   M=FMTBcd   ACBP=A9
 0002:000000CC 0000026E C=DATA     S=.data    G=DGROUP   M=DB       ACBP=A9
 0002:0000033C 0000001C C=DATA     S=.data    G=DGROUP   M=DBCommon ACBP=A9
 0002:00001000 00000018 C=BSS      S=.bss     G=DGROUP   M=SysInit  ACBP=A9
 0002:00001018 00000004 C=BSS      S=.bss     G=DGROUP   M=DBConsts ACBP=A9
 0002:0000101C 00000004 C=BSS      S=.bss     G=DGROUP   M=Windows  ACBP=A9
 0002:00001020 00000004 C=BSS      S=.bss     G=DGROUP   M=Messages ACBP=A9
 0002:00001024 00000004 C=BSS      S=.bss     G=DGROUP   M=SqlTimSt ACBP=A9
 0002:00001028 00000004 C=BSS      S=.bss     G=DGROUP   M=FMTBcd   ACBP=A9
 0002:0000102C 00000020 C=BSS      S=.bss     G=DGROUP   M=DB       ACBP=A9
 0002:0000104C 00000004 C=BSS      S=.bss     G=DGROUP   M=DBCommon ACBP=A9


  Address         Publics by Name

 0002:00001020       .1
 0002:00001024       .1
 0002:00001018       .1
 0002:00001010       .1
 0002:0000104C       .3
 0002:00001028       .3
 0002:0000101C       .3
 0002:00001048       .36
 0001:00023974       @GetPackageInfoTable
 0001:00000530       @InitPkg
 0001:0002397C       @PackageLoad
 0001:00000594       @PackageLoad
 0001:00023988       @PackageUnload
 0001:000005A0       @PackageUnload
 0001:00003364       AddChars
 0001:0000654C       AddCurrency
 0001:00005D1C       AddCurrencySymbol
 0001:00005610       AddDigit
 0001:00020064       AddField
 0001:0000EF08       AddFieldDefs
 0001:0000F178       AddFields
 0001:0000683C       AddLiterals
 0001:00005DFC       AddNegCurrencySymbol
 0001:00004A50       AddNormalizedFractions
 0001:000055F4       AddOneChar
 0001:0001FC8C       AddParamSQLForDetail
 0001:00003420       AddStrings
 0001:0001FB6C       AddWhereClause
 0002:0000004C       AdjustAmt
 0002:00000054       AdjustAmt
 0002:00000044       AdjustAmt
 0002:0000005C       AdjustAmt
 0001:00003E7C       AdjustDecimalPosition
 0001:0001C9F0       AdjustFirstRecord
 0001:00004DAC       AdjustNibbles
 0001:00000430       AllocTlsBuffer
 0001:0000FD28       AttributeSetStored
 0002:00000314       BaseFieldTypes
 0001:000054A4       BcdAdd
 0001:00004F28       BcdCompare
 0001:0000618C       BcdCurrencyFormat
 0001:00005370       BcdDivide
 0001:00005258       BcdDivide
 0001:0000544C       BcdDivide
 0001:000053DC       BcdDivide
 0001:00002394       BcdError
 0001:00002324       BcdErrorFmt
 0001:00005B3C       BcdFixedOrNumberFormat
 0001:00005AD8       BcdGeneralFormat
 0001:00005190       BcdMultiply
 0001:00005124       BcdMultiply
 0001:0000502C       BcdMultiply
 0001:00005200       BcdMultiply
 0001:00005918       BcdPrecision
 0001:00005930       BcdScale
 0001:00005AF0       BcdScientificFormat
 0001:00004FF0       BcdSubtract
 0001:00005A2C       BCDToCurr
 0001:00002EA8       BcdToDouble
 0001:00002F00       BcdToInteger
 0001:000057D4       BcdToStr
 0001:00006278       BcdToStrF
 0001:00003D18       BlankArgument
 0002:00000344       BoolFalse
 0001:0000D7A0       BuffersEqual
 0001:0001C0F4       BufferToByteArray
 0001:0001C1A8       ByteArrayToBuffer
 0001:0000643C       CalcPrecisionAndDigits
 0001:00015D00       CalcTotalSize
 0001:0000FD68       CalculatedStored
 0001:0001D838       CancelNestedDataSets
 0001:00003CA8       CanUseShort
 0001:0001C614       CheckNestedBrowseMode
 0001:00001EBC       CheckSqlTimeStamp
 0001:00004CE8       CompactBcd
 0001:00003104       CompareDigits
 0001:00004B08       CompareNormalizedFractions
 0001:00005AC4       CopyByte
 0001:0001B084       CreateFieldDefs
 0001:000059A0       CurrToBCD
 0002:000000C0       CWNear
 0001:0000D60C       DatabaseError
 0001:0000D6B8       DatabaseErrorFmt
 0001:0001C0AC       DateTimeToNative
 0001:00001DCC       DateTimeToSQLTimeStamp
 0001:0001EA2C       DB
 0002:00001044       DBApplication
 0001:000238A4       DBCommon
 0001:000008C4       DBConsts
 0001:00023994       dbrtl
 0002:00001040       DBScreen
 0002:000000CC       DefaultFieldClasses
 0001:0000D78C       DisposeMem
 0001:0001B654       DoBindFields
 0002:000000C4       Dot
 0001:00002D3C       DoubleToBcd
 0001:00002DAC       DoubleToBcd
 0001:00021C68       EndOfLiteral
 0001:0000F978       Error
 0001:0000D538       EUpdateError.Create
 0001:0000D5DC       EUpdateError.Destroy
 0002:00000274       Events
 0001:000004DC       ExitProcessTLS
 0001:000004B4       ExitThreadTLS
 0001:0000D7B4       ExtractFieldName
 0001:000066E0       ExtractLiterals
 0001:00006334       ExtractMoneySymbol
 0002:000000BC       FConst10
 0002:00000164       FieldTypeNames
 0002:000001FC       FieldTypeVarMap
 0001:0001E9D0       Finalization
 0001:000008CC       Finalization
 0001:00000F8C       Finalization
 0001:00006DFC       Finalization
 0001:00000894       Finalization
 0001:00001FC8       Finalization
 0001:00023874       Finalization
 0001:000005AC       Finalization
 0001:00006E38       FMTBcd
 0002:00000088       FMTBcdVariantType
 0001:00006D34       FormatBcd
 0001:0000697C       FormatOneBcd
 0001:0000568C       FractionToStr
 0001:000003F8       FreeLibrary
 0001:0001F9D4       GenerateParamSQL
 0001:00020444       GetFieldInfo
 0001:0000D714       GetFieldProperty
 0001:00006C70       GetFormat
 0001:000200A8       GetIndexForOrderBy
 0001:000202D4       GetPChar
 0001:0001F220       GetSQLToken
 0001:0001FD10       GetTableNameFromQuery
 0001:0001FD8C       GetTableNameFromSQL
 0001:0000043C       GetTlsSize
 0001:000031B8       GetValueAndMultiplyOrder
 0002:0000100C       HInstance
 0002:00000038       IncrementAmount
 0001:00000500       InitializeModule
 0001:00000488       InitProcessTLS
 0001:00000444       InitThreadTLS
 0001:00002E58       IntegerToBcd
 0001:000046E0       InvalidBcdString
 0001:0000593C       IsBcdNegative
 0001:00005944       IsBcdZero
 0001:00021CFC       IsKatakana
 0001:00018874       IsLiteral
 0001:0001FEB0       IsMultiTableQuery
 0001:0002056C       IsNumeric
 0001:000012B8       IsSQLTimeStampBlank
 0001:00001CD4       IsSqlTimeStampValid
 0001:0002058C       IsTemporal
 0001:000030C8       LeftTrim
 0001:000196E0       LoadFromStreamPersist
 0001:00019740       LoadFromStrings
 0001:00000400       LocalAlloc
 0001:00000408       LocalFree
 0002:00001030       LoginDialogExProc
 0002:0000102C       LoginDialogProc
 0001:0000FDAC       LookupStored
 0001:00000FBC       Messages
 0002:00000000       Module
 0002:00001000       ModuleIsLib
 0002:00001001       ModuleIsPackage
 0001:00004D5C       MoveNibbles
 0001:0001884C       NameDelimiter
 0001:0001C020       NativeToDateTime
 0001:00003DBC       NextDigit
 0001:000202F8       NextItem
 0001:0001F678       NextSQLToken
 0001:0001F164       NextTokenIs
 0001:00004BBC       NormalizeBcd
 0001:00004E28       NormalizeBcdPair
 0001:000045B0       NormalizeFractions
 0001:0001C548       NotifyDetails
 0002:00000064       NullBcd
 0002:00000028       NullSQLTimeStamp
 0001:00004CCC       NumberOfDigits
 0002:00000350       Operators
 0002:00000348       Operators
 0002:00000354       Operators
 0001:000023AC       OverflowError
 0001:00006488       PadInputString
 0002:0000103C       PasswordDialog
 0001:00020410       PopValue
 0002:000000AC       Power10
 0001:0000D844       RegisterFields
 0002:00000248       RegisterFieldsProc
 0002:00001034       RemoteLoginDialogProc
 0001:0001A5B0       RenameFields
 0001:00004BB0       ReverseNegative
 0002:0000033C       ReverseOperator
 0001:00002F8C       RoundAt
 0002:00001038       ScreenCursorProc
 0002:000000C8       Separator
 0001:0001B2FC       SetKeyFields
 0001:00004954       SignificantIntDigits
 0001:00021D14       Skip
 0002:0000008C       spaceChars
 0001:000202EC       Split
 0001:00001E9C       SQLDayOfWeek
 0001:00001E14       SQLTimeStampToDateTime
 0001:00001C98       SQLTimeStampToStr
 0002:00000040       SQLTimeStampVariantType
 0001:00002004       SqlTimSt
 0001:0001F65C       StartToken
 0001:00003970       StringMultiplyByByte
 0001:00018894       StripChar
 0001:00018900       StripLiterals
 0001:00002CE0       StrToBcd
 0001:00004694       StrToFraction
 0001:00001D60       StrToSQLTimeStamp
 0001:000033D0       SubtractChars
 0001:00004998       SubtractNormalizedFractions
 0001:00003580       SubtractStrings
 0001:000005DC       SysInit
 0001:00015CA4       TADTField.Create
 0001:00015CF4       TADTField.FieldsChanged
 0001:00015D6C       TADTField.GetSize
 0001:000168DC       TAggregateField.Create
 0001:00016DCC       TAggregateField.GetAsString
 0001:00016E28       TAggregateField.GetAsVariant
 0001:00016934       TAggregateField.GetHandle
 0001:00016C08       TAggregateField.GetText
 0001:0001693C       TAggregateField.Reset
 0001:000169B0       TAggregateField.SetActive
 0001:00016E70       TAggregateField.SetCurrency
 0001:00016E40       TAggregateField.SetDisplayFormat
 0001:00016B40       TAggregateField.SetExpression
 0001:00016A10       TAggregateField.SetGroupingLevel
 0001:0001692C       TAggregateField.SetHandle
 0001:00016A78       TAggregateField.SetIndexName
 0001:00016E88       TAggregateField.SetPrecision
 0001:00015DE8       TArrayField.Bind
 0001:00015D98       TArrayField.Create
 0001:00015E0C       TArrayField.SetSize
 0001:000128DC       TAutoIncField.Create
 0001:00013C54       TBCDField.CheckTypeSize
 0001:000141CC       TBCDField.CopyData
 0001:00013BA8       TBCDField.Create
 0001:00013CA4       TBCDField.GetAsBCD
 0001:00013CF0       TBCDField.GetAsCurrency
 0001:00013D14       TBCDField.GetAsFloat
 0001:00013D38       TBCDField.GetAsInteger
 0001:00013D54       TBCDField.GetAsString
 0001:00013D88       TBCDField.GetAsVariant
 0001:00013DB8       TBCDField.GetDataSize
 0001:00013DC0       TBCDField.GetDefaultWidth
 0001:00013DD4       TBCDField.GetText
 0001:00013F18       TBCDField.GetValue
 0001:00013F20       TBCDField.SetAsBCD
 0001:00013F48       TBCDField.SetAsCurrency
 0001:00013FCC       TBCDField.SetAsFloat
 0001:00013FF0       TBCDField.SetAsInteger
 0001:00014018       TBCDField.SetAsString
 0001:000140D4       TBCDField.SetCurrency
 0001:000140EC       TBCDField.SetMaxValue
 0001:0001410C       TBCDField.SetMinValue
 0001:0001412C       TBCDField.SetPrecision
 0001:00014170       TBCDField.SetVarValue
 0001:00014194       TBCDField.UpdateCheckRange
 0001:000137C8       TBinaryField.CheckTypeSize
 0001:00013774       TBinaryField.CopyData
 0001:00013790       TBinaryField.Create
 0001:00013818       TBinaryField.GetAsString
 0001:000139C8       TBinaryField.GetAsVariant
 0001:000139EC       TBinaryField.GetText
 0001:000138D4       TBinaryField.SetAsString
 0001:00013A3C       TBinaryField.SetText
 0001:000139DC       TBinaryField.SetVarValue
 0001:00014AAC       TBlobField.Assign
 0001:00014B8C       TBlobField.AssignTo
 0001:00014C08       TBlobField.Clear
 0001:00014A64       TBlobField.Create
 0001:00014C24       TBlobField.FreeBuffers
 0001:00014C48       TBlobField.GetAsString
 0001:00014CB8       TBlobField.GetAsVariant
 0001:00014D08       TBlobField.GetBlobSize
 0001:00014DF8       TBlobField.GetBlobType
 0001:00014D60       TBlobField.GetClassDesc
 0001:00014DFC       TBlobField.GetIsNull
 0001:00014E78       TBlobField.GetModified
 0001:00014E98       TBlobField.GetText
 0001:00014EE8       TBlobField.IsBlob
 0001:00014EEC       TBlobField.LoadFromBlob
 0001:00014F40       TBlobField.LoadFromFile
 0001:00014F94       TBlobField.LoadFromStream
 0001:00015040       TBlobField.LoadFromStreamPersist
 0001:00014FEC       TBlobField.LoadFromStrings
 0001:0001513C       TBlobField.SaveToFile
 0001:00015194       TBlobField.SaveToStream
 0001:00015240       TBlobField.SaveToStreamPersist
 0001:000151EC       TBlobField.SaveToStrings
 0001:00015310       TBlobField.SetAsString
 0001:0001536C       TBlobField.SetBlobType
 0001:00015378       TBlobField.SetFieldType
 0001:00015388       TBlobField.SetModified
 0001:000153A4       TBlobField.SetText
 0001:000153D0       TBlobField.SetVarValue
 0001:00014B44       TBlobField.SupportsStreamPersist
 0001:00012DF8       TBooleanField.Create
 0001:00012E40       TBooleanField.GetAsBoolean
 0001:00012E64       TBooleanField.GetAsString
 0001:00012EA0       TBooleanField.GetAsVariant
 0001:00012ED8       TBooleanField.GetDataSize
 0001:00012EE0       TBooleanField.GetDefaultWidth
 0001:00012F1C       TBooleanField.LoadTextValues
 0001:00012F44       TBooleanField.SetAsBoolean
 0001:00012F64       TBooleanField.SetAsString
 0001:000130C0       TBooleanField.SetDisplayValues
 0001:0001314C       TBooleanField.SetVarValue
 0001:00013A68       TBytesField.Create
 0001:00013AB8       TBytesField.GetDataSize
 0001:00017EF0       TCheckConstraint.Assign
 0001:00017F38       TCheckConstraint.GetDisplayName
 0001:00017F90       TCheckConstraint.SetCustomConstraint
 0001:00017FB8       TCheckConstraint.SetErrorMessage
 0001:00017F68       TCheckConstraint.SetImportedConstraint
 0001:00018024       TCheckConstraints.Add
 0001:00017FE0       TCheckConstraints.Create
 0001:00018034       TCheckConstraints.GetItem
 0001:00018030       TCheckConstraints.GetOwner
 0001:00018048       TCheckConstraints.SetItem
 0001:00012DB0       TCurrencyField.Create
 0001:0000DA88       TCustomConnection.Close
 0001:0000D944       TCustomConnection.Create
 0001:0000D9A8       TCustomConnection.Destroy
 0001:0000DB18       TCustomConnection.DoConnect
 0001:0000DB1C       TCustomConnection.DoDisconnect
 0001:0000DB20       TCustomConnection.GetConnected
 0001:0000DC44       TCustomConnection.GetDataSet
 0001:0000DC58       TCustomConnection.GetDataSetCount
 0001:0000D9F0       TCustomConnection.Loaded
 0001:0000DA80       TCustomConnection.Open
 0001:0000DBB8       TCustomConnection.RegisterClient
 0001:0000DB24       TCustomConnection.SendConnectEvent
 0001:0000DA90       TCustomConnection.SetConnected
 0001:0000DBF8       TCustomConnection.UnRegisterClient
 0001:000178FC       TDataLink.ActiveChanged
 0001:00017900       TDataLink.CheckBrowseMode
 0001:00017520       TDataLink.Create
 0001:00017804       TDataLink.DataEvent
 0001:00017904       TDataLink.DataSetChanged
 0001:0001790C       TDataLink.DataSetScrolled
 0001:0001755C       TDataLink.Destroy
 0001:00017768       TDataLink.Edit
 0001:00017914       TDataLink.EditingChanged
 0001:00017918       TDataLink.ExecuteAction
 0001:00017940       TDataLink.FocusControl
 0001:00017784       TDataLink.GetActiveRecord
 0001:0001797C       TDataLink.GetBOF
 0001:000179A4       TDataLink.GetBufferCount
 0001:0001760C       TDataLink.GetDataSet
 0001:00017990       TDataLink.GetEOF
 0001:000177E0       TDataLink.GetRecordCount
 0001:00017944       TDataLink.LayoutChanged
 0001:000179A8       TDataLink.MoveBy
 0001:0001794C       TDataLink.RecordChanged
 0001:000176A8       TDataLink.SetActive
 0001:0001779C       TDataLink.SetActiveRecord
 0001:000177B0       TDataLink.SetBufferCount
 0001:0001761C       TDataLink.SetDataSource
 0001:000176D0       TDataLink.SetEditing
 0001:00017698       TDataLink.SetReadOnly
 0001:00017950       TDataLink.UpdateAction
 0001:00017978       TDataLink.UpdateData
 0001:00017598       TDataLink.UpdateRange
 0001:00017724       TDataLink.UpdateRecord
 0001:000176E0       TDataLink.UpdateState
 0001:0001CFD0       TDataSet.ActivateBuffers
 0001:0001CF98       TDataSet.ActiveBuffer
 0001:0001C45C       TDataSet.AddDataSource
 0001:0001DB24       TDataSet.AddRecord
 0001:0001C868       TDataSet.AllocRecordBuffer
 0001:0001D758       TDataSet.Append
 0001:0001DCA0       TDataSet.AppendRecord
 0001:0001DA44       TDataSet.BeginInsertAppend
 0001:0001B8B4       TDataSet.BindFields
 0001:0001D53C       TDataSet.BlockReadNext
 0001:0001DF38       TDataSet.BookmarkAvailable
 0001:0001E068       TDataSet.BookmarkValid
 0001:0001D118       TDataSet.CalculateFields
 0001:0001D898       TDataSet.Cancel
 0001:0001AC7C       TDataSet.CheckActive
 0001:0001ABA0       TDataSet.CheckBiDirectional
 0001:0001E168       TDataSet.CheckBrowseMode
 0001:0001E1D0       TDataSet.CheckCanModify
 0001:0001B510       TDataSet.CheckFieldCompatibility
 0001:0001ABF8       TDataSet.CheckInactive
 0001:0001DCA8       TDataSet.CheckOperation
 0001:0001D600       TDataSet.CheckParentState
 0001:0001DE20       TDataSet.CheckRequiredFields
 0001:0001CFB0       TDataSet.ClearBuffers
 0001:0001D178       TDataSet.ClearCalcFields
 0001:0001DD6C       TDataSet.ClearFields
 0001:0001AB94       TDataSet.Close
 0001:0001C010       TDataSet.CloseBlob
 0001:0001AE90       TDataSet.CloseCursor
 0001:0001E06C       TDataSet.CompareBookmarks
 0001:0001C77C       TDataSet.ControlsDisabled
 0001:0001A408       TDataSet.Create
 0001:0001C014       TDataSet.CreateBlobStream
 0001:0001B3D8       TDataSet.CreateFields
 0001:0001A914       TDataSet.CreateNestedDataSet
 0001:0001D008       TDataSet.CursorPosChanged
 0001:0001C238       TDataSet.DataConvert
 0001:0001C668       TDataSet.DataEvent
 0001:0001B00C       TDataSet.DefChanged
 0001:0001D94C       TDataSet.Delete
 0001:0001A500       TDataSet.Destroy
 0001:0001B4F4       TDataSet.DestroyFields
 0001:0001C784       TDataSet.DisableControls
 0001:0001E2C4       TDataSet.DoAfterCancel
 0001:0001E2E4       TDataSet.DoAfterClose
 0001:0001E304       TDataSet.DoAfterDelete
 0001:0001E324       TDataSet.DoAfterEdit
 0001:0001E344       TDataSet.DoAfterInsert
 0001:0001E364       TDataSet.DoAfterOpen
 0001:0001E398       TDataSet.DoAfterPost
 0001:0001E3B8       TDataSet.DoAfterRefresh
 0001:0001E3D8       TDataSet.DoAfterScroll
 0001:0001E3F8       TDataSet.DoBeforeCancel
 0001:0001E418       TDataSet.DoBeforeClose
 0001:0001E438       TDataSet.DoBeforeDelete
 0001:0001E458       TDataSet.DoBeforeEdit
 0001:0001E478       TDataSet.DoBeforeInsert
 0001:0001E498       TDataSet.DoBeforeOpen
 0001:0001E4B8       TDataSet.DoBeforePost
 0001:0001E4D8       TDataSet.DoBeforeRefresh
 0001:0001E4F8       TDataSet.DoBeforeScroll
 0001:0001ADB4       TDataSet.DoInternalOpen
 0001:0001E518       TDataSet.DoOnCalcFields
 0001:0001E538       TDataSet.DoOnNewRecord
 0001:0001D614       TDataSet.Edit
 0001:0001C7A4       TDataSet.EnableControls
 0001:0001DA74       TDataSet.EndInsertAppend
 0001:0001BE3C       TDataSet.FieldByName
 0001:0001BEB8       TDataSet.FieldByNumber
 0001:0001BEC4       TDataSet.FindField
 0001:0001E074       TDataSet.FindFirst
 0001:0001E084       TDataSet.FindLast
 0001:0001E094       TDataSet.FindNext
 0001:0001E0A4       TDataSet.FindPrior
 0001:0001E070       TDataSet.FindRecord
 0001:0001D208       TDataSet.First
 0001:0001DFB8       TDataSet.FreeBookmark
 0001:0001B8EC       TDataSet.FreeFieldBuffers
 0001:0001C86C       TDataSet.FreeRecordBuffer
 0001:0001ACD4       TDataSet.GetActive
 0001:0001E160       TDataSet.GetAggRecordCount
 0001:0001E154       TDataSet.GetAggregateValue
 0001:0001B928       TDataSet.GetBlobFieldData
 0001:0001DF80       TDataSet.GetBookmark
 0001:0001E050       TDataSet.GetBookmarkData
 0001:0001E058       TDataSet.GetBookmarkFlag
 0001:0001DFC0       TDataSet.GetBookmarkStr
 0001:0001CC04       TDataSet.GetBuffer
 0001:0001D0A4       TDataSet.GetCalcFields
 0001:0001E1CC       TDataSet.GetCanModify
 0001:0001A7B8       TDataSet.GetChildren
 0001:0001D010       TDataSet.GetCurrentRecord
 0001:0001C41C       TDataSet.GetDataSource
 0001:0001AF54       TDataSet.GetDetailDataSets
 0001:0001B008       TDataSet.GetDetailLinkFields
 0001:0001B23C       TDataSet.GetFieldClass
 0001:0001B91C       TDataSet.GetFieldCount
 0001:0001B9E8       TDataSet.GetFieldData
 0001:0001B9E4       TDataSet.GetFieldData
 0001:0001BA0C       TDataSet.GetFieldData
 0001:0001B248       TDataSet.GetFieldFullName
 0001:0001E22C       TDataSet.GetFieldList
 0001:0001BEFC       TDataSet.GetFieldNames
 0001:0001BC2C       TDataSet.GetFieldValue
 0001:0001AAF8       TDataSet.GetFound
 0001:0001E690       TDataSet.GetIndexDefs
 0001:0001C414       TDataSet.GetIsIndexField
 0001:0001AAD0       TDataSet.GetNestedDataSets
 0001:0001CC24       TDataSet.GetNextRecord
 0001:0001D014       TDataSet.GetNextRecords
 0001:0001CCF4       TDataSet.GetPriorRecord
 0001:0001D038       TDataSet.GetPriorRecords
 0001:0001E2B0       TDataSet.GetRecNo
 0001:0001E2AC       TDataSet.GetRecordCount
 0001:0001E2B8       TDataSet.GetRecordSize
 0001:0001BF30       TDataSet.GetStateFieldValue
 0001:0001E008       TDataSet.GotoBookmark
 0001:0001B010       TDataSet.InitFieldDefs
 0001:0001B1B4       TDataSet.InitFieldDefsFromFields
 0001:0001D068       TDataSet.InitRecord
 0001:0001D6A8       TDataSet.Insert
 0001:0001DC98       TDataSet.InsertRecord
 0001:0001DF18       TDataSet.InternalAddRecord
 0001:0001DF28       TDataSet.InternalCancel
 0001:0001DF1C       TDataSet.InternalDelete
 0001:0001DF2C       TDataSet.InternalEdit
 0001:0001D2D8       TDataSet.InternalFirst
 0001:0001E060       TDataSet.InternalGotoBookmark
 0001:0001DF14       TDataSet.InternalInitRecord
 0001:0001DF30       TDataSet.InternalInsert
 0001:0001D2DC       TDataSet.InternalLast
 0001:0001DF20       TDataSet.InternalPost
 0001:0001DF34       TDataSet.InternalRefresh
 0001:0001E064       TDataSet.InternalSetToRecord
 0001:0001D098       TDataSet.IsEmpty
 0001:0001C420       TDataSet.IsLinkedTo
 0001:0001E2BC       TDataSet.IsSequenced
 0001:0001D2E0       TDataSet.Last
 0001:0001A870       TDataSet.Loaded
 0001:0001E12C       TDataSet.Locate
 0001:0001E13C       TDataSet.Lookup
 0001:0001CF34       TDataSet.MoveBuffer
 0001:0001D37C       TDataSet.MoveBy
 0001:0001D520       TDataSet.Next
 0001:0001AB88       TDataSet.Open
 0001:0001AE68       TDataSet.OpenCursor
 0001:0001ADEC       TDataSet.OpenCursorComplete
 0001:0001AEE0       TDataSet.OpenParentDataSet
 0001:0001D7B8       TDataSet.Post
 0001:0001D548       TDataSet.Prior
 0001:0001E558       TDataSet.PSEndTransaction
 0001:0001E55C       TDataSet.PSExecute
 0001:0001E5AC       TDataSet.PSExecuteStatement
 0001:0001E604       TDataSet.PSGetAttributes
 0001:0001E608       TDataSet.PSGetDefaultOrder
 0001:0001E808       TDataSet.PSGetIndexDefs
 0001:0001E60C       TDataSet.PSGetKeyFields
 0001:0001E674       TDataSet.PSGetParams
 0001:0001E678       TDataSet.PSGetQuoteChar
 0001:0001E684       TDataSet.PSGetTableName
 0001:0001E80C       TDataSet.PSGetUpdateException
 0001:0001E830       TDataSet.PSInTransaction
 0001:0001E834       TDataSet.PSIsSQLBased
 0001:0001E838       TDataSet.PSIsSQLSupported
 0001:0001E83C       TDataSet.PSReset
 0001:0001E840       TDataSet.PSSetCommandText
 0001:0001E844       TDataSet.PSSetParams
 0001:0001E848       TDataSet.PSStartTransaction
 0001:0001E84C       TDataSet.PSUpdateRecord
 0001:0001D554       TDataSet.Refresh
 0001:0001D17C       TDataSet.RefreshInternalCalcFields
 0001:0001C480       TDataSet.RemoveDataSource
 0001:0001E164       TDataSet.ResetAggField
 0001:0001AB74       TDataSet.RestoreState
 0001:0001CD74       TDataSet.Resync
 0001:0001ACEC       TDataSet.SetActive
 0001:0001D5C8       TDataSet.SetBlockReadSize
 0001:0001E054       TDataSet.SetBookmarkData
 0001:0001E05C       TDataSet.SetBookmarkFlag
 0001:0001E000       TDataSet.SetBookmarkStr
 0001:0001CA18       TDataSet.SetBufferCount
 0001:0001C870       TDataSet.SetBufListSize
 0001:0001A83C       TDataSet.SetChildOrder
 0001:0001AB40       TDataSet.SetConstraints
 0001:0001CB7C       TDataSet.SetCurrentRecord
 0001:0001A988       TDataSet.SetDataSetField
 0001:0001C018       TDataSet.SetDefaultFields
 0001:0001BB2C       TDataSet.SetFieldData
 0001:0001BC28       TDataSet.SetFieldData
 0001:0001B22C       TDataSet.SetFieldDefs
 0001:0001DD38       TDataSet.SetFields
 0001:0001BD44       TDataSet.SetFieldValue
 0001:0001E0B4       TDataSet.SetFiltered
 0001:0001E0D0       TDataSet.SetFilterOptions
 0001:0001E0EC       TDataSet.SetFilterText
 0001:0001AB00       TDataSet.SetFound
 0001:0001A90C       TDataSet.SetModified
 0001:0001A72C       TDataSet.SetName
 0001:0001AB08       TDataSet.SetObjectView
 0001:0001E108       TDataSet.SetOnFilterRecord
 0001:0001E2B4       TDataSet.SetRecNo
 0001:0001AB24       TDataSet.SetSparseArrays
 0001:0001A8E0       TDataSet.SetState
 0001:0001BFA8       TDataSet.SetStateFieldValue
 0001:0001AB58       TDataSet.SetTempState
 0001:0001AB50       TDataSet.SetUniDirectional
 0001:0001CFA4       TDataSet.TempBuffer
 0001:0001DEEC       TDataSet.Translate
 0001:0001CAF8       TDataSet.UpdateBufferCount
 0001:0001CFF0       TDataSet.UpdateCursorPos
 0001:0001C418       TDataSet.UpdateIndexDefs
 0001:0001C7FC       TDataSet.UpdateRecord
 0001:0001E2C0       TDataSet.UpdateStatus
 0001:0000DCA8       TDataSetDesigner.BeginDesign
 0001:0000DC60       TDataSetDesigner.Create
 0001:0000DCE0       TDataSetDesigner.DataEvent
 0001:0000DC8C       TDataSetDesigner.Destroy
 0001:0000DCE4       TDataSetDesigner.EndDesign
 0001:00015F48       TDataSetField.AssignNestedDataSet
 0001:00015EC4       TDataSetField.Bind
 0001:00015E20       TDataSetField.Create
 0001:00015E60       TDataSetField.Destroy
 0001:00015FBC       TDataSetField.GetCanModify
 0001:00015EFC       TDataSetField.GetFields
 0001:00015F18       TDataSetField.GetNestedDataSet
 0001:00015E9C       TDataSetField.SetIncludeObjectField
 0001:00017DB0       TDataSource.AddDataLink
 0001:00017BA8       TDataSource.Create
 0001:00017E80       TDataSource.DataEvent
 0001:00017BFC       TDataSource.Destroy
 0001:00017C58       TDataSource.Edit
 0001:00017CDC       TDataSource.IsLinkedTo
 0001:00017E58       TDataSource.NotifyDataLinks
 0001:00017E08       TDataSource.NotifyLinkTypes
 0001:00017DDC       TDataSource.RemoveDataLink
 0001:00017D28       TDataSource.SetDataSet
 0001:00017DA4       TDataSource.SetEnabled
 0001:00017C70       TDataSource.SetState
 0001:00017CB8       TDataSource.UpdateState
 0001:000136EC       TDateField.Create
 0001:0001372C       TDateField.GetDataSize
 0001:000131A8       TDateTimeField.CopyData
 0001:00013168       TDateTimeField.Create
 0001:000131B4       TDateTimeField.GetAsDateTime
 0001:000131D8       TDateTimeField.GetAsFloat
 0001:000131EC       TDateTimeField.GetAsString
 0001:000131FC       TDateTimeField.GetAsVariant
 0001:00013230       TDateTimeField.GetDataSize
 0001:00013238       TDateTimeField.GetDefaultWidth
 0001:0001324C       TDateTimeField.GetText
 0001:00013308       TDateTimeField.GetValue
 0001:00013310       TDateTimeField.SetAsDateTime
 0001:00013324       TDateTimeField.SetAsFloat
 0001:0001333C       TDateTimeField.SetAsString
 0001:000133A0       TDateTimeField.SetDisplayFormat
 0001:000133D0       TDateTimeField.SetVarValue
 0001:0001E99C       TDefaultDBScreenApplication.GetCursor
 0001:0001E9A0       TDefaultDBScreenApplication.GetTitle
 0001:0001E9B4       TDefaultDBScreenApplication.ProcessMessages
 0001:0001E9B8       TDefaultDBScreenApplication.SetCursor
 0001:0001E9BC       TDefaultDBScreenApplication.SetTitle
 0001:0000DE6C       TDefCollection.Create
 0001:0000DFBC       TDefCollection.DoUpdate
 0001:0000E07C       TDefCollection.Find
 0001:0000E0A0       TDefCollection.GetItemNames
 0001:0000E03C       TDefCollection.IndexOf
 0001:0000DEC0       TDefCollection.SetItemName
 0001:0000DFA0       TDefCollection.Update
 0001:0000DFD8       TDefCollection.UpdateDefs
 0001:000179C0       TDetailDataLink.GetDetailDataSet
 0001:000218CC       TExprParser.Create
 0001:00021998       TExprParser.Destroy
 0001:00022FD0       TExprParser.GetFuncResultInfo
 0001:00022F14       TExprParser.GetScopeKind
 0001:00021D70       TExprParser.NextToken
 0001:00021C50       TExprParser.NextTokenIsLParen
 0001:00022398       TExprParser.ParseExpr
 0001:00022440       TExprParser.ParseExpr2
 0001:000224E8       TExprParser.ParseExpr3
 0001:00022590       TExprParser.ParseExpr4
 0001:00022944       TExprParser.ParseExpr5
 0001:00022A1C       TExprParser.ParseExpr6
 0001:00022AF4       TExprParser.ParseExpr7
 0001:000219BC       TExprParser.SetExprParams
 0001:000233A0       TExprParser.TokenName
 0001:000233F4       TExprParser.TokenSymbolIs
 0001:00023418       TExprParser.TokenSymbolIsFunc
 0001:000236CC       TExprParser.TypeCheckArithOp
 0001:0000F878       TField.AccessError
 0001:0000F8F4       TField.Assign
 0001:0000F9F0       TField.AssignValue
 0001:0000FBC4       TField.Bind
 0001:0000FBE4       TField.CalcLookupValue
 0001:0000FCB0       TField.Change
 0001:0000FCD0       TField.CheckInactive
 0001:00011140       TField.CheckTypeSize
 0001:0000FCE4       TField.Clear
 0001:0000FCF0       TField.CopyData
 0001:0000F7B0       TField.Create
 0001:0000FD10       TField.DataChanged
 0001:0000FDF0       TField.DefineProperties
 0001:0000F830       TField.Destroy
 0001:0000FEB8       TField.FocusControl
 0001:0000FEE8       TField.FreeBuffers
 0001:0000FF40       TField.GetAsBCD
 0001:0000FEEC       TField.GetAsBoolean
 0001:0000FF18       TField.GetAsByteArray
 0001:0000FF68       TField.GetAsCurrency
 0001:0000FF8C       TField.GetAsDateTime
 0001:0000FFC4       TField.GetAsFloat
 0001:0000FFF8       TField.GetAsInteger
 0001:00010024       TField.GetAsSqlTimeStamp
 0001:00010058       TField.GetAsString
 0001:0001006C       TField.GetAsVariant
 0001:00010098       TField.GetCalculated
 0001:000100A0       TField.GetCanModify
 0001:000100E4       TField.GetClassDesc
 0001:000105C4       TField.GetCurValue
 0001:00010248       TField.GetData
 0001:00010308       TField.GetDataSize
 0001:0001030C       TField.GetDefaultWidth
 0001:00010314       TField.GetDisplayLabel
 0001:00010328       TField.GetDisplayName
 0001:00010350       TField.GetDisplayText
 0001:00010390       TField.GetDisplayWidth
 0001:000103A0       TField.GetEditText
 0001:000103E0       TField.GetFieldNo
 0001:00010440       TField.GetFullName
 0001:00010474       TField.GetHasConstraints
 0001:0001049C       TField.GetIndex
 0001:000104D8       TField.GetIsIndexField
 0001:000104FC       TField.GetIsNull
 0001:00010510       TField.GetLookup
 0001:00010518       TField.GetLookupList
 0001:0001058C       TField.GetNewValue
 0001:000105A8       TField.GetOldValue
 0001:000105E0       TField.GetParentComponent
 0001:000111C0       TField.GetSize
 0001:00010538       TField.GetText
 0001:00010588       TField.HasParent
 0001:000104F8       TField.IsBlob
 0001:0001065C       TField.IsDisplayLabelStored
 0001:00010668       TField.IsDisplayWidthStored
 0001:00010648       TField.IsValidChar
 0001:00010670       TField.Notification
 0001:00010698       TField.PropertyChanged
 0001:000106D0       TField.ReadAttributeSet
 0001:00010720       TField.ReadCalculated
 0001:00010738       TField.ReadLookup
 0001:00010750       TField.ReadState
 0001:000107A4       TField.RefreshLookupList
 0001:00010BEC       TField.SetAlignment
 0001:000108D8       TField.SetAsBCD
 0001:00010900       TField.SetAsBoolean
 0001:00010B24       TField.SetAsByteArray
 0001:0001092C       TField.SetAsCurrency
 0001:00010958       TField.SetAsDateTime
 0001:00010990       TField.SetAsFloat
 0001:000109C4       TField.SetAsInteger
 0001:000109F0       TField.SetAsSQLTimeStamp
 0001:00010A24       TField.SetAsString
 0001:00010A50       TField.SetAsVariant
 0001:00011378       TField.SetAutoGenerateValue
 0001:00010BFC       TField.SetCalculated
 0001:00010C28       TField.SetData
 0001:00010CF8       TField.SetDataSet
 0001:00010E6C       TField.SetDataType
 0001:00010E70       TField.SetDisplayLabel
 0001:00010EE8       TField.SetDisplayWidth
 0001:00010EF8       TField.SetEditMask
 0001:00010F14       TField.SetEditText
 0001:00010F48       TField.SetFieldKind
 0001:00010FC0       TField.SetFieldName
 0001:0001101C       TField.SetFieldType
 0001:00011020       TField.SetIndex
 0001:000110FC       TField.SetKeyFields
 0001:00011030       TField.SetLookup
 0001:0001112C       TField.SetLookupCache
 0001:0001105C       TField.SetLookupDataSet
 0001:000110C4       TField.SetLookupKeyFields
 0001:000110E0       TField.SetLookupResultField
 0001:00011118       TField.SetNewValue
 0001:000105F4       TField.SetParentComponent
 0001:00010DC0       TField.SetParentField
 0001:000111D4       TField.SetReadOnly
 0001:000111A4       TField.SetSize
 0001:000111C4       TField.SetText
 0001:000111E4       TField.SetVarValue
 0001:00011210       TField.SetVisible
 0001:00011220       TField.Validate
 0001:0001128C       TField.ValidateLookupInfo
 0001:00011354       TField.WriteAttributeSet
 0001:00011360       TField.WriteCalculated
 0001:0001136C       TField.WriteLookup
 0001:0000E3BC       TFieldDef.AddChild
 0001:0000E3D8       TFieldDef.Assign
 0001:0000E124       TFieldDef.Create
 0001:0000E6E0       TFieldDef.CreateField
 0001:0000E4F8       TFieldDef.CreateFieldComponent
 0001:0000E1F4       TFieldDef.DefineProperties
 0001:0000E1A8       TFieldDef.Destroy
 0001:0000E364       TFieldDef.GetChildDefs
 0001:0000E234       TFieldDef.GetFieldClass
 0001:0000E264       TFieldDef.GetFieldNo
 0001:0000E3D0       TFieldDef.GetParentDef
 0001:0000E2B8       TFieldDef.GetRequired
 0001:0000E2F4       TFieldDef.GetSize
 0001:0000E39C       TFieldDef.HasChildDefs
 0001:0000E1D8       TFieldDef.ReadRequired
 0001:0000E278       TFieldDef.SetAttributes
 0001:0000E384       TFieldDef.SetChildDefs
 0001:0000E28C       TFieldDef.SetDataType
 0001:0000E2AC       TFieldDef.SetPrecision
 0001:0000E2C0       TFieldDef.SetRequired
 0001:0000E318       TFieldDef.SetSize
 0001:0000EEF4       TFieldDefList.FieldByName
 0001:0000EEE0       TFieldDefList.Find
 0001:0000EEB8       TFieldDefList.GetFieldDef
 0001:0000F110       TFieldDefList.GetUpdated
 0001:0000F0D4       TFieldDefList.UpdateList
 0001:0000E9A0       TFieldDefs.Add
 0001:0000E994       TFieldDefs.AddFieldDef
 0001:0000EB5C       TFieldDefs.ChildDefUpdate
 0001:0000E814       TFieldDefs.Create
 0001:0000EB74       TFieldDefs.FieldDefUpdate
 0001:0000EAA0       TFieldDefs.Find
 0001:0000EB1C       TFieldDefs.GetFieldDef
 0001:0000EB30       TFieldDefs.SetFieldDef
 0001:0000EB38       TFieldDefs.SetHiddenFields
 0001:0000E89C       TFieldDefs.SetItemName
 0001:0000EB40       TFieldDefs.Update
 0001:0000F13C       TFieldList.FieldByName
 0001:0000F128       TFieldList.Find
 0001:0000F150       TFieldList.GetField
 0001:0000F218       TFieldList.UpdateList
 0001:0000F354       TFields.Add
 0001:0000F2C0       TFields.Changed
 0001:0000F2F4       TFields.CheckFieldKind
 0001:0000F4D4       TFields.CheckFieldName
 0001:0000F570       TFields.CheckFieldNames
 0001:0000F3A0       TFields.Clear
 0001:0000F234       TFields.Create
 0001:0000F284       TFields.Destroy
 0001:0000F698       TFields.FieldByName
 0001:0000F714       TFields.FieldByNumber
 0001:0000F654       TFields.FindField
 0001:0000F4AC       TFields.GetCount
 0001:0000F454       TFields.GetField
 0001:0000F5E0       TFields.GetFieldNames
 0001:0000F4C8       TFields.IndexOf
 0001:0000F380       TFields.Remove
 0001:0000F48C       TFields.SetField
 0001:0000F754       TFields.SetFieldIndex
 0001:0000F3D8       TFieldsGetFieldError
 0001:0002059C       TFilterExpr.Create
 0001:0002061C       TFilterExpr.Destroy
 0001:00020680       TFilterExpr.FieldFromNode
 0001:00020718       TFilterExpr.GetExprData
 0001:00021778       TFilterExpr.GetFieldByName
 0001:00020760       TFilterExpr.GetFilterData
 0001:000207E8       TFilterExpr.NewCompareNode
 0001:000208A8       TFilterExpr.NewNode
 0001:00020E38       TFilterExpr.PutConstant
 0001:0002099C       TFilterExpr.PutConstBCD
 0001:00020A3C       TFilterExpr.PutConstBool
 0001:00020A64       TFilterExpr.PutConstDate
 0001:00020ABC       TFilterExpr.PutConstDateTime
 0001:00020B60       TFilterExpr.PutConstFloat
 0001:000209FC       TFilterExpr.PutConstFMTBCD
 0001:00020BA4       TFilterExpr.PutConstInt
 0001:00020C94       TFilterExpr.PutConstNode
 0001:00020B20       TFilterExpr.PutConstSQLTimeStamp
 0001:00020D04       TFilterExpr.PutConstStr
 0001:00020DB4       TFilterExpr.PutConstTime
 0001:00020E0C       TFilterExpr.PutData
 0001:00020FCC       TFilterExpr.PutExprNode
 0001:00021628       TFilterExpr.PutFieldNode
 0001:0002171C       TFilterExpr.PutNode
 0001:00021760       TFilterExpr.SetNodeOp
 0001:0000ECD4       TFlatList.Create
 0001:0000ED1C       TFlatList.FindItem
 0001:0000EDC4       TFlatList.GetCount
 0001:0000EDE8       TFlatList.GetUpdated
 0001:0000EDEC       TFlatList.ListChanging
 0001:0000EE44       TFlatList.Update
 0001:0001291C       TFloatField.Create
 0001:000129C4       TFloatField.GetAsFloat
 0001:000129EC       TFloatField.GetAsInteger
 0001:00012A00       TFloatField.GetAsString
 0001:00012A38       TFloatField.GetAsVariant
 0001:00012A68       TFloatField.GetDataSize
 0001:00012A70       TFloatField.GetText
 0001:00012B88       TFloatField.SetAsFloat
 0001:00012BF0       TFloatField.SetAsInteger
 0001:00012C10       TFloatField.SetAsString
 0001:00012CD0       TFloatField.SetCurrency
 0001:00012CE8       TFloatField.SetMaxValue
 0001:00012D08       TFloatField.SetMinValue
 0001:00012D28       TFloatField.SetPrecision
 0001:00012D54       TFloatField.SetVarValue
 0001:00012D78       TFloatField.UpdateCheckRange
 0001:000024A4       TFMTBcdData.Compare
 0001:000027D4       TFMTBcdData.Create
 0001:000026C4       TFMTBcdData.Create
 0001:0000270C       TFMTBcdData.Create
 0001:00002884       TFMTBcdData.Create
 0001:000023EC       TFMTBcdData.DoAdd
 0001:000023C4       TFMTBcdData.DoAdd
 0001:00002458       TFMTBcdData.DoDivide
 0001:0000242C       TFMTBcdData.DoMultiply
 0001:000023F8       TFMTBcdData.DoSubtract
 0001:00002420       TFMTBcdData.DoSubtract
 0001:00002584       TFMTBcdData.GetAsCurrency
 0001:000024D0       TFMTBcdData.GetAsDouble
 0001:00002528       TFMTBcdData.GetAsInteger
 0001:00002578       TFMTBcdData.GetAsSmallInt
 0001:000024BC       TFMTBcdData.GetAsString
 0001:000026A4       TFMTBcdData.SetAsCurrency
 0001:000025C0       TFMTBcdData.SetAsDouble
 0001:00002630       TFMTBcdData.SetAsInteger
 0001:00002698       TFMTBcdData.SetAsSmallInt
 0001:00002598       TFMTBcdData.SetAsString
 0001:00014550       TFMTBCDField.BcdRangeError
 0001:0001429C       TFMTBCDField.CheckTypeSize
 0001:00014A4C       TFMTBCDField.CopyData
 0001:000141D8       TFMTBCDField.Create
 0001:000142EC       TFMTBCDField.GetAsBCD
 0001:00014318       TFMTBCDField.GetAsCurrency
 0001:0001433C       TFMTBCDField.GetAsFloat
 0001:00014374       TFMTBCDField.GetAsInteger
 0001:00014388       TFMTBCDField.GetAsString
 0001:000143B8       TFMTBCDField.GetAsVariant
 0001:000143E8       TFMTBCDField.GetDataSize
 0001:000143F0       TFMTBCDField.GetDefaultWidth
 0001:00014404       TFMTBCDField.GetText
 0001:00014548       TFMTBCDField.GetValue
 0001:0001461C       TFMTBCDField.SetAsBCD
 0001:00014724       TFMTBCDField.SetAsCurrency
 0001:00014878       TFMTBCDField.SetAsFloat
 0001:0001489C       TFMTBCDField.SetAsInteger
 0001:000148C4       TFMTBCDField.SetAsString
 0001:000148F8       TFMTBCDField.SetCurrency
 0001:00014910       TFMTBCDField.SetMaxValue
 0001:00014968       TFMTBCDField.SetMinValue
 0001:000149C0       TFMTBCDField.SetPrecision
 0001:00014A04       TFMTBCDField.SetVarValue
 0001:00014A28       TFMTBCDField.UpdateCheckRange
 0001:00002B80       TFMTBcdVariantType.BinaryOp
 0001:000028D0       TFMTBcdVariantType.Cast
 0001:00002A08       TFMTBcdVariantType.CastTo
 0001:000028C0       TFMTBcdVariantType.Clear
 0001:00002BD8       TFMTBcdVariantType.Compare
 0001:00002B34       TFMTBcdVariantType.Copy
 0001:00002BD4       TFMTBcdVariantType.GetInstance
 0001:0001546C       TGraphicField.Create
 0001:000167C8       TGuidField.CheckTypeSize
 0001:00016774       TGuidField.Create
 0001:00016818       TGuidField.GetAsGuid
 0001:00016880       TGuidField.GetDefaultWidth
 0001:00016888       TGuidField.SetAsGuid
 0001:00016704       TIDispatchField.Create
 0001:00016744       TIDispatchField.GetValue
 0001:00016764       TIDispatchField.SetValue
 0001:00016F0C       TIndexDef.Assign
 0001:00016EB4       TIndexDef.Create
 0001:00017168       TIndexDef.GetDisplayName
 0001:00017054       TIndexDef.GetExpression
 0001:000170B0       TIndexDef.GetFields
 0001:00017138       TIndexDef.SetCaseInsFields
 0001:00017108       TIndexDef.SetDescFields
 0001:00017078       TIndexDef.SetExpression
 0001:000170D4       TIndexDef.SetFields
 0001:00017008       TIndexDef.SetOptions
 0001:0001702C       TIndexDef.SetSource
 0001:000171FC       TIndexDefs.Add
 0001:000171F0       TIndexDefs.AddIndexDef
 0001:000171A8       TIndexDefs.Create
 0001:00017470       TIndexDefs.Find
 0001:000172A0       TIndexDefs.FindIndexForFields
 0001:000174EC       TIndexDefs.GetIndexDef
 0001:00017320       TIndexDefs.GetIndexForFields
 0001:00017500       TIndexDefs.SetIndexDef
 0001:00017508       TIndexDefs.Update
 0001:0001202C       TIntegerField.CheckRange
 0001:00011FA4       TIntegerField.Create
 0001:00012078       TIntegerField.GetAsFloat
 0001:0001209C       TIntegerField.GetAsInteger
 0001:000120B8       TIntegerField.GetAsString
 0001:000120FC       TIntegerField.GetAsVariant
 0001:0001212C       TIntegerField.GetDataSize
 0001:00012134       TIntegerField.GetText
 0001:00012218       TIntegerField.GetValue
 0001:0001225C       TIntegerField.SetAsFloat
 0001:0001227C       TIntegerField.SetAsInteger
 0001:000122D4       TIntegerField.SetAsString
 0001:0001238C       TIntegerField.SetMaxValue
 0001:000123B4       TIntegerField.SetMinValue
 0001:000123DC       TIntegerField.SetVarValue
 0001:00016608       TInterfaceField.CheckTypeSize
 0001:000165C8       TInterfaceField.Create
 0001:0001660C       TInterfaceField.GetAsVariant
 0001:00016684       TInterfaceField.GetValue
 0001:000166A4       TInterfaceField.SetValue
 0001:000166B4       TInterfaceField.SetVarValue
 0001:000124C8       TLargeintField.CheckRange
 0001:00012454       TLargeintField.Create
 0001:00012520       TLargeintField.GetAsFloat
 0001:00012548       TLargeintField.GetAsInteger
 0001:00012568       TLargeintField.GetAsLargeint
 0001:00012598       TLargeintField.GetAsString
 0001:000125E0       TLargeintField.GetAsVariant
 0001:00012614       TLargeintField.GetDataSize
 0001:0001261C       TLargeintField.GetDefaultWidth
 0001:00012624       TLargeintField.GetText
 0001:0001270C       TLargeintField.GetValue
 0001:00012714       TLargeintField.SetAsFloat
 0001:00012730       TLargeintField.SetAsInteger
 0001:00012744       TLargeintField.SetAsLargeint
 0001:000127A4       TLargeintField.SetAsString
 0001:00012860       TLargeintField.SetVarValue
 0001:00006664       TLiteralInfo.Create
 0001:0000EBF8       TLookupList.Add
 0001:0000EC38       TLookupList.Clear
 0001:0000EB8C       TLookupList.Create
 0001:0000EBC8       TLookupList.Destroy
 0001:0000EC70       TLookupList.ValueOfKey
 0001:00000410       TlsAlloc
 0002:00001014       tlsBuffer
 0001:00000418       TlsFree
 0001:00000420       TlsGetValue
 0002:00001004       TlsIndex
 0002:FFBDB000       TlsLast
 0002:00000018       TlsProc
 0001:00000428       TlsSetValue
 0001:00017A40       TMasterDataLink.ActiveChanged
 0001:00017B10       TMasterDataLink.CheckBrowseMode
 0001:000179C4       TMasterDataLink.Create
 0001:00017A10       TMasterDataLink.Destroy
 0001:00017B2C       TMasterDataLink.GetDetailDataSet
 0001:00017B30       TMasterDataLink.LayoutChanged
 0001:00017B38       TMasterDataLink.RecordChanged
 0001:00017B80       TMasterDataLink.SetFieldNames
 0001:00015424       TMemoField.Create
 0001:0000DD7C       TNamedItem.GetDisplayName
 0001:0000DD90       TNamedItem.SetDisplayName
 0001:00011E68       TNumericField.Create
 0001:00011EA8       TNumericField.RangeError
 0001:00011F44       TNumericField.SetDisplayFormat
 0001:00011F74       TNumericField.SetEditFormat
 0001:0001589C       TObjectField.CheckTypeSize
 0001:000154AC       TObjectField.Create
 0001:00015800       TObjectField.DataSetChanged
 0001:000155A0       TObjectField.DefineProperties
 0001:0001550C       TObjectField.Destroy
 0001:000158A0       TObjectField.FreeBuffers
 0001:00015A58       TObjectField.GetAsString
 0001:00015B30       TObjectField.GetAsVariant
 0001:000155F8       TObjectField.GetChildren
 0001:00015684       TObjectField.GetDefaultWidth
 0001:000158D4       TObjectField.GetFieldCount
 0001:000158E8       TObjectField.GetFields
 0001:00015AE8       TObjectField.GetFieldValue
 0001:000156DC       TObjectField.GetHasConstraints
 0001:0001553C       TObjectField.ReadUnNamed
 0001:0001564C       TObjectField.SetChildOrder
 0001:0001585C       TObjectField.SetDataSet
 0001:0001572C       TObjectField.SetFieldKind
 0001:00015B0C       TObjectField.SetFieldValue
 0001:0001587C       TObjectField.SetParentField
 0001:00015C9C       TObjectField.SetUnNamed
 0001:00015BF8       TObjectField.SetVarValue
 0001:00015558       TObjectField.WriteUnNamed
 0001:00019790       TParam.Assign
 0001:000199B0       TParam.AssignField
 0001:00019910       TParam.AssignFieldValue
 0001:0001989C       TParam.AssignParam
 0001:00019868       TParam.AssignTo
 0001:00019A18       TParam.Clear
 0001:00018BF4       TParam.Create
 0001:00018B40       TParam.Create
 0001:00019C84       TParam.GetAsBCD
 0001:00019B00       TParam.GetAsBoolean
 0001:00019BFC       TParam.GetAsCurrency
 0001:0001A0BC       TParam.GetAsDateTime
 0001:00019B74       TParam.GetAsFloat
 0001:00019D0C       TParam.GetAsFMTBCD
 0001:00019E24       TParam.GetAsInteger
 0001:0001A29C       TParam.GetAsMemo
 0001:00019D98       TParam.GetAsSQLTimeStamp
 0001:00019F58       TParam.GetAsString
 0001:0001A228       TParam.GetAsVariant
 0001:00018FF8       TParam.GetData
 0001:00019A6C       TParam.GetDataSet
 0001:00018E34       TParam.GetDataSize
 0001:00018D58       TParam.GetDataType
 0001:00019A80       TParam.GetDisplayName
 0001:00018D08       TParam.GetIsNull
 0001:00018D34       TParam.GetParamType
 0001:00018C40       TParam.IsEqual
 0001:00018CD4       TParam.IsParamStored
 0001:0001A31C       TParam.LoadFromFile
 0001:0001A378       TParam.LoadFromStream
 0001:00018CD8       TParam.ParamRef
 0001:00019C2C       TParam.SetAsBCD
 0001:0001A2C4       TParam.SetAsBlob
 0001:00019AA8       TParam.SetAsBoolean
 0001:00019BA4       TParam.SetAsCurrency
 0001:00019FB4       TParam.SetAsDate
 0001:0001A064       TParam.SetAsDateTime
 0001:00019B1C       TParam.SetAsFloat
 0001:00019CB4       TParam.SetAsFMTBCD
 0001:00019DC8       TParam.SetAsInteger
 0001:0001A244       TParam.SetAsMemo
 0001:00019E9C       TParam.SetAsSmallInt
 0001:00019D40       TParam.SetAsSQLTimeStamp
 0001:00019EF8       TParam.SetAsString
 0001:0001A00C       TParam.SetAsTime
 0001:0001A0EC       TParam.SetAsVariant
 0001:00019E40       TParam.SetAsWord
 0001:00019344       TParam.SetBlobData
 0001:000193AC       TParam.SetData
 0001:00018D68       TParam.SetDataType
 0001:00018D44       TParam.SetParamType
 0001:0001968C       TParam.SetText
 0001:000181D8       TParams.AddParam
 0001:00018154       TParams.AssignTo
 0001:00018184       TParams.AssignValues
 0001:00018090       TParams.Create
 0001:00018050       TParams.Create
 0001:000181EC       TParams.CreateParam
 0001:0001835C       TParams.DefineProperties
 0001:00018318       TParams.FindParam
 0001:00018130       TParams.GetDataSet
 0001:0001810C       TParams.GetItem
 0001:0001812C       TParams.GetOwner
 0001:000187D0       TParams.GetParamList
 0001:000185C8       TParams.GetParamValue
 0001:00018234       TParams.IsEqual
 0001:00018298       TParams.ParamByName
 0001:00018974       TParams.ParseSQL
 0001:00018398       TParams.ReadBinaryData
 0001:000181E0       TParams.RemoveParam
 0001:00018124       TParams.SetItem
 0001:000186E0       TParams.SetParamValue
 0001:000180D0       TParams.Update
 0001:0001602C       TReferenceField.Assign
 0001:00015FEC       TReferenceField.Create
 0001:00016078       TReferenceField.GetAsVariant
 0001:00016068       TReferenceField.GetDataSize
 0001:0001608C       TReferenceField.SetVarValue
 0001:00004760       TryStrToBcd
 0001:00001D14       TryStrToSQLTimeStamp
 0001:000123F8       TSmallintField.Create
 0001:0001244C       TSmallintField.GetDataSize
 0001:00001450       TSQLTimeStampData.AdjustDate
 0001:00001330       TSQLTimeStampData.AdjustDays
 0001:00001384       TSQLTimeStampData.AdjustHours
 0001:000013C8       TSQLTimeStampData.AdjustMinutes
 0001:000012FC       TSQLTimeStampData.AdjustMonths
 0001:0000140C       TSQLTimeStampData.AdjustSeconds
 0001:00001568       TSQLTimeStampData.Compare
 0001:00001668       TSQLTimeStampData.Create
 0001:0000171C       TSQLTimeStampData.Create
 0001:0000176C       TSQLTimeStampData.Create
 0001:000016C4       TSQLTimeStampData.Create
 0001:000014BC       TSQLTimeStampData.DaysInMonth
 0001:00001514       TSQLTimeStampData.DoAdd
 0001:000014D4       TSQLTimeStampData.DoSubtract
 0001:00001600       TSQLTimeStampData.GetAsDateTime
 0001:000015E8       TSQLTimeStampData.GetAsString
 0001:000012F0       TSQLTimeStampData.GetIsBlank
 0001:0000163C       TSQLTimeStampData.SetAsDateTime
 0001:00001618       TSQLTimeStampData.SetAsString
 0001:000017A8       TSQLTimeStampData.SetDay
 0001:000017B0       TSQLTimeStampData.SetFractions
 0001:000017B4       TSQLTimeStampData.SetHour
 0001:000017BC       TSQLTimeStampData.SetMinute
 0001:000017C4       TSQLTimeStampData.SetMonth
 0001:000017CC       TSQLTimeStampData.SetSecond
 0001:000017D4       TSQLTimeStampData.SetYear
 0001:00013434       TSQLTimeStampField.CopyData
 0001:000133F4       TSQLTimeStampField.Create
 0001:00013448       TSQLTimeStampField.GetAsDateTime
 0001:00013480       TSQLTimeStampField.GetAsSQLTimeStamp
 0001:000134A8       TSQLTimeStampField.GetAsString
 0001:000134B8       TSQLTimeStampField.GetAsVariant
 0001:000134EC       TSQLTimeStampField.GetDataSize
 0001:000134F4       TSQLTimeStampField.GetDefaultWidth
 0001:00013508       TSQLTimeStampField.GetText
 0001:000135B0       TSQLTimeStampField.GetValue
 0001:000135C0       TSQLTimeStampField.SetAsDateTime
 0001:000135B8       TSQLTimeStampField.SetAsSQLTimeStamp
 0001:0001360C       TSQLTimeStampField.SetAsString
 0001:00013640       TSQLTimeStampField.SetDisplayFormat
 0001:00013670       TSQLTimeStampField.SetVarValue
 0001:00001A90       TSQLTimeStampVariantType.BinaryOp
 0001:000017EC       TSQLTimeStampVariantType.Cast
 0001:00001918       TSQLTimeStampVariantType.CastTo
 0001:000017DC       TSQLTimeStampVariantType.Clear
 0001:00001AC4       TSQLTimeStampVariantType.Compare
 0001:00001A40       TSQLTimeStampVariantType.Copy
 0001:00001A8C       TSQLTimeStampVariantType.GetInstance
 0001:000113F0       TStringField.CheckTypeSize
 0001:0001138C       TStringField.Create
 0001:00011440       TStringField.GetAsBCD
 0001:00011490       TStringField.GetAsBoolean
 0001:000114FC       TStringField.GetAsDateTime
 0001:00011554       TStringField.GetAsFloat
 0001:000115AC       TStringField.GetAsInteger
 0001:000115FC       TStringField.GetAsSqlTimeStamp
 0001:0001164C       TStringField.GetAsString
 0001:0001166C       TStringField.GetAsVariant
 0001:000116C8       TStringField.GetDataSize
 0001:000116D8       TStringField.GetDefaultWidth
 0001:000116E4       TStringField.GetText
 0001:00011770       TStringField.GetValue
 0001:00011888       TStringField.SetAsBCD
 0001:000118DC       TStringField.SetAsBoolean
 0001:00011938       TStringField.SetAsDateTime
 0001:0001198C       TStringField.SetAsFloat
 0001:000119E4       TStringField.SetAsInteger
 0001:00011A38       TStringField.SetAsSQLTimeStamp
 0001:00011A8C       TStringField.SetAsString
 0001:00011BA8       TStringField.SetVarValue
 0001:00013734       TTimeField.Create
 0001:00013788       TTimeField.GetDataSize
 0001:00013AC4       TVarBytesField.Create
 0001:00013B14       TVarBytesField.GetDataSize
 0001:00013B28       TVarBytesField.SetAsByteArray
 0001:000160DC       TVariantField.CheckTypeSize
 0001:0001609C       TVariantField.Create
 0001:000160E0       TVariantField.GetAsBCD
 0001:00016134       TVariantField.GetAsBoolean
 0001:00016188       TVariantField.GetAsDateTime
 0001:00016234       TVariantField.GetAsFloat
 0001:0001628C       TVariantField.GetAsInteger
 0001:000161E0       TVariantField.GetAsSqlTimeStamp
 0001:000162E0       TVariantField.GetAsString
 0001:00016334       TVariantField.GetAsVariant
 0001:00016070       TVariantField.GetDefaultWidth
 0001:00016354       TVariantField.SetAsBCD
 0001:000163AC       TVariantField.SetAsBoolean
 0001:00016404       TVariantField.SetAsDateTime
 0001:000164B4       TVariantField.SetAsFloat
 0001:0001650C       TVariantField.SetAsInteger
 0001:0001645C       TVariantField.SetAsSqlTimeStamp
 0001:00016568       TVariantField.SetAsString
 0001:000165C0       TVariantField.SetVarValue
 0001:00011BFC       TWideStringField.CheckTypeSize
 0001:00011C8C       TWideStringField.CopyData
 0001:00011C4C       TWideStringField.Create
 0001:00011CA0       TWideStringField.GetAsString
 0001:00011CF0       TWideStringField.GetAsVariant
 0001:00011D24       TWideStringField.GetAsWideString
 0001:00011D2C       TWideStringField.GetDataSize
 0001:00011D34       TWideStringField.SetAsString
 0001:00011D84       TWideStringField.SetAsWideString
 0001:00011E18       TWideStringField.SetVarValue
 0001:00012884       TWordField.Create
 0001:000128D4       TWordField.GetDataSize
 0002:0000024C       TypeSizes
 0001:0000050C       UninitializeModule
 0001:00015568       UnNamedStored
 0001:0001C4A8       UpdateCalcFields
 0001:00004020       ValueOverOne
 0002:00000278       Values
 0001:000158F0       ValueToStr
 0001:00002CD4       VarFMTBcd
 0001:00002C3C       VarFMTBcdCreate
 0001:00002BF8       VarFMTBcdCreate
 0001:00002C7C       VarFMTBcdCreate
 0001:00002CAC       VarFMTBcdCreate
 0001:00002CB8       VarFMTBcdCreate
 0001:00002CC0       VarIsFMTBcd
 0001:00001B98       VarIsSQLTimeStamp
 0001:00001B8C       VarSQLTimeStamp
 0001:00001B48       VarSQLTimeStampCreate
 0001:00001B14       VarSQLTimeStampCreate
 0001:00001B84       VarSQLTimeStampCreate
 0001:00001AE4       VarSQLTimeStampCreate
 0001:00001B78       VarSQLTimeStampCreate
 0001:00002DC0       VarToBcd
 0001:00001BAC       VarToSQLTimeStamp
 0002:0000027C       VarTypeMap
 0001:0000D8A0       VarTypeToDataType
 0001:000008FC       Windows
 0001:00004568       _CopyBytes
 0001:00004578       _CopyOddFractions
 0001:000045A0       _CopyRestBlank
 0001:0000442C       _Divide
 0001:00004548       _GetRemainder
 0001:00004558       _GetSubRemainder
 0001:000042B4       _LongDivide
 0001:00003A24       _LongMultiply
 0001:00003D4C       _Multiply
 0001:00003784       _ShortMultiply


  Address         Publics by Value

 0002:FFBDB000       TlsLast
 0001:000003F8       FreeLibrary
 0001:00000400       LocalAlloc
 0001:00000408       LocalFree
 0001:00000410       TlsAlloc
 0001:00000418       TlsFree
 0001:00000420       TlsGetValue
 0001:00000428       TlsSetValue
 0001:00000430       AllocTlsBuffer
 0001:0000043C       GetTlsSize
 0001:00000444       InitThreadTLS
 0001:00000488       InitProcessTLS
 0001:000004B4       ExitThreadTLS
 0001:000004DC       ExitProcessTLS
 0001:00000500       InitializeModule
 0001:0000050C       UninitializeModule
 0001:00000530       @InitPkg
 0001:00000594       @PackageLoad
 0001:000005A0       @PackageUnload
 0001:000005AC       Finalization
 0001:000005DC       SysInit
 0001:00000894       Finalization
 0001:000008C4       DBConsts
 0001:000008CC       Finalization
 0001:000008FC       Windows
 0001:00000F8C       Finalization
 0001:00000FBC       Messages
 0001:000012B8       IsSQLTimeStampBlank
 0001:000012F0       TSQLTimeStampData.GetIsBlank
 0001:000012FC       TSQLTimeStampData.AdjustMonths
 0001:00001330       TSQLTimeStampData.AdjustDays
 0001:00001384       TSQLTimeStampData.AdjustHours
 0001:000013C8       TSQLTimeStampData.AdjustMinutes
 0001:0000140C       TSQLTimeStampData.AdjustSeconds
 0001:00001450       TSQLTimeStampData.AdjustDate
 0001:000014BC       TSQLTimeStampData.DaysInMonth
 0001:000014D4       TSQLTimeStampData.DoSubtract
 0001:00001514       TSQLTimeStampData.DoAdd
 0001:00001568       TSQLTimeStampData.Compare
 0001:000015E8       TSQLTimeStampData.GetAsString
 0001:00001600       TSQLTimeStampData.GetAsDateTime
 0001:00001618       TSQLTimeStampData.SetAsString
 0001:0000163C       TSQLTimeStampData.SetAsDateTime
 0001:00001668       TSQLTimeStampData.Create
 0001:000016C4       TSQLTimeStampData.Create
 0001:0000171C       TSQLTimeStampData.Create
 0001:0000176C       TSQLTimeStampData.Create
 0001:000017A8       TSQLTimeStampData.SetDay
 0001:000017B0       TSQLTimeStampData.SetFractions
 0001:000017B4       TSQLTimeStampData.SetHour
 0001:000017BC       TSQLTimeStampData.SetMinute
 0001:000017C4       TSQLTimeStampData.SetMonth
 0001:000017CC       TSQLTimeStampData.SetSecond
 0001:000017D4       TSQLTimeStampData.SetYear
 0001:000017DC       TSQLTimeStampVariantType.Clear
 0001:000017EC       TSQLTimeStampVariantType.Cast
 0001:00001918       TSQLTimeStampVariantType.CastTo
 0001:00001A40       TSQLTimeStampVariantType.Copy
 0001:00001A8C       TSQLTimeStampVariantType.GetInstance
 0001:00001A90       TSQLTimeStampVariantType.BinaryOp
 0001:00001AC4       TSQLTimeStampVariantType.Compare
 0001:00001AE4       VarSQLTimeStampCreate
 0001:00001B14       VarSQLTimeStampCreate
 0001:00001B48       VarSQLTimeStampCreate
 0001:00001B78       VarSQLTimeStampCreate
 0001:00001B84       VarSQLTimeStampCreate
 0001:00001B8C       VarSQLTimeStamp
 0001:00001B98       VarIsSQLTimeStamp
 0001:00001BAC       VarToSQLTimeStamp
 0001:00001C98       SQLTimeStampToStr
 0001:00001CD4       IsSqlTimeStampValid
 0001:00001D14       TryStrToSQLTimeStamp
 0001:00001D60       StrToSQLTimeStamp
 0001:00001DCC       DateTimeToSQLTimeStamp
 0001:00001E14       SQLTimeStampToDateTime
 0001:00001E9C       SQLDayOfWeek
 0001:00001EBC       CheckSqlTimeStamp
 0001:00001FC8       Finalization
 0001:00002004       SqlTimSt
 0001:00002324       BcdErrorFmt
 0001:00002394       BcdError
 0001:000023AC       OverflowError
 0001:000023C4       TFMTBcdData.DoAdd
 0001:000023EC       TFMTBcdData.DoAdd
 0001:000023F8       TFMTBcdData.DoSubtract
 0001:00002420       TFMTBcdData.DoSubtract
 0001:0000242C       TFMTBcdData.DoMultiply
 0001:00002458       TFMTBcdData.DoDivide
 0001:000024A4       TFMTBcdData.Compare
 0001:000024BC       TFMTBcdData.GetAsString
 0001:000024D0       TFMTBcdData.GetAsDouble
 0001:00002528       TFMTBcdData.GetAsInteger
 0001:00002578       TFMTBcdData.GetAsSmallInt
 0001:00002584       TFMTBcdData.GetAsCurrency
 0001:00002598       TFMTBcdData.SetAsString
 0001:000025C0       TFMTBcdData.SetAsDouble
 0001:00002630       TFMTBcdData.SetAsInteger
 0001:00002698       TFMTBcdData.SetAsSmallInt
 0001:000026A4       TFMTBcdData.SetAsCurrency
 0001:000026C4       TFMTBcdData.Create
 0001:0000270C       TFMTBcdData.Create
 0001:000027D4       TFMTBcdData.Create
 0001:00002884       TFMTBcdData.Create
 0001:000028C0       TFMTBcdVariantType.Clear
 0001:000028D0       TFMTBcdVariantType.Cast
 0001:00002A08       TFMTBcdVariantType.CastTo
 0001:00002B34       TFMTBcdVariantType.Copy
 0001:00002B80       TFMTBcdVariantType.BinaryOp
 0001:00002BD4       TFMTBcdVariantType.GetInstance
 0001:00002BD8       TFMTBcdVariantType.Compare
 0001:00002BF8       VarFMTBcdCreate
 0001:00002C3C       VarFMTBcdCreate
 0001:00002C7C       VarFMTBcdCreate
 0001:00002CAC       VarFMTBcdCreate
 0001:00002CB8       VarFMTBcdCreate
 0001:00002CC0       VarIsFMTBcd
 0001:00002CD4       VarFMTBcd
 0001:00002CE0       StrToBcd
 0001:00002D3C       DoubleToBcd
 0001:00002DAC       DoubleToBcd
 0001:00002DC0       VarToBcd
 0001:00002E58       IntegerToBcd
 0001:00002EA8       BcdToDouble
 0001:00002F00       BcdToInteger
 0001:00002F8C       RoundAt
 0001:000030C8       LeftTrim
 0001:00003104       CompareDigits
 0001:000031B8       GetValueAndMultiplyOrder
 0001:00003364       AddChars
 0001:000033D0       SubtractChars
 0001:00003420       AddStrings
 0001:00003580       SubtractStrings
 0001:00003784       _ShortMultiply
 0001:00003970       StringMultiplyByByte
 0001:00003A24       _LongMultiply
 0001:00003CA8       CanUseShort
 0001:00003D18       BlankArgument
 0001:00003D4C       _Multiply
 0001:00003DBC       NextDigit
 0001:00003E7C       AdjustDecimalPosition
 0001:00004020       ValueOverOne
 0001:000042B4       _LongDivide
 0001:0000442C       _Divide
 0001:00004548       _GetRemainder
 0001:00004558       _GetSubRemainder
 0001:00004568       _CopyBytes
 0001:00004578       _CopyOddFractions
 0001:000045A0       _CopyRestBlank
 0001:000045B0       NormalizeFractions
 0001:00004694       StrToFraction
 0001:000046E0       InvalidBcdString
 0001:00004760       TryStrToBcd
 0001:00004954       SignificantIntDigits
 0001:00004998       SubtractNormalizedFractions
 0001:00004A50       AddNormalizedFractions
 0001:00004B08       CompareNormalizedFractions
 0001:00004BB0       ReverseNegative
 0001:00004BBC       NormalizeBcd
 0001:00004CCC       NumberOfDigits
 0001:00004CE8       CompactBcd
 0001:00004D5C       MoveNibbles
 0001:00004DAC       AdjustNibbles
 0001:00004E28       NormalizeBcdPair
 0001:00004F28       BcdCompare
 0001:00004FF0       BcdSubtract
 0001:0000502C       BcdMultiply
 0001:00005124       BcdMultiply
 0001:00005190       BcdMultiply
 0001:00005200       BcdMultiply
 0001:00005258       BcdDivide
 0001:00005370       BcdDivide
 0001:000053DC       BcdDivide
 0001:0000544C       BcdDivide
 0001:000054A4       BcdAdd
 0001:000055F4       AddOneChar
 0001:00005610       AddDigit
 0001:0000568C       FractionToStr
 0001:000057D4       BcdToStr
 0001:00005918       BcdPrecision
 0001:00005930       BcdScale
 0001:0000593C       IsBcdNegative
 0001:00005944       IsBcdZero
 0001:000059A0       CurrToBCD
 0001:00005A2C       BCDToCurr
 0001:00005AC4       CopyByte
 0001:00005AD8       BcdGeneralFormat
 0001:00005AF0       BcdScientificFormat
 0001:00005B3C       BcdFixedOrNumberFormat
 0001:00005D1C       AddCurrencySymbol
 0001:00005DFC       AddNegCurrencySymbol
 0001:0000618C       BcdCurrencyFormat
 0001:00006278       BcdToStrF
 0001:00006334       ExtractMoneySymbol
 0001:0000643C       CalcPrecisionAndDigits
 0001:00006488       PadInputString
 0001:0000654C       AddCurrency
 0001:00006664       TLiteralInfo.Create
 0001:000066E0       ExtractLiterals
 0001:0000683C       AddLiterals
 0001:0000697C       FormatOneBcd
 0001:00006C70       GetFormat
 0001:00006D34       FormatBcd
 0001:00006DFC       Finalization
 0001:00006E38       FMTBcd
 0001:0000D538       EUpdateError.Create
 0001:0000D5DC       EUpdateError.Destroy
 0001:0000D60C       DatabaseError
 0001:0000D6B8       DatabaseErrorFmt
 0001:0000D714       GetFieldProperty
 0001:0000D78C       DisposeMem
 0001:0000D7A0       BuffersEqual
 0001:0000D7B4       ExtractFieldName
 0001:0000D844       RegisterFields
 0001:0000D8A0       VarTypeToDataType
 0001:0000D944       TCustomConnection.Create
 0001:0000D9A8       TCustomConnection.Destroy
 0001:0000D9F0       TCustomConnection.Loaded
 0001:0000DA80       TCustomConnection.Open
 0001:0000DA88       TCustomConnection.Close
 0001:0000DA90       TCustomConnection.SetConnected
 0001:0000DB18       TCustomConnection.DoConnect
 0001:0000DB1C       TCustomConnection.DoDisconnect
 0001:0000DB20       TCustomConnection.GetConnected
 0001:0000DB24       TCustomConnection.SendConnectEvent
 0001:0000DBB8       TCustomConnection.RegisterClient
 0001:0000DBF8       TCustomConnection.UnRegisterClient
 0001:0000DC44       TCustomConnection.GetDataSet
 0001:0000DC58       TCustomConnection.GetDataSetCount
 0001:0000DC60       TDataSetDesigner.Create
 0001:0000DC8C       TDataSetDesigner.Destroy
 0001:0000DCA8       TDataSetDesigner.BeginDesign
 0001:0000DCE0       TDataSetDesigner.DataEvent
 0001:0000DCE4       TDataSetDesigner.EndDesign
 0001:0000DD7C       TNamedItem.GetDisplayName
 0001:0000DD90       TNamedItem.SetDisplayName
 0001:0000DE6C       TDefCollection.Create
 0001:0000DEC0       TDefCollection.SetItemName
 0001:0000DFA0       TDefCollection.Update
 0001:0000DFBC       TDefCollection.DoUpdate
 0001:0000DFD8       TDefCollection.UpdateDefs
 0001:0000E03C       TDefCollection.IndexOf
 0001:0000E07C       TDefCollection.Find
 0001:0000E0A0       TDefCollection.GetItemNames
 0001:0000E124       TFieldDef.Create
 0001:0000E1A8       TFieldDef.Destroy
 0001:0000E1D8       TFieldDef.ReadRequired
 0001:0000E1F4       TFieldDef.DefineProperties
 0001:0000E234       TFieldDef.GetFieldClass
 0001:0000E264       TFieldDef.GetFieldNo
 0001:0000E278       TFieldDef.SetAttributes
 0001:0000E28C       TFieldDef.SetDataType
 0001:0000E2AC       TFieldDef.SetPrecision
 0001:0000E2B8       TFieldDef.GetRequired
 0001:0000E2C0       TFieldDef.SetRequired
 0001:0000E2F4       TFieldDef.GetSize
 0001:0000E318       TFieldDef.SetSize
 0001:0000E364       TFieldDef.GetChildDefs
 0001:0000E384       TFieldDef.SetChildDefs
 0001:0000E39C       TFieldDef.HasChildDefs
 0001:0000E3BC       TFieldDef.AddChild
 0001:0000E3D0       TFieldDef.GetParentDef
 0001:0000E3D8       TFieldDef.Assign
 0001:0000E4F8       TFieldDef.CreateFieldComponent
 0001:0000E6E0       TFieldDef.CreateField
 0001:0000E814       TFieldDefs.Create
 0001:0000E89C       TFieldDefs.SetItemName
 0001:0000E994       TFieldDefs.AddFieldDef
 0001:0000E9A0       TFieldDefs.Add
 0001:0000EAA0       TFieldDefs.Find
 0001:0000EB1C       TFieldDefs.GetFieldDef
 0001:0000EB30       TFieldDefs.SetFieldDef
 0001:0000EB38       TFieldDefs.SetHiddenFields
 0001:0000EB40       TFieldDefs.Update
 0001:0000EB5C       TFieldDefs.ChildDefUpdate
 0001:0000EB74       TFieldDefs.FieldDefUpdate
 0001:0000EB8C       TLookupList.Create
 0001:0000EBC8       TLookupList.Destroy
 0001:0000EBF8       TLookupList.Add
 0001:0000EC38       TLookupList.Clear
 0001:0000EC70       TLookupList.ValueOfKey
 0001:0000ECD4       TFlatList.Create
 0001:0000ED1C       TFlatList.FindItem
 0001:0000EDC4       TFlatList.GetCount
 0001:0000EDE8       TFlatList.GetUpdated
 0001:0000EDEC       TFlatList.ListChanging
 0001:0000EE44       TFlatList.Update
 0001:0000EEB8       TFieldDefList.GetFieldDef
 0001:0000EEE0       TFieldDefList.Find
 0001:0000EEF4       TFieldDefList.FieldByName
 0001:0000EF08       AddFieldDefs
 0001:0000F0D4       TFieldDefList.UpdateList
 0001:0000F110       TFieldDefList.GetUpdated
 0001:0000F128       TFieldList.Find
 0001:0000F13C       TFieldList.FieldByName
 0001:0000F150       TFieldList.GetField
 0001:0000F178       AddFields
 0001:0000F218       TFieldList.UpdateList
 0001:0000F234       TFields.Create
 0001:0000F284       TFields.Destroy
 0001:0000F2C0       TFields.Changed
 0001:0000F2F4       TFields.CheckFieldKind
 0001:0000F354       TFields.Add
 0001:0000F380       TFields.Remove
 0001:0000F3A0       TFields.Clear
 0001:0000F3D8       TFieldsGetFieldError
 0001:0000F454       TFields.GetField
 0001:0000F48C       TFields.SetField
 0001:0000F4AC       TFields.GetCount
 0001:0000F4C8       TFields.IndexOf
 0001:0000F4D4       TFields.CheckFieldName
 0001:0000F570       TFields.CheckFieldNames
 0001:0000F5E0       TFields.GetFieldNames
 0001:0000F654       TFields.FindField
 0001:0000F698       TFields.FieldByName
 0001:0000F714       TFields.FieldByNumber
 0001:0000F754       TFields.SetFieldIndex
 0001:0000F7B0       TField.Create
 0001:0000F830       TField.Destroy
 0001:0000F878       TField.AccessError
 0001:0000F8F4       TField.Assign
 0001:0000F978       Error
 0001:0000F9F0       TField.AssignValue
 0001:0000FBC4       TField.Bind
 0001:0000FBE4       TField.CalcLookupValue
 0001:0000FCB0       TField.Change
 0001:0000FCD0       TField.CheckInactive
 0001:0000FCE4       TField.Clear
 0001:0000FCF0       TField.CopyData
 0001:0000FD10       TField.DataChanged
 0001:0000FD28       AttributeSetStored
 0001:0000FD68       CalculatedStored
 0001:0000FDAC       LookupStored
 0001:0000FDF0       TField.DefineProperties
 0001:0000FEB8       TField.FocusControl
 0001:0000FEE8       TField.FreeBuffers
 0001:0000FEEC       TField.GetAsBoolean
 0001:0000FF18       TField.GetAsByteArray
 0001:0000FF40       TField.GetAsBCD
 0001:0000FF68       TField.GetAsCurrency
 0001:0000FF8C       TField.GetAsDateTime
 0001:0000FFC4       TField.GetAsFloat
 0001:0000FFF8       TField.GetAsInteger
 0001:00010024       TField.GetAsSqlTimeStamp
 0001:00010058       TField.GetAsString
 0001:0001006C       TField.GetAsVariant
 0001:00010098       TField.GetCalculated
 0001:000100A0       TField.GetCanModify
 0001:000100E4       TField.GetClassDesc
 0001:00010248       TField.GetData
 0001:00010308       TField.GetDataSize
 0001:0001030C       TField.GetDefaultWidth
 0001:00010314       TField.GetDisplayLabel
 0001:00010328       TField.GetDisplayName
 0001:00010350       TField.GetDisplayText
 0001:00010390       TField.GetDisplayWidth
 0001:000103A0       TField.GetEditText
 0001:000103E0       TField.GetFieldNo
 0001:00010440       TField.GetFullName
 0001:00010474       TField.GetHasConstraints
 0001:0001049C       TField.GetIndex
 0001:000104D8       TField.GetIsIndexField
 0001:000104F8       TField.IsBlob
 0001:000104FC       TField.GetIsNull
 0001:00010510       TField.GetLookup
 0001:00010518       TField.GetLookupList
 0001:00010538       TField.GetText
 0001:00010588       TField.HasParent
 0001:0001058C       TField.GetNewValue
 0001:000105A8       TField.GetOldValue
 0001:000105C4       TField.GetCurValue
 0001:000105E0       TField.GetParentComponent
 0001:000105F4       TField.SetParentComponent
 0001:00010648       TField.IsValidChar
 0001:0001065C       TField.IsDisplayLabelStored
 0001:00010668       TField.IsDisplayWidthStored
 0001:00010670       TField.Notification
 0001:00010698       TField.PropertyChanged
 0001:000106D0       TField.ReadAttributeSet
 0001:00010720       TField.ReadCalculated
 0001:00010738       TField.ReadLookup
 0001:00010750       TField.ReadState
 0001:000107A4       TField.RefreshLookupList
 0001:000108D8       TField.SetAsBCD
 0001:00010900       TField.SetAsBoolean
 0001:0001092C       TField.SetAsCurrency
 0001:00010958       TField.SetAsDateTime
 0001:00010990       TField.SetAsFloat
 0001:000109C4       TField.SetAsInteger
 0001:000109F0       TField.SetAsSQLTimeStamp
 0001:00010A24       TField.SetAsString
 0001:00010A50       TField.SetAsVariant
 0001:00010B24       TField.SetAsByteArray
 0001:00010BEC       TField.SetAlignment
 0001:00010BFC       TField.SetCalculated
 0001:00010C28       TField.SetData
 0001:00010CF8       TField.SetDataSet
 0001:00010DC0       TField.SetParentField
 0001:00010E6C       TField.SetDataType
 0001:00010E70       TField.SetDisplayLabel
 0001:00010EE8       TField.SetDisplayWidth
 0001:00010EF8       TField.SetEditMask
 0001:00010F14       TField.SetEditText
 0001:00010F48       TField.SetFieldKind
 0001:00010FC0       TField.SetFieldName
 0001:0001101C       TField.SetFieldType
 0001:00011020       TField.SetIndex
 0001:00011030       TField.SetLookup
 0001:0001105C       TField.SetLookupDataSet
 0001:000110C4       TField.SetLookupKeyFields
 0001:000110E0       TField.SetLookupResultField
 0001:000110FC       TField.SetKeyFields
 0001:00011118       TField.SetNewValue
 0001:0001112C       TField.SetLookupCache
 0001:00011140       TField.CheckTypeSize
 0001:000111A4       TField.SetSize
 0001:000111C0       TField.GetSize
 0001:000111C4       TField.SetText
 0001:000111D4       TField.SetReadOnly
 0001:000111E4       TField.SetVarValue
 0001:00011210       TField.SetVisible
 0001:00011220       TField.Validate
 0001:0001128C       TField.ValidateLookupInfo
 0001:00011354       TField.WriteAttributeSet
 0001:00011360       TField.WriteCalculated
 0001:0001136C       TField.WriteLookup
 0001:00011378       TField.SetAutoGenerateValue
 0001:0001138C       TStringField.Create
 0001:000113F0       TStringField.CheckTypeSize
 0001:00011440       TStringField.GetAsBCD
 0001:00011490       TStringField.GetAsBoolean
 0001:000114FC       TStringField.GetAsDateTime
 0001:00011554       TStringField.GetAsFloat
 0001:000115AC       TStringField.GetAsInteger
 0001:000115FC       TStringField.GetAsSqlTimeStamp
 0001:0001164C       TStringField.GetAsString
 0001:0001166C       TStringField.GetAsVariant
 0001:000116C8       TStringField.GetDataSize
 0001:000116D8       TStringField.GetDefaultWidth
 0001:000116E4       TStringField.GetText
 0001:00011770       TStringField.GetValue
 0001:00011888       TStringField.SetAsBCD
 0001:000118DC       TStringField.SetAsBoolean
 0001:00011938       TStringField.SetAsDateTime
 0001:0001198C       TStringField.SetAsFloat
 0001:000119E4       TStringField.SetAsInteger
 0001:00011A38       TStringField.SetAsSQLTimeStamp
 0001:00011A8C       TStringField.SetAsString
 0001:00011BA8       TStringField.SetVarValue
 0001:00011BFC       TWideStringField.CheckTypeSize
 0001:00011C4C       TWideStringField.Create
 0001:00011C8C       TWideStringField.CopyData
 0001:00011CA0       TWideStringField.GetAsString
 0001:00011CF0       TWideStringField.GetAsVariant
 0001:00011D24       TWideStringField.GetAsWideString
 0001:00011D2C       TWideStringField.GetDataSize
 0001:00011D34       TWideStringField.SetAsString
 0001:00011D84       TWideStringField.SetAsWideString
 0001:00011E18       TWideStringField.SetVarValue
 0001:00011E68       TNumericField.Create
 0001:00011EA8       TNumericField.RangeError
 0001:00011F44       TNumericField.SetDisplayFormat
 0001:00011F74       TNumericField.SetEditFormat
 0001:00011FA4       TIntegerField.Create
 0001:0001202C       TIntegerField.CheckRange
 0001:00012078       TIntegerField.GetAsFloat
 0001:0001209C       TIntegerField.GetAsInteger
 0001:000120B8       TIntegerField.GetAsString
 0001:000120FC       TIntegerField.GetAsVariant
 0001:0001212C       TIntegerField.GetDataSize
 0001:00012134       TIntegerField.GetText
 0001:00012218       TIntegerField.GetValue
 0001:0001225C       TIntegerField.SetAsFloat
 0001:0001227C       TIntegerField.SetAsInteger
 0001:000122D4       TIntegerField.SetAsString
 0001:0001238C       TIntegerField.SetMaxValue
 0001:000123B4       TIntegerField.SetMinValue
 0001:000123DC       TIntegerField.SetVarValue
 0001:000123F8       TSmallintField.Create
 0001:0001244C       TSmallintField.GetDataSize
 0001:00012454       TLargeintField.Create
 0001:000124C8       TLargeintField.CheckRange
 0001:00012520       TLargeintField.GetAsFloat
 0001:00012548       TLargeintField.GetAsInteger
 0001:00012568       TLargeintField.GetAsLargeint
 0001:00012598       TLargeintField.GetAsString
 0001:000125E0       TLargeintField.GetAsVariant
 0001:00012614       TLargeintField.GetDataSize
 0001:0001261C       TLargeintField.GetDefaultWidth
 0001:00012624       TLargeintField.GetText
 0001:0001270C       TLargeintField.GetValue
 0001:00012714       TLargeintField.SetAsFloat
 0001:00012730       TLargeintField.SetAsInteger
 0001:00012744       TLargeintField.SetAsLargeint
 0001:000127A4       TLargeintField.SetAsString
 0001:00012860       TLargeintField.SetVarValue
 0001:00012884       TWordField.Create
 0001:000128D4       TWordField.GetDataSize
 0001:000128DC       TAutoIncField.Create
 0001:0001291C       TFloatField.Create
 0001:000129C4       TFloatField.GetAsFloat
 0001:000129EC       TFloatField.GetAsInteger
 0001:00012A00       TFloatField.GetAsString
 0001:00012A38       TFloatField.GetAsVariant
 0001:00012A68       TFloatField.GetDataSize
 0001:00012A70       TFloatField.GetText
 0001:00012B88       TFloatField.SetAsFloat
 0001:00012BF0       TFloatField.SetAsInteger
 0001:00012C10       TFloatField.SetAsString
 0001:00012CD0       TFloatField.SetCurrency
 0001:00012CE8       TFloatField.SetMaxValue
 0001:00012D08       TFloatField.SetMinValue
 0001:00012D28       TFloatField.SetPrecision
 0001:00012D54       TFloatField.SetVarValue
 0001:00012D78       TFloatField.UpdateCheckRange
 0001:00012DB0       TCurrencyField.Create
 0001:00012DF8       TBooleanField.Create
 0001:00012E40       TBooleanField.GetAsBoolean
 0001:00012E64       TBooleanField.GetAsString
 0001:00012EA0       TBooleanField.GetAsVariant
 0001:00012ED8       TBooleanField.GetDataSize
 0001:00012EE0       TBooleanField.GetDefaultWidth
 0001:00012F1C       TBooleanField.LoadTextValues
 0001:00012F44       TBooleanField.SetAsBoolean
 0001:00012F64       TBooleanField.SetAsString
 0001:000130C0       TBooleanField.SetDisplayValues
 0001:0001314C       TBooleanField.SetVarValue
 0001:00013168       TDateTimeField.Create
 0001:000131A8       TDateTimeField.CopyData
 0001:000131B4       TDateTimeField.GetAsDateTime
 0001:000131D8       TDateTimeField.GetAsFloat
 0001:000131EC       TDateTimeField.GetAsString
 0001:000131FC       TDateTimeField.GetAsVariant
 0001:00013230       TDateTimeField.GetDataSize
 0001:00013238       TDateTimeField.GetDefaultWidth
 0001:0001324C       TDateTimeField.GetText
 0001:00013308       TDateTimeField.GetValue
 0001:00013310       TDateTimeField.SetAsDateTime
 0001:00013324       TDateTimeField.SetAsFloat
 0001:0001333C       TDateTimeField.SetAsString
 0001:000133A0       TDateTimeField.SetDisplayFormat
 0001:000133D0       TDateTimeField.SetVarValue
 0001:000133F4       TSQLTimeStampField.Create
 0001:00013434       TSQLTimeStampField.CopyData
 0001:00013448       TSQLTimeStampField.GetAsDateTime
 0001:00013480       TSQLTimeStampField.GetAsSQLTimeStamp
 0001:000134A8       TSQLTimeStampField.GetAsString
 0001:000134B8       TSQLTimeStampField.GetAsVariant
 0001:000134EC       TSQLTimeStampField.GetDataSize
 0001:000134F4       TSQLTimeStampField.GetDefaultWidth
 0001:00013508       TSQLTimeStampField.GetText
 0001:000135B0       TSQLTimeStampField.GetValue
 0001:000135B8       TSQLTimeStampField.SetAsSQLTimeStamp
 0001:000135C0       TSQLTimeStampField.SetAsDateTime
 0001:0001360C       TSQLTimeStampField.SetAsString
 0001:00013640       TSQLTimeStampField.SetDisplayFormat
[...]
 0001:00017904       TDataLink.DataSetChanged
 0001:0001790C       TDataLink.DataSetScrolled
 0001:00017914       TDataLink.EditingChanged
 0001:00017918       TDataLink.ExecuteAction
 0001:00017940       TDataLink.FocusControl
 0001:00017944       TDataLink.LayoutChanged
 0001:0001794C       TDataLink.RecordChanged
 0001:00017950       TDataLink.UpdateAction
 0001:00017978       TDataLink.UpdateData
 0001:0001797C       TDataLink.GetBOF
 0001:00017990       TDataLink.GetEOF
 0001:000179A4       TDataLink.GetBufferCount
 0001:000179A8       TDataLink.MoveBy
 0001:000179C0       TDetailDataLink.GetDetailDataSet
 0001:000179C4       TMasterDataLink.Create
 0001:00017A10       TMasterDataLink.Destroy
 0001:00017A40       TMasterDataLink.ActiveChanged
 0001:00017B10       TMasterDataLink.CheckBrowseMode
 0001:00017B2C       TMasterDataLink.GetDetailDataSet
 0001:00017B30       TMasterDataLink.LayoutChanged
 0001:00017B38       TMasterDataLink.RecordChanged
 0001:00017B80       TMasterDataLink.SetFieldNames
 0001:00017BA8       TDataSource.Create
 0001:00017BFC       TDataSource.Destroy
 0001:00017C58       TDataSource.Edit
 0001:00017C70       TDataSource.SetState
 0001:00017CB8       TDataSource.UpdateState
 0001:00017CDC       TDataSource.IsLinkedTo
 0001:00017D28       TDataSource.SetDataSet
 0001:00017DA4       TDataSource.SetEnabled
 0001:00017DB0       TDataSource.AddDataLink
 0001:00017DDC       TDataSource.RemoveDataLink
 0001:00017E08       TDataSource.NotifyLinkTypes
 0001:00017E58       TDataSource.NotifyDataLinks
 0001:00017E80       TDataSource.DataEvent
 0001:00017EF0       TCheckConstraint.Assign
 0001:00017F38       TCheckConstraint.GetDisplayName
 0001:00017F68       TCheckConstraint.SetImportedConstraint
 0001:00017F90       TCheckConstraint.SetCustomConstraint
 0001:00017FB8       TCheckConstraint.SetErrorMessage
 0001:00017FE0       TCheckConstraints.Create
 0001:00018024       TCheckConstraints.Add
 0001:00018030       TCheckConstraints.GetOwner
 0001:00018034       TCheckConstraints.GetItem
 0001:00018048       TCheckConstraints.SetItem
 0001:00018050       TParams.Create
 0001:00018090       TParams.Create
 0001:000180D0       TParams.Update
 0001:0001810C       TParams.GetItem
 0001:00018124       TParams.SetItem
 0001:0001812C       TParams.GetOwner
 0001:00018130       TParams.GetDataSet
 0001:00018154       TParams.AssignTo
 0001:00018184       TParams.AssignValues
 0001:000181D8       TParams.AddParam
 0001:000181E0       TParams.RemoveParam
 0001:000181EC       TParams.CreateParam
 0001:00018234       TParams.IsEqual
 0001:00018298       TParams.ParamByName
 0001:00018318       TParams.FindParam
 0001:0001835C       TParams.DefineProperties
 0001:00018398       TParams.ReadBinaryData
 0001:000185C8       TParams.GetParamValue
 0001:000186E0       TParams.SetParamValue
 0001:000187D0       TParams.GetParamList
 0001:0001884C       NameDelimiter
 0001:00018874       IsLiteral
 0001:00018894       StripChar
 0001:00018900       StripLiterals
 0001:00018974       TParams.ParseSQL
 0001:00018B40       TParam.Create
 0001:00018BF4       TParam.Create
 0001:00018C40       TParam.IsEqual
 0001:00018CD4       TParam.IsParamStored
 0001:00018CD8       TParam.ParamRef
 0001:00018D08       TParam.GetIsNull
 0001:00018D34       TParam.GetParamType
 0001:00018D44       TParam.SetParamType
 0001:00018D58       TParam.GetDataType
 0001:00018D68       TParam.SetDataType
 0001:00018E34       TParam.GetDataSize
 0001:00018FF8       TParam.GetData
 0001:00019344       TParam.SetBlobData
 0001:000193AC       TParam.SetData
 0001:0001968C       TParam.SetText
 0001:000196E0       LoadFromStreamPersist
 0001:00019740       LoadFromStrings
 0001:00019790       TParam.Assign
 0001:00019868       TParam.AssignTo
 0001:0001989C       TParam.AssignParam
 0001:00019910       TParam.AssignFieldValue
 0001:000199B0       TParam.AssignField
 0001:00019A18       TParam.Clear
 0001:00019A6C       TParam.GetDataSet
 0001:00019A80       TParam.GetDisplayName
 0001:00019AA8       TParam.SetAsBoolean
 0001:00019B00       TParam.GetAsBoolean
 0001:00019B1C       TParam.SetAsFloat
 0001:00019B74       TParam.GetAsFloat
 0001:00019BA4       TParam.SetAsCurrency
 0001:00019BFC       TParam.GetAsCurrency
 0001:00019C2C       TParam.SetAsBCD
 0001:00019C84       TParam.GetAsBCD
 0001:00019CB4       TParam.SetAsFMTBCD
 0001:00019D0C       TParam.GetAsFMTBCD
 0001:00019D40       TParam.SetAsSQLTimeStamp
 0001:00019D98       TParam.GetAsSQLTimeStamp
 0001:00019DC8       TParam.SetAsInteger
 0001:00019E24       TParam.GetAsInteger
 0001:00019E40       TParam.SetAsWord
 0001:00019E9C       TParam.SetAsSmallInt
 0001:00019EF8       TParam.SetAsString
 0001:00019F58       TParam.GetAsString
 0001:00019FB4       TParam.SetAsDate
 0001:0001A00C       TParam.SetAsTime
 0001:0001A064       TParam.SetAsDateTime
 0001:0001A0BC       TParam.GetAsDateTime
 0001:0001A0EC       TParam.SetAsVariant
 0001:0001A228       TParam.GetAsVariant
 0001:0001A244       TParam.SetAsMemo
 0001:0001A29C       TParam.GetAsMemo
 0001:0001A2C4       TParam.SetAsBlob
 0001:0001A31C       TParam.LoadFromFile
 0001:0001A378       TParam.LoadFromStream
 0001:0001A408       TDataSet.Create
 0001:0001A500       TDataSet.Destroy
 0001:0001A5B0       RenameFields
 0001:0001A72C       TDataSet.SetName
 0001:0001A7B8       TDataSet.GetChildren
 0001:0001A83C       TDataSet.SetChildOrder
 0001:0001A870       TDataSet.Loaded
 0001:0001A8E0       TDataSet.SetState
 0001:0001A90C       TDataSet.SetModified
 0001:0001A914       TDataSet.CreateNestedDataSet
 0001:0001A988       TDataSet.SetDataSetField
 0001:0001AAD0       TDataSet.GetNestedDataSets
 0001:0001AAF8       TDataSet.GetFound
 0001:0001AB00       TDataSet.SetFound
 0001:0001AB08       TDataSet.SetObjectView
 0001:0001AB24       TDataSet.SetSparseArrays
 0001:0001AB40       TDataSet.SetConstraints
 0001:0001AB50       TDataSet.SetUniDirectional
 0001:0001AB58       TDataSet.SetTempState
 0001:0001AB74       TDataSet.RestoreState
 0001:0001AB88       TDataSet.Open
 0001:0001AB94       TDataSet.Close
 0001:0001ABA0       TDataSet.CheckBiDirectional
 0001:0001ABF8       TDataSet.CheckInactive
 0001:0001AC7C       TDataSet.CheckActive
 0001:0001ACD4       TDataSet.GetActive
 0001:0001ACEC       TDataSet.SetActive
 0001:0001ADB4       TDataSet.DoInternalOpen
 0001:0001ADEC       TDataSet.OpenCursorComplete
 0001:0001AE68       TDataSet.OpenCursor
 0001:0001AE90       TDataSet.CloseCursor
 0001:0001AEE0       TDataSet.OpenParentDataSet
 0001:0001AF54       TDataSet.GetDetailDataSets
 0001:0001B008       TDataSet.GetDetailLinkFields
 0001:0001B00C       TDataSet.DefChanged
 0001:0001B010       TDataSet.InitFieldDefs
 0001:0001B084       CreateFieldDefs
 0001:0001B1B4       TDataSet.InitFieldDefsFromFields
 0001:0001B22C       TDataSet.SetFieldDefs
 0001:0001B23C       TDataSet.GetFieldClass
 0001:0001B248       TDataSet.GetFieldFullName
 0001:0001B2FC       SetKeyFields
 0001:0001B3D8       TDataSet.CreateFields
 0001:0001B4F4       TDataSet.DestroyFields
 0001:0001B510       TDataSet.CheckFieldCompatibility
 0001:0001B654       DoBindFields
 0001:0001B8B4       TDataSet.BindFields
 0001:0001B8EC       TDataSet.FreeFieldBuffers
 0001:0001B91C       TDataSet.GetFieldCount
 0001:0001B928       TDataSet.GetBlobFieldData
 0001:0001B9E4       TDataSet.GetFieldData
 0001:0001B9E8       TDataSet.GetFieldData
 0001:0001BA0C       TDataSet.GetFieldData
 0001:0001BB2C       TDataSet.SetFieldData
 0001:0001BC28       TDataSet.SetFieldData
 0001:0001BC2C       TDataSet.GetFieldValue
 0001:0001BD44       TDataSet.SetFieldValue
 0001:0001BE3C       TDataSet.FieldByName
 0001:0001BEB8       TDataSet.FieldByNumber
 0001:0001BEC4       TDataSet.FindField
 0001:0001BEFC       TDataSet.GetFieldNames
 0001:0001BF30       TDataSet.GetStateFieldValue
 0001:0001BFA8       TDataSet.SetStateFieldValue
 0001:0001C010       TDataSet.CloseBlob
 0001:0001C014       TDataSet.CreateBlobStream
 0001:0001C018       TDataSet.SetDefaultFields
 0001:0001C020       NativeToDateTime
 0001:0001C0AC       DateTimeToNative
 0001:0001C0F4       BufferToByteArray
 0001:0001C1A8       ByteArrayToBuffer
 0001:0001C238       TDataSet.DataConvert
 0001:0001C414       TDataSet.GetIsIndexField
 0001:0001C418       TDataSet.UpdateIndexDefs
 0001:0001C41C       TDataSet.GetDataSource
 0001:0001C420       TDataSet.IsLinkedTo
 0001:0001C45C       TDataSet.AddDataSource
 0001:0001C480       TDataSet.RemoveDataSource
 0001:0001C4A8       UpdateCalcFields
 0001:0001C548       NotifyDetails
 0001:0001C614       CheckNestedBrowseMode
 0001:0001C668       TDataSet.DataEvent
 0001:0001C77C       TDataSet.ControlsDisabled
 0001:0001C784       TDataSet.DisableControls
 0001:0001C7A4       TDataSet.EnableControls
 0001:0001C7FC       TDataSet.UpdateRecord
 0001:0001C868       TDataSet.AllocRecordBuffer
 0001:0001C86C       TDataSet.FreeRecordBuffer
 0001:0001C870       TDataSet.SetBufListSize
 0001:0001C9F0       AdjustFirstRecord
 0001:0001CA18       TDataSet.SetBufferCount
 0001:0001CAF8       TDataSet.UpdateBufferCount
 0001:0001CB7C       TDataSet.SetCurrentRecord
 0001:0001CC04       TDataSet.GetBuffer
 0001:0001CC24       TDataSet.GetNextRecord
 0001:0001CCF4       TDataSet.GetPriorRecord
 0001:0001CD74       TDataSet.Resync
 0001:0001CF34       TDataSet.MoveBuffer
 0001:0001CF98       TDataSet.ActiveBuffer
 0001:0001CFA4       TDataSet.TempBuffer
 0001:0001CFB0       TDataSet.ClearBuffers
 0001:0001CFD0       TDataSet.ActivateBuffers
 0001:0001CFF0       TDataSet.UpdateCursorPos
 0001:0001D008       TDataSet.CursorPosChanged
 0001:0001D010       TDataSet.GetCurrentRecord
 0001:0001D014       TDataSet.GetNextRecords
 0001:0001D038       TDataSet.GetPriorRecords
 0001:0001D068       TDataSet.InitRecord
 0001:0001D098       TDataSet.IsEmpty
 0001:0001D0A4       TDataSet.GetCalcFields
 0001:0001D118       TDataSet.CalculateFields
 0001:0001D178       TDataSet.ClearCalcFields
 0001:0001D17C       TDataSet.RefreshInternalCalcFields
 0001:0001D208       TDataSet.First
 0001:0001D2D8       TDataSet.InternalFirst
 0001:0001D2DC       TDataSet.InternalLast
 0001:0001D2E0       TDataSet.Last
 0001:0001D37C       TDataSet.MoveBy
 0001:0001D520       TDataSet.Next
 0001:0001D53C       TDataSet.BlockReadNext
 0001:0001D548       TDataSet.Prior
 0001:0001D554       TDataSet.Refresh
 0001:0001D5C8       TDataSet.SetBlockReadSize
 0001:0001D600       TDataSet.CheckParentState
 0001:0001D614       TDataSet.Edit
 0001:0001D6A8       TDataSet.Insert
 0001:0001D758       TDataSet.Append
 0001:0001D7B8       TDataSet.Post
 0001:0001D838       CancelNestedDataSets
 0001:0001D898       TDataSet.Cancel
 0001:0001D94C       TDataSet.Delete
 0001:0001DA44       TDataSet.BeginInsertAppend
 0001:0001DA74       TDataSet.EndInsertAppend
 0001:0001DB24       TDataSet.AddRecord
 0001:0001DC98       TDataSet.InsertRecord
 0001:0001DCA0       TDataSet.AppendRecord
 0001:0001DCA8       TDataSet.CheckOperation
 0001:0001DD38       TDataSet.SetFields
 0001:0001DD6C       TDataSet.ClearFields
 0001:0001DE20       TDataSet.CheckRequiredFields
 0001:0001DEEC       TDataSet.Translate
 0001:0001DF14       TDataSet.InternalInitRecord
 0001:0001DF18       TDataSet.InternalAddRecord
 0001:0001DF1C       TDataSet.InternalDelete
 0001:0001DF20       TDataSet.InternalPost
 0001:0001DF28       TDataSet.InternalCancel
 0001:0001DF2C       TDataSet.InternalEdit
 0001:0001DF30       TDataSet.InternalInsert
 0001:0001DF34       TDataSet.InternalRefresh
 0001:0001DF38       TDataSet.BookmarkAvailable
 0001:0001DF80       TDataSet.GetBookmark
 0001:0001DFB8       TDataSet.FreeBookmark
 0001:0001DFC0       TDataSet.GetBookmarkStr
 0001:0001E000       TDataSet.SetBookmarkStr
 0001:0001E008       TDataSet.GotoBookmark
 0001:0001E050       TDataSet.GetBookmarkData
 0001:0001E054       TDataSet.SetBookmarkData
 0001:0001E058       TDataSet.GetBookmarkFlag
 0001:0001E05C       TDataSet.SetBookmarkFlag
 0001:0001E060       TDataSet.InternalGotoBookmark
 0001:0001E064       TDataSet.InternalSetToRecord
 0001:0001E068       TDataSet.BookmarkValid
 0001:0001E06C       TDataSet.CompareBookmarks
 0001:0001E070       TDataSet.FindRecord
 0001:0001E074       TDataSet.FindFirst
 0001:0001E084       TDataSet.FindLast
 0001:0001E094       TDataSet.FindNext
 0001:0001E0A4       TDataSet.FindPrior
 0001:0001E0B4       TDataSet.SetFiltered
 0001:0001E0D0       TDataSet.SetFilterOptions
 0001:0001E0EC       TDataSet.SetFilterText
 0001:0001E108       TDataSet.SetOnFilterRecord
 0001:0001E12C       TDataSet.Locate
 0001:0001E13C       TDataSet.Lookup
 0001:0001E154       TDataSet.GetAggregateValue
 0001:0001E160       TDataSet.GetAggRecordCount
 0001:0001E164       TDataSet.ResetAggField
 0001:0001E168       TDataSet.CheckBrowseMode
 0001:0001E1CC       TDataSet.GetCanModify
 0001:0001E1D0       TDataSet.CheckCanModify
 0001:0001E22C       TDataSet.GetFieldList
 0001:0001E2AC       TDataSet.GetRecordCount
 0001:0001E2B0       TDataSet.GetRecNo
 0001:0001E2B4       TDataSet.SetRecNo
 0001:0001E2B8       TDataSet.GetRecordSize
 0001:0001E2BC       TDataSet.IsSequenced
 0001:0001E2C0       TDataSet.UpdateStatus
 0001:0001E2C4       TDataSet.DoAfterCancel
 0001:0001E2E4       TDataSet.DoAfterClose
 0001:0001E304       TDataSet.DoAfterDelete
 0001:0001E324       TDataSet.DoAfterEdit
 0001:0001E344       TDataSet.DoAfterInsert
 0001:0001E364       TDataSet.DoAfterOpen
 0001:0001E398       TDataSet.DoAfterPost
 0001:0001E3B8       TDataSet.DoAfterRefresh
 0001:0001E3D8       TDataSet.DoAfterScroll
 0001:0001E3F8       TDataSet.DoBeforeCancel
 0001:0001E418       TDataSet.DoBeforeClose
 0001:0001E438       TDataSet.DoBeforeDelete
 0001:0001E458       TDataSet.DoBeforeEdit
 0001:0001E478       TDataSet.DoBeforeInsert
 0001:0001E498       TDataSet.DoBeforeOpen
 0001:0001E4B8       TDataSet.DoBeforePost
 0001:0001E4D8       TDataSet.DoBeforeRefresh
 0001:0001E4F8       TDataSet.DoBeforeScroll
 0001:0001E518       TDataSet.DoOnCalcFields
 0001:0001E538       TDataSet.DoOnNewRecord
 0001:0001E558       TDataSet.PSEndTransaction
 0001:0001E55C       TDataSet.PSExecute
 0001:0001E5AC       TDataSet.PSExecuteStatement
 0001:0001E604       TDataSet.PSGetAttributes
 0001:0001E608       TDataSet.PSGetDefaultOrder
 0001:0001E60C       TDataSet.PSGetKeyFields
 0001:0001E674       TDataSet.PSGetParams
 0001:0001E678       TDataSet.PSGetQuoteChar
 0001:0001E684       TDataSet.PSGetTableName
 0001:0001E690       TDataSet.GetIndexDefs
 0001:0001E808       TDataSet.PSGetIndexDefs
 0001:0001E80C       TDataSet.PSGetUpdateException
 0001:0001E830       TDataSet.PSInTransaction
 0001:0001E834       TDataSet.PSIsSQLBased
 0001:0001E838       TDataSet.PSIsSQLSupported
 0001:0001E83C       TDataSet.PSReset
 0001:0001E840       TDataSet.PSSetCommandText
 0001:0001E844       TDataSet.PSSetParams
 0001:0001E848       TDataSet.PSStartTransaction
 0001:0001E84C       TDataSet.PSUpdateRecord
 0001:0001E99C       TDefaultDBScreenApplication.GetCursor
 0001:0001E9A0       TDefaultDBScreenApplication.GetTitle
 0001:0001E9B4       TDefaultDBScreenApplication.ProcessMessages
 0001:0001E9B8       TDefaultDBScreenApplication.SetCursor
 0001:0001E9BC       TDefaultDBScreenApplication.SetTitle
 0001:0001E9D0       Finalization
 0001:0001EA2C       DB
 0001:0001F164       NextTokenIs
 0001:0001F220       GetSQLToken
 0001:0001F65C       StartToken
 0001:0001F678       NextSQLToken
 0001:0001F9D4       GenerateParamSQL
 0001:0001FB6C       AddWhereClause
 0001:0001FC8C       AddParamSQLForDetail
 0001:0001FD10       GetTableNameFromQuery
 0001:0001FD8C       GetTableNameFromSQL
 0001:0001FEB0       IsMultiTableQuery
 0001:00020064       AddField
 0001:000200A8       GetIndexForOrderBy
 0001:000202D4       GetPChar
 0001:000202EC       Split
 0001:000202F8       NextItem
 0001:00020410       PopValue
 0001:00020444       GetFieldInfo
 0001:0002056C       IsNumeric
 0001:0002058C       IsTemporal
 0001:0002059C       TFilterExpr.Create
 0001:0002061C       TFilterExpr.Destroy
 0001:00020680       TFilterExpr.FieldFromNode
 0001:00020718       TFilterExpr.GetExprData
 0001:00020760       TFilterExpr.GetFilterData
 0001:000207E8       TFilterExpr.NewCompareNode
 0001:000208A8       TFilterExpr.NewNode
 0001:0002099C       TFilterExpr.PutConstBCD
 0001:000209FC       TFilterExpr.PutConstFMTBCD
 0001:00020A3C       TFilterExpr.PutConstBool
 0001:00020A64       TFilterExpr.PutConstDate
 0001:00020ABC       TFilterExpr.PutConstDateTime
 0001:00020B20       TFilterExpr.PutConstSQLTimeStamp
 0001:00020B60       TFilterExpr.PutConstFloat
 0001:00020BA4       TFilterExpr.PutConstInt
 0001:00020C94       TFilterExpr.PutConstNode
 0001:00020D04       TFilterExpr.PutConstStr
 0001:00020DB4       TFilterExpr.PutConstTime
 0001:00020E0C       TFilterExpr.PutData
 0001:00020E38       TFilterExpr.PutConstant
 0001:00020FCC       TFilterExpr.PutExprNode
 0001:00021628       TFilterExpr.PutFieldNode
 0001:0002171C       TFilterExpr.PutNode
 0001:00021760       TFilterExpr.SetNodeOp
 0001:00021778       TFilterExpr.GetFieldByName
 0001:000218CC       TExprParser.Create
 0001:00021998       TExprParser.Destroy
 0001:000219BC       TExprParser.SetExprParams
 0001:00021C50       TExprParser.NextTokenIsLParen
 0001:00021C68       EndOfLiteral
 0001:00021CFC       IsKatakana
 0001:00021D14       Skip
 0001:00021D70       TExprParser.NextToken
 0001:00022398       TExprParser.ParseExpr
 0001:00022440       TExprParser.ParseExpr2
 0001:000224E8       TExprParser.ParseExpr3
 0001:00022590       TExprParser.ParseExpr4
 0001:00022944       TExprParser.ParseExpr5
 0001:00022A1C       TExprParser.ParseExpr6
 0001:00022AF4       TExprParser.ParseExpr7
 0001:00022F14       TExprParser.GetScopeKind
 0001:00022FD0       TExprParser.GetFuncResultInfo
 0001:000233A0       TExprParser.TokenName
 0001:000233F4       TExprParser.TokenSymbolIs
 0001:00023418       TExprParser.TokenSymbolIsFunc
 0001:000236CC       TExprParser.TypeCheckArithOp
 0001:00023874       Finalization
 0001:000238A4       DBCommon
 0001:00023974       @GetPackageInfoTable
 0001:0002397C       @PackageLoad
 0001:00023988       @PackageUnload
 0001:00023994       dbrtl
 0002:00000000       Module
 0002:00000018       TlsProc
 0002:00000028       NullSQLTimeStamp
 0002:00000038       IncrementAmount
 0002:00000040       SQLTimeStampVariantType
 0002:00000044       AdjustAmt
 0002:0000004C       AdjustAmt
 0002:00000054       AdjustAmt
 0002:0000005C       AdjustAmt
 0002:00000064       NullBcd
 0002:00000088       FMTBcdVariantType
 0002:0000008C       spaceChars
 0002:000000AC       Power10
 0002:000000BC       FConst10
 0002:000000C0       CWNear
 0002:000000C4       Dot
 0002:000000C8       Separator
 0002:000000CC       DefaultFieldClasses
 0002:00000164       FieldTypeNames
 0002:000001FC       FieldTypeVarMap
 0002:00000248       RegisterFieldsProc
 0002:0000024C       TypeSizes
 0002:00000274       Events
 0002:00000278       Values
 0002:0000027C       VarTypeMap
 0002:00000314       BaseFieldTypes
 0002:0000033C       ReverseOperator
 0002:00000344       BoolFalse
 0002:00000348       Operators
 0002:00000350       Operators
 0002:00000354       Operators
 0002:00001000       ModuleIsLib
 0002:00001001       ModuleIsPackage
 0002:00001004       TlsIndex
 0002:0000100C       HInstance
 0002:00001010       .1
 0002:00001014       tlsBuffer
 0002:00001018       .1
 0002:0000101C       .3
 0002:00001020       .1
 0002:00001024       .1
 0002:00001028       .3
 0002:0000102C       LoginDialogProc
 0002:00001030       LoginDialogExProc
 0002:00001034       RemoteLoginDialogProc
 0002:00001038       ScreenCursorProc
 0002:0000103C       PasswordDialog
 0002:00001040       DBScreen
 0002:00001044       DBApplication
 0002:00001048       .36
 0002:0000104C       .3


Bound resource files

dbrtl.res
c:\TEMP\dtf6E73.tmp


Program entry point at 0001:00023994
