
 Start         Length     Name                   Class
 0001:00000000 0003C2BCH .text                   CODE
 0002:00000000 000008ECH .data                   DATA
 0002:000008EC 00000201H .bss                    BSS


Detailed map of segments

 0001:00000000 0000030E C=CODE     S=.text    G=(none)   M=System   ACBP=A9
 0001:00000310 0000022C C=CODE     S=.text    G=(none)   M=SysInit  ACBP=A9
 0001:0000053C 00000148 C=CODE     S=.text    G=(none)   M=Windows  ACBP=A9
 0001:00000684 0000000E C=CODE     S=.text    G=(none)   M=Types    ACBP=A9
 0001:00000694 0000015E C=CODE     S=.text    G=(none)   M=SysUtils ACBP=A9
 0001:000007F4 0000000E C=CODE     S=.text    G=(none)   M=SysConst ACBP=A9
 0001:00000804 0000003E C=CODE     S=.text    G=(none)   M=Variants ACBP=A9
 0001:00000844 0000000E C=CODE     S=.text    G=(none)   M=VarUtils ACBP=A9
 0001:00000854 00000226 C=CODE     S=.text    G=(none)   M=Classes  ACBP=A9
 0001:00000A7C 0000000E C=CODE     S=.text    G=(none)   M=ActiveX  ACBP=A9
 0001:00000A8C 00000038 C=CODE     S=.text    G=(none)   M=Messages ACBP=A9
 0001:00000AC4 00000016 C=CODE     S=.text    G=(none)   M=TypInfo  ACBP=A9
 0001:00000ADC 0000000E C=CODE     S=.text    G=(none)   M=RTLConsts ACBP=A9
 0001:00000AEC 0000096E C=CODE     S=.text    G=(none)   M=DB       ACBP=A9
 0001:0000145C 0000001E C=CODE     S=.text    G=(none)   M=FMTBcd   ACBP=A9
 0001:0000147C 0000000E C=CODE     S=.text    G=(none)   M=Math     ACBP=A9
 0001:0000148C 0000000E C=CODE     S=.text    G=(none)   M=DBConsts ACBP=A9
 0001:0000149C 0000000E C=CODE     S=.text    G=(none)   M=SqlTimSt ACBP=A9
 0001:000014AC 0000000E C=CODE     S=.text    G=(none)   M=DateUtils ACBP=A9
 0001:000014BC 0000000E C=CODE     S=.text    G=(none)   M=MaskUtils ACBP=A9
 0001:000014CC 0000000E C=CODE     S=.text    G=(none)   M=ComObj   ACBP=A9
 0001:000014DC 0000000E C=CODE     S=.text    G=(none)   M=ComConst ACBP=A9
 0001:000014EC 0000001E C=CODE     S=.text    G=(none)   M=DBCommon ACBP=A9
 0001:0000150C 0000000E C=CODE     S=.text    G=(none)   M=Midas    ACBP=A9
 0001:0000151C 00000918 C=CODE     S=.text    G=(none)   M=IBUtils  ACBP=A9
 0001:00001E34 00000068 C=CODE     S=.text    G=(none)   M=IBExternals ACBP=A9
 0001:00001E9C 00000038 C=CODE     S=.text    G=(none)   M=IBInstallHeader ACBP=A9
 0001:00001ED4 00000498 C=CODE     S=.text    G=(none)   M=IBXConst ACBP=A9
 0001:0000236C 00001844 C=CODE     S=.text    G=(none)   M=IB       ACBP=A9
 0001:00003BB0 0000113C C=CODE     S=.text    G=(none)   M=IBIntf   ACBP=A9
 0001:00004CEC 000000F4 C=CODE     S=.text    G=(none)   M=IBHeader ACBP=A9
 0001:00004DE0 00000038 C=CODE     S=.text    G=(none)   M=IBErrorCodes ACBP=A9
 0001:00004E18 00008464 C=CODE     S=.text    G=(none)   M=IBCustomDataSet ACBP=A9
 0001:0000D27C 00000944 C=CODE     S=.text    G=(none)   M=IBBlob   ACBP=A9
 0001:0000DBC0 00000036 C=CODE     S=.text    G=(none)   M=Contnrs  ACBP=A9
 0001:0000DBF8 00005ACC C=CODE     S=.text    G=(none)   M=IBServices ACBP=A9
 0001:000136C4 00005CB0 C=CODE     S=.text    G=(none)   M=IBSQL    ACBP=A9
 0001:00019374 00002674 C=CODE     S=.text    G=(none)   M=IBSQLMonitor ACBP=A9
 0001:0001B9E8 000009A4 C=CODE     S=.text    G=(none)   M=IBDatabaseInfo ACBP=A9
 0001:0001C38C 00004F68 C=CODE     S=.text    G=(none)   M=IBDatabase ACBP=A9
 0001:000212F4 00001338 C=CODE     S=.text    G=(none)   M=IBQuery  ACBP=A9
 0001:0002262C 0000032E C=CODE     S=.text    G=(none)   M=DBClient ACBP=A9
 0001:0002295C 0000000E C=CODE     S=.text    G=(none)   M=DSIntf   ACBP=A9
 0001:0002296C 0000000E C=CODE     S=.text    G=(none)   M=MidConst ACBP=A9
 0001:0002297C 00000016 C=CODE     S=.text    G=(none)   M=Provider ACBP=A9
 0001:00022994 0000000E C=CODE     S=.text    G=(none)   M=DataBkr  ACBP=A9
 0001:000229A4 0000003E C=CODE     S=.text    G=(none)   M=DBLocal  ACBP=A9
 0001:000229E4 0000185C C=CODE     S=.text    G=(none)   M=DBLocalI ACBP=A9
 0001:00024240 00005E40 C=CODE     S=.text    G=(none)   M=IBTable  ACBP=A9
 0001:0002A080 00000858 C=CODE     S=.text    G=(none)   M=IBBatchMove ACBP=A9
 0001:0002A8D8 0000002E C=CODE     S=.text    G=(none)   M=SyncObjs ACBP=A9
 0001:0002A908 00001068 C=CODE     S=.text    G=(none)   M=IBEvents ACBP=A9
 0001:0002B970 0000CD34 C=CODE     S=.text    G=(none)   M=IBExtract ACBP=A9
 0001:000386A4 00001B3C C=CODE     S=.text    G=(none)   M=IBInstall ACBP=A9
 0001:0003A1E0 000019F0 C=CODE     S=.text    G=(none)   M=IBStoredProc ACBP=A9
 0001:0003BBD0 000004F4 C=CODE     S=.text    G=(none)   M=IBUpdateSQL ACBP=A9
 0001:0003C0C4 000001F5 C=CODE     S=.text    G=(none)   M=ibxpress ACBP=A9
 0002:00000000 00000028 C=DATA     S=.data    G=DGROUP   M=SysInit  ACBP=A9
 0002:00000028 000001E0 C=DATA     S=.data    G=DGROUP   M=IB       ACBP=A9
 0002:00000208 000000A0 C=DATA     S=.data    G=DGROUP   M=IBCustomDataSet ACBP=A9
 0002:000002A8 00000060 C=DATA     S=.data    G=DGROUP   M=IBServices ACBP=A9
 0002:00000308 00000018 C=DATA     S=.data    G=DGROUP   M=IBSQLMonitor ACBP=A9
 0002:00000320 0000015C C=DATA     S=.data    G=DGROUP   M=IBDatabase ACBP=A9
 0002:0000047C 000000EC C=DATA     S=.data    G=DGROUP   M=IBExtract ACBP=A9
 0002:00000568 0000002C C=DATA     S=.data    G=DGROUP   M=IBInstall ACBP=A9
 0002:00001000 00000018 C=BSS      S=.bss     G=DGROUP   M=SysInit  ACBP=A9
 0002:00001018 00000004 C=BSS      S=.bss     G=DGROUP   M=Windows  ACBP=A9
 0002:0000101C 00000004 C=BSS      S=.bss     G=DGROUP   M=Messages ACBP=A9
 0002:00001020 00000004 C=BSS      S=.bss     G=DGROUP   M=IBUtils  ACBP=A9
 0002:00001024 00000004 C=BSS      S=.bss     G=DGROUP   M=IBExternals ACBP=A9
 0002:00001028 00000004 C=BSS      S=.bss     G=DGROUP   M=IBInstallHeader ACBP=A9
 0002:0000102C 00000004 C=BSS      S=.bss     G=DGROUP   M=IBXConst ACBP=A9
 0002:00001030 0000001D C=BSS      S=.bss     G=DGROUP   M=IB       ACBP=A9
 0002:00001050 00000110 C=BSS      S=.bss     G=DGROUP   M=IBIntf   ACBP=A9
 0002:00001160 00000004 C=BSS      S=.bss     G=DGROUP   M=IBHeader ACBP=A9
 0002:00001164 00000004 C=BSS      S=.bss     G=DGROUP   M=IBErrorCodes ACBP=A9
 0002:00001168 00000004 C=BSS      S=.bss     G=DGROUP   M=IBCustomDataSet ACBP=A9
 0002:0000116C 00000004 C=BSS      S=.bss     G=DGROUP   M=IBBlob   ACBP=A9
 0002:00001170 00000004 C=BSS      S=.bss     G=DGROUP   M=IBServices ACBP=A9
 0002:00001174 00000004 C=BSS      S=.bss     G=DGROUP   M=IBSQL    ACBP=A9
 0002:00001178 0000005C C=BSS      S=.bss     G=DGROUP   M=IBSQLMonitor ACBP=A9
 0002:000011D4 00000004 C=BSS      S=.bss     G=DGROUP   M=IBDatabaseInfo ACBP=A9
 0002:000011D8 00000004 C=BSS      S=.bss     G=DGROUP   M=IBDatabase ACBP=A9
 0002:000011DC 00000004 C=BSS      S=.bss     G=DGROUP   M=IBQuery  ACBP=A9
 0002:000011E0 00000004 C=BSS      S=.bss     G=DGROUP   M=DBLocalI ACBP=A9
 0002:000011E4 00000004 C=BSS      S=.bss     G=DGROUP   M=IBTable  ACBP=A9
 0002:000011E8 00000004 C=BSS      S=.bss     G=DGROUP   M=IBBatchMove ACBP=A9
 0002:000011EC 00000004 C=BSS      S=.bss     G=DGROUP   M=IBEvents ACBP=A9
 0002:000011F0 00000004 C=BSS      S=.bss     G=DGROUP   M=IBExtract ACBP=A9
 0002:000011F4 00000004 C=BSS      S=.bss     G=DGROUP   M=IBInstall ACBP=A9
 0002:000011F8 00000004 C=BSS      S=.bss     G=DGROUP   M=IBStoredProc ACBP=A9
 0002:000011FC 00000004 C=BSS      S=.bss     G=DGROUP   M=IBUpdateSQL ACBP=A9


  Address         Publics by Name

 0002:00001168       .01
 0002:00001160       .1
 0002:0000101C       .1
 0002:00001024       .1
 0002:00001010       .1
 0002:00001020       .1
 0002:00001164       .1
 0002:00001028       .1
 0002:0000102C       .1
 0002:00001150       .1
 0002:00001174       .11
 0002:000011DC       .2
 0002:000011D4       .2
 0002:000011E8       .2
 0002:000011EC       .2
 0002:000011F8       .2
 0002:0000116C       .2
 0002:000011E4       .2
 0002:000011FC       .2
 0002:00001170       .23
 0002:000011E0       .3
 0002:00001018       .3
 0002:00001178       .3
 0002:00001048       .6
 0002:000011F0       .6
 0002:000011D8       .8
 0002:000011F4       .8
 0001:0003C294       @GetPackageInfoTable
 0001:00000418       @GetTls
 0001:00000488       @InitPkg
 0001:0003C29C       @PackageLoad
 0001:000004EC       @PackageLoad
 0001:0003C2A8       @PackageUnload
 0001:000004F8       @PackageUnload
 0001:00022488       AddFieldToList
 0001:00001D78       AddIBParamSQLForDetail
 0001:000189AC       AddToProcessedSQL
 0001:00001C58       AddWhereClause
 0001:00004D70       add_spb_length
 0001:00004D80       add_spb_numeric
 0001:00000348       AllocTlsBuffer
 0001:0000C49C       AssignParams
 0002:000011B8       bDone
 0002:00001050       BLOB_get
 0002:00001054       BLOB_put
 0001:00017640       CheckCRLF
 0001:000046AC       CheckIBInstallLoaded
 0001:0000467C       CheckIBLoaded
 0001:00021E3C       CheckRequiredParams
 0001:000033AC       CheckStatusVector
 0001:0000054C       CloseHandle
 0001:0001B888       CloseThreads
 0002:000004AC       ColumnTypes
 0001:000092EC       CopyOldBuffer
 0001:00000554       CreateEvent
 0001:0000055C       CreateFileMapping
 0001:00019D74       CreateLocalEvent
 0001:0000056C       CreateMutex
 0001:00024018       CreateParamsFromMasterFields
 0002:000002A0       CreateProviderProc
 0002:000011BC       CS
 0001:000294D8       DBKeyCompare
 0001:00024238       DBLocalI
 0002:00000208       DefaultFieldClasses
 0001:0000062C       DefWindowProc
 0001:00025A64       DeleteByConstraint
 0001:00025938       DeleteByIndex
 0001:00025D7C       DeleteByKey
 0001:0000058C       DeleteCriticalSection
 0001:0001B7F4       DisableMonitoring
 0002:00000320       DPBConstantNames
 0001:0002B1F0       EBP
 0001:000035D8       EIBError.Create
 0001:00003650       EIBError.Create
 0001:0003A02C       EIBInstall.Create
 0001:0003A0A8       EIBInstall.Create
 0001:0001B7AC       EnableMonitoring
 0001:00000594       EnterCriticalSection
 0001:000391C8       ErrorCallback
 0001:0002B05C       EventCallback
 0001:000003F4       ExitProcessTLS
 0001:000003CC       ExitThreadTLS
 0001:000018C8       ExtractIdentifier
 0002:00001194       FBuffer
 0002:000011A4       FBufferSize
 0001:00003B2C       Finalization
 0001:0003BB98       Finalization
 0001:0001B8D8       Finalization
 0001:0002A8A0       Finalization
 0001:0001C354       Finalization
 0001:00021290       Finalization
 0001:000225F4       Finalization
 0001:00024208       Finalization
 0001:00038600       Finalization
 0001:00002334       Finalization
 0001:00001E9C       Finalization
 0001:0002A048       Finalization
 0001:00001E64       Finalization
 0001:00013674       Finalization
 0001:00001DFC       Finalization
 0001:0002B938       Finalization
 0001:0000DB88       Finalization
 0001:00004DE0       Finalization
 0001:00000A8C       Finalization
 0001:00000504       Finalization
 0001:00004DA8       Finalization
 0001:0000064C       Finalization
 0001:0003A128       Finalization
 0001:00004CA8       Finalization
 0001:0000D0A8       Finalization
 0001:0001933C       Finalization
 0001:0003C08C       Finalization
 0002:00001198       FMonitorCount
 0001:000315A4       FormatDomainStr
 0001:00001690       FormatIdentifier
 0001:000017A4       FormatIdentifierValue
 0001:0003730C       FormatParamStr
 0002:0000119C       FReaderCount
 0002:000011B0       FReaderThread
 0002:0000118C       FReadEvent
 0002:00001190       FReadFinishedEvent
 0001:00004640       FreeIBInstallLibrary
 0001:000043E4       FreeIBLibrary
 0001:0000059C       FreeLibrary
 0001:00000310       FreeLibrary
 0002:0000117C       FSharedBuffer
 0002:000011A8       FTimeStamp
 0002:000011A0       FTraceDataType
 0002:00001184       FWriteEvent
 0002:00001188       FWriteFinishedEvent
 0002:00001180       FWriteLock
 0002:000011AC       FWriterThread
 0001:000203C4       GenerateDPB
 0001:00028D28       GenerateFieldLists
 0001:00001AC0       GenerateParamSQL
 0001:000207D4       GenerateTPB
 0001:00028F78       GenerateWherePrimaryFieldList
 0001:00004CFC       getb
 0001:0000D31C       GetBlobInfo
 0001:000046A0       GetIBClientVersion
 0001:0000371C       GetIBDataBaseErrorMessages
 0001:00029674       GetIdx
 0001:000005B4       GetLastError
 0001:00030620       GetLongDatabaseInfo
 0001:0002A448       GetMappingNames
 0001:00004400       GetProcAddr
 0001:00003BC0       GetProcAddr
 0001:000005BC       GetProcAddress
 0001:00000354       GetTlsSize
 0001:00007018       GetUpdateKind
 0001:0001E0E0       HidePassword
 0002:0000100C       HInstance
 0001:00003B7C       IB
 0001:000030AC       IBAlloc
 0001:0002A8D0       IBBatchMove
 0001:0000DBB8       IBBlob
 0002:0000115C       IBClientVersion
 0002:00001030       IBCS
 0001:0000D268       IBCustomDataSet
 0001:000212EC       IBDatabase
 0001:00003150       IBDataBaseError
 0002:0000104C       IBDataBaseErrorMessages
 0001:0001C384       IBDatabaseInfo
 0001:000030D8       IBError
 0001:00004E10       IBErrorCodes
 0002:00000028       IBErrorMessages
 0001:0002B968       IBEvents
 0001:00001E94       IBExternals
 0001:0003869C       IBExtract
 0001:00004DD8       IBHeader
 0001:0003A1CC       IBInstall
 0001:00039158       IBInstallerError
 0002:00000568       IBInstallerMessages
 0001:00001ECC       IBInstallHeader
 0002:00001158       IBInstallLibrary
 0001:00004CE4       IBIntf
 0002:00001154       IBLibrary
 0001:00022624       IBQuery
 0001:000136BC       IBServices
 0001:0001936C       IBSQL
 0001:0001B9B8       IBSQLMonitor
 0001:0003BBC8       IBStoredProc
 0001:0002A078       IBTable
 0001:0003C0BC       IBUpdateSQL
 0001:00001E2C       IBUtils
 0001:00002364       IBXConst
 0001:0003C2B4       ibxpress
 0001:00026BA0       InitFieldsList
 0001:000005C4       InitializeCriticalSection
 0001:00000458       InitializeModule
 0001:0000053C       InitializeSecurityDescriptor
 0001:00001E34       InitializeTCTimeStructure
 0001:000003A0       InitProcessTLS
 0001:0000035C       InitThreadTLS
 0002:0000055C       IntegralSubtypes
 0001:000005A4       InterlockedDecrement
 0001:000005AC       InterlockedIncrement
 0001:000274FC       InternalCreateIndex
 0001:00027280       InternalCreateTable
 0002:00001114       isc_add_user
 0002:000010E4       isc_attach_database
 0002:00001068       isc_blob_info
 0002:00001100       isc_cancel_events
 0002:00001070       isc_close_blob
 0002:000010F4       isc_commit_retaining
 0002:000010F0       isc_commit_transaction
 0002:0000107C       isc_create_blob2
 0002:000010E8       isc_database_info
 0002:00001090       isc_decode_date
 0002:00001094       isc_decode_sql_date
 0001:00004914       isc_decode_sql_date_stub
 0002:00001098       isc_decode_sql_time
 0001:00004954       isc_decode_sql_time_stub
 0002:0000109C       isc_decode_timestamp
 0001:00004994       isc_decode_timestamp_stub
 0002:00001118       isc_delete_user
 0002:000010E0       isc_detach_database
 0002:000010DC       isc_drop_database
 0002:000010C8       isc_dsql_alloc_statement2
 0002:000010D4       isc_dsql_describe
 0002:000010D0       isc_dsql_describe_bind
 0002:000010B8       isc_dsql_execute
 0002:000010B4       isc_dsql_execute2
 0002:000010D8       isc_dsql_execute_immediate
 0002:000010C0       isc_dsql_fetch
 0002:000010B0       isc_dsql_free_statement
 0002:000010CC       isc_dsql_prepare
 0002:000010BC       isc_dsql_set_cursor_name
 0002:000010C4       isc_dsql_sql_info
 0002:000010A0       isc_encode_date
 0002:000010A4       isc_encode_sql_date
 0001:0000484C       isc_encode_sql_date_stub
 0002:000010A8       isc_encode_sql_time
 0001:0000488C       isc_encode_sql_time_stub
 0002:000010AC       isc_encode_timestamp
 0001:000048CC       isc_encode_timestamp_stub
 0002:0000110C       isc_event_block
 0002:00001108       isc_event_counts
 0002:00001110       isc_free
 0002:00001074       isc_get_segment
 0002:00001128       isc_install_clear_options
 0001:000049D8       isc_install_clear_options_stub
 0002:0000112C       isc_install_execute
 0001:00004A20       isc_install_execute_stub
 0002:00001130       isc_install_get_info
 0001:00004A68       isc_install_get_info_stub
 0002:00001134       isc_install_get_message
 0001:00004AB0       isc_install_get_message_stub
 0002:00001138       isc_install_load_external_text
 0001:00004AF8       isc_install_load_external_text_stub
 0002:0000113C       isc_install_precheck
 0001:00004B40       isc_install_precheck_stub
 0002:00001140       isc_install_set_option
 0001:00004B88       isc_install_set_option_stub
 0002:0000114C       isc_install_unset_option
 0001:00004C60       isc_install_unset_option_stub
 0002:00001060       isc_interprete
 0002:0000111C       isc_modify_user
 0002:0000106C       isc_open_blob2
 0002:00001120       isc_prepare_transaction
 0002:00001124       isc_prepare_transaction2
 0002:00001078       isc_put_segment
 0002:00001104       isc_que_events
 0002:000010FC       isc_rollback_retaining
 0001:000046E0       isc_rollback_retaining_stub
 0002:000010F8       isc_rollback_transaction
 0002:00001080       isc_service_attach
 0001:0000472C       isc_service_attach_stub
 0002:00001084       isc_service_detach
 0001:00004774       isc_service_detach_stub
 0002:00001088       isc_service_query
 0001:000047BC       isc_service_query_stub
 0002:0000108C       isc_service_start
 0001:00004804       isc_service_start_stub
 0002:00001058       isc_sqlcode
 0002:0000105C       isc_sql_interprete
 0002:000010EC       isc_start_multiple
 0002:00001144       isc_uninstall_execute
 0001:00004BD0       isc_uninstall_execute_stub
 0002:00001148       isc_uninstall_precheck
 0001:00004C18       isc_uninstall_precheck_stub
 0002:00001064       isc_vax_integer
 0001:00000634       KillTimer
 0001:000005CC       LeaveCriticalSection
 0001:0000441C       LoadIBInstallLibrary
 0001:00003BDC       LoadIBLibrary
 0001:000005D4       LoadLibrary
 0001:00000318       LocalAlloc
 0001:00000320       LocalFree
 0001:000361A0       MakePrivString
 0001:000005DC       MapViewOfFile
 0001:0000151C       Max
 0001:00000ABC       Messages
 0001:00001524       Min
 0002:00000000       Module
 0002:00001000       ModuleIsLib
 0002:00001001       ModuleIsPackage
 0001:0001B73C       MonitorHook
 0002:00000308       MonitorHookNames
 0001:0001B83C       MonitoringEnabled
 0001:00003450       NextP
 0001:00003394       NextP
 0001:000005E4       OpenEvent
 0001:000005EC       OpenFileMapping
 0001:00019D2C       OpenLocalEvent
 0001:000005F4       OpenMutex
 0001:0000063C       PostMessage
 0002:0000047C       PrivTypes
 0001:00004D24       putb
 0001:00004D4C       putbx
 0001:000019EC       QuoteIdentifier
 0001:000015B4       RandomInteger
 0001:0000152C       RandomString
 0001:0000D408       ReadBlob
 0001:000175EC       ReadInput
 0001:0000B6E0       RecordDataLength
 0001:000005FC       ReleaseMutex
 0001:0000704C       ResetBufferUpdateStatus
 0001:00000604       ResetEvent
 0002:000002A4       RetCodes
 0001:0000060C       SetEvent
 0001:000036D0       SetIBDataBaseErrorMessages
 0001:00000544       SetSecurityDescriptorDacl
 0001:000162E8       SetStringValue
 0001:00000644       SetTimer
 0001:00000614       Sleep
 0002:000002A8       SPBConstantNames
 0002:000002D8       SPBConstantValues
 0001:000391E0       StatusCallback
 0001:0000337C       StatusVector
 0001:00003388       StatusVectorArray
 0001:0000346C       StatusVectorAsText
 0001:000015D8       StripString
 0002:0000051C       SubTypes
 0001:00000534       SysInit
 0001:00013560       TConfigFileData.Create
 0001:000135A8       TConfigFileData.Destroy
 0001:000135EC       TConfigParams.Create
 0001:00013638       TConfigParams.Destroy
 0001:00013448       TDatabaseInfo.Create
 0001:00013484       TDatabaseInfo.Destroy
 0001:00011E68       TIBBackupService.Create
 0001:00011EB0       TIBBackupService.Destroy
 0001:00011EE0       TIBBackupService.SetBackupFile
 0001:00011BEC       TIBBackupService.SetServiceStartOptions
 0001:0002021C       TIBBase.CheckDatabase
 0001:0002024C       TIBBase.CheckTransaction
 0001:000201C0       TIBBase.Create
 0001:000201E4       TIBBase.Destroy
 0001:000202B8       TIBBase.DoAfterDatabaseDisconnect
 0001:00020300       TIBBase.DoAfterTransactionEnd
 0001:000202A4       TIBBase.DoBeforeDatabaseDisconnect
 0001:000202EC       TIBBase.DoBeforeTransactionEnd
 0001:000202CC       TIBBase.DoDatabaseFree
 0001:00020314       TIBBase.DoTransactionFree
 0001:0002027C       TIBBase.GetDBHandle
 0001:00020290       TIBBase.GetTRHandle
 0001:00020334       TIBBase.SetDatabase
 0001:0002037C       TIBBase.SetTransaction
 0001:0002A388       TIBBatchMove.Create
 0001:0002A3E8       TIBBatchMove.Destroy
 0001:0002A500       TIBBatchMove.Execute
 0001:0002A89C       TIBBatchMove.InternalExecute
 0001:0002A844       TIBBatchMove.Notification
 0001:0002A87C       TIBBatchMove.SetMappings
 0001:0002A88C       TIBBatchMove.SetSource
 0001:00006B1C       TIBBCDField.CheckTypeSize
 0001:00006ACC       TIBBCDField.Create
 0001:00006B20       TIBBCDField.GetAsCurrency
 0001:00006B44       TIBBCDField.GetAsString
 0001:00006B78       TIBBCDField.GetAsVariant
 0001:00006BA8       TIBBCDField.GetDataSize
 0001:0000D580       TIBBlobStream.Call
 0001:0000DB64       TIBBlobStream.Cancel
 0001:0000D5C0       TIBBlobStream.CheckReadable
 0001:0000D5E4       TIBBlobStream.CheckWritable
 0001:0000D608       TIBBlobStream.CloseBlob
 0001:0000D4CC       TIBBlobStream.Create
 0001:0000D644       TIBBlobStream.CreateBlob
 0001:0000D51C       TIBBlobStream.Destroy
 0001:0000D664       TIBBlobStream.EnsureBlobInitialized
 0001:0000D6B0       TIBBlobStream.Finalize
 0001:0000D728       TIBBlobStream.GetBlobInfo
 0001:0000D74C       TIBBlobStream.GetDatabase
 0001:0000D754       TIBBlobStream.GetDBHandle
 0001:0000D760       TIBBlobStream.GetTransaction
 0001:0000D768       TIBBlobStream.GetTRHandle
 0001:0000D774       TIBBlobStream.LoadFromFile
 0001:0000D804       TIBBlobStream.LoadFromStream
 0001:0000D850       TIBBlobStream.OpenBlob
 0001:0000D940       TIBBlobStream.Read
 0001:0000D98C       TIBBlobStream.SaveToFile
 0001:0000DA1C       TIBBlobStream.SaveToStream
 0001:0000DA54       TIBBlobStream.Seek
 0001:0000DA8C       TIBBlobStream.SetBlobID
 0001:0000DAB4       TIBBlobStream.SetDatabase
 0001:0000DAC8       TIBBlobStream.SetMode
 0001:0000DAD0       TIBBlobStream.SetSize
 0001:0000DAF4       TIBBlobStream.SetTransaction
 0001:0000DB08       TIBBlobStream.Truncate
 0001:0000DB10       TIBBlobStream.Write
 0001:000231EC       TIBCDSParams.Create
 0001:00023230       TIBCDSParams.Destroy
 0001:00023260       TIBCDSParams.ParseSelect
 0001:00023430       TIBCDSQuery.PSGetDefaultOrder
 0001:0002390C       TIBClientDataSet.CheckMasterSourceActive
 0001:0002379C       TIBClientDataSet.CloneCursor
 0001:000234F4       TIBClientDataSet.Create
 0001:000235D4       TIBClientDataSet.Destroy
 0001:0002361C       TIBClientDataSet.GetCommandText
 0001:00023714       TIBClientDataSet.GetConnection
 0001:000239B8       TIBClientDataSet.GetMasterFields
 0001:00023970       TIBClientDataSet.GetMasterSource
 0001:00023750       TIBClientDataSet.GetQuoteChar
 0001:00023790       TIBClientDataSet.GetTransaction
 0001:00023F28       TIBClientDataSet.Loaded
 0001:00023FA0       TIBClientDataSet.Notification
 0001:000239FC       TIBClientDataSet.SetActive
 0001:00023634       TIBClientDataSet.SetCommandText
 0001:00023720       TIBClientDataSet.SetConnection
 0001:00023978       TIBClientDataSet.SetDataSource
 0001:00023874       TIBClientDataSet.SetDetailsActive
 0001:00023B4C       TIBClientDataSet.SetInternalCommandText
 0001:00024194       TIBClientDataSet.SetLocalParams
 0001:000239CC       TIBClientDataSet.SetMasterFields
 0001:00023C3C       TIBClientDataSet.SetParamsFromSQL
 0001:00023768       TIBClientDataSet.SetTransaction
 0001:0001165C       TIBConfigService.ActivateShadow
 0001:000116AC       TIBConfigService.BringDatabaseOnline
 0001:00011640       TIBConfigService.ServiceStart
 0001:000116FC       TIBConfigService.SetAsyncMode
 0001:00011798       TIBConfigService.SetDatabaseName
 0001:00011988       TIBConfigService.SetDBSqlDialect
 0001:000117B0       TIBConfigService.SetPageBuffers
 0001:00011800       TIBConfigService.SetReadOnly
 0001:0001189C       TIBConfigService.SetReserveSpace
 0001:00011938       TIBConfigService.SetSweepInterval
 0001:000119D8       TIBConfigService.ShutdownDatabase
 0001:000131E8       TIBControlAndQueryService.create
 0001:0001323C       TIBControlAndQueryService.GetNextChunk
 0001:00013330       TIBControlAndQueryService.GetNextLine
 0001:0001322C       TIBControlAndQueryService.SetAction
 0001:00011474       TIBControlService.Create
 0001:000112A8       TIBControlService.GetIsServiceRunning
 0001:000114C4       TIBControlService.InternalServiceStart
 0001:00011624       TIBControlService.ServiceStart
 0001:000113C4       TIBControlService.ServiceStartAddParam
 0001:0001130C       TIBControlService.ServiceStartAddParam
 0001:000112A4       TIBControlService.SetServiceStartOptions
 0001:000076E0       TIBCustomDataSet.ActivateConnection
 0001:00007748       TIBCustomDataSet.ActivateTransaction
 0001:00006F68       TIBCustomDataSet.AdjustCurrentRecord
 0001:00009E8C       TIBCustomDataSet.AdjustPosition
 0001:0000783C       TIBCustomDataSet.AdjustRecordOnInsert
 0001:0000A148       TIBCustomDataSet.AllocRecordBuffer
 0001:00007350       TIBCustomDataSet.ApplyUpdates
 0001:0000C838       TIBCustomDataSet.BookmarkValid
 0001:0000843C       TIBCustomDataSet.CachedUpdateStatus
 0001:000075EC       TIBCustomDataSet.CancelUpdates
 0001:0000799C       TIBCustomDataSet.CanDelete
 0001:00007864       TIBCustomDataSet.CanEdit
 0001:00007910       TIBCustomDataSet.CanInsert
 0001:00007A28       TIBCustomDataSet.CanRefresh
 0001:000077D0       TIBCustomDataSet.CheckDatasetClosed
 0001:000077F4       TIBCustomDataSet.CheckDatasetOpen
 0001:00007AB0       TIBCustomDataSet.CheckEditState
 0001:00007818       TIBCustomDataSet.CheckNotUniDirectional
 0001:00007B30       TIBCustomDataSet.ClearBlobCache
 0001:0000BFC0       TIBCustomDataSet.ClearCalcFields
 0001:0000A32C       TIBCustomDataSet.CompareBookmarks
 0001:0000BFA8       TIBCustomDataSet.ConstraintsStored
 0001:00007B7C       TIBCustomDataSet.CopyRecordBuffer
 0001:00006C7C       TIBCustomDataSet.Create
 0001:0000A17C       TIBCustomDataSet.CreateBlobStream
 0001:0000CA3C       TIBCustomDataSet.CreateFields
 0001:0000C9F4       TIBCustomDataSet.Current
 0001:00007798       TIBCustomDataSet.DeactivateTransaction
 0001:00006EB4       TIBCustomDataSet.Destroy
 0001:0000BED4       TIBCustomDataSet.Disconnect
 0001:00007BCC       TIBCustomDataSet.DoAfterDatabaseDisconnect
 0001:00007C90       TIBCustomDataSet.DoAfterTransactionEnd
 0001:00007B8C       TIBCustomDataSet.DoBeforeDatabaseDisconnect
 0001:0000A36C       TIBCustomDataSet.DoBeforeDelete
 0001:0000A3C0       TIBCustomDataSet.DoBeforeEdit
 0001:0000A444       TIBCustomDataSet.DoBeforeInsert
 0001:00007C04       TIBCustomDataSet.DoBeforeTransactionEnd
 0001:00007BE8       TIBCustomDataSet.DoDatabaseFree
 0001:0000C8FC       TIBCustomDataSet.DoOnNewRecord
 0001:00007CAC       TIBCustomDataSet.DoTransactionFree
 0001:0000A478       TIBCustomDataSet.FetchAll
 0001:00007CC8       TIBCustomDataSet.FetchCurrentRecordToBuffer
 0001:0000A530       TIBCustomDataSet.FreeRecordBuffer
 0001:00008384       TIBCustomDataSet.GetActiveBuf
 0001:0000A53C       TIBCustomDataSet.GetBookmarkData
 0001:0000A564       TIBCustomDataSet.GetBookmarkFlag
 0001:0000A568       TIBCustomDataSet.GetCanModify
 0001:0000A59C       TIBCustomDataSet.GetCurrentRecord
 0001:0000845C       TIBCustomDataSet.GetDatabase
 0001:0000A5EC       TIBCustomDataSet.GetDataSource
 0001:00008468       TIBCustomDataSet.GetDBHandle
 0001:00008474       TIBCustomDataSet.GetDeleteSQL
 0001:0000A600       TIBCustomDataSet.GetFieldClass
 0001:0000A86C       TIBCustomDataSet.GetFieldData
 0001:0000A814       TIBCustomDataSet.GetFieldData
 0001:00008480       TIBCustomDataSet.GetInsertSQL
 0001:000084D4       TIBCustomDataSet.GetModifySQL
 0001:0000CA24       TIBCustomDataSet.GetPlan
 0001:0000A898       TIBCustomDataSet.GetRecNo
 0001:0000A8B8       TIBCustomDataSet.GetRecord
 0001:0000AB6C       TIBCustomDataSet.GetRecordCount
 0001:0000AB7C       TIBCustomDataSet.GetRecordSize
 0001:000084B0       TIBCustomDataSet.GetRefreshSQL
 0001:000084BC       TIBCustomDataSet.GetSelectSQL
 0001:0000C100       TIBCustomDataSet.GetSelectStmtHandle
 0001:0000848C       TIBCustomDataSet.GetSQLParams
 0001:000084C8       TIBCustomDataSet.GetStatementType
 0001:000084E0       TIBCustomDataSet.GetTransaction
 0001:000084EC       TIBCustomDataSet.GetTRHandle
 0001:0000C10C       TIBCustomDataSet.InitRecord
 0001:0000AB84       TIBCustomDataSet.InternalAddRecord
 0001:00007554       TIBCustomDataSet.InternalBatchInput
 0001:00007560       TIBCustomDataSet.InternalBatchOutput
 0001:0000ABEC       TIBCustomDataSet.InternalCancel
 0001:0000ACB0       TIBCustomDataSet.InternalClose
 0001:0000AD94       TIBCustomDataSet.InternalDelete
 0001:000084F8       TIBCustomDataSet.InternalDeleteRecord
 0001:0000C008       TIBCustomDataSet.InternalExecQuery
 0001:0000AE18       TIBCustomDataSet.InternalFirst
 0001:0000A60C       TIBCustomDataSet.InternalGetFieldData
 0001:0000A964       TIBCustomDataSet.InternalGetRecord
 0001:0000AE24       TIBCustomDataSet.InternalGotoBookmark
 0001:0000AE30       TIBCustomDataSet.InternalHandleException
 0001:0000AE34       TIBCustomDataSet.InternalInitFieldDefs
 0001:0000B280       TIBCustomDataSet.InternalInitRecord
 0001:0000C128       TIBCustomDataSet.InternalInsert
 0001:0000B290       TIBCustomDataSet.InternalLast
 0001:000085D8       TIBCustomDataSet.InternalLocate
 0001:0000B6E8       TIBCustomDataSet.InternalOpen
 0001:0000B908       TIBCustomDataSet.InternalPost
 0001:000089C8       TIBCustomDataSet.InternalPostRecord
 0001:00008EFC       TIBCustomDataSet.InternalPrepare
 0001:0000B9D8       TIBCustomDataSet.InternalRefresh
 0001:00008B50       TIBCustomDataSet.InternalRefreshRow
 0001:00008D10       TIBCustomDataSet.InternalRevertRecord
 0001:0000BC44       TIBCustomDataSet.InternalSetFieldData
 0001:0000B354       TIBCustomDataSet.InternalSetParamsFromCursor
 0001:0000B9F0       TIBCustomDataSet.InternalSetToRecord
 0001:0000BFD4       TIBCustomDataSet.InternalUnPrepare
 0001:0000B9FC       TIBCustomDataSet.IsCursorOpen
 0001:00009E68       TIBCustomDataSet.IsSequenced
 0001:00008E2C       TIBCustomDataSet.IsVisible
 0001:0000C998       TIBCustomDataSet.Loaded
 0001:0000BA04       TIBCustomDataSet.Locate
 0001:00008E64       TIBCustomDataSet.LocateNext
 0001:0000BAC0       TIBCustomDataSet.Lookup
 0001:0000C91C       TIBCustomDataSet.Post
 0001:0000C130       TIBCustomDataSet.PSEndTransaction
 0001:0000C168       TIBCustomDataSet.PSExecuteStatement
 0001:0000C3C4       TIBCustomDataSet.PSGetQuoteChar
 0001:0000C744       TIBCustomDataSet.PsGetTableName
 0001:0000C408       TIBCustomDataSet.PSGetUpdateException
 0001:0000C458       TIBCustomDataSet.PSInTransaction
 0001:0000C46C       TIBCustomDataSet.PSIsSQLBased
 0001:0000C470       TIBCustomDataSet.PSIsSQLSupported
 0001:0000C474       TIBCustomDataSet.PSReset
 0001:0000C72C       TIBCustomDataSet.PSStartTransaction
 0001:0000C5E8       TIBCustomDataSet.PSUpdateRecord
 0001:00009F74       TIBCustomDataSet.ReadCache
 0001:00009FE0       TIBCustomDataSet.ReadRecordCache
 0001:0000929C       TIBCustomDataSet.RecordModified
 0001:00009D2C       TIBCustomDataSet.RefreshParams
 0001:0000B650       TIBCustomDataSet.ReQuery
 0001:000092A4       TIBCustomDataSet.RevertRecord
 0001:00009338       TIBCustomDataSet.SaveOldBuffer
 0001:0000C97C       TIBCustomDataSet.SetActive
 0001:0000BBBC       TIBCustomDataSet.SetBookmarkData
 0001:0000BBC4       TIBCustomDataSet.SetBookmarkFlag
 0001:00009430       TIBCustomDataSet.SetBufferChunks
 0001:0000BBC8       TIBCustomDataSet.SetCachedUpdates
 0001:00009448       TIBCustomDataSet.SetDatabase
 0001:0000BC00       TIBCustomDataSet.SetDataSource
 0001:000094B4       TIBCustomDataSet.SetDeleteSQL
 0001:0000C8C4       TIBCustomDataSet.SetFieldData
 0001:0000C884       TIBCustomDataSet.SetFieldData
 0001:0000C970       TIBCustomDataSet.SetGeneratorField
 0001:0000953C       TIBCustomDataSet.SetInsertSQL
 0001:000095C4       TIBCustomDataSet.SetInternalSQLParams
 0001:00009BF8       TIBCustomDataSet.SetModifySQL
 0001:0000BE58       TIBCustomDataSet.SetRecNo
 0001:00009AE8       TIBCustomDataSet.SetRefreshSQL
 0001:00009B70       TIBCustomDataSet.SetSelectSQL
 0001:00009C80       TIBCustomDataSet.SetTransaction
 0001:00009CEC       TIBCustomDataSet.SetUniDirectional
 0001:0000BEEC       TIBCustomDataSet.SetUpdateMode
 0001:0000BF28       TIBCustomDataSet.SetUpdateObject
 0001:00009D04       TIBCustomDataSet.SetUpdateRecordTypes
 0001:00009DA8       TIBCustomDataSet.SQLChanging
 0001:0000CA18       TIBCustomDataSet.SQLType
 0001:00009DE4       TIBCustomDataSet.Undelete
 0001:00009E38       TIBCustomDataSet.UpdateStatus
 0001:0000A07C       TIBCustomDataSet.WriteCache
 0001:0000A114       TIBCustomDataSet.WriteRecordCache
 0001:0000FAD8       TIBCustomService.Attach
 0001:00010620       TIBCustomService.Call
 0001:0000FFCC       TIBCustomService.CheckActive
 0001:0001000C       TIBCustomService.CheckInactive
 0001:000105F4       TIBCustomService.CheckServerName
 0001:00010030       TIBCustomService.Create
 0001:000100DC       TIBCustomService.Destroy
 0001:00010134       TIBCustomService.Detach
 0001:000106C4       TIBCustomService.GenerateSPB
 0001:000101B8       TIBCustomService.GetActive
 0001:000101C0       TIBCustomService.GetServiceParamBySPB
 0001:00010540       TIBCustomService.IndexOfSPBConst
 0001:00010244       TIBCustomService.InternalServiceQuery
 0001:0000FCC4       TIBCustomService.Loaded
 0001:0000FD48       TIBCustomService.Login
 0001:000105E4       TIBCustomService.ParamsChange
 0001:000105EC       TIBCustomService.ParamsChanging
 0001:000106A8       TIBCustomService.ParseInteger
 0001:00010634       TIBCustomService.ParseString
 0001:000103B4       TIBCustomService.SetActive
 0001:000103E8       TIBCustomService.SetBufferSize
 0001:0001040C       TIBCustomService.SetParams
 0001:00010444       TIBCustomService.SetProtocol
 0001:0001041C       TIBCustomService.SetServerName
 0001:0001046C       TIBCustomService.SetServiceParamBySPB
 0001:00019A88       TIBCustomSQLMonitor.Create
 0001:00019B28       TIBCustomSQLMonitor.Destroy
 0001:00019BA8       TIBCustomSQLMonitor.MonitorWndProc
 0001:00019C14       TIBCustomSQLMonitor.Release
 0001:00019C60       TIBCustomSQLMonitor.SetEnabled
 0001:0001F368       TIBDatabase.AddEventNotifier
 0001:0001D7F4       TIBDatabase.AddSQLObject
 0001:0001D864       TIBDatabase.AddTransaction
 0001:0001ED08       TIBDatabase.ApplyUpdates
 0001:0001D70C       TIBDatabase.Call
 0001:0001D750       TIBDatabase.CheckActive
 0001:0001D7CC       TIBDatabase.CheckDatabaseName
 0001:0001D7A8       TIBDatabase.CheckInactive
 0001:0001EDBC       TIBDatabase.CloseDataSets
 0001:0001D4E8       TIBDatabase.Create
 0001:0001D90C       TIBDatabase.CreateDatabase
 0001:0001DA1C       TIBDatabase.DBParamsChange
 0001:0001DA24       TIBDatabase.DBParamsChanging
 0001:0001D61C       TIBDatabase.Destroy
 0001:0001E4B8       TIBDatabase.DoConnect
 0001:0001D8C0       TIBDatabase.DoDisconnect
 0001:0001D9EC       TIBDatabase.DropDatabase
 0001:0001D790       TIBDatabase.EnsureInactive
 0001:0001DA78       TIBDatabase.FindDefaultTransaction
 0001:0001DA38       TIBDatabase.FindTransaction
 0001:00021284       TIBDatabase.FlushSchema
 0001:0001DAE0       TIBDatabase.ForceClose
 0001:0001DB20       TIBDatabase.GetConnected
 0001:0001DB7C       TIBDatabase.GetDBParamByDPB
 0001:0001ECAC       TIBDatabase.GetDBSQLDialect
 0001:0001EDF8       TIBDatabase.GetFieldNames
 0001:0001DC04       TIBDatabase.GetIdleTimer
 0001:0001EC08       TIBDatabase.GetIsReadOnly
 0001:0001EC50       TIBDatabase.GetSQLDialect
 0001:0001DB2C       TIBDatabase.GetSQLObject
 0001:0001DB44       TIBDatabase.GetSQLObjectCount
 0001:0001F0C4       TIBDatabase.GetTableNames
 0001:0001DC18       TIBDatabase.GetTransaction
 0001:0001DC30       TIBDatabase.GetTransactionCount
 0001:000211AC       TIBDatabase.Has_COMPUTED_BLR
 0001:00021218       TIBDatabase.Has_DEFAULT_VALUE
 0001:0001DC68       TIBDatabase.IndexOfDBConst
 0001:0001DD28       TIBDatabase.InternalClose
 0001:0001DF20       TIBDatabase.Loaded
 0001:0001E1F0       TIBDatabase.Login
 0001:0001E098       TIBDatabase.Notification
 0001:0001F3B8       TIBDatabase.RemoveEventNotifier
 0001:0001E768       TIBDatabase.RemoveSQLObject
 0001:0001E7C8       TIBDatabase.RemoveSQLObjects
 0001:0001E838       TIBDatabase.RemoveTransaction
 0001:0001E894       TIBDatabase.RemoveTransactions
 0001:0001E8CC       TIBDatabase.SetDatabaseName
 0001:0001E90C       TIBDatabase.SetDBParamByDPB
 0001:0001E9F4       TIBDatabase.SetDBParams
 0001:0001EA04       TIBDatabase.SetDefaultTransaction
 0001:0001EA64       TIBDatabase.SetHandle
 0001:0001EA98       TIBDatabase.SetIdleTimer
 0001:0001EC58       TIBDatabase.SetSQLDialect
 0001:0001EB40       TIBDatabase.TestConnected
 0001:0001EBC4       TIBDatabase.TimeoutConnection
 0001:0001ECD8       TIBDatabase.ValidateClientSQLDialect
 0001:0001BBB8       TIBDatabaseInfo.Call
 0001:0001BAC8       TIBDatabaseInfo.Create
 0001:0001BB44       TIBDatabaseInfo.Destroy
 0001:0001BBCC       TIBDatabaseInfo.GetAllocation
 0001:0001C180       TIBDatabaseInfo.GetBackoutCount
 0001:0001BBD8       TIBDatabaseInfo.GetBaseLevel
 0001:0001BE64       TIBDatabaseInfo.GetCurrentMemory
 0001:0001BC34       TIBDatabaseInfo.GetDBFileName
 0001:0001BD70       TIBDatabaseInfo.GetDBImplementationClass
 0001:0001BD14       TIBDatabaseInfo.GetDBImplementationNo
 0001:0001BC9C       TIBDatabaseInfo.GetDBSiteName
 0001:0001C2DC       TIBDatabaseInfo.GetDBSQLDialect
 0001:0001C190       TIBDatabaseInfo.GetDeleteCount
 0001:0001C1A0       TIBDatabaseInfo.GetExpungeCount
 0001:0001BFA4       TIBDatabaseInfo.GetFetches
 0001:0001BE70       TIBDatabaseInfo.GetForcedWrites
 0001:0001C1B0       TIBDatabaseInfo.GetInsertCount
 0001:0001C20C       TIBDatabaseInfo.GetLongDatabaseInfo
 0001:0001BFB0       TIBDatabaseInfo.GetMarks
 0001:0001BE7C       TIBDatabaseInfo.GetMaxMemory
 0001:0001BDCC       TIBDatabaseInfo.GetNoReserve
 0001:0001BE88       TIBDatabaseInfo.GetNumBuffers
 0001:0001BDE4       TIBDatabaseInfo.GetODSMajorVersion
 0001:0001BDD8       TIBDatabaseInfo.GetODSMinorVersion
 0001:0001BFD4       TIBDatabaseInfo.GetOperationCounts
 0001:0001BDF0       TIBDatabaseInfo.GetPageSize
 0001:0001C1C0       TIBDatabaseInfo.GetPurgeCount
 0001:0001C1D0       TIBDatabaseInfo.GetReadIdxCount
 0001:0001C200       TIBDatabaseInfo.GetReadOnly
 0001:0001BFBC       TIBDatabaseInfo.GetReads
 0001:0001C1E0       TIBDatabaseInfo.GetReadSeqCount
 0001:0001C274       TIBDatabaseInfo.GetStringDatabaseInfo
 0001:0001BE94       TIBDatabaseInfo.GetSweepInterval
 0001:0001C1F0       TIBDatabaseInfo.GetUpdateCount
 0001:0001BEA0       TIBDatabaseInfo.GetUserNames
 0001:0001BDFC       TIBDatabaseInfo.GetVersion
 0001:0001BFC8       TIBDatabaseInfo.GetWrites
 0001:00006C1C       TIBDataLink.ActiveChanged
 0001:00006C60       TIBDataLink.CheckBrowseMode
 0001:00006BB0       TIBDataLink.Create
 0001:00006BEC       TIBDataLink.Destroy
 0001:00006C38       TIBDataLink.GetDetailDataSet
 0001:00006C3C       TIBDataLink.RecordChanged
 0001:0000C76C       TIBDataSet.BatchInput
 0001:0000C77C       TIBDataSet.BatchOutput
 0001:0000C794       TIBDataSet.ExecSQL
 0001:0000C7D4       TIBDataSet.GetPrepared
 0001:0000C7DC       TIBDataSet.InternalOpen
 0001:0000CCF0       TIBDataSet.ParamByName
 0001:0000C7B4       TIBDataSet.Prepare
 0001:0000CCD4       TIBDataSet.PSSetCommandText
 0001:0000C800       TIBDataSet.SetFiltered
 0001:0000C7C4       TIBDataSet.UnPrepare
 0001:0000CB20       TIBDataSetUpdateObject.Create
 0001:0000CB64       TIBDataSetUpdateObject.Destroy
 0001:0000CB94       TIBDataSetUpdateObject.SetRefreshSQL
 0001:0000CBA4       TIBDSBlobStream.Create
 0001:0000CC00       TIBDSBlobStream.Destroy
 0001:0000CC5C       TIBDSBlobStream.Read
 0001:0000CC68       TIBDSBlobStream.Seek
 0001:0000CC74       TIBDSBlobStream.SetSize
 0001:0000CC7C       TIBDSBlobStream.Write
 0001:0002ACA0       TIBEvents.Create
 0001:0002AD38       TIBEvents.Destroy
 0001:0002B628       TIBEvents.EventChange
 0001:0002B870       TIBEvents.GetAutoRegister
 0001:0002AC44       TIBEvents.GetNativeHandle
 0001:0002B7E4       TIBEvents.GetRegistered
 0001:0002ADE8       TIBEvents.Notification
 0001:0002AE24       TIBEvents.RegisterEvents
 0001:0002B838       TIBEvents.SetAutoRegister
 0001:0002AF2C       TIBEvents.SetDatabase
 0001:0002AF1C       TIBEvents.SetEvents
 0001:0002AFD8       TIBEvents.SetRegistered
 0001:0002B7E8       TIBEvents.ThreadEnded
 0001:0002AFFC       TIBEvents.UnRegisterEvents
 0001:0002AC5C       TIBEvents.ValidateDatabase
 0001:0002B52C       TIBEventThread.Create
 0001:0002B59C       TIBEventThread.Destroy
 0001:0002B08C       TIBEventThread.DoEvent
 0001:0002B3EC       TIBEventThread.DoHandleException
 0001:0002B490       TIBEventThread.Execute
 0001:0002B3F8       TIBEventThread.HandleException
 0001:0002B130       TIBEventThread.ProcessEvents
 0001:0002B110       TIBEventThread.QueueEvents
 0001:0002B278       TIBEventThread.RegisterEvents
 0001:0002B3C0       TIBEventThread.SignalEvent
 0001:0002B3D0       TIBEventThread.SignalTerminate
 0001:0002B874       TIBEventThread.SQueEvents
 0001:0002B198       TIBEventThread.UnRegisterEvents
 0001:0002B100       TIBEventThread.UpdateResultBuffer
 0001:0002C178       TIBExtract.Create
 0001:000385CC       TIBExtract.CreateIBSQL
 0001:0002C218       TIBExtract.Destroy
 0001:0002C250       TIBExtract.ExtractDDL
 0001:0002C400       TIBExtract.ExtractListTable
 0001:0002DB68       TIBExtract.ExtractListView
 0001:00035C44       TIBExtract.ExtractObject
 0001:0002BF58       TIBExtract.GetArrayField
 0001:0002E074       TIBExtract.GetCharacterSets
 0001:0002E5DC       TIBExtract.GetDatabase
 0001:00038550       TIBExtract.GetFieldLength
 0001:00035F18       TIBExtract.GetFieldType
 0001:0002E5E0       TIBExtract.GetIndexSegments
 0001:000379D0       TIBExtract.GetProcedureArgs
 0001:0002E7BC       TIBExtract.GetTransaction
 0001:0002F120       TIBExtract.ListAllTables
 0001:0002FE48       TIBExtract.ListCheck
 0001:00030698       TIBExtract.ListCreateDb
 0001:00037D6C       TIBExtract.ListData
 0001:00031EA4       TIBExtract.ListDomains
 0001:000322E8       TIBExtract.ListException
 0001:000325D8       TIBExtract.ListFilters
 0001:000329D8       TIBExtract.ListForeign
 0001:000338C4       TIBExtract.ListFunctions
 0001:000345D0       TIBExtract.ListGenerators
 0001:0002E7C0       TIBExtract.ListGrants
 0001:0003492C       TIBExtract.ListIndex
 0001:0002EAF0       TIBExtract.ListProcs
 0001:000381D4       TIBExtract.ListRoles
 0001:0002F320       TIBExtract.ListTriggers
 0001:000352C4       TIBExtract.ListViews
 0001:00037D34       TIBExtract.Notification
 0001:00035A30       TIBExtract.PrintSet
 0001:00035AA4       TIBExtract.PrintValidation
 0001:00035BF0       TIBExtract.SetDatabase
 0001:00035C24       TIBExtract.SetTransaction
 0001:00036FB4       TIBExtract.ShowGrantRoles
 0001:000361F0       TIBExtract.ShowGrants
 0001:0000CD58       TIBGeneratorField.Apply
 0001:0000CF44       TIBGeneratorField.Assign
 0001:0000CF9C       TIBGeneratorField.Create
 0001:0000CFF4       TIBGeneratorField.IsComplete
 0001:0000D00C       TIBGeneratorField.ValueName
 0001:000175BC       TIBInputDelimitedFile.Destroy
 0001:000176E8       TIBInputDelimitedFile.GetColumn
 0001:000177DC       TIBInputDelimitedFile.ReadParameters
 0001:00017920       TIBInputDelimitedFile.ReadyFile
 0001:00017BB4       TIBInputRawFile.Destroy
 0001:00017BE4       TIBInputRawFile.ReadParameters
 0001:00017D78       TIBInputRawFile.ReadyFile
 0001:00039588       TIBInstall.Create
 0001:000395E0       TIBInstall.Destroy
 0001:0003999C       TIBInstall.GetOptionDescription
 0001:00039AB4       TIBInstall.GetOptionDescription
 0001:00039B40       TIBInstall.GetOptionDescription
 0001:00039A28       TIBInstall.GetOptionDescription
 0001:00039BCC       TIBInstall.GetOptionName
 0001:00039D70       TIBInstall.GetOptionName
 0001:00039CE4       TIBInstall.GetOptionName
 0001:00039C58       TIBInstall.GetOptionName
 0001:00039E5C       TIBInstall.GetOptionProperty
 0001:00039EDC       TIBInstall.GetOptionProperty
 0001:00039F68       TIBInstall.GetOptionProperty
 0001:00039F1C       TIBInstall.GetOptionProperty
 0001:00039DFC       TIBInstall.GetOptionSpaceRequired
 0001:00039E44       TIBInstall.GetOptionSpaceRequired
 0001:00039E2C       TIBInstall.GetOptionSpaceRequired
 0001:00039E14       TIBInstall.GetOptionSpaceRequired
 0001:00039614       TIBInstall.InstallCheck
 0001:000396A4       TIBInstall.InstallExecute
 0001:00039768       TIBInstall.InternalSetOptions
 0001:000398C4       TIBInstall.SetDestination
 0001:00039900       TIBInstall.SetInstallOptions
 0001:00039910       TIBInstall.SetSource
 0001:0003994C       TIBInstall.SuggestDestination
 0001:00011A70       TIBLicensingService.AddLicense
 0001:00011A88       TIBLicensingService.RemoveLicense
 0001:00011A54       TIBLicensingService.SetAction
 0001:00011AA0       TIBLicensingService.SetServiceStartOptions
 0001:00013418       TIBLogService.SetServiceStartOptions
 0001:00017364       TIBOutputDelimitedFile.Destroy
 0001:00017394       TIBOutputDelimitedFile.ReadyFile
 0001:000174C8       TIBOutputDelimitedFile.WriteColumns
 0001:000179DC       TIBOutputRawFile.Destroy
 0001:00017A0C       TIBOutputRawFile.ReadyFile
 0001:00017A38       TIBOutputRawFile.WriteColumns
 0001:00021F48       TIBQuery.BatchInput
 0001:00021F58       TIBQuery.BatchOutput
 0001:000218F4       TIBQuery.Create
 0001:00021D1C       TIBQuery.DefineProperties
 0001:0002197C       TIBQuery.Destroy
 0001:00021A20       TIBQuery.Disconnect
 0001:00021F70       TIBQuery.ExecSQL
 0001:00022550       TIBQuery.GenerateQueryForLiveUpdate
 0001:000224AC       TIBQuery.GetDetailLinkFields
 0001:00021CC0       TIBQuery.GetParamsCount
 0001:0002246C       TIBQuery.GetRowsAffected
 0001:00022548       TIBQuery.GetStmtHandle
 0001:000219C8       TIBQuery.InitFieldDefs
 0001:000219D0       TIBQuery.InternalOpen
 0001:00021F3C       TIBQuery.ParamByName
 0001:00021A44       TIBQuery.Prepare
 0001:0002244C       TIBQuery.PrepareSQL
 0001:000225D0       TIBQuery.PSExecute
 0001:0002258C       TIBQuery.PSGetParams
 0001:000225BC       TIBQuery.PSGetTableName
 0001:000225D8       TIBQuery.PSSetCommandText
 0001:00022594       TIBQuery.PSSetParams
 0001:00021B1C       TIBQuery.QueryChanged
 0001:00021D78       TIBQuery.ReadParamData
 0001:00022554       TIBQuery.SetFiltered
 0001:00022050       TIBQuery.SetParams
 0001:00021E98       TIBQuery.SetParamsFromCursor
 0001:00021CB4       TIBQuery.SetParamsList
 0001:00021A34       TIBQuery.SetPrepare
 0001:00021DA8       TIBQuery.SetPrepared
 0001:00021A54       TIBQuery.SetQuery
 0001:00021A4C       TIBQuery.UnPrepare
 0001:00021D98       TIBQuery.WriteParamData
 0001:00012284       TIBRestoreService.Create
 0001:000122F0       TIBRestoreService.Destroy
 0001:0001232C       TIBRestoreService.SetBackupFile
 0001:0001233C       TIBRestoreService.SetDatabaseName
 0001:00011EF0       TIBRestoreService.SetServiceStartOptions
 0001:00012C24       TIBSecurityService.AddUser
 0001:00012D3C       TIBSecurityService.ClearParams
 0001:0001287C       TIBSecurityService.Create
 0001:00012C3C       TIBSecurityService.DeleteUser
 0001:000128C0       TIBSecurityService.Destroy
 0001:00012C8C       TIBSecurityService.DisplayUser
 0001:00012C54       TIBSecurityService.DisplayUsers
 0001:00012920       TIBSecurityService.FetchUserInfo
 0001:00012BF0       TIBSecurityService.GetUserInfo
 0001:00012C18       TIBSecurityService.GetUserInfoCount
 0001:00012F14       TIBSecurityService.Loaded
 0001:00012D10       TIBSecurityService.ModifyUser
 0001:00012D8C       TIBSecurityService.SetFirstName
 0001:00012F00       TIBSecurityService.SetGroupId
 0001:00012E3C       TIBSecurityService.SetLastName
 0001:00012DE4       TIBSecurityService.SetMiddleName
 0001:00012E94       TIBSecurityService.SetPassword
 0001:00012D28       TIBSecurityService.SetSecurityAction
 0001:00012F28       TIBSecurityService.SetServiceStartOptions
 0001:00012EEC       TIBSecurityService.SetUserId
 0001:00010930       TIBServerProperties.Create
 0001:000109C0       TIBServerProperties.Destroy
 0001:00010AA8       TIBServerProperties.Fetch
 0001:00010B00       TIBServerProperties.FetchConfigParams
 0001:00010CC0       TIBServerProperties.FetchDatabaseInfo
 0001:00010E3C       TIBServerProperties.FetchLicenseInfo
 0001:00011110       TIBServerProperties.FetchLicenseMaskInfo
 0001:000111A4       TIBServerProperties.FetchVersionInfo
 0001:00010A1C       TIBServerProperties.ParseConfigFileData
 0001:000393B0       TIBSetup.Call
 0001:0003953C       TIBSetup.Create
 0001:000391F8       TIBSetup.ErrorInternal
 0001:00039498       TIBSetup.GetInstallMessage
 0001:00039438       TIBSetup.IBInstallError
 0001:00039374       TIBSetup.SetMsgFilePath
 0001:000392D4       TIBSetup.StatusInternal
 0001:00017F80       TIBSQL.BatchInput
 0001:00017FC4       TIBSQL.BatchOutput
 0001:000192D0       TIBSQL.BeforeTransactionEnd
 0001:000181A4       TIBSQL.Call
 0001:00018068       TIBSQL.CheckClosed
 0001:0001808C       TIBSQL.CheckOpen
 0001:000180B0       TIBSQL.CheckValidStatement
 0001:000180E0       TIBSQL.Close
 0001:00017DA0       TIBSQL.Create
 0001:000181E4       TIBSQL.Current
 0001:00017F10       TIBSQL.Destroy
 0001:000181E8       TIBSQL.DoBeforeDatabaseDisconnect
 0001:00018204       TIBSQL.ExecQuery
 0001:00018454       TIBSQL.FieldByName
 0001:000186DC       TIBSQL.FreeHandle
 0001:00018780       TIBSQL.GetDatabase
 0001:00018788       TIBSQL.GetDBHandle
 0001:00018440       TIBSQL.GetEOF
 0001:0001854C       TIBSQL.GetFieldIndex
 0001:000184D0       TIBSQL.GetFields
 0001:00018794       TIBSQL.GetPlan
 0001:000188D4       TIBSQL.GetRecordCount
 0001:000188D8       TIBSQL.GetRowsAffected
 0001:00018980       TIBSQL.GetSQLParams
 0001:00018998       TIBSQL.GetTransaction
 0001:000189A0       TIBSQL.GetTRHandle
 0001:000191B8       TIBSQL.GetUniqueRelationName
 0001:000185B4       TIBSQL.Next
 0001:000192DC       TIBSQL.ParamByName
 0001:00018DCC       TIBSQL.Prepare
 0001:000189D0       TIBSQL.PreprocessSQL
 0001:00018DB8       TIBSQL.SetDatabase
 0001:000191E4       TIBSQL.SetSQL
 0001:00019298       TIBSQL.SetTransaction
 0001:000192AC       TIBSQL.SQLChanging
 0001:00019CE0       TIBSQLMonitorHook.Create
 0001:00019DC8       TIBSQLMonitorHook.CreateEvents
 0001:0001A064       TIBSQLMonitorHook.DBConnect
 0001:0001A0E4       TIBSQLMonitorHook.DBDisconnect
 0001:0001A168       TIBSQLMonitorHook.Destroy
 0001:0001A1E0       TIBSQLMonitorHook.GetEnabled
 0001:0001A1E4       TIBSQLMonitorHook.GetMonitorCount
 0001:0001A1EC       TIBSQLMonitorHook.GetTraceFlags
 0001:0001A1F4       TIBSQLMonitorHook.RegisterMonitor
 0001:0001A264       TIBSQLMonitorHook.ReleaseMonitor
 0001:0001A274       TIBSQLMonitorHook.SendMisc
 0001:0001A2C8       TIBSQLMonitorHook.ServiceAttach
 0001:0001A348       TIBSQLMonitorHook.ServiceDetach
 0001:0001A3C8       TIBSQLMonitorHook.ServiceQuery
 0001:0001A448       TIBSQLMonitorHook.ServiceStart
 0001:0001A4C8       TIBSQLMonitorHook.SetEnabled
 0001:0001A500       TIBSQLMonitorHook.SetTraceFlags
 0001:0001A510       TIBSQLMonitorHook.SQLExecute
 0001:0001A7B8       TIBSQLMonitorHook.SQLFetch
 0001:0001A8F0       TIBSQLMonitorHook.SQLPrepare
 0001:0001AA90       TIBSQLMonitorHook.TRCommit
 0001:0001AB28       TIBSQLMonitorHook.TRCommitRetaining
 0001:0001ABC8       TIBSQLMonitorHook.TRRollback
 0001:0001AC54       TIBSQLMonitorHook.TRRollbackRetaining
 0001:0001ACF8       TIBSQLMonitorHook.TRStart
 0001:0001AD8C       TIBSQLMonitorHook.UnregisterMonitor
 0001:0001AE24       TIBSQLMonitorHook.WriteSQLData
 0001:00011B20       TIBStatisticalService.SetDatabaseName
 0001:00011B38       TIBStatisticalService.SetServiceStartOptions
 0001:0003B2D4       TIBStoredProc.CopyParams
 0001:0003A6A0       TIBStoredProc.Create
 0001:0003AD48       TIBStoredProc.CreateParamDesc
 0001:0003BAB8       TIBStoredProc.DefineProperties
 0001:0003A710       TIBStoredProc.Destroy
 0001:0003A768       TIBStoredProc.Disconnect
 0001:0003A77C       TIBStoredProc.ExecProc
 0001:0003B9A8       TIBStoredProc.FetchDataIntoOutputParams
 0001:0003B2AC       TIBStoredProc.FreeStatement
 0001:0003A954       TIBStoredProc.GenerateSQL
 0001:0003A90C       TIBStoredProc.GetParamsCount
 0001:0003B3D8       TIBStoredProc.GetStoredProcedureNames
 0001:0003B3F8       TIBStoredProc.GetStoredProcedureNamesFromServer
 0001:0003BA50       TIBStoredProc.InternalOpen
 0001:0003B3A0       TIBStoredProc.ParamByName
 0001:0003B29C       TIBStoredProc.Prepare
 0001:0003BB78       TIBStoredProc.PSExecute
 0001:0003BB44       TIBStoredProc.PSGetParams
 0001:0003BB74       TIBStoredProc.PSGetTableName
 0001:0003BB80       TIBStoredProc.PSSetCommandText
 0001:0003BB4C       TIBStoredProc.PSSetParams
 0001:0003BB24       TIBStoredProc.ReadParamData
 0001:0003A91C       TIBStoredProc.SetFiltered
 0001:0003B5A8       TIBStoredProc.SetParams
 0001:0003B914       TIBStoredProc.SetParamsFromCursor
 0001:0003B354       TIBStoredProc.SetParamsList
 0001:0003B2C4       TIBStoredProc.SetPrepare
 0001:0003B1C0       TIBStoredProc.SetPrepared
 0001:0003A848       TIBStoredProc.SetProcName
 0001:0003B2A4       TIBStoredProc.UnPrepare
 0001:0003BB14       TIBStoredProc.WriteParamData
 0001:00006908       TIBStringField.CheckTypeSize
 0001:000068D0       TIBStringField.create
 0001:0000690C       TIBStringField.GetAsString
 0001:0000692C       TIBStringField.GetAsVariant
 0001:00006988       TIBStringField.GetValue
 0001:00006A30       TIBStringField.SetAsString
 0001:000254F0       TIBTable.AddIndex
 0001:000249A8       TIBTable.Create
 0001:00027590       TIBTable.CreateTable
 0001:0002782C       TIBTable.DataEvent
 0001:00024D58       TIBTable.DefChanged
 0001:000260CC       TIBTable.DeleteIndex
 0001:000275F0       TIBTable.DeleteTable
 0001:00024AE0       TIBTable.Destroy
 0001:00027CC0       TIBTable.DoOnNewRecord
 0001:000276F8       TIBTable.EmptyTable
 0001:00027E54       TIBTable.ExtractLinkFields
 0001:00027A70       TIBTable.FieldDefsStored
 0001:00027D14       TIBTable.FormatFieldsList
 0001:00028770       TIBTable.GenerateSQL
 0001:00029088       TIBTable.GenerateUpdateSQL
 0001:0002784C       TIBTable.GetCanModify
 0001:000295CC       TIBTable.GetCurrentDBKey
 0001:00027C08       TIBTable.GetDataSource
 0001:00027F50       TIBTable.GetDetailLinkFields
 0001:00026938       TIBTable.GetExists
 0001:000281B8       TIBTable.GetIndexField
 0001:00028314       TIBTable.GetIndexFieldCount
 0001:00026140       TIBTable.GetIndexFieldNames
 0001:0002616C       TIBTable.GetIndexName
 0001:00026198       TIBTable.GetIndexNames
 0001:000261BC       TIBTable.GetIndexParams
 0001:00027C6C       TIBTable.GetMasterFields
 0001:000283F8       TIBTable.GetTableNames
 0001:00028418       TIBTable.GetTableNamesFromServer
 0001:00026B00       TIBTable.GotoCurrent
 0001:00027A90       TIBTable.IndexDefsStored
 0001:00024D60       TIBTable.InitFieldDefs
 0001:00024B60       TIBTable.InternalClose
 0001:00027880       TIBTable.InternalGetUpdatable
 0001:00029514       TIBTable.InternalGotoDBKey
 0001:00029A3C       TIBTable.InternalLocate
 0001:00024B7C       TIBTable.InternalOpen
 0001:00024BE4       TIBTable.InternalRefresh
 0001:00024CAC       TIBTable.InternalRefreshRow
 0001:00028734       TIBTable.InternalTableRefresh
 0001:00029F8C       TIBTable.Locate
 0001:00027BD0       TIBTable.MasterChanged
 0001:00027BEC       TIBTable.MasterDisabled
 0001:00029770       TIBTable.PSGetDefaultOrder
 0001:000298A8       TIBTable.PSGetIndexDefs
 0001:00029910       TIBTable.PSGetKeyFields
 0001:000298BC       TIBTable.PSGetTableName
 0001:000298F8       TIBTable.PSSetCommandText
 0001:000298D4       TIBTable.PSSetParams
 0001:000295FC       TIBTable.Reopen
 0001:0002947C       TIBTable.ResetSQLStatements
 0001:00027C14       TIBTable.SetDataSource
 0001:00024C10       TIBTable.SetFiltered
 0001:00024C7C       TIBTable.SetFilterOptions
 0001:00024C40       TIBTable.SetFilterText
 0001:00026250       TIBTable.SetIndex
 0001:00026240       TIBTable.SetIndexDefs
 0001:000282F4       TIBTable.SetIndexField
 0001:000262AC       TIBTable.SetIndexFieldNames
 0001:000262C4       TIBTable.SetIndexName
 0001:00027C88       TIBTable.SetMasterFields
 0001:00027AB4       TIBTable.SetParams
 0001:000280D4       TIBTable.SetReadOnly
 0001:000280F0       TIBTable.SetTableName
 0001:000294C8       TIBTable.SetTableTypes
 0001:00028718       TIBTable.SwitchToIndex
 0001:000262CC       TIBTable.UpdateIndexDefs
 0001:00020AB4       TIBTimer.Create
 0001:00020B04       TIBTimer.Destroy
 0001:00020C48       TIBTimer.SetEnabled
 0001:00020C58       TIBTimer.SetInterval
 0001:00020C68       TIBTimer.SetOnTimer
 0001:00020C80       TIBTimer.Timer
 0001:00020BBC       TIBTimer.UpdateTimer
 0001:00020B3C       TIBTimer.WndProc
 0001:0001F780       TIBTransaction.AddDatabase
 0001:0001F7E4       TIBTransaction.AddSQLObject
 0001:0001FBD0       TIBTransaction.BeforeDatabaseDisconnect
 0001:0001F58C       TIBTransaction.Call
 0001:0001F6BC       TIBTransaction.CheckAutoStop
 0001:0001F618       TIBTransaction.CheckDatabasesInList
 0001:0001F644       TIBTransaction.CheckInTransaction
 0001:0001F698       TIBTransaction.CheckNotInTransaction
 0001:0001F828       TIBTransaction.Commit
 0001:0001F834       TIBTransaction.CommitRetaining
 0001:0001F418       TIBTransaction.Create
 0001:0001F4C4       TIBTransaction.Destroy
 0001:0001F840       TIBTransaction.EndTransaction
 0001:0001F684       TIBTransaction.EnsureNotInTransaction
 0001:0001FB24       TIBTransaction.FindDatabase
 0001:0001FB64       TIBTransaction.FindDefaultDatabase
 0001:0001FA8C       TIBTransaction.GetDatabase
 0001:0001FAA0       TIBTransaction.GetDatabaseCount
 0001:0001FBB8       TIBTransaction.GetIdleTimer
 0001:0001FB1C       TIBTransaction.GetInTransaction
 0001:0001FAD4       TIBTransaction.GetSQLObject
 0001:0001FAE8       TIBTransaction.GetSQLObjectCount
 0001:0001FBC8       TIBTransaction.Loaded
 0001:0001FE90       TIBTransaction.Notification
 0001:0001FC0C       TIBTransaction.RemoveDatabase
 0001:0001FC5C       TIBTransaction.RemoveDatabases
 0001:0001FC90       TIBTransaction.RemoveSQLObject
 0001:0001FCD0       TIBTransaction.RemoveSQLObjects
 0001:0001FD04       TIBTransaction.Rollback
 0001:0001FD10       TIBTransaction.RollbackRetaining
 0001:0001FD1C       TIBTransaction.SetActive
 0001:0001FD60       TIBTransaction.SetDefaultAction
 0001:0001FD98       TIBTransaction.SetDefaultDatabase
 0001:0001FE44       TIBTransaction.SetHandle
 0001:0001FED0       TIBTransaction.SetIdleTimer
 0001:0001FF64       TIBTransaction.SetTRParams
 0001:0001FF74       TIBTransaction.StartTransaction
 0001:00020168       TIBTransaction.TimeoutTransaction
 0001:000201A4       TIBTransaction.TRParamsChange
 0001:000201AC       TIBTransaction.TRParamsChanging
 0001:00039FB4       TIBUnInstall.UnInstallCheck
 0001:00039FE8       TIBUnInstall.UnInstallExecute
 0001:0003C070       TIBUpdateSQL.Apply
 0001:0003BD04       TIBUpdateSQL.Create
 0001:0003BD70       TIBUpdateSQL.Destroy
 0001:0003BDC8       TIBUpdateSQL.ExecSQL
 0001:0003BE88       TIBUpdateSQL.GetDataSet
 0001:0003BE04       TIBUpdateSQL.GetQuery
 0001:0003BE78       TIBUpdateSQL.GetSQL
 0001:0003BE80       TIBUpdateSQL.GetSQLIndex
 0001:0003BE8C       TIBUpdateSQL.SetDataSet
 0001:0003BEFC       TIBUpdateSQL.SetParams
 0001:0003BE90       TIBUpdateSQL.SetSQL
 0001:0003BEA8       TIBUpdateSQL.SetSQLIndex
 0001:0003BEB0       TIBUpdateSQL.SQLChanged
 0001:0001234C       TIBValidationService.Create
 0001:00012384       TIBValidationService.Destroy
 0001:000123E4       TIBValidationService.FetchLimboTransactionInfo
 0001:00012644       TIBValidationService.FixLimboTransactionErrors
 0001:00012728       TIBValidationService.GetLimboTransactionInfo
 0001:00012750       TIBValidationService.GetLimboTransactionInfoCount
 0001:0001275C       TIBValidationService.SetDatabaseName
 0001:00012774       TIBValidationService.SetServiceStartOptions
 0001:00016CBC       TIBXSQLDA.AddName
 0001:00016DEC       TIBXSQLDA.ByName
 0001:00016BD4       TIBXSQLDA.Create
 0001:00016C2C       TIBXSQLDA.Destroy
 0001:00016D68       TIBXSQLDA.GetModified
 0001:00016D90       TIBXSQLDA.GetNames
 0001:00016DA4       TIBXSQLDA.GetRecordSize
 0001:00016DB4       TIBXSQLDA.GetXSQLDA
 0001:00016DB8       TIBXSQLDA.GetXSQLVAR
 0001:00016E58       TIBXSQLDA.GetXSQLVARByName
 0001:00016F14       TIBXSQLDA.Initialize
 0001:0001728C       TIBXSQLDA.SetCount
 0001:000141F4       TIBXSQLVAR.AdjustScale
 0001:0001433C       TIBXSQLVAR.AdjustScaleToCurrency
 0001:00014288       TIBXSQLVAR.AdjustScaleToInt64
 0001:00013F00       TIBXSQLVAR.Assign
 0001:00016B2C       TIBXSQLVAR.Clear
 0001:00013EB8       TIBXSQLVAR.Create
 0001:000145A0       TIBXSQLVAR.GetAsCurrency
 0001:000148F4       TIBXSQLVAR.GetAsDateTime
 0001:00014BAC       TIBXSQLVAR.GetAsDouble
 0001:00014D90       TIBXSQLVAR.GetAsFloat
 0001:00014758       TIBXSQLVAR.GetAsInt64
 0001:00014DF8       TIBXSQLVAR.GetAsLong
 0001:00014F88       TIBXSQLVAR.GetAsPointer
 0001:00014FA4       TIBXSQLVAR.GetAsQuad
 0001:00015008       TIBXSQLVAR.GetAsShort
 0001:00015074       TIBXSQLVAR.GetAsString
 0001:00016B84       TIBXSQLVAR.GetAsTrimString
 0001:00015344       TIBXSQLVAR.GetAsVariant
 0001:00015560       TIBXSQLVAR.GetAsXSQLVAR
 0001:00015564       TIBXSQLVAR.GetIsNull
 0001:00015588       TIBXSQLVAR.GetIsNullable
 0001:00015788       TIBXSQLVAR.GetSize
 0001:00015790       TIBXSQLVAR.GetSQLType
 0001:0001559C       TIBXSQLVAR.LoadFromFile
 0001:000155F0       TIBXSQLVAR.LoadFromStream
 0001:00015694       TIBXSQLVAR.SaveToFile
 0001:000156EC       TIBXSQLVAR.SaveToStream
 0001:000157A0       TIBXSQLVAR.SetAsCurrency
 0001:000159A0       TIBXSQLVAR.SetAsDate
 0001:00015C40       TIBXSQLVAR.SetAsDateTime
 0001:00015D8C       TIBXSQLVAR.SetAsDouble
 0001:00015E6C       TIBXSQLVAR.SetAsFloat
 0001:000158B8       TIBXSQLVAR.SetAsInt64
 0001:00015F48       TIBXSQLVAR.SetAsLong
 0001:00016024       TIBXSQLVAR.SetAsPointer
 0001:00016100       TIBXSQLVAR.SetAsQuad
 0001:00016208       TIBXSQLVAR.SetAsShort
 0001:000164E0       TIBXSQLVAR.SetAsString
 0001:00015AF0       TIBXSQLVAR.SetAsTime
 0001:00016B34       TIBXSQLVAR.SetAsTrimString
 0001:00016604       TIBXSQLVAR.SetAsVariant
 0001:000167E8       TIBXSQLVAR.SetAsXSQLVAR
 0001:00016944       TIBXSQLVAR.SetIsNull
 0001:00016A64       TIBXSQLVAR.SetIsNullable
 0001:000134B8       TLicenseInfo.Create
 0001:00013510       TLicenseInfo.Destroy
 0001:00000328       TlsAlloc
 0002:00001014       tlsBuffer
 0001:00000330       TlsFree
 0001:00000338       TlsGetValue
 0002:00001004       TlsIndex
 0002:BF862050       TlsLast
 0002:00000018       TlsProc
 0001:00000340       TlsSetValue
 0002:0000042C       TPBConstantNames
 0001:0001B490       TReaderThread.AddMonitor
 0001:0001B4C8       TReaderThread.BeginRead
 0001:0001B50C       TReaderThread.Create
 0001:0001B57C       TReaderThread.Destroy
 0001:0001B5C8       TReaderThread.EndRead
 0001:0001B5F0       TReaderThread.Execute
 0001:0001B680       TReaderThread.ReadSQLData
 0001:0001B714       TReaderThread.RemoveMonitor
 0001:0001B46C       TReleaseObject.Create
 0002:00000540       TriggerTypes
 0001:00003BB0       TryGetProcAddr
 0001:0000465C       TryIBLoad
 0001:00020C94       TSchema.Add_Node
 0001:00020E20       TSchema.Create
 0001:00020FAC       TSchema.Destroy
 0001:00020FE8       TSchema.FreeNodes
 0001:0002104C       TSchema.Has_COMPUTED_BLR
 0001:000210FC       TSchema.Has_DEFAULT_VALUE
 0001:0001B41C       TTraceObject.Create
 0001:0001B398       TTraceObject.Create
 0001:0001B0FC       TWriterThread.BeginWrite
 0001:0001AF4C       TWriterThread.Create
 0001:0001AF9C       TWriterThread.Destroy
 0001:0001B104       TWriterThread.EndWrite
 0001:0001AFCC       TWriterThread.Execute
 0001:0001B074       TWriterThread.Lock
 0001:0001B374       TWriterThread.ReleaseMonitor
 0001:0001B084       TWriterThread.Unlock
 0001:0001B090       TWriterThread.WriteSQLData
 0001:0001B1D4       TWriterThread.WriteToBuffer
 0001:00000464       UninitializeModule
 0001:0000061C       UnmapViewOfFile
 0001:0000723C       UpdateUsingInternalquery
 0001:000070B8       UpdateUsingOnUpdateRecord
 0001:00007178       UpdateUsingUpdateObject
 0001:00000624       WaitForSingleObject
 0001:0000067C       Windows
 0001:0000D47C       WriteBlob
 0001:00021CD0       WriteData
 0001:0003BA6C       WriteData
 0001:00004CEC       XSQLDA_LENGTH
 0001:00000564       _CreateMutex
 0002:000011B4       _MonitorHook


  Address         Publics by Value

 0002:BF862050       TlsLast
 0001:00000310       FreeLibrary
 0001:00000318       LocalAlloc
 0001:00000320       LocalFree
 0001:00000328       TlsAlloc
 0001:00000330       TlsFree
 0001:00000338       TlsGetValue
 0001:00000340       TlsSetValue
 0001:00000348       AllocTlsBuffer
 0001:00000354       GetTlsSize
 0001:0000035C       InitThreadTLS
 0001:000003A0       InitProcessTLS
 0001:000003CC       ExitThreadTLS
 0001:000003F4       ExitProcessTLS
 0001:00000418       @GetTls
 0001:00000458       InitializeModule
 0001:00000464       UninitializeModule
 0001:00000488       @InitPkg
 0001:000004EC       @PackageLoad
 0001:000004F8       @PackageUnload
 0001:00000504       Finalization
 0001:00000534       SysInit
 0001:0000053C       InitializeSecurityDescriptor
 0001:00000544       SetSecurityDescriptorDacl
 0001:0000054C       CloseHandle
 0001:00000554       CreateEvent
 0001:0000055C       CreateFileMapping
 0001:00000564       _CreateMutex
 0001:0000056C       CreateMutex
 0001:0000058C       DeleteCriticalSection
 0001:00000594       EnterCriticalSection
 0001:0000059C       FreeLibrary
 0001:000005A4       InterlockedDecrement
 0001:000005AC       InterlockedIncrement
 0001:000005B4       GetLastError
 0001:000005BC       GetProcAddress
 0001:000005C4       InitializeCriticalSection
 0001:000005CC       LeaveCriticalSection
 0001:000005D4       LoadLibrary
 0001:000005DC       MapViewOfFile
 0001:000005E4       OpenEvent
 0001:000005EC       OpenFileMapping
 0001:000005F4       OpenMutex
 0001:000005FC       ReleaseMutex
 0001:00000604       ResetEvent
 0001:0000060C       SetEvent
 0001:00000614       Sleep
 0001:0000061C       UnmapViewOfFile
 0001:00000624       WaitForSingleObject
 0001:0000062C       DefWindowProc
 0001:00000634       KillTimer
 0001:0000063C       PostMessage
 0001:00000644       SetTimer
 0001:0000064C       Finalization
 0001:0000067C       Windows
 0001:00000A8C       Finalization
 0001:00000ABC       Messages
 0001:0000151C       Max
 0001:00001524       Min
 0001:0000152C       RandomString
 0001:000015B4       RandomInteger
 0001:000015D8       StripString
 0001:00001690       FormatIdentifier
 0001:000017A4       FormatIdentifierValue
 0001:000018C8       ExtractIdentifier
 0001:000019EC       QuoteIdentifier
 0001:00001AC0       GenerateParamSQL
 0001:00001C58       AddWhereClause
 0001:00001D78       AddIBParamSQLForDetail
 0001:00001DFC       Finalization
 0001:00001E2C       IBUtils
 0001:00001E34       InitializeTCTimeStructure
 0001:00001E64       Finalization
 0001:00001E94       IBExternals
 0001:00001E9C       Finalization
 0001:00001ECC       IBInstallHeader
 0001:00002334       Finalization
 0001:00002364       IBXConst
 0001:000030AC       IBAlloc
 0001:000030D8       IBError
 0001:00003150       IBDataBaseError
 0001:0000337C       StatusVector
 0001:00003388       StatusVectorArray
 0001:00003394       NextP
 0001:000033AC       CheckStatusVector
 0001:00003450       NextP
 0001:0000346C       StatusVectorAsText
 0001:000035D8       EIBError.Create
 0001:00003650       EIBError.Create
 0001:000036D0       SetIBDataBaseErrorMessages
 0001:0000371C       GetIBDataBaseErrorMessages
 0001:00003B2C       Finalization
 0001:00003B7C       IB
 0001:00003BB0       TryGetProcAddr
 0001:00003BC0       GetProcAddr
 0001:00003BDC       LoadIBLibrary
 0001:000043E4       FreeIBLibrary
 0001:00004400       GetProcAddr
 0001:0000441C       LoadIBInstallLibrary
 0001:00004640       FreeIBInstallLibrary
 0001:0000465C       TryIBLoad
 0001:0000467C       CheckIBLoaded
 0001:000046A0       GetIBClientVersion
 0001:000046AC       CheckIBInstallLoaded
 0001:000046E0       isc_rollback_retaining_stub
 0001:0000472C       isc_service_attach_stub
 0001:00004774       isc_service_detach_stub
 0001:000047BC       isc_service_query_stub
 0001:00004804       isc_service_start_stub
 0001:0000484C       isc_encode_sql_date_stub
 0001:0000488C       isc_encode_sql_time_stub
 0001:000048CC       isc_encode_timestamp_stub
 0001:00004914       isc_decode_sql_date_stub
 0001:00004954       isc_decode_sql_time_stub
 0001:00004994       isc_decode_timestamp_stub
 0001:000049D8       isc_install_clear_options_stub
 0001:00004A20       isc_install_execute_stub
 0001:00004A68       isc_install_get_info_stub
 0001:00004AB0       isc_install_get_message_stub
 0001:00004AF8       isc_install_load_external_text_stub
 0001:00004B40       isc_install_precheck_stub
 0001:00004B88       isc_install_set_option_stub
 0001:00004BD0       isc_uninstall_execute_stub
 0001:00004C18       isc_uninstall_precheck_stub
 0001:00004C60       isc_install_unset_option_stub
 0001:00004CA8       Finalization
 0001:00004CE4       IBIntf
 0001:00004CEC       XSQLDA_LENGTH
 0001:00004CFC       getb
 0001:00004D24       putb
 0001:00004D4C       putbx
 0001:00004D70       add_spb_length
 0001:00004D80       add_spb_numeric
 0001:00004DA8       Finalization
 0001:00004DD8       IBHeader
 0001:00004DE0       Finalization
 0001:00004E10       IBErrorCodes
 0001:000068D0       TIBStringField.create
 0001:00006908       TIBStringField.CheckTypeSize
 0001:0000690C       TIBStringField.GetAsString
 0001:0000692C       TIBStringField.GetAsVariant
 0001:00006988       TIBStringField.GetValue
 0001:00006A30       TIBStringField.SetAsString
 0001:00006ACC       TIBBCDField.Create
 0001:00006B1C       TIBBCDField.CheckTypeSize
 0001:00006B20       TIBBCDField.GetAsCurrency
 0001:00006B44       TIBBCDField.GetAsString
 0001:00006B78       TIBBCDField.GetAsVariant
 0001:00006BA8       TIBBCDField.GetDataSize
 0001:00006BB0       TIBDataLink.Create
 0001:00006BEC       TIBDataLink.Destroy
 0001:00006C1C       TIBDataLink.ActiveChanged
 0001:00006C38       TIBDataLink.GetDetailDataSet
 0001:00006C3C       TIBDataLink.RecordChanged
 0001:00006C60       TIBDataLink.CheckBrowseMode
 0001:00006C7C       TIBCustomDataSet.Create
 0001:00006EB4       TIBCustomDataSet.Destroy
 0001:00006F68       TIBCustomDataSet.AdjustCurrentRecord
 0001:00007018       GetUpdateKind
 0001:0000704C       ResetBufferUpdateStatus
 0001:000070B8       UpdateUsingOnUpdateRecord
 0001:00007178       UpdateUsingUpdateObject
 0001:0000723C       UpdateUsingInternalquery
 0001:00007350       TIBCustomDataSet.ApplyUpdates
 0001:00007554       TIBCustomDataSet.InternalBatchInput
 0001:00007560       TIBCustomDataSet.InternalBatchOutput
 0001:000075EC       TIBCustomDataSet.CancelUpdates
 0001:000076E0       TIBCustomDataSet.ActivateConnection
 0001:00007748       TIBCustomDataSet.ActivateTransaction
 0001:00007798       TIBCustomDataSet.DeactivateTransaction
 0001:000077D0       TIBCustomDataSet.CheckDatasetClosed
 0001:000077F4       TIBCustomDataSet.CheckDatasetOpen
 0001:00007818       TIBCustomDataSet.CheckNotUniDirectional
 0001:0000783C       TIBCustomDataSet.AdjustRecordOnInsert
 0001:00007864       TIBCustomDataSet.CanEdit
 0001:00007910       TIBCustomDataSet.CanInsert
 0001:0000799C       TIBCustomDataSet.CanDelete
 0001:00007A28       TIBCustomDataSet.CanRefresh
 0001:00007AB0       TIBCustomDataSet.CheckEditState
 0001:00007B30       TIBCustomDataSet.ClearBlobCache
 0001:00007B7C       TIBCustomDataSet.CopyRecordBuffer
 0001:00007B8C       TIBCustomDataSet.DoBeforeDatabaseDisconnect
 0001:00007BCC       TIBCustomDataSet.DoAfterDatabaseDisconnect
 0001:00007BE8       TIBCustomDataSet.DoDatabaseFree
 0001:00007C04       TIBCustomDataSet.DoBeforeTransactionEnd
 0001:00007C90       TIBCustomDataSet.DoAfterTransactionEnd
 0001:00007CAC       TIBCustomDataSet.DoTransactionFree
 0001:00007CC8       TIBCustomDataSet.FetchCurrentRecordToBuffer
 0001:00008384       TIBCustomDataSet.GetActiveBuf
 0001:0000843C       TIBCustomDataSet.CachedUpdateStatus
 0001:0000845C       TIBCustomDataSet.GetDatabase
 0001:00008468       TIBCustomDataSet.GetDBHandle
 0001:00008474       TIBCustomDataSet.GetDeleteSQL
 0001:00008480       TIBCustomDataSet.GetInsertSQL
 0001:0000848C       TIBCustomDataSet.GetSQLParams
 0001:000084B0       TIBCustomDataSet.GetRefreshSQL
 0001:000084BC       TIBCustomDataSet.GetSelectSQL
 0001:000084C8       TIBCustomDataSet.GetStatementType
 0001:000084D4       TIBCustomDataSet.GetModifySQL
 0001:000084E0       TIBCustomDataSet.GetTransaction
 0001:000084EC       TIBCustomDataSet.GetTRHandle
 0001:000084F8       TIBCustomDataSet.InternalDeleteRecord
 0001:000085D8       TIBCustomDataSet.InternalLocate
 0001:000089C8       TIBCustomDataSet.InternalPostRecord
 0001:00008B50       TIBCustomDataSet.InternalRefreshRow
 0001:00008D10       TIBCustomDataSet.InternalRevertRecord
 0001:00008E2C       TIBCustomDataSet.IsVisible
 0001:00008E64       TIBCustomDataSet.LocateNext
 0001:00008EFC       TIBCustomDataSet.InternalPrepare
 0001:0000929C       TIBCustomDataSet.RecordModified
 0001:000092A4       TIBCustomDataSet.RevertRecord
 0001:000092EC       CopyOldBuffer
 0001:00009338       TIBCustomDataSet.SaveOldBuffer
 0001:00009430       TIBCustomDataSet.SetBufferChunks
 0001:00009448       TIBCustomDataSet.SetDatabase
 0001:000094B4       TIBCustomDataSet.SetDeleteSQL
 0001:0000953C       TIBCustomDataSet.SetInsertSQL
 0001:000095C4       TIBCustomDataSet.SetInternalSQLParams
 0001:00009AE8       TIBCustomDataSet.SetRefreshSQL
 0001:00009B70       TIBCustomDataSet.SetSelectSQL
 0001:00009BF8       TIBCustomDataSet.SetModifySQL
 0001:00009C80       TIBCustomDataSet.SetTransaction
 0001:00009CEC       TIBCustomDataSet.SetUniDirectional
 0001:00009D04       TIBCustomDataSet.SetUpdateRecordTypes
 0001:00009D2C       TIBCustomDataSet.RefreshParams
 0001:00009DA8       TIBCustomDataSet.SQLChanging
 0001:00009DE4       TIBCustomDataSet.Undelete
 0001:00009E38       TIBCustomDataSet.UpdateStatus
 0001:00009E68       TIBCustomDataSet.IsSequenced
 0001:00009E8C       TIBCustomDataSet.AdjustPosition
 0001:00009F74       TIBCustomDataSet.ReadCache
 0001:00009FE0       TIBCustomDataSet.ReadRecordCache
 0001:0000A07C       TIBCustomDataSet.WriteCache
 0001:0000A114       TIBCustomDataSet.WriteRecordCache
 0001:0000A148       TIBCustomDataSet.AllocRecordBuffer
 0001:0000A17C       TIBCustomDataSet.CreateBlobStream
 0001:0000A32C       TIBCustomDataSet.CompareBookmarks
 0001:0000A36C       TIBCustomDataSet.DoBeforeDelete
 0001:0000A3C0       TIBCustomDataSet.DoBeforeEdit
 0001:0000A444       TIBCustomDataSet.DoBeforeInsert
 0001:0000A478       TIBCustomDataSet.FetchAll
 0001:0000A530       TIBCustomDataSet.FreeRecordBuffer
 0001:0000A53C       TIBCustomDataSet.GetBookmarkData
 0001:0000A564       TIBCustomDataSet.GetBookmarkFlag
 0001:0000A568       TIBCustomDataSet.GetCanModify
 0001:0000A59C       TIBCustomDataSet.GetCurrentRecord
 0001:0000A5EC       TIBCustomDataSet.GetDataSource
 0001:0000A600       TIBCustomDataSet.GetFieldClass
 0001:0000A60C       TIBCustomDataSet.InternalGetFieldData
 0001:0000A814       TIBCustomDataSet.GetFieldData
 0001:0000A86C       TIBCustomDataSet.GetFieldData
 0001:0000A898       TIBCustomDataSet.GetRecNo
 0001:0000A8B8       TIBCustomDataSet.GetRecord
 0001:0000A964       TIBCustomDataSet.InternalGetRecord
 0001:0000AB6C       TIBCustomDataSet.GetRecordCount
 0001:0000AB7C       TIBCustomDataSet.GetRecordSize
 0001:0000AB84       TIBCustomDataSet.InternalAddRecord
 0001:0000ABEC       TIBCustomDataSet.InternalCancel
 0001:0000ACB0       TIBCustomDataSet.InternalClose
 0001:0000AD94       TIBCustomDataSet.InternalDelete
 0001:0000AE18       TIBCustomDataSet.InternalFirst
 0001:0000AE24       TIBCustomDataSet.InternalGotoBookmark
 0001:0000AE30       TIBCustomDataSet.InternalHandleException
 0001:0000AE34       TIBCustomDataSet.InternalInitFieldDefs
 0001:0000B280       TIBCustomDataSet.InternalInitRecord
 0001:0000B290       TIBCustomDataSet.InternalLast
 0001:0000B354       TIBCustomDataSet.InternalSetParamsFromCursor
 0001:0000B650       TIBCustomDataSet.ReQuery
 0001:0000B6E0       RecordDataLength
 0001:0000B6E8       TIBCustomDataSet.InternalOpen
 0001:0000B908       TIBCustomDataSet.InternalPost
 0001:0000B9D8       TIBCustomDataSet.InternalRefresh
 0001:0000B9F0       TIBCustomDataSet.InternalSetToRecord
 0001:0000B9FC       TIBCustomDataSet.IsCursorOpen
 0001:0000BA04       TIBCustomDataSet.Locate
 0001:0000BAC0       TIBCustomDataSet.Lookup
 0001:0000BBBC       TIBCustomDataSet.SetBookmarkData
 0001:0000BBC4       TIBCustomDataSet.SetBookmarkFlag
 0001:0000BBC8       TIBCustomDataSet.SetCachedUpdates
 0001:0000BC00       TIBCustomDataSet.SetDataSource
 0001:0000BC44       TIBCustomDataSet.InternalSetFieldData
 0001:0000BE58       TIBCustomDataSet.SetRecNo
 0001:0000BED4       TIBCustomDataSet.Disconnect
 0001:0000BEEC       TIBCustomDataSet.SetUpdateMode
 0001:0000BF28       TIBCustomDataSet.SetUpdateObject
 0001:0000BFA8       TIBCustomDataSet.ConstraintsStored
 0001:0000BFC0       TIBCustomDataSet.ClearCalcFields
 0001:0000BFD4       TIBCustomDataSet.InternalUnPrepare
 0001:0000C008       TIBCustomDataSet.InternalExecQuery
 0001:0000C100       TIBCustomDataSet.GetSelectStmtHandle
 0001:0000C10C       TIBCustomDataSet.InitRecord
 0001:0000C128       TIBCustomDataSet.InternalInsert
 0001:0000C130       TIBCustomDataSet.PSEndTransaction
 0001:0000C168       TIBCustomDataSet.PSExecuteStatement
 0001:0000C3C4       TIBCustomDataSet.PSGetQuoteChar
 0001:0000C408       TIBCustomDataSet.PSGetUpdateException
 0001:0000C458       TIBCustomDataSet.PSInTransaction
 0001:0000C46C       TIBCustomDataSet.PSIsSQLBased
 0001:0000C470       TIBCustomDataSet.PSIsSQLSupported
 0001:0000C474       TIBCustomDataSet.PSReset
 0001:0000C49C       AssignParams
 0001:0000C5E8       TIBCustomDataSet.PSUpdateRecord
 0001:0000C72C       TIBCustomDataSet.PSStartTransaction
 0001:0000C744       TIBCustomDataSet.PsGetTableName
 0001:0000C76C       TIBDataSet.BatchInput
 0001:0000C77C       TIBDataSet.BatchOutput
 0001:0000C794       TIBDataSet.ExecSQL
 0001:0000C7B4       TIBDataSet.Prepare
 0001:0000C7C4       TIBDataSet.UnPrepare
 0001:0000C7D4       TIBDataSet.GetPrepared
 0001:0000C7DC       TIBDataSet.InternalOpen
 0001:0000C800       TIBDataSet.SetFiltered
 0001:0000C838       TIBCustomDataSet.BookmarkValid
 0001:0000C884       TIBCustomDataSet.SetFieldData
 0001:0000C8C4       TIBCustomDataSet.SetFieldData
 0001:0000C8FC       TIBCustomDataSet.DoOnNewRecord
 0001:0000C91C       TIBCustomDataSet.Post
 0001:0000C970       TIBCustomDataSet.SetGeneratorField
 0001:0000C97C       TIBCustomDataSet.SetActive
 0001:0000C998       TIBCustomDataSet.Loaded
 0001:0000C9F4       TIBCustomDataSet.Current
 0001:0000CA18       TIBCustomDataSet.SQLType
 0001:0000CA24       TIBCustomDataSet.GetPlan
 0001:0000CA3C       TIBCustomDataSet.CreateFields
 0001:0000CB20       TIBDataSetUpdateObject.Create
 0001:0000CB64       TIBDataSetUpdateObject.Destroy
 0001:0000CB94       TIBDataSetUpdateObject.SetRefreshSQL
 0001:0000CBA4       TIBDSBlobStream.Create
 0001:0000CC00       TIBDSBlobStream.Destroy
[...]
 0001:00020BBC       TIBTimer.UpdateTimer
 0001:00020C48       TIBTimer.SetEnabled
 0001:00020C58       TIBTimer.SetInterval
 0001:00020C68       TIBTimer.SetOnTimer
 0001:00020C80       TIBTimer.Timer
 0001:00020C94       TSchema.Add_Node
 0001:00020E20       TSchema.Create
 0001:00020FAC       TSchema.Destroy
 0001:00020FE8       TSchema.FreeNodes
 0001:0002104C       TSchema.Has_COMPUTED_BLR
 0001:000210FC       TSchema.Has_DEFAULT_VALUE
 0001:000211AC       TIBDatabase.Has_COMPUTED_BLR
 0001:00021218       TIBDatabase.Has_DEFAULT_VALUE
 0001:00021284       TIBDatabase.FlushSchema
 0001:00021290       Finalization
 0001:000212EC       IBDatabase
 0001:000218F4       TIBQuery.Create
 0001:0002197C       TIBQuery.Destroy
 0001:000219C8       TIBQuery.InitFieldDefs
 0001:000219D0       TIBQuery.InternalOpen
 0001:00021A20       TIBQuery.Disconnect
 0001:00021A34       TIBQuery.SetPrepare
 0001:00021A44       TIBQuery.Prepare
 0001:00021A4C       TIBQuery.UnPrepare
 0001:00021A54       TIBQuery.SetQuery
 0001:00021B1C       TIBQuery.QueryChanged
 0001:00021CB4       TIBQuery.SetParamsList
 0001:00021CC0       TIBQuery.GetParamsCount
 0001:00021CD0       WriteData
 0001:00021D1C       TIBQuery.DefineProperties
 0001:00021D78       TIBQuery.ReadParamData
 0001:00021D98       TIBQuery.WriteParamData
 0001:00021DA8       TIBQuery.SetPrepared
 0001:00021E3C       CheckRequiredParams
 0001:00021E98       TIBQuery.SetParamsFromCursor
 0001:00021F3C       TIBQuery.ParamByName
 0001:00021F48       TIBQuery.BatchInput
 0001:00021F58       TIBQuery.BatchOutput
 0001:00021F70       TIBQuery.ExecSQL
 0001:00022050       TIBQuery.SetParams
 0001:0002244C       TIBQuery.PrepareSQL
 0001:0002246C       TIBQuery.GetRowsAffected
 0001:00022488       AddFieldToList
 0001:000224AC       TIBQuery.GetDetailLinkFields
 0001:00022548       TIBQuery.GetStmtHandle
 0001:00022550       TIBQuery.GenerateQueryForLiveUpdate
 0001:00022554       TIBQuery.SetFiltered
 0001:0002258C       TIBQuery.PSGetParams
 0001:00022594       TIBQuery.PSSetParams
 0001:000225BC       TIBQuery.PSGetTableName
 0001:000225D0       TIBQuery.PSExecute
 0001:000225D8       TIBQuery.PSSetCommandText
 0001:000225F4       Finalization
 0001:00022624       IBQuery
 0001:000231EC       TIBCDSParams.Create
 0001:00023230       TIBCDSParams.Destroy
 0001:00023260       TIBCDSParams.ParseSelect
 0001:00023430       TIBCDSQuery.PSGetDefaultOrder
 0001:000234F4       TIBClientDataSet.Create
 0001:000235D4       TIBClientDataSet.Destroy
 0001:0002361C       TIBClientDataSet.GetCommandText
 0001:00023634       TIBClientDataSet.SetCommandText
 0001:00023714       TIBClientDataSet.GetConnection
 0001:00023720       TIBClientDataSet.SetConnection
 0001:00023750       TIBClientDataSet.GetQuoteChar
 0001:00023768       TIBClientDataSet.SetTransaction
 0001:00023790       TIBClientDataSet.GetTransaction
 0001:0002379C       TIBClientDataSet.CloneCursor
 0001:00023874       TIBClientDataSet.SetDetailsActive
 0001:0002390C       TIBClientDataSet.CheckMasterSourceActive
 0001:00023970       TIBClientDataSet.GetMasterSource
 0001:00023978       TIBClientDataSet.SetDataSource
 0001:000239B8       TIBClientDataSet.GetMasterFields
 0001:000239CC       TIBClientDataSet.SetMasterFields
 0001:000239FC       TIBClientDataSet.SetActive
 0001:00023B4C       TIBClientDataSet.SetInternalCommandText
 0001:00023C3C       TIBClientDataSet.SetParamsFromSQL
 0001:00023F28       TIBClientDataSet.Loaded
 0001:00023FA0       TIBClientDataSet.Notification
 0001:00024018       CreateParamsFromMasterFields
 0001:00024194       TIBClientDataSet.SetLocalParams
 0001:00024208       Finalization
 0001:00024238       DBLocalI
 0001:000249A8       TIBTable.Create
 0001:00024AE0       TIBTable.Destroy
 0001:00024B60       TIBTable.InternalClose
 0001:00024B7C       TIBTable.InternalOpen
 0001:00024BE4       TIBTable.InternalRefresh
 0001:00024C10       TIBTable.SetFiltered
 0001:00024C40       TIBTable.SetFilterText
 0001:00024C7C       TIBTable.SetFilterOptions
 0001:00024CAC       TIBTable.InternalRefreshRow
 0001:00024D58       TIBTable.DefChanged
 0001:00024D60       TIBTable.InitFieldDefs
 0001:000254F0       TIBTable.AddIndex
 0001:00025938       DeleteByIndex
 0001:00025A64       DeleteByConstraint
 0001:00025D7C       DeleteByKey
 0001:000260CC       TIBTable.DeleteIndex
 0001:00026140       TIBTable.GetIndexFieldNames
 0001:0002616C       TIBTable.GetIndexName
 0001:00026198       TIBTable.GetIndexNames
 0001:000261BC       TIBTable.GetIndexParams
 0001:00026240       TIBTable.SetIndexDefs
 0001:00026250       TIBTable.SetIndex
 0001:000262AC       TIBTable.SetIndexFieldNames
 0001:000262C4       TIBTable.SetIndexName
 0001:000262CC       TIBTable.UpdateIndexDefs
 0001:00026938       TIBTable.GetExists
 0001:00026B00       TIBTable.GotoCurrent
 0001:00026BA0       InitFieldsList
 0001:00027280       InternalCreateTable
 0001:000274FC       InternalCreateIndex
 0001:00027590       TIBTable.CreateTable
 0001:000275F0       TIBTable.DeleteTable
 0001:000276F8       TIBTable.EmptyTable
 0001:0002782C       TIBTable.DataEvent
 0001:0002784C       TIBTable.GetCanModify
 0001:00027880       TIBTable.InternalGetUpdatable
 0001:00027A70       TIBTable.FieldDefsStored
 0001:00027A90       TIBTable.IndexDefsStored
 0001:00027AB4       TIBTable.SetParams
 0001:00027BD0       TIBTable.MasterChanged
 0001:00027BEC       TIBTable.MasterDisabled
 0001:00027C08       TIBTable.GetDataSource
 0001:00027C14       TIBTable.SetDataSource
 0001:00027C6C       TIBTable.GetMasterFields
 0001:00027C88       TIBTable.SetMasterFields
 0001:00027CC0       TIBTable.DoOnNewRecord
 0001:00027D14       TIBTable.FormatFieldsList
 0001:00027E54       TIBTable.ExtractLinkFields
 0001:00027F50       TIBTable.GetDetailLinkFields
 0001:000280D4       TIBTable.SetReadOnly
 0001:000280F0       TIBTable.SetTableName
 0001:000281B8       TIBTable.GetIndexField
 0001:000282F4       TIBTable.SetIndexField
 0001:00028314       TIBTable.GetIndexFieldCount
 0001:000283F8       TIBTable.GetTableNames
 0001:00028418       TIBTable.GetTableNamesFromServer
 0001:00028718       TIBTable.SwitchToIndex
 0001:00028734       TIBTable.InternalTableRefresh
 0001:00028770       TIBTable.GenerateSQL
 0001:00028D28       GenerateFieldLists
 0001:00028F78       GenerateWherePrimaryFieldList
 0001:00029088       TIBTable.GenerateUpdateSQL
 0001:0002947C       TIBTable.ResetSQLStatements
 0001:000294C8       TIBTable.SetTableTypes
 0001:000294D8       DBKeyCompare
 0001:00029514       TIBTable.InternalGotoDBKey
 0001:000295CC       TIBTable.GetCurrentDBKey
 0001:000295FC       TIBTable.Reopen
 0001:00029674       GetIdx
 0001:00029770       TIBTable.PSGetDefaultOrder
 0001:000298A8       TIBTable.PSGetIndexDefs
 0001:000298BC       TIBTable.PSGetTableName
 0001:000298D4       TIBTable.PSSetParams
 0001:000298F8       TIBTable.PSSetCommandText
 0001:00029910       TIBTable.PSGetKeyFields
 0001:00029A3C       TIBTable.InternalLocate
 0001:00029F8C       TIBTable.Locate
 0001:0002A048       Finalization
 0001:0002A078       IBTable
 0001:0002A388       TIBBatchMove.Create
 0001:0002A3E8       TIBBatchMove.Destroy
 0001:0002A448       GetMappingNames
 0001:0002A500       TIBBatchMove.Execute
 0001:0002A844       TIBBatchMove.Notification
 0001:0002A87C       TIBBatchMove.SetMappings
 0001:0002A88C       TIBBatchMove.SetSource
 0001:0002A89C       TIBBatchMove.InternalExecute
 0001:0002A8A0       Finalization
 0001:0002A8D0       IBBatchMove
 0001:0002AC44       TIBEvents.GetNativeHandle
 0001:0002AC5C       TIBEvents.ValidateDatabase
 0001:0002ACA0       TIBEvents.Create
 0001:0002AD38       TIBEvents.Destroy
 0001:0002ADE8       TIBEvents.Notification
 0001:0002AE24       TIBEvents.RegisterEvents
 0001:0002AF1C       TIBEvents.SetEvents
 0001:0002AF2C       TIBEvents.SetDatabase
 0001:0002AFD8       TIBEvents.SetRegistered
 0001:0002AFFC       TIBEvents.UnRegisterEvents
 0001:0002B05C       EventCallback
 0001:0002B08C       TIBEventThread.DoEvent
 0001:0002B100       TIBEventThread.UpdateResultBuffer
 0001:0002B110       TIBEventThread.QueueEvents
 0001:0002B130       TIBEventThread.ProcessEvents
 0001:0002B198       TIBEventThread.UnRegisterEvents
 0001:0002B1F0       EBP
 0001:0002B278       TIBEventThread.RegisterEvents
 0001:0002B3C0       TIBEventThread.SignalEvent
 0001:0002B3D0       TIBEventThread.SignalTerminate
 0001:0002B3EC       TIBEventThread.DoHandleException
 0001:0002B3F8       TIBEventThread.HandleException
 0001:0002B490       TIBEventThread.Execute
 0001:0002B52C       TIBEventThread.Create
 0001:0002B59C       TIBEventThread.Destroy
 0001:0002B628       TIBEvents.EventChange
 0001:0002B7E4       TIBEvents.GetRegistered
 0001:0002B7E8       TIBEvents.ThreadEnded
 0001:0002B838       TIBEvents.SetAutoRegister
 0001:0002B870       TIBEvents.GetAutoRegister
 0001:0002B874       TIBEventThread.SQueEvents
 0001:0002B938       Finalization
 0001:0002B968       IBEvents
 0001:0002BF58       TIBExtract.GetArrayField
 0001:0002C178       TIBExtract.Create
 0001:0002C218       TIBExtract.Destroy
 0001:0002C250       TIBExtract.ExtractDDL
 0001:0002C400       TIBExtract.ExtractListTable
 0001:0002DB68       TIBExtract.ExtractListView
 0001:0002E074       TIBExtract.GetCharacterSets
 0001:0002E5DC       TIBExtract.GetDatabase
 0001:0002E5E0       TIBExtract.GetIndexSegments
 0001:0002E7BC       TIBExtract.GetTransaction
 0001:0002E7C0       TIBExtract.ListGrants
 0001:0002EAF0       TIBExtract.ListProcs
 0001:0002F120       TIBExtract.ListAllTables
 0001:0002F320       TIBExtract.ListTriggers
 0001:0002FE48       TIBExtract.ListCheck
 0001:00030620       GetLongDatabaseInfo
 0001:00030698       TIBExtract.ListCreateDb
 0001:000315A4       FormatDomainStr
 0001:00031EA4       TIBExtract.ListDomains
 0001:000322E8       TIBExtract.ListException
 0001:000325D8       TIBExtract.ListFilters
 0001:000329D8       TIBExtract.ListForeign
 0001:000338C4       TIBExtract.ListFunctions
 0001:000345D0       TIBExtract.ListGenerators
 0001:0003492C       TIBExtract.ListIndex
 0001:000352C4       TIBExtract.ListViews
 0001:00035A30       TIBExtract.PrintSet
 0001:00035AA4       TIBExtract.PrintValidation
 0001:00035BF0       TIBExtract.SetDatabase
 0001:00035C24       TIBExtract.SetTransaction
 0001:00035C44       TIBExtract.ExtractObject
 0001:00035F18       TIBExtract.GetFieldType
 0001:000361A0       MakePrivString
 0001:000361F0       TIBExtract.ShowGrants
 0001:00036FB4       TIBExtract.ShowGrantRoles
 0001:0003730C       FormatParamStr
 0001:000379D0       TIBExtract.GetProcedureArgs
 0001:00037D34       TIBExtract.Notification
 0001:00037D6C       TIBExtract.ListData
 0001:000381D4       TIBExtract.ListRoles
 0001:00038550       TIBExtract.GetFieldLength
 0001:000385CC       TIBExtract.CreateIBSQL
 0001:00038600       Finalization
 0001:0003869C       IBExtract
 0001:00039158       IBInstallerError
 0001:000391C8       ErrorCallback
 0001:000391E0       StatusCallback
 0001:000391F8       TIBSetup.ErrorInternal
 0001:000392D4       TIBSetup.StatusInternal
 0001:00039374       TIBSetup.SetMsgFilePath
 0001:000393B0       TIBSetup.Call
 0001:00039438       TIBSetup.IBInstallError
 0001:00039498       TIBSetup.GetInstallMessage
 0001:0003953C       TIBSetup.Create
 0001:00039588       TIBInstall.Create
 0001:000395E0       TIBInstall.Destroy
 0001:00039614       TIBInstall.InstallCheck
 0001:000396A4       TIBInstall.InstallExecute
 0001:00039768       TIBInstall.InternalSetOptions
 0001:000398C4       TIBInstall.SetDestination
 0001:00039900       TIBInstall.SetInstallOptions
 0001:00039910       TIBInstall.SetSource
 0001:0003994C       TIBInstall.SuggestDestination
 0001:0003999C       TIBInstall.GetOptionDescription
 0001:00039A28       TIBInstall.GetOptionDescription
 0001:00039AB4       TIBInstall.GetOptionDescription
 0001:00039B40       TIBInstall.GetOptionDescription
 0001:00039BCC       TIBInstall.GetOptionName
 0001:00039C58       TIBInstall.GetOptionName
 0001:00039CE4       TIBInstall.GetOptionName
 0001:00039D70       TIBInstall.GetOptionName
 0001:00039DFC       TIBInstall.GetOptionSpaceRequired
 0001:00039E14       TIBInstall.GetOptionSpaceRequired
 0001:00039E2C       TIBInstall.GetOptionSpaceRequired
 0001:00039E44       TIBInstall.GetOptionSpaceRequired
 0001:00039E5C       TIBInstall.GetOptionProperty
 0001:00039EDC       TIBInstall.GetOptionProperty
 0001:00039F1C       TIBInstall.GetOptionProperty
 0001:00039F68       TIBInstall.GetOptionProperty
 0001:00039FB4       TIBUnInstall.UnInstallCheck
 0001:00039FE8       TIBUnInstall.UnInstallExecute
 0001:0003A02C       EIBInstall.Create
 0001:0003A0A8       EIBInstall.Create
 0001:0003A128       Finalization
 0001:0003A1CC       IBInstall
 0001:0003A6A0       TIBStoredProc.Create
 0001:0003A710       TIBStoredProc.Destroy
 0001:0003A768       TIBStoredProc.Disconnect
 0001:0003A77C       TIBStoredProc.ExecProc
 0001:0003A848       TIBStoredProc.SetProcName
 0001:0003A90C       TIBStoredProc.GetParamsCount
 0001:0003A91C       TIBStoredProc.SetFiltered
 0001:0003A954       TIBStoredProc.GenerateSQL
 0001:0003AD48       TIBStoredProc.CreateParamDesc
 0001:0003B1C0       TIBStoredProc.SetPrepared
 0001:0003B29C       TIBStoredProc.Prepare
 0001:0003B2A4       TIBStoredProc.UnPrepare
 0001:0003B2AC       TIBStoredProc.FreeStatement
 0001:0003B2C4       TIBStoredProc.SetPrepare
 0001:0003B2D4       TIBStoredProc.CopyParams
 0001:0003B354       TIBStoredProc.SetParamsList
 0001:0003B3A0       TIBStoredProc.ParamByName
 0001:0003B3D8       TIBStoredProc.GetStoredProcedureNames
 0001:0003B3F8       TIBStoredProc.GetStoredProcedureNamesFromServer
 0001:0003B5A8       TIBStoredProc.SetParams
 0001:0003B914       TIBStoredProc.SetParamsFromCursor
 0001:0003B9A8       TIBStoredProc.FetchDataIntoOutputParams
 0001:0003BA50       TIBStoredProc.InternalOpen
 0001:0003BA6C       WriteData
 0001:0003BAB8       TIBStoredProc.DefineProperties
 0001:0003BB14       TIBStoredProc.WriteParamData
 0001:0003BB24       TIBStoredProc.ReadParamData
 0001:0003BB44       TIBStoredProc.PSGetParams
 0001:0003BB4C       TIBStoredProc.PSSetParams
 0001:0003BB74       TIBStoredProc.PSGetTableName
 0001:0003BB78       TIBStoredProc.PSExecute
 0001:0003BB80       TIBStoredProc.PSSetCommandText
 0001:0003BB98       Finalization
 0001:0003BBC8       IBStoredProc
 0001:0003BD04       TIBUpdateSQL.Create
 0001:0003BD70       TIBUpdateSQL.Destroy
 0001:0003BDC8       TIBUpdateSQL.ExecSQL
 0001:0003BE04       TIBUpdateSQL.GetQuery
 0001:0003BE78       TIBUpdateSQL.GetSQL
 0001:0003BE80       TIBUpdateSQL.GetSQLIndex
 0001:0003BE88       TIBUpdateSQL.GetDataSet
 0001:0003BE8C       TIBUpdateSQL.SetDataSet
 0001:0003BE90       TIBUpdateSQL.SetSQL
 0001:0003BEA8       TIBUpdateSQL.SetSQLIndex
 0001:0003BEB0       TIBUpdateSQL.SQLChanged
 0001:0003BEFC       TIBUpdateSQL.SetParams
 0001:0003C070       TIBUpdateSQL.Apply
 0001:0003C08C       Finalization
 0001:0003C0BC       IBUpdateSQL
 0001:0003C294       @GetPackageInfoTable
 0001:0003C29C       @PackageLoad
 0001:0003C2A8       @PackageUnload
 0001:0003C2B4       ibxpress
 0002:00000000       Module
 0002:00000018       TlsProc
 0002:00000028       IBErrorMessages
 0002:00000208       DefaultFieldClasses
 0002:000002A0       CreateProviderProc
 0002:000002A4       RetCodes
 0002:000002A8       SPBConstantNames
 0002:000002D8       SPBConstantValues
 0002:00000308       MonitorHookNames
 0002:00000320       DPBConstantNames
 0002:0000042C       TPBConstantNames
 0002:0000047C       PrivTypes
 0002:000004AC       ColumnTypes
 0002:0000051C       SubTypes
 0002:00000540       TriggerTypes
 0002:0000055C       IntegralSubtypes
 0002:00000568       IBInstallerMessages
 0002:00001000       ModuleIsLib
 0002:00001001       ModuleIsPackage
 0002:00001004       TlsIndex
 0002:0000100C       HInstance
 0002:00001010       .1
 0002:00001014       tlsBuffer
 0002:00001018       .3
 0002:0000101C       .1
 0002:00001020       .1
 0002:00001024       .1
 0002:00001028       .1
 0002:0000102C       .1
 0002:00001030       IBCS
 0002:00001048       .6
 0002:0000104C       IBDataBaseErrorMessages
 0002:00001050       BLOB_get
 0002:00001054       BLOB_put
 0002:00001058       isc_sqlcode
 0002:0000105C       isc_sql_interprete
 0002:00001060       isc_interprete
 0002:00001064       isc_vax_integer
 0002:00001068       isc_blob_info
 0002:0000106C       isc_open_blob2
 0002:00001070       isc_close_blob
 0002:00001074       isc_get_segment
 0002:00001078       isc_put_segment
 0002:0000107C       isc_create_blob2
 0002:00001080       isc_service_attach
 0002:00001084       isc_service_detach
 0002:00001088       isc_service_query
 0002:0000108C       isc_service_start
 0002:00001090       isc_decode_date
 0002:00001094       isc_decode_sql_date
 0002:00001098       isc_decode_sql_time
 0002:0000109C       isc_decode_timestamp
 0002:000010A0       isc_encode_date
 0002:000010A4       isc_encode_sql_date
 0002:000010A8       isc_encode_sql_time
 0002:000010AC       isc_encode_timestamp
 0002:000010B0       isc_dsql_free_statement
 0002:000010B4       isc_dsql_execute2
 0002:000010B8       isc_dsql_execute
 0002:000010BC       isc_dsql_set_cursor_name
 0002:000010C0       isc_dsql_fetch
 0002:000010C4       isc_dsql_sql_info
 0002:000010C8       isc_dsql_alloc_statement2
 0002:000010CC       isc_dsql_prepare
 0002:000010D0       isc_dsql_describe_bind
 0002:000010D4       isc_dsql_describe
 0002:000010D8       isc_dsql_execute_immediate
 0002:000010DC       isc_drop_database
 0002:000010E0       isc_detach_database
 0002:000010E4       isc_attach_database
 0002:000010E8       isc_database_info
 0002:000010EC       isc_start_multiple
 0002:000010F0       isc_commit_transaction
 0002:000010F4       isc_commit_retaining
 0002:000010F8       isc_rollback_transaction
 0002:000010FC       isc_rollback_retaining
 0002:00001100       isc_cancel_events
 0002:00001104       isc_que_events
 0002:00001108       isc_event_counts
 0002:0000110C       isc_event_block
 0002:00001110       isc_free
 0002:00001114       isc_add_user
 0002:00001118       isc_delete_user
 0002:0000111C       isc_modify_user
 0002:00001120       isc_prepare_transaction
 0002:00001124       isc_prepare_transaction2
 0002:00001128       isc_install_clear_options
 0002:0000112C       isc_install_execute
 0002:00001130       isc_install_get_info
 0002:00001134       isc_install_get_message
 0002:00001138       isc_install_load_external_text
 0002:0000113C       isc_install_precheck
 0002:00001140       isc_install_set_option
 0002:00001144       isc_uninstall_execute
 0002:00001148       isc_uninstall_precheck
 0002:0000114C       isc_install_unset_option
 0002:00001150       .1
 0002:00001154       IBLibrary
 0002:00001158       IBInstallLibrary
 0002:0000115C       IBClientVersion
 0002:00001160       .1
 0002:00001164       .1
 0002:00001168       .01
 0002:0000116C       .2
 0002:00001170       .23
 0002:00001174       .11
 0002:00001178       .3
 0002:0000117C       FSharedBuffer
 0002:00001180       FWriteLock
 0002:00001184       FWriteEvent
 0002:00001188       FWriteFinishedEvent
 0002:0000118C       FReadEvent
 0002:00001190       FReadFinishedEvent
 0002:00001194       FBuffer
 0002:00001198       FMonitorCount
 0002:0000119C       FReaderCount
 0002:000011A0       FTraceDataType
 0002:000011A4       FBufferSize
 0002:000011A8       FTimeStamp
 0002:000011AC       FWriterThread
 0002:000011B0       FReaderThread
 0002:000011B4       _MonitorHook
 0002:000011B8       bDone
 0002:000011BC       CS
 0002:000011D4       .2
 0002:000011D8       .8
 0002:000011DC       .2
 0002:000011E0       .3
 0002:000011E4       .2
 0002:000011E8       .2
 0002:000011EC       .2
 0002:000011F0       .6
 0002:000011F4       .8
 0002:000011F8       .2
 0002:000011FC       .2


Bound resource files

ibxpress.res
c:\TEMP\dtf7029.tmp


Program entry point at 0001:0003C2B4
