
 Start         Length     Name                   Class
 0001:00000000 0005DFECH .text                   CODE
 0002:00000000 00002800H .data                   DATA
 0002:00002800 00000E61H .bss                    BSS


Detailed map of segments

 0001:00000000 000088F7 C=CODE     S=.text    G=(none)   M=System   ACBP=A9
 0001:000088F8 0000022C C=CODE     S=.text    G=(none)   M=SysInit  ACBP=A9
 0001:00008B24 00000460 C=CODE     S=.text    G=(none)   M=Types    ACBP=A9
 0001:00008F84 00000580 C=CODE     S=.text    G=(none)   M=Windows  ACBP=A9
 0001:00009504 000004A0 C=CODE     S=.text    G=(none)   M=SysConst ACBP=A9
 0001:000099A4 0000BF0C C=CODE     S=.text    G=(none)   M=SysUtils ACBP=A9
 0001:000158B0 00000194 C=CODE     S=.text    G=(none)   M=VarUtils ACBP=A9
 0001:00015A44 00009E24 C=CODE     S=.text    G=(none)   M=Variants ACBP=A9
 0001:0001F868 00000038 C=CODE     S=.text    G=(none)   M=Messages ACBP=A9
 0001:0001F8A0 00000388 C=CODE     S=.text    G=(none)   M=RTLConsts ACBP=A9
 0001:0001FC28 000024D4 C=CODE     S=.text    G=(none)   M=TypInfo  ACBP=A9
 0001:000220FC 00001D94 C=CODE     S=.text    G=(none)   M=ActiveX  ACBP=A9
 0001:00023E90 0001330E C=CODE     S=.text    G=(none)   M=Classes  ACBP=A9
 0001:000371A0 0000050C C=CODE     S=.text    G=(none)   M=SyncObjs ACBP=A9
 0001:000376AC 000000A8 C=CODE     S=.text    G=(none)   M=ComConst ACBP=A9
 0001:00037754 00004119 C=CODE     S=.text    G=(none)   M=ComObj   ACBP=A9
 0001:0003B870 00000851 C=CODE     S=.text    G=(none)   M=VCLCom   ACBP=A9
 0001:0003C0C4 00002C48 C=CODE     S=.text    G=(none)   M=Math     ACBP=A9
 0001:0003ED0C 00001360 C=CODE     S=.text    G=(none)   M=Contnrs  ACBP=A9
 0001:0004006C 00001FD3 C=CODE     S=.text    G=(none)   M=ConvUtils ACBP=A9
 0001:00042040 000024C4 C=CODE     S=.text    G=(none)   M=DateUtils ACBP=A9
 0001:00044504 00002218 C=CODE     S=.text    G=(none)   M=IniFiles ACBP=A9
 0001:0004671C 0000088C C=CODE     S=.text    G=(none)   M=Masks    ACBP=A9
 0001:00046FA8 00002F48 C=CODE     S=.text    G=(none)   M=Registry ACBP=A9
 0001:00049EF0 00001F14 C=CODE     S=.text    G=(none)   M=StdConvs ACBP=A9
 0001:0004BE04 0000016C C=CODE     S=.text    G=(none)   M=StdVCL   ACBP=A9
 0001:0004BF70 00000E20 C=CODE     S=.text    G=(none)   M=StrUtils ACBP=A9
 0001:0004CD90 00000C2F C=CODE     S=.text    G=(none)   M=VarConv  ACBP=A9
 0001:0004D9C0 000028F7 C=CODE     S=.text    G=(none)   M=VarCmplx ACBP=A9
 0001:000502B8 00000C08 C=CODE     S=.text    G=(none)   M=MaskUtils ACBP=A9
 0001:00050EC0 000010C8 C=CODE     S=.text    G=(none)   M=HelpIntfs ACBP=A9
 0001:00051F88 00000138 C=CODE     S=.text    G=(none)   M=WinSock  ACBP=A9
 0001:000520C0 00004538 C=CODE     S=.text    G=(none)   M=ScktComp ACBP=A9
 0001:000565F8 00000038 C=CODE     S=.text    G=(none)   M=AccCtrl  ACBP=A9
 0001:00056630 00000038 C=CODE     S=.text    G=(none)   M=AclAPI   ACBP=A9
 0001:00056668 000005D4 C=CODE     S=.text    G=(none)   M=Mtx      ACBP=A9
 0001:00056C3C 00000C6C C=CODE     S=.text    G=(none)   M=ComSvcs  ACBP=A9
 0001:000578A8 00000FE4 C=CODE     S=.text    G=(none)   M=ADOInt   ACBP=A9
 0001:0005888C 00000A24 C=CODE     S=.text    G=(none)   M=AspTlb   ACBP=A9
 0001:000592B0 0000019C C=CODE     S=.text    G=(none)   M=COMAdmin ACBP=A9
 0001:0005944C 00000038 C=CODE     S=.text    G=(none)   M=CommCtrl ACBP=A9
 0001:00059484 00000038 C=CODE     S=.text    G=(none)   M=ShellAPI ACBP=A9
 0001:000594BC 00000038 C=CODE     S=.text    G=(none)   M=RegStr   ACBP=A9
 0001:000594F4 00000038 C=CODE     S=.text    G=(none)   M=WinInet  ACBP=A9
 0001:0005952C 00000038 C=CODE     S=.text    G=(none)   M=UrlMon   ACBP=A9
 0001:00059564 00000038 C=CODE     S=.text    G=(none)   M=ShlObj   ACBP=A9
 0001:0005959C 00000038 C=CODE     S=.text    G=(none)   M=CommDlg  ACBP=A9
 0001:000595D4 00000038 C=CODE     S=.text    G=(none)   M=Cpl      ACBP=A9
 0001:0005960C 00000038 C=CODE     S=.text    G=(none)   M=DDEml    ACBP=A9
 0001:00059644 00000038 C=CODE     S=.text    G=(none)   M=Dlgs     ACBP=A9
 0001:0005967C 0000036B C=CODE     S=.text    G=(none)   M=FlatSB   ACBP=A9
 0001:000599E8 00000238 C=CODE     S=.text    G=(none)   M=ImageHlp ACBP=A9
 0001:00059C20 00000038 C=CODE     S=.text    G=(none)   M=Imm      ACBP=A9
 0001:00059C58 00000038 C=CODE     S=.text    G=(none)   M=Isapi    ACBP=A9
 0001:00059C90 00000038 C=CODE     S=.text    G=(none)   M=Isapi2   ACBP=A9
 0001:00059CC8 00000038 C=CODE     S=.text    G=(none)   M=LZExpand ACBP=A9
 0001:00059D00 00000670 C=CODE     S=.text    G=(none)   M=Mapi     ACBP=A9
 0001:0005A370 00000038 C=CODE     S=.text    G=(none)   M=MMSystem ACBP=A9
 0001:0005A3A8 0000139C C=CODE     S=.text    G=(none)   M=msxml    ACBP=A9
 0001:0005B744 0000079F C=CODE     S=.text    G=(none)   M=MultiMon ACBP=A9
 0001:0005BEE4 00000038 C=CODE     S=.text    G=(none)   M=Nb30     ACBP=A9
 0001:0005BF1C 00000038 C=CODE     S=.text    G=(none)   M=Nsapi    ACBP=A9
 0001:0005BF54 00000038 C=CODE     S=.text    G=(none)   M=Ns30Fix  ACBP=A9
 0001:0005BF8C 00000038 C=CODE     S=.text    G=(none)   M=Ns35Fix  ACBP=A9
 0001:0005BFC4 00000038 C=CODE     S=.text    G=(none)   M=Ns36Fix  ACBP=A9
 0001:0005BFFC 00001B5C C=CODE     S=.text    G=(none)   M=OleDB    ACBP=A9
 0001:0005DB58 00000038 C=CODE     S=.text    G=(none)   M=OleDlg   ACBP=A9
 0001:0005DB90 00000043 C=CODE     S=.text    G=(none)   M=OpenGL   ACBP=A9
 0001:0005DBD4 00000038 C=CODE     S=.text    G=(none)   M=PenWin   ACBP=A9
 0001:0005DC0C 00000038 C=CODE     S=.text    G=(none)   M=PsAPI    ACBP=A9
 0001:0005DC44 00000038 C=CODE     S=.text    G=(none)   M=RichEdit ACBP=A9
 0001:0005DC7C 00000038 C=CODE     S=.text    G=(none)   M=SHFolder ACBP=A9
 0001:0005DCB4 00000038 C=CODE     S=.text    G=(none)   M=TlHelp32 ACBP=A9
 0001:0005DCEC 00000038 C=CODE     S=.text    G=(none)   M=WinSpool ACBP=A9
 0001:0005DD24 00000038 C=CODE     S=.text    G=(none)   M=WinSvc   ACBP=A9
 0001:0005DD5C 0000028D C=CODE     S=.text    G=(none)   M=rtl      ACBP=A9
 0002:00000000 000002F0 C=DATA     S=.data    G=DGROUP   M=System   ACBP=A9
 0002:000002F0 00000028 C=DATA     S=.data    G=DGROUP   M=SysInit  ACBP=A9
 0002:00000318 0000029C C=DATA     S=.data    G=DGROUP   M=SysUtils ACBP=A9
 0002:000005B4 00000108 C=DATA     S=.data    G=DGROUP   M=VarUtils ACBP=A9
 0002:000006BC 0000017A C=DATA     S=.data    G=DGROUP   M=Variants ACBP=A9
 0002:00000838 0000000C C=DATA     S=.data    G=DGROUP   M=TypInfo  ACBP=A9
 0002:00000844 000001B0 C=DATA     S=.data    G=DGROUP   M=ActiveX  ACBP=A9
 0002:000009F4 00000118 C=DATA     S=.data    G=DGROUP   M=Classes  ACBP=A9
 0002:00000B0C 00000044 C=DATA     S=.data    G=DGROUP   M=ComObj   ACBP=A9
 0002:00000B50 00000010 C=DATA     S=.data    G=DGROUP   M=Math     ACBP=A9
 0002:00000B60 00000008 C=DATA     S=.data    G=DGROUP   M=Contnrs  ACBP=A9
 0002:00000B68 0000000C C=DATA     S=.data    G=DGROUP   M=ConvUtils ACBP=A9
 0002:00000B74 00000022 C=DATA     S=.data    G=DGROUP   M=DateUtils ACBP=A9
 0002:00000B98 00000008 C=DATA     S=.data    G=DGROUP   M=IniFiles ACBP=A9
 0002:00000BA0 00000008 C=DATA     S=.data    G=DGROUP   M=Registry ACBP=A9
 0002:00000BA8 00000040 C=DATA     S=.data    G=DGROUP   M=StdVCL   ACBP=A9
 0002:00000BE8 0000005E C=DATA     S=.data    G=DGROUP   M=StrUtils ACBP=A9
 0002:00000C48 00000003 C=DATA     S=.data    G=DGROUP   M=VarConv  ACBP=A9
 0002:00000C4C 0000001C C=DATA     S=.data    G=DGROUP   M=VarCmplx ACBP=A9
 0002:00000C68 00000009 C=DATA     S=.data    G=DGROUP   M=MaskUtils ACBP=A9
 0002:00000C74 00000050 C=DATA     S=.data    G=DGROUP   M=Mtx      ACBP=A9
 0002:00000CC4 000004D0 C=DATA     S=.data    G=DGROUP   M=ComSvcs  ACBP=A9
 0002:00001194 00000240 C=DATA     S=.data    G=DGROUP   M=ADOInt   ACBP=A9
 0002:000013D4 00000070 C=DATA     S=.data    G=DGROUP   M=COMAdmin ACBP=A9
 0002:00001444 00000039 C=DATA     S=.data    G=DGROUP   M=Mapi     ACBP=A9
 0002:00001480 00000230 C=DATA     S=.data    G=DGROUP   M=msxml    ACBP=A9
 0002:000016B0 00000D70 C=DATA     S=.data    G=DGROUP   M=OleDB    ACBP=A9
 0002:00003000 00000714 C=BSS      S=.bss     G=DGROUP   M=System   ACBP=A9
 0002:00003714 00000018 C=BSS      S=.bss     G=DGROUP   M=SysInit  ACBP=A9
 0002:0000372C 00000004 C=BSS      S=.bss     G=DGROUP   M=Types    ACBP=A9
 0002:00003730 00000004 C=BSS      S=.bss     G=DGROUP   M=Windows  ACBP=A9
 0002:00003734 00000004 C=BSS      S=.bss     G=DGROUP   M=SysConst ACBP=A9
 0002:00003738 00000124 C=BSS      S=.bss     G=DGROUP   M=SysUtils ACBP=A9
 0002:0000385C 00000004 C=BSS      S=.bss     G=DGROUP   M=VarUtils ACBP=A9
 0002:00003860 00000184 C=BSS      S=.bss     G=DGROUP   M=Variants ACBP=A9
 0002:000039E4 00000004 C=BSS      S=.bss     G=DGROUP   M=Messages ACBP=A9
 0002:000039E8 00000004 C=BSS      S=.bss     G=DGROUP   M=RTLConsts ACBP=A9
 0002:000039EC 00000004 C=BSS      S=.bss     G=DGROUP   M=TypInfo  ACBP=A9
 0002:000039F0 00000004 C=BSS      S=.bss     G=DGROUP   M=ActiveX  ACBP=A9
 0002:000039F4 00000044 C=BSS      S=.bss     G=DGROUP   M=Classes  ACBP=A9
 0002:00003A38 00000004 C=BSS      S=.bss     G=DGROUP   M=SyncObjs ACBP=A9
 0002:00003A3C 00000004 C=BSS      S=.bss     G=DGROUP   M=ComConst ACBP=A9
 0002:00003A40 00000011 C=BSS      S=.bss     G=DGROUP   M=ComObj   ACBP=A9
 0002:00003A54 00000004 C=BSS      S=.bss     G=DGROUP   M=VCLCom   ACBP=A9
 0002:00003A58 00000004 C=BSS      S=.bss     G=DGROUP   M=Math     ACBP=A9
 0002:00003A5C 00000004 C=BSS      S=.bss     G=DGROUP   M=Contnrs  ACBP=A9
 0002:00003A60 00000018 C=BSS      S=.bss     G=DGROUP   M=ConvUtils ACBP=A9
 0002:00003A78 00000004 C=BSS      S=.bss     G=DGROUP   M=DateUtils ACBP=A9
 0002:00003A7C 00000004 C=BSS      S=.bss     G=DGROUP   M=IniFiles ACBP=A9
 0002:00003A80 00000004 C=BSS      S=.bss     G=DGROUP   M=Masks    ACBP=A9
 0002:00003A84 00000004 C=BSS      S=.bss     G=DGROUP   M=Registry ACBP=A9
 0002:00003A88 00000118 C=BSS      S=.bss     G=DGROUP   M=StdConvs ACBP=A9
 0002:00003BA0 00000004 C=BSS      S=.bss     G=DGROUP   M=StdVCL   ACBP=A9
 0002:00003BA4 00000004 C=BSS      S=.bss     G=DGROUP   M=StrUtils ACBP=A9
 0002:00003BA8 00000008 C=BSS      S=.bss     G=DGROUP   M=VarConv  ACBP=A9
 0002:00003BB0 00000004 C=BSS      S=.bss     G=DGROUP   M=VarCmplx ACBP=A9
 0002:00003BB4 00000004 C=BSS      S=.bss     G=DGROUP   M=MaskUtils ACBP=A9
 0002:00003BB8 00000008 C=BSS      S=.bss     G=DGROUP   M=HelpIntfs ACBP=A9
 0002:00003BC0 00000004 C=BSS      S=.bss     G=DGROUP   M=WinSock  ACBP=A9
 0002:00003BC4 00000194 C=BSS      S=.bss     G=DGROUP   M=ScktComp ACBP=A9
 0002:00003D58 00000004 C=BSS      S=.bss     G=DGROUP   M=AccCtrl  ACBP=A9
 0002:00003D5C 00000004 C=BSS      S=.bss     G=DGROUP   M=AclAPI   ACBP=A9
 0002:00003D60 00000004 C=BSS      S=.bss     G=DGROUP   M=Mtx      ACBP=A9
 0002:00003D64 00000004 C=BSS      S=.bss     G=DGROUP   M=ComSvcs  ACBP=A9
 0002:00003D68 00000004 C=BSS      S=.bss     G=DGROUP   M=ADOInt   ACBP=A9
 0002:00003D6C 00000004 C=BSS      S=.bss     G=DGROUP   M=AspTlb   ACBP=A9
 0002:00003D70 00000004 C=BSS      S=.bss     G=DGROUP   M=COMAdmin ACBP=A9
 0002:00003D74 00000004 C=BSS      S=.bss     G=DGROUP   M=CommCtrl ACBP=A9
 0002:00003D78 00000004 C=BSS      S=.bss     G=DGROUP   M=ShellAPI ACBP=A9
 0002:00003D7C 00000004 C=BSS      S=.bss     G=DGROUP   M=RegStr   ACBP=A9
 0002:00003D80 00000004 C=BSS      S=.bss     G=DGROUP   M=WinInet  ACBP=A9
 0002:00003D84 00000004 C=BSS      S=.bss     G=DGROUP   M=UrlMon   ACBP=A9
 0002:00003D88 00000004 C=BSS      S=.bss     G=DGROUP   M=ShlObj   ACBP=A9
 0002:00003D8C 00000004 C=BSS      S=.bss     G=DGROUP   M=CommDlg  ACBP=A9
 0002:00003D90 00000004 C=BSS      S=.bss     G=DGROUP   M=Cpl      ACBP=A9
 0002:00003D94 00000004 C=BSS      S=.bss     G=DGROUP   M=DDEml    ACBP=A9
 0002:00003D98 00000004 C=BSS      S=.bss     G=DGROUP   M=Dlgs     ACBP=A9
 0002:00003D9C 00000034 C=BSS      S=.bss     G=DGROUP   M=FlatSB   ACBP=A9
 0002:00003DD0 00000004 C=BSS      S=.bss     G=DGROUP   M=ImageHlp ACBP=A9
 0002:00003DD4 00000004 C=BSS      S=.bss     G=DGROUP   M=Imm      ACBP=A9
 0002:00003DD8 00000004 C=BSS      S=.bss     G=DGROUP   M=Isapi    ACBP=A9
 0002:00003DDC 00000004 C=BSS      S=.bss     G=DGROUP   M=Isapi2   ACBP=A9
 0002:00003DE0 00000004 C=BSS      S=.bss     G=DGROUP   M=LZExpand ACBP=A9
 0002:00003DE4 00000004 C=BSS      S=.bss     G=DGROUP   M=Mapi     ACBP=A9
 0002:00003DE8 00000004 C=BSS      S=.bss     G=DGROUP   M=MMSystem ACBP=A9
 0002:00003DEC 00000004 C=BSS      S=.bss     G=DGROUP   M=msxml    ACBP=A9
 0002:00003DF0 00000031 C=BSS      S=.bss     G=DGROUP   M=MultiMon ACBP=A9
 0002:00003E24 00000004 C=BSS      S=.bss     G=DGROUP   M=Nb30     ACBP=A9
 0002:00003E28 00000004 C=BSS      S=.bss     G=DGROUP   M=Nsapi    ACBP=A9
 0002:00003E2C 00000004 C=BSS      S=.bss     G=DGROUP   M=Ns30Fix  ACBP=A9
 0002:00003E30 00000004 C=BSS      S=.bss     G=DGROUP   M=Ns35Fix  ACBP=A9
 0002:00003E34 00000004 C=BSS      S=.bss     G=DGROUP   M=Ns36Fix  ACBP=A9
 0002:00003E38 00000004 C=BSS      S=.bss     G=DGROUP   M=OleDB    ACBP=A9
 0002:00003E3C 00000004 C=BSS      S=.bss     G=DGROUP   M=OleDlg   ACBP=A9
 0002:00003E40 00000004 C=BSS      S=.bss     G=DGROUP   M=OpenGL   ACBP=A9
 0002:00003E44 00000004 C=BSS      S=.bss     G=DGROUP   M=PenWin   ACBP=A9
 0002:00003E48 00000004 C=BSS      S=.bss     G=DGROUP   M=PsAPI    ACBP=A9
 0002:00003E4C 00000004 C=BSS      S=.bss     G=DGROUP   M=RichEdit ACBP=A9
 0002:00003E50 00000004 C=BSS      S=.bss     G=DGROUP   M=SHFolder ACBP=A9
 0002:00003E54 00000004 C=BSS      S=.bss     G=DGROUP   M=TlHelp32 ACBP=A9
 0002:00003E58 00000004 C=BSS      S=.bss     G=DGROUP   M=WinSpool ACBP=A9
 0002:00003E5C 00000004 C=BSS      S=.bss     G=DGROUP   M=WinSvc   ACBP=A9


  Address         Publics by Name

 0002:00003D60       .1
 0002:0000385C       .1
 0002:00003DDC       .1
 0002:00003DE0       .1
 0002:00003DD4       .1
 0002:00003D5C       .1
 0002:00003D64       .1
 0002:00003E34       .1
 0002:00003D58       .1
 0002:0000372C       .1
 0002:00003DE4       .1
 0002:00003A3C       .1
 0002:00003734       .1
 0002:00003E5C       .1
 0002:00003E30       .1
 0002:00003D70       .1
 0002:00003DD8       .1
 0002:00003724       .1
 0002:00003BC0       .1
 0002:00003D74       .1
 0002:00003D78       .1
 0002:00003A78       .1
 0002:00003E54       .1
 0002:00003E2C       .1
 0002:00003E50       .1
 0002:00003DD0       .1
 0002:00003E28       .1
 0002:00003E4C       .1
 0002:00003E24       .1
 0002:00003E48       .1
 0002:00003E10       .1
 0002:00003D7C       .1
 0002:00003DBC       .1
 0002:000039E4       .1
 0002:00003E44       .1
 0002:000039E8       .1
 0002:00003BB0       .1
 0002:00003E40       .1
 0002:00003BA8       .1
 0002:00003D80       .1
 0002:00003D98       .1
 0002:00003D94       .1
 0002:00003E3C       .1
 0002:00003BA4       .1
 0002:00003D90       .1
 0002:00003BA0       .1
 0002:00003D8C       .1
 0002:00003D88       .1
 0002:00003E38       .1
 0002:00003D84       .1
 0002:00003B9C       .1
 0002:00003A58       .2
 0002:00003BB4       .2
 0002:00003A54       .2
 0002:00003BB8       .2
 0002:00003A5C       .21
 0002:000039F0       .3
 0002:00003730       .3
 0002:00003D6C       .3
 0002:00003E58       .3
 0002:00003A80       .3
 0002:000039FC       .35
 0002:00003BC4       .41
 0002:00003A40       .41
 0002:00003A84       .5
 0002:00003D68       .5
 0002:000035C4       .5
 0002:00003A60       .5
 0002:00003A38       .6
 0002:00003DEC       .6
 0002:000039EC       .6
 0002:00003880       .61
 0002:00003DE8       .7
 0002:00003A7C       .8
 0002:00003848       .94
 0001:000027B0       @AbstractError
 0001:00006A20       @AddRef
 0001:00006960       @AddRefArray
 0001:00006930       @AddRefRecord
 0001:00004B10       @AfterConstruction
 0001:0000283C       @Append
 0001:000048DC       @AsClass
 0001:00005784       @Assert
 0001:00002AA0       @Assign
 0001:00002DA0       @AStrCmp
 0001:00004B20       @BeforeDestruction
 0001:00002C04       @BlockRead
 0001:00002C24       @BlockWrite
 0001:0000465C       @BoundErr
 0001:00004940       @CallDynaClass
 0001:00004928       @CallDynaInst
 0001:000081DC       @CheckAutoResult
 0001:00004AB8       @ClassCreate
 0001:00004B08       @ClassDestroy
 0001:00002C44       @Close
 0001:000035D4       @CloseFile
 0001:00002224       @Copy
 0001:00006B60       @CopyArray
 0001:00006B48       @CopyObject
 0001:00006A2C       @CopyRecord
 0001:00002704       @COS
 0001:00002268       @Delete
 0001:00006FB0       @DispCallByIDError
 0001:00006DA8       @DispInvoke
 0001:00006C68       @Dispose
 0001:00005060       @DoneExcept
 0001:00007940       @DynArrayAddRef
 0001:00007918       @DynArrayAsg
 0001:000078DC       @DynArrayClear
 0001:000077C8       @DynArrayCopy
 0001:000077E8       @DynArrayCopyRange
 0001:00007608       @DynArrayHigh
 0001:00007600       @DynArrayLength
 0001:000077BC       @DynArraySetLength
 0001:00003DD0       @EmitDigits
 0001:00002E10       @EofFile
 0001:00002E2C       @EofText
 0001:00002E64       @Eoln
 0001:00002EBC       @Erase
 0001:00005148       @ExceptionHandler
 0001:00002714       @EXP
 0001:00004478       @Ext2Real
 0001:00004548       @Fail
 0001:00003060       @FilePos
 0001:000030B0       @FileSize
 0001:000030FC       @FillChar
 0001:00006924       @Finalize
 0001:00006838       @FinalizeArray
 0001:00006804       @FinalizeRecord
 0001:0000496C       @FindDynaClass
 0001:00004954       @FindDynaInst
 0001:00002B5C       @Flush
 0001:00004650       @FpuInit
 0001:0000458C       @FpuMaskInit
 0001:0000275C       @FRAC
 0001:00001FE4       @FreeMem
 0001:00002EFC       @FSafeDivide
 0001:00002EF4       @FSafeDivideR
 0001:00001FC4       @GetMem
 0001:0005DFC4       @GetPackageInfoTable
 0001:00008A00       @GetTls
 0001:00005764       @Halt
 0001:0000568C       @Halt0
 0001:00004C34       @HandleAnyException
 0001:00004F20       @HandleAutoException
 0001:00004EE8       @HandleFinally
 0001:00004D60       @HandleOnException
 0001:000067F8       @Initialize
 0001:00006764       @InitializeArray
 0001:00006734       @InitializeRecord
 0001:00005534       @InitImports
 0001:00008A70       @InitPkg
 0001:0000550C       @InitResStringImports
 0001:000054E8       @InitResStrings
 0001:00005558       @InitWideStrings
 0001:00002380       @Insert
 0001:0000272C       @INT
 0001:0000809C       @IntfAddRef
 0001:00008070       @IntfCast
 0001:0000802C       @IntfClear
 0001:00008044       @IntfCopy
 0001:00006FA8       @IntfDispCall
 0001:00006FB8       @IntfVarCall
 0001:00004664       @IntOver
 0001:000048B8       @IsClass
 0001:0000455C       @isNECWindows
 0001:00002298       @LGetDir
 0001:00005CF4       @LStrAddRef
 0001:0000584C       @LStrArrayClr
 0001:0000587C       @LStrAsg
 0001:00005B14       @LStrCat
 0001:00005B58       @LStrCat3
 0001:00005BCC       @LStrCatN
 0001:00005828       @LStrClr
 0001:00005C50       @LStrCmp
 0001:00005D6C       @LStrCopy
 0001:00005DAC       @LStrDelete
 0001:00005AA0       @LStrFromArray
 0001:00005A08       @LStrFromChar
 0001:00005A28       @LStrFromPChar
 0001:00005918       @LStrFromPCharLen
 0001:00005A58       @LStrFromPWChar
 0001:0000597C       @LStrFromPWCharLen
 0001:00005A94       @LStrFromString
 0001:00005AB8       @LStrFromWArray
 0001:00005A18       @LStrFromWChar
 0001:00005AD4       @LStrFromWStr
 0001:00005DF4       @LStrInsert
 0001:000058C0       @LStrLAsg
 0001:00005B0C       @LStrLen
 0001:00005EFC       @LStrOfChar
 0001:00005E50       @LStrPos
 0001:00005E98       @LStrSetLength
 0001:00005D04       @LStrToPChar
 0001:00005AE8       @LStrToString
 0001:00006C54       @New
 0001:000058EC       @NewAnsiString
 0001:000060AC       @NewWideString
 0001:00004524       @ObjCopy
 0001:000044C4       @ObjSetup
 0001:00006EAC       @OleVarFromInt
 0001:00006E9C       @OleVarFromLStr
 0001:00006E94       @OleVarFromPStr
 0001:00006EA4       @OleVarFromVar
 0001:000052F0       @PackageLoad
 0001:00008AD4       @PackageLoad
 0001:0005DFCC       @PackageLoad
 0001:00008AE0       @PackageUnload
 0001:00005368       @PackageUnload
 0001:0005DFD8       @PackageUnload
 0001:00002620       @Pos
 0001:00004168       @Pow10
 0001:00002C9C       @PStrCat
 0001:00002D1C       @PStrCmp
 0001:00002CF4       @PStrCpy
 0001:00002CC4       @PStrNCat
 0001:00002D00       @PStrNCpy
 0001:0000500C       @RaiseAgain
 0001:00004FE4       @RaiseExcept
 0001:00003140       @RandExt
 0001:00003124       @RandInt
 0001:000031F0       @ReadChar
 0001:00003334       @ReadCString
 0001:000034E8       @ReadExt
 0001:00007384       @ReadInt64
 0001:00003540       @ReadLn
 0001:0000325C       @ReadLong
 0001:00003340       @ReadLString
 0001:00003168       @ReadRec
 0001:00003328       @ReadString
 0001:000033D0       @ReadWChar
 0001:00003428       @ReadWCString
 0001:0000349C       @ReadWString
 0001:00004448       @Real2Ext
 0001:00002004       @ReallocMem
 0001:00003570       @Rename
 0001:000036DC       @ResetFile
 0001:00002824       @ResetText
 0001:000036F8       @RewritFile
 0001:00002830       @RewritText
 0001:00002780       @ROUND
 0001:00005770       @Run0Error
 0001:00005778       @RunError
 0001:00003E40       @ScaleExt
 0001:00003704       @Seek
 0001:00003738       @SeekEof
 0001:00003758       @SeekEoln
 0001:00003C9C       @SetElem
 0001:00003D18       @SetEq
 0001:00003DB0       @SetExpand
 0001:00003D3C       @SetIntersect
 0001:00003D48       @SetIntersect3
 0001:00003D2C       @SetLe
 0001:00002660       @SetLength
 0001:00003CC0       @SetRange
 0001:00002664       @SetString
 0001:00003D84       @SetSub
 0001:00003D94       @SetSub3
 0001:00003784       @SetTextBuf
 0001:00003D60       @SetUnion
 0001:00003D6C       @SetUnion3
 0001:00002310       @SGetDir
 0001:0000274C       @SIN
 0001:000053E0       @StartExe
 0001:00005420       @StartLib
 0001:00004040       @Str0Ext
 0001:00007338       @Str0Int64
 0001:0000380C       @Str0Long
 0001:00004050       @Str1Ext
 0001:00003E84       @Str2Ext
 0001:00007278       @StrInt64
 0001:0000090C       @strlen
 0001:000037AC       @StrLong
 0001:0000278C       @TRUNC
 0001:00003818       @Truncate
 0001:00005090       @TryFinallyExit
 0001:00005D5C       @UniqueStringA
 0001:00005D68       @UniqueStringW
 0001:0000405C       @ValExt
 0001:000073DC       @ValInt64
 0001:00003844       @ValLong
 0001:00006EB4       @VarAdd
 0001:00006FA0       @VarAddRef
 0001:00006EF0       @VarAnd
 0001:00006FD4       @VarArrayGet
 0001:00006FE0       @VarArrayPut
 0001:00006FCC       @VarArrayRedim
 0001:00006DC0       @VarCast
 0001:00006DC8       @VarCastOle
 0001:00006DB0       @VarClear
 0001:00006F98       @VarClr
 0001:00006F38       @VarCmpEQ
 0001:00006F74       @VarCmpGE
 0001:00006F68       @VarCmpGT
 0001:00006F5C       @VarCmpLE
 0001:00006F50       @VarCmpLT
 0001:00006F44       @VarCmpNE
 0001:00006DB8       @VarCopy
 0001:00006F90       @VarCopyNoInd
 0001:00006ED8       @VarDiv
 0001:00006E44       @VarFromBool
 0001:00006E5C       @VarFromCurr
 0001:00006E84       @VarFromDisp
 0001:00006E8C       @VarFromDynArray
 0001:00006E28       @VarFromInt
 0001:00006E30       @VarFromInt64
 0001:00006E7C       @VarFromIntf
 0001:00006E6C       @VarFromLStr
 0001:00006E64       @VarFromPStr
 0001:00006E4C       @VarFromReal
 0001:00006E54       @VarFromTDateTime
 0001:00006E74       @VarFromWStr
 0001:00006EE4       @VarMod
 0001:00006ECC       @VarMul
 0001:00006F80       @VarNeg
 0001:00006F88       @VarNot
 0001:00006EFC       @VarOr
 0001:00006F2C       @VarRDiv
 0001:00006F14       @VarShl
 0001:00006F20       @VarShr
 0001:00006EC0       @VarSub
 0001:00006DE0       @VarToBool
 0001:00006DF0       @VarToCurr
 0001:00006E18       @VarToDisp
 0001:00006E20       @VarToDynArray
 0001:00006DD0       @VarToInt
 0001:00006DD8       @VarToInt64
 0001:00006E10       @VarToIntf
 0001:00006E00       @VarToLStr
 0001:00006DF8       @VarToPStr
 0001:00006DE8       @VarToReal
 0001:00006E08       @VarToWStr
 0001:00006F08       @VarXor
 0001:00003AE0       @Write0Bool
 0001:00003A6C       @Write0Char
 0001:00003B64       @Write0CString
 0001:00003BDC       @Write0Ext
 0001:0000737C       @Write0Int64
 0001:00003B28       @Write0Long
 0001:00005F28       @Write0LString
 0001:00003B30       @Write0String
 0001:00006FC4       @Write0Variant
 0001:0000603C       @Write0WChar
 0001:00005FC4       @Write0WCString
 0001:00005F50       @Write0WString
 0001:00003BD0       @Write1Ext
 0001:00003B9C       @Write2Ext
 0001:00003ACC       @WriteBool
 0001:0000399C       @WriteBytes
 0001:00003AA8       @WriteChar
 0001:00003B6C       @WriteCString
 0001:00007354       @WriteInt64
 0001:00003BEC       @WriteLn
 0001:00003AE8       @WriteLong
 0001:00005F30       @WriteLString
 0001:00003910       @WriteRec
 0001:000039F0       @WriteSpaces
 0001:00003B3C       @WriteString
 0001:00006FBC       @WriteVariant
 0001:00006044       @WriteWChar
 0001:00005FCC       @WriteWCString
 0001:00005F58       @WriteWString
 0001:00006714       @WStrAddRef
 0001:000060EC       @WStrArrayClr
 0001:00006110       @WStrAsg
 0001:00006350       @WStrCat
 0001:000063B0       @WStrCat3
 0001:00006414       @WStrCatN
 0001:000060D4       @WStrClr
 0001:0000645C       @WStrCmp
 0001:000064E0       @WStrCopy
 0001:0000652C       @WStrDelete
 0001:00006284       @WStrFromArray
 0001:000061EC       @WStrFromChar
 0001:000062B8       @WStrFromLStr
 0001:0000620C       @WStrFromPChar
 0001:0000613C       @WStrFromPCharLen
 0001:0000623C       @WStrFromPWChar
 0001:000061C8       @WStrFromPWCharLen
 0001:00006278       @WStrFromString
 0001:0000629C       @WStrFromWArray
 0001:000061FC       @WStrFromWChar
 0001:000065BC       @WStrInsert
 0001:00006134       @WStrLAsg
 0001:00006344       @WStrLen
 0001:000066EC       @WStrOfWChar
 0001:00006658       @WStrPos
 0001:000066A8       @WStrSetLength
 0001:00006334       @WStrToPWChar
 0001:000062C8       @WStrToString
 0001:00003C64       @_ArrayToPasStr
 0001:00003C40       @_CLenToPasStr
 0001:00003C34       @_CToPasStr
 0001:000021BC       @_IOTest
 0001:00007034       @_lldiv
 0001:000070B0       @_lldivo
 0001:00007134       @_llmod
 0001:000071B0       @_llmodo
 0001:00006FEC       @_llmul
 0001:00007010       @_llmulo
 0001:00007238       @_llshl
 0001:000070E8       @_lludiv
 0001:000071E8       @_llumod
 0001:00007258       @_llushr
 0001:00003C7C       @_PasToCStr
 0001:00011AAC       Abort
 0001:00012254       AbstractErrorHandler
 0002:0000302C       AbstractErrorProc
 0001:00056628       AccCtrl
 0001:00051FA0       accept
 0002:000003C4       AccessMode
 0001:00056660       AclAPI
 0001:000020FC       AcquireExceptionObject
 0001:00027E5C       ActivateClassGroup
 0001:00023E88       ActiveX
 0001:00000A40       AddBlockAfter
 0002:000009F4       AddDataModule
 0001:0000B41C       AddExitProc
 0001:0002D6A0       AddFinished
 0001:00007EC0       AddModuleUnloadProc
 0001:00007ED0       AddModuleUnloadProc
 0001:0002D6D8       AddNotFinished
 0002:00001470       Address
 0001:000142C0       AddTerminateProc
 0001:00034E10       AddThread
 0001:0000BDF0       AdjustLineBreaks
 0001:00058884       ADOInt
 0001:0001431C       AL1
 0002:00000594       AL1s
 0001:0001432C       AL2
 0002:000005A4       AL2s
 0001:00036FB8       AllocateHWnd
 0001:0000B3D0       AllocMem
 0002:000035BC       AllocMemCount
 0002:000035C0       AllocMemSize
 0001:00008930       AllocTlsBuffer
 0001:00014398       ALR
 0001:00014344       ALV
 0001:000313CC       AncestorValid
 0001:0003C668       Annuity2
 0001:00012B94       AnsiCompareFileName
 0001:0000B67C       AnsiCompareStr
 0001:0000B6CC       AnsiCompareText
 0001:0004C1FC       AnsiContainsStr
 0001:0004C038       AnsiContainsText
 0001:0000BDBC       AnsiDequotedStr
 0001:0004C278       AnsiEndsStr
 0001:0004C0F4       AnsiEndsText
 0001:0000BCBC       AnsiExtractQuotedStr
 0001:0004C328       AnsiIndexStr
 0001:0004C1B4       AnsiIndexText
 0001:0000CA70       AnsiLastChar
 0001:0000B648       AnsiLowerCase
 0001:00012C14       AnsiLowerCaseFileName
 0001:0004C30C       AnsiMatchStr
 0001:0004C198       AnsiMatchText
 0001:00012B5C       AnsiPos
 0001:0000BB98       AnsiQuotedStr
 0001:0004C140       AnsiReplaceStr
 0001:0004C16C       AnsiReplaceText
 0002:00000C08       AnsiResemblesProc
 0001:0004C020       AnsiResemblesText
 0001:0000B6B4       AnsiSameStr
 0001:0000B704       AnsiSameText
 0001:0004C214       AnsiStartsStr
 0001:0004C0A8       AnsiStartsText
 0001:0000B71C       AnsiStrComp
 0001:0000B73C       AnsiStrIComp
 0001:0000CA48       AnsiStrLastChar
 0001:0000B75C       AnsiStrLComp
 0001:0000B77C       AnsiStrLIComp
 0001:0000B79C       AnsiStrLower
 0001:00012D2C       AnsiStrPos
 0001:00012DCC       AnsiStrRScan
 0001:00012DF4       AnsiStrScan
 0001:0000B7AC       AnsiStrUpper
 0001:00008670       AnsiToUtf8
 0001:0000931C       AnsiUpperBuff
 0001:0000B614       AnsiUpperCase
 0001:00012CA0       AnsiUpperCaseFileName
 0001:0001B6FC       AnyOp
 0001:0001ABA8       AnyToIntf
 0001:0000FC0C       AppendChars
 0001:0000FFD0       AppendFormat
 0001:0000FC70       AppendNumber
 0001:0000B4C0       AppendStr
 0001:0000FC50       AppendString
 0002:00000A04       ApplicationHandleException
 0002:00000A0C       ApplicationShowException
 0002:00000B78       ApproxDaysPerMonth
 0002:00000B80       ApproxDaysPerYear
 0001:0003C888       ArcCos
 0001:0003CCB8       ArcCosh
 0001:0003CFD4       ArcCot
 0001:0003D050       ArcCotH
 0001:0003D028       ArcCsc
 0001:0003D0B0       ArcCscH
 0001:0003D000       ArcSec
 0001:0003D080       ArcSecH
 0001:0003C8C8       ArcSin
 0001:0003CD50       ArcSinh
 0001:0003C908       ArcTan2
 0001:0003CE28       ArcTanh
 0001:0003C3A8       ArgError
 0001:000592A8       AspTlb
 0001:00012238       AssertErrorHandler
 0002:00003024       AssertErrorProc
 0001:0002177C       AssignLongStr
 0001:0003FACC       AssignProc
 0001:0000B4A0       AssignStr
 0001:00021DF8       AssignVariant
 0002:00003AE0       auAcres
 0002:00003AE4       auAres
 0002:00003AE2       auCentares
 0002:00003AE6       auHectares
 0002:00003ACC       auSquareCentimeters
 0002:00003AD2       auSquareDecameters
 0002:00003ACE       auSquareDecimeters
 0002:00003ADA       auSquareFeet
 0002:00003AD4       auSquareHectometers
 0002:00003AD8       auSquareInches
 0002:00003AD6       auSquareKilometers
 0002:00003AD0       auSquareMeters
 0002:00003ADE       auSquareMiles
 0002:00003ACA       auSquareMillimeters
 0002:00003AE8       auSquareRods
 0002:00003ADC       auSquareYards
 0002:00003610       avail
 0001:0000D5D0       BackfillGetDiskFreeSpaceEx
 0002:000006D8       BaseTypeMap
 0001:00012714       Beep
 0001:00028460       BeginGlobalLoading
 0001:000057DC       BeginThread
 0001:00051FA8       bind
 0001:00032924       BinToHex
 0002:00000ABC       Blanks
 0002:00000AE0       BlockCode
 0002:000035E8       blockDescBlockList
 0002:000035EC       blockDescFreeList
 0001:00002B78       BlockIO
 0001:00001D28       BlockSum
 0002:00000838       BooleanIdents
 0002:00000084       BoolStrs
 0001:0000C364       BoolToStr
 0001:00019F18       BoolToWStrViaOS
 0001:00026EE0       Bounds
 0001:00008F04       Bounds
 0001:000127F8       ByteToCharIndex
 0001:000127D0       ByteToCharLen
 0001:00012794       ByteType
 0001:0001271C       ByteTypeTest
 0002:00000B50       C1
 0002:00000B58       C2
 0001:00036EF4       CalcJmpOffset
 0001:000142E0       CallTerminateProcs
 0001:00009324       CallWindowProc
 0002:00000844       CATID_Designer
 0002:00000854       CATID_WebDesigntimeControl
 0002:00003AC8       cbArea
 0002:00003A88       cbDistance
 0002:00003B4C       cbMass
 0002:00000758       CBooleanToRelationship
 0002:00003B70       cbTemperature
 0002:00003B7C       cbTime
 0002:00000B60       cBucketMasks
 0002:00003AEA       cbVolume
 0002:00000B88       CDayMap
 0001:0003C9F0       Ceil
 0001:0004A36C       CelsiusToFahrenheit
 0001:0004A3C8       CelsiusToKelvin
 0001:0004A424       CelsiusToRankine
 0001:0004A494       CelsiusToReaumur
 0001:00008F20       CenterPoint
 0002:00000C58       cFormats
 0002:00003878       ChangeAnyProc
 0001:0000CAF0       ChangeFileExt
 0001:00005948       CharFromWChar
 0001:000129CC       CharLength
 0001:0000932C       CharLower
 0001:00009334       CharLowerBuff
 0001:0000933C       CharLowerBuffW
 0001:00009344       CharNext
 0001:00000864       CharNext
 0001:000128E0       CharToByteIndex
 0001:00012944       CharToByteLen
 0001:0000934C       CharUpper
 0001:00009354       CharUpperBuff
 0001:0000935C       CharUpperBuffW
 0001:0000220C       ChDir
 0001:000021F8       ChDir
 0001:00053878       CheckError
 0001:00013D70       CheckForDuplicateUnits
 0001:00004BB0       CheckJmp
 0001:000532AC       CheckSocketResult
 0001:00034EBC       CheckSynchronize
 0001:0001B788       CheckType
 0001:0001C180       CheckType
 0001:000126F4       CheckWin32Version
 0002:00000B68       CIllegalConvFamily
 0002:00000B6C       CIllegalConvType
 0002:000006F0       CInvalidCustomVariantType
 0001:0003713C       Classes
 0001:00027EB8       ClassGroupOf
 0001:00027F0C       ClassGroupOf
 0001:0003A35C       ClassIDToProgID
 0001:00027B18       ClassNotFound
 0002:00000E44       CLASS_AppServer
 0002:00000EA4       CLASS_ByotServerEx
 0002:000013F4       CLASS_COMAdminCatalog
 0002:00001434       CLASS_COMAdminCatalogCollection
 0002:00001414       CLASS_COMAdminCatalogObject
 0002:00000EE4       CLASS_COMEvents
 0002:000011B4       CLASS_Command
 0002:00001044       CLASS_ComServiceEvents
 0002:00000F04       CLASS_CoMTSLocator
 0002:000011A4       CLASS_Connection
 0002:00001064       CLASS_CRMClerk
 0002:00001084       CLASS_CRMRecoveryClerk
 0002:000011F4       CLASS_DataFactory
 0002:000011E4       CLASS_DataSpace
 0002:00001124       CLASS_DispenserManager
 0002:000015D0       CLASS_DOMDocument
 0002:000015E0       CLASS_DOMFreeThreadedDocument
 0002:00000E14       CLASS_Dummy30040732
 0002:00001184       CLASS_EventServer
 0002:00000D64       CLASS_GetSecurityCallContextAppObject
 0002:000010B4       CLASS_LBEvents
 0002:000010D4       CLASS_MessageMover
 0002:00000F24       CLASS_MtsGrp
 0002:000011D4       CLASS_Parameter
 0002:000011C4       CLASS_Recordset
 0002:00000D44       CLASS_SecurityCallContext
 0002:00000D24       CLASS_SecurityCallers
 0002:00000CE4       CLASS_SecurityCertificate
 0002:00000D04       CLASS_SecurityIdentity
 0002:00000C94       CLASS_SharedPropertyGroupManager
 0002:00001154       CLASS_TrackerServer
 0002:00000C74       CLASS_TransactionContext
 0002:00000C84       CLASS_TransactionContextEx
 0002:000016A0       CLASS_XMLDocument
 0002:00001620       CLASS_XMLDSOControl
 0002:00001600       CLASS_XMLHTTPRequest
 0001:00053410       Cleanup
 0001:0004148C       CleanUpLists
 0002:00003874       ClearAnyProc
 0001:0003B2E0       ClearExcepInfo
 0001:0003ECD0       ClearExceptions
 0001:0001E7C4       ClearVariantTypeList
 0001:000007EC       CloseHandle
 0001:00009014       CloseHandle
 0001:00051FB0       closesocket
 0001:00023D7C       CLSIDFromProgID
 0001:00023D6C       CLSIDFromString
 0001:0000B30C       CLSIDFromString
 0002:00000984       CLSID_CColorPropPage
 0002:00000974       CLSID_CFontPropPage
 0002:000009B4       CLSID_ConvertVBX
 0002:00000994       CLSID_CPicturePropPage
 0002:00001700       CLSID_DATALINKS
 0002:000016C0       CLSID_EXTENDEDERRORINFO
 0002:000016D0       CLSID_MSDAVTM
 0002:000016E0       CLSID_OLEDB_CONVERSIONLIBRARY
 0002:000016B0       CLSID_OLEDB_ENUMERATOR
 0002:000016F0       CLSID_OLEDB_ROWPOSITIONLIBRARY
 0002:000009A4       CLSID_PersistPropset
 0002:000009E4       CLSID_StdComponentCategoryMgr
 0002:000009C4       CLSID_StdFont
 0002:000008F4       CLSID_StdMarshal
 0002:000009D4       CLSID_StdPicture
 0002:00003044       CmdLine
 0002:00003040       CmdShow
 0002:00000764       CmpTypeMap
 0002:00000B14       CoAddRefServerProcess
 0001:000585A8       CoCommand.Create
 0001:0005860C       CoCommand.CreateRemote
 0001:000584C4       CoConnection.Create
 0001:00058528       CoConnection.CreateRemote
 0001:0000B2E4       CoCreateGuid
 0001:00023D84       CoCreateGuid
 0001:00023D5C       CoCreateInstance
 0002:00000B0C       CoCreateInstanceEx
 0001:00023D3C       CoDisconnectObject
 0001:0005B298       CoDOMDocument.Create
 0001:0005B2FC       CoDOMDocument.CreateRemote
 0001:0005B37C       CoDOMFreeThreadedDocument.Create
 0001:0005B3E0       CoDOMFreeThreadedDocument.CreateRemote
 0001:00023D54       CoGetInterfaceAndReleaseStream
 0002:00000CA8       CoGetObjectContextProc
 0002:00000B24       CoInitFlags
 0001:00023D1C       CoInitialize
 0002:00000B10       CoInitializeEx
 0001:00028980       CollectionsEqual
 0001:00023D44       CoLockObjectExternal
 0001:00059444       COMAdmin
 0001:00023D4C       CoMarshalInterThreadInterfaceInStream
 0001:00034478       CombineWideString
 0001:0003B700       ComClassManager
 0002:00003A48       ComClassManagerVar
 0001:0003774C       ComConst
 0001:0005947C       CommCtrl
 0001:000595CC       CommDlg
 0001:00000D20       Commit
 0002:0000362C       committedRoot
 0001:0003B818       ComObj
 0001:00043B38       CompareDate
 0001:00043ACC       CompareDateTime
 0001:0000B57C       CompareMem
 0001:0000B54C       CompareStr
 0001:0000901C       CompareString
 0001:00009024       CompareStringA
 0001:0000902C       CompareStringW
 0001:0000B59C       CompareText
 0001:00043B9C       CompareTime
 0001:0003D568       CompareValue
 0001:0003D500       CompareValue
 0001:0003D4B4       CompareValue
 0001:0003D57C       CompareValue
 0001:0003D538       CompareValue
 0001:0000C28C       CompareWith
 0001:000408A4       CompatibleConversionType
 0001:00040898       CompatibleConversionTypes
 0002:00000C4C       ComplexNumberSymbol
 0002:00000C50       ComplexNumberSymbolBeforeImaginary
 0002:00000C54       ComplexVariantType
 0001:0002E3DC       ComponentCreated
 0001:0003C63C       Compound
 0001:0000821C       CompToCurrency
 0001:000081F8       CompToDouble
 0001:000578A0       ComSvcs
 0001:0003E0BC       ConditionP
 0001:00051FB8       connect
 0001:00040064       Contnrs
 0001:0004A4D4       ConvDateTimeToJulianDate
 0001:0004A514       ConvDateTimeToModifiedJulianDate
 0002:00000A4C       Convert
 0001:00040964       Convert
 0002:00000A3C       Convert
 0001:00040A34       Convert
 0001:0001185C       ConvertAddr
 0001:00033554       ConvertBinary
 0001:0000FD60       ConvertEraString
 0001:0000B2A8       ConvertError
 0001:0000B2C0       ConvertErrorFmt
 0001:00040A74       ConvertFrom
 0001:0003338C       ConvertHeader
 0001:00034368       ConvertHeader
 0001:00034970       ConvertObject
 0001:00033F38       ConvertObject
 0001:00034308       ConvertOrderModifier
 0001:00033E8C       ConvertProperty
 0001:0003489C       ConvertProperty
 0001:00040B38       ConvertTo
 0001:00034504       ConvertValue
 0001:00033624       ConvertValue
 0002:00003BAC       ConvertVariantType
 0001:0000FEC8       ConvertYearString
 0001:00041CF0       ConvFamilyToDescription
 0001:0004A4F4       ConvJulianDateToDateTime
 0001:0004A534       ConvModifiedJulianDateToDateTime
 0001:00041C54       ConvTypeToDescription
 0001:0004079C       ConvTypeToFamily
 0001:000406CC       ConvTypeToFamily
 0001:00040BFC       ConvUnitAdd
 0001:00040EFC       ConvUnitCompareValue
 0001:00040E50       ConvUnitDec
 0001:00040E28       ConvUnitDec
 0001:00040D00       ConvUnitDiff
 0001:00040D30       ConvUnitInc
 0001:00040D58       ConvUnitInc
 0001:00040FDC       ConvUnitSameValue
 0001:00041A1C       ConvUnitToStr
 0001:00040EBC       ConvUnitWithinNext
 0001:00040E7C       ConvUnitWithinPrevious
 0001:00041FEC       ConvUtils
 0001:00058770       CoParameter.Create
 0001:000587D4       CoParameter.CreateRemote
 0001:00007610       CopyArray
 0001:0002FFC4       CopyBinary
 0001:0002FF34       CopyBytes
 0001:000486EC       CopyKeys
 0001:0002FEE8       CopyList
 0001:0002FE78       CopySetBody
 0001:000485C4       CopyValues
 0001:0005868C       CoRecordset.Create
 0001:000586F0       CoRecordset.CreateRemote
 0001:00023D2C       CoRegisterClassObject
 0002:00000B18       CoReleaseServerProcess
 0002:00000B1C       CoResumeClassObjects
 0001:00023D34       CoRevokeClassObject
 0001:0003C94C       Cosecant
 0001:0003CBBC       Cosh
 0001:0003CB88       CoshSinh
 0002:00000B20       CoSuspendClassObjects
 0001:0003CED8       Cot
 0001:0003C928       Cotan
 0001:00023D8C       CoTaskMemAlloc
 0001:0000B304       CoTaskMemFree
 0001:00023D94       CoTaskMemFree
 0001:0003CF44       CotH
 0001:00023D24       CoUninitialize
 0001:00012850       CountChars
 0001:0002A248       CountGenerations
 0001:0005B628       CoXMLDocument.Create
 0001:0005B68C       CoXMLDocument.CreateRemote
 0001:0005B544       CoXMLDSOControl.Create
 0001:0005B5A8       CoXMLDSOControl.CreateRemote
 0001:0005B460       CoXMLHTTPRequest.Create
 0001:0005B4C4       CoXMLHTTPRequest.CreateRemote
 0001:00059604       Cpl
 0001:0001217C       CreateAssertException
 0001:00012304       CreateAVObject
 0001:0003A78C       CreateClassID
 0001:0003A4E8       CreateComObject
 0001:0002E45C       CreateComponent
 0001:0000D7FC       CreateDir
 0001:0000088C       CreateDirectory
 0001:00009034       CreateDirectory
 0001:00023DD4       CreateErrorInfo
 0001:0000903C       CreateEvent
 0001:00009044       CreateFile
 0001:000007F4       CreateFileA
 0001:0000B2EC       CreateGUID
 0001:000120A8       CreateInOutError
 0001:0003A684       CreateOleObject
 0001:0003A388       CreateRegKey
 0001:0003A520       CreateRemoteComObject
 0001:0000904C       CreateSemaphore
 0001:00056B88       CreateSharedPropertyGroup
 0001:00056B24       CreateSharedPropertyGroupManager
 0001:0000086C       CreateThread
 0001:00056A5C       CreateTransactionContext
 0001:00056AC0       CreateTransactionContextEx
 0001:0003C048       CreateVCLComObject
 0002:00000A24       CreateVCLComObjectProc
 0001:00009364       CreateWindowEx
 0002:00000824       CRelationshipToBoolean
 0002:00000C48       CRelationshipToRelationship
 0001:0003CF20       Csc
 0001:0003CFA4       CscH
 0002:00000C60       cSign
 0002:000003BC       cSimpleBoolStrs
 0002:00000C0C       CSoundexTable
 0002:000007C8       CText
 0002:0000081C       CTruth
 0002:00003624       curAlloc
 0001:0001C244       CurrCompare
 0002:00003740       CurrencyDecimals
 0002:0000373C       CurrencyFormat
 0002:00003738       CurrencyString
 0001:0000823C       CurrencyToComp
 0002:00000A1C       CurrentGroup
 0001:0000FBF8       CurrentYear
 0001:0000F0C0       CurrToStr
 0001:0000F1FC       CurrToStrF
 0001:00019EB0       CurrToWStrViaOS
 0002:000005B4       CVarTypeToElementInfo
 0002:000003FC       CWNear
 0001:0003C588       CycleToDeg
 0001:0003C5B8       CycleToGrad
 0001:0003C470       CycleToRad
 0001:0004730C       DataTypeToRegData
 0001:0000F9D8       Date
 0001:0001C21C       DateCompare
 0001:00042040       DateOf
 0001:0001B84C       DateOp
 0002:00003741       DateSeparator
 0001:0000D748       DateTimeToFileDate
 0001:00043D68       DateTimeToJulianDate
 0001:00043FA8       DateTimeToModifiedJulianDate
 0001:00010874       DateTimeToStr
 0001:00010760       DateTimeToString
 0001:0000F900       DateTimeToSystemTime
 0001:0000F45C       DateTimeToTimeStamp
 0001:0004401C       DateTimeToUnix
 0001:00010844       DateToStr
 0001:00019EE4       DateToWStrViaOS
 0001:000444FC       DateUtils
 0001:00042434       DayOf
 0001:000429C4       DayOfTheMonth
 0001:00042A8C       DayOfTheWeek
 0001:00042898       DayOfTheYear
 0001:0000F9B0       DayOfWeek
 0001:00042EA4       DaysBetween
 0001:0004228C       DaysInAMonth
 0001:00042244       DaysInAYear
 0001:0004225C       DaysInMonth
 0001:0004222C       DaysInYear
 0001:0004303C       DaySpan
 0002:00000B74       DaysPerYear
 0002:000020D0       DBCIDGUID
 0002:000022B8       DBCOLUMN_BASECATALOGNAME
 0002:000021B0       DBCOLUMN_BASECOLUMNNAME
 0002:000022D0       DBCOLUMN_BASESCHEMANAME
 0002:000021C8       DBCOLUMN_BASETABLENAME
 0002:000023D8       DBCOLUMN_BASETABLEVERSION
 0002:000023C0       DBCOLUMN_CLSID
 0002:000021E0       DBCOLUMN_COLLATINGSEQUENCE
 0002:000023A8       DBCOLUMN_COLUMNSIZE
 0002:000021F8       DBCOLUMN_COMPUTEMODE
 0002:00002360       DBCOLUMN_DATETIMEPRECISION
 0002:00002210       DBCOLUMN_DEFAULTVALUE
 0002:00002330       DBCOLUMN_DOMAINCATALOG
 0002:00002228       DBCOLUMN_DOMAINNAME
 0002:00002348       DBCOLUMN_DOMAINSCHEMA
 0002:00002198       DBCOLUMN_FLAGS
 0002:000022E8       DBCOLUMN_GUID
 0002:00002240       DBCOLUMN_HASDEFAULT
 0002:00002108       DBCOLUMN_IDNAME
 0002:00002258       DBCOLUMN_ISAUTOINCREMENT
 0002:00002270       DBCOLUMN_ISCASESENSITIVE
 0002:00002288       DBCOLUMN_ISSEARCHABLE
 0002:000022A0       DBCOLUMN_ISUNIQUE
 0002:000023F0       DBCOLUMN_KEYCOLUMN
 0002:00002408       DBCOLUMN_MAYSORT
 0002:00002120       DBCOLUMN_NAME
 0002:00002138       DBCOLUMN_NUMBER
 0002:00002378       DBCOLUMN_NUMERICPRECISIONRADIX
 0002:00002390       DBCOLUMN_OCTETLENGTH
 0002:00002168       DBCOLUMN_PRECISION
 0002:00002300       DBCOLUMN_PROPID
 0002:00002180       DBCOLUMN_SCALE
 0002:00002150       DBCOLUMN_TYPE
 0002:00002318       DBCOLUMN_TYPEINFO
 0002:00001F90       DBCOL_SELFCOLUMNS
 0002:00001FA0       DBCOL_SPECIALCOL
 0002:000020B0       DBGUID_DEFAULT
 0002:00001D80       DBGUID_LIKE_DOS
 0002:00001DA0       DBGUID_LIKE_MAPI
 0002:00001D90       DBGUID_LIKE_OFS
 0002:00001D70       DBGUID_LIKE_SQL
 0002:00001B00       DBGUID_MDX
 0002:000020C0       DBGUID_SQL
 0002:00001C30       DBOBJECT_CHARACTERSET
 0002:00001C00       DBOBJECT_COLLATION
 0002:00001BA0       DBOBJECT_COLUMN
 0002:00001BB0       DBOBJECT_DATABASE
 0002:00001BF0       DBOBJECT_DOMAIN
 0002:00001BC0       DBOBJECT_PROCEDURE
 0002:00001BE0       DBOBJECT_SCHEMA
 0002:00001C20       DBOBJECT_SCHEMAROWSET
 0002:00001B90       DBOBJECT_TABLE
 0002:00001C40       DBOBJECT_TRANSLATION
 0002:00001C10       DBOBJECT_TRUSTEE
 0002:00001BD0       DBOBJECT_VIEW
 0002:00001FC0       DBPROPSET_COLUMN
 0002:00001FD0       DBPROPSET_DATASOURCE
 0002:00002060       DBPROPSET_DATASOURCEALL
 0002:00001FE0       DBPROPSET_DATASOURCEINFO
 0002:00002070       DBPROPSET_DATASOURCEINFOALL
 0002:00002000       DBPROPSET_DBINIT
 0002:00002080       DBPROPSET_DBINITALL
 0002:00001FF0       DBPROPSET_INDEX
 0002:00002040       DBPROPSET_PROPERTIESINERROR
 0002:00002010       DBPROPSET_ROWSET
 0002:00002090       DBPROPSET_ROWSETALL
 0002:00002020       DBPROPSET_SESSION
 0002:000020A0       DBPROPSET_SESSIONALL
 0002:00002030       DBPROPSET_TABLE
 0002:00001B80       DBPROPSET_TRUSTEE
 0002:00002050       DBPROPSET_VIEW
 0002:00001DB0       DBSCHEMA_ASSERTIONS
 0002:00001DC0       DBSCHEMA_CATALOGS
 0002:00001DD0       DBSCHEMA_CHARACTER_SETS
 0002:00001E00       DBSCHEMA_CHECK_CONSTRAINTS
 0002:00001DE0       DBSCHEMA_COLLATIONS
 0002:00001DF0       DBSCHEMA_COLUMNS
 0002:00001E60       DBSCHEMA_COLUMN_DOMAIN_USAGE
 0002:00001E80       DBSCHEMA_COLUMN_PRIVILEGES
 0002:00001E10       DBSCHEMA_CONSTRAINT_COLUMN_USAGE
 0002:00001E20       DBSCHEMA_CONSTRAINT_TABLE_USAGE
 0002:00001F60       DBSCHEMA_FOREIGN_KEYS
 0002:00001E70       DBSCHEMA_INDEXES
 0002:00001E30       DBSCHEMA_KEY_COLUMN_USAGE
 0002:00001F70       DBSCHEMA_PRIMARY_KEYS
 0002:00001EB0       DBSCHEMA_PROCEDURES
 0002:00001F80       DBSCHEMA_PROCEDURE_COLUMNS
 0002:00001F50       DBSCHEMA_PROCEDURE_PARAMETERS
 0002:00001F10       DBSCHEMA_PROVIDER_TYPES
 0002:00001E40       DBSCHEMA_REFERENTIAL_CONSTRAINTS
 0002:00001EC0       DBSCHEMA_SCHEMATA
 0002:00001ED0       DBSCHEMA_SQL_LANGUAGES
 0002:00001EE0       DBSCHEMA_STATISTICS
 0002:00001EF0       DBSCHEMA_TABLES
 0002:00001AE0       DBSCHEMA_TABLES_INFO
 0002:00001E50       DBSCHEMA_TABLE_CONSTRAINTS
 0002:00001E90       DBSCHEMA_TABLE_PRIVILEGES
 0002:00001F00       DBSCHEMA_TRANSLATIONS
 0002:00001EA0       DBSCHEMA_USAGE_PRIVILEGES
 0002:00001F20       DBSCHEMA_VIEWS
 0002:00001F30       DBSCHEMA_VIEW_COLUMN_USAGE
 0002:00001F40       DBSCHEMA_VIEW_TABLE_USAGE
 0002:000020E0       DB_NULLGUID
 0002:000020F0       DB_NULLID
 0002:00001D50       DB_PROPERTY_AUTOMATICUPDATE
 0002:00001CD0       DB_PROPERTY_BTREE
 0002:00001C50       DB_PROPERTY_CHECK_OPTION
 0002:00001CB0       DB_PROPERTY_CLUSTERED
 0002:00001C60       DB_PROPERTY_CONSTRAINT_CHECK_DEFERRED
 0002:00001D10       DB_PROPERTY_DISALLOWNULL
 0002:00001C70       DB_PROPERTY_DROP_CASCADE
 0002:00001D60       DB_PROPERTY_EXPLICITUPDATE
 0002:00001CF0       DB_PROPERTY_FILLFACTOR
 0002:00001CE0       DB_PROPERTY_HASH
 0002:00001D30       DB_PROPERTY_IGNOREANYNULL
 0002:00001D20       DB_PROPERTY_IGNORENULL
 0002:00001D00       DB_PROPERTY_INITIALSIZE
 0002:00001CC0       DB_PROPERTY_NONCLUSTERED
 0002:00001C90       DB_PROPERTY_ON_COMMIT_PRESERVE_ROWS
 0002:00001CA0       DB_PROPERTY_PRIMARY
 0002:00001D40       DB_PROPERTY_SORTBOOKMARKS
 0002:00001C80       DB_PROPERTY_UNIQUE
 0002:000003F8       DCon10
 0001:0005963C       DDEml
 0001:0003706C       DeallocateHWnd
 0002:0000001C       DebugHook
 0002:0000373F       DecimalSeparator
 0001:0001E0E8       DecIndices
 0001:0000F8E0       DecodeDate
 0001:00043438       DecodeDateDay
 0001:0000F794       DecodeDateFully
 0001:000434A8       DecodeDateMonthWeek
 0001:0004329C       DecodeDateTime
 0001:00043300       DecodeDateWeek
 0001:00043C6C       DecodeDayOfWeekInMonth
 0001:0004C9C8       DecodeSoundexInt
 0001:0004CB74       DecodeSoundexWord
 0001:0000F604       DecodeTime
 0001:00000DB4       Decommit
 0001:000013D0       DecommitFree
 0002:00003600       decommittedRoot
 0002:00000014       Default8087CW
 0002:00000C68       DefaultBlank
 0002:00000028       DefaultTextLineBreakStyle
 0002:00000488       DefLongDayNames
 0002:0000043C       DefLongMonthNames
 0002:0000046C       DefShortDayNames
 0002:0000040C       DefShortMonthNames
 0001:0000936C       DefWindowProc
 0001:0003C4F8       DegToCycle
 0001:0003C4C8       DegToGrad
 0001:0003C3C0       DegToRad
 0001:000079B0       DelayLoadResourceModule
 0001:00000A70       DeleteBlock
 0001:000009E0       DeleteCriticalSection
 0001:00009054       DeleteCriticalSection
 0001:0000905C       DeleteFile
 0001:0000CA0C       DeleteFile
 0001:000007FC       DeleteFileA
 0001:00001218       DeleteFree
 0002:00001468       DeleteMail
 0001:0003A420       DeleteRegKey
 0001:00041EE0       DescriptionToConvFamily
 0001:00041E34       DescriptionToConvType
 0001:00041D8C       DescriptionToConvType
 0001:00009374       DestroyWindow
 0002:00001474       Details
 0002:000002D8       dig
 0002:00001344       DIID_ConnectionEvents
 0002:00001364       DIID_RecordsetEvents
 0002:000015C0       DIID_XMLDOMDocumentEvents
 0001:0000C694       DirectoryExists
 0001:0000D674       DiskFree
 0001:0000D6A8       DiskSize
 0001:0003ACF4       DispatchInvoke
 0001:0003B2D4       DispatchInvokeError
 0001:0000937C       DispatchMessage
 0001:0003B2F0       DispCall
 0001:0003B3D4       DispCallByID
 0002:00003000       DispCallByIDProc
 0001:0003B200       DispCallError
 0001:00023DAC       DispGetIDsOfNames
 0002:00000B4C       DispIDArgs
 0001:00023DB4       DispInvoke
 0001:0000B484       DisposeStr
 0001:0000B28C       DivMod
 0001:0003C2F4       DivMod
 0001:00059674       Dlgs
 0001:0000B3F0       DoExitProc
 0001:00012630       DoneExceptions
 0001:00046E34       DoneMaskStates
 0001:00009064       DosDateTimeToFileTime
 0002:00000840       DotSep
 0001:0003DF0C       DoubleDecliningBalance
 0001:0000820C       DoubleToComp
 0001:0002AD6C       DoWrite
 0001:00036C78       DoWriteHeight
 0001:00036C10       DoWriteHorizontalOffset
 0001:00036C44       DoWriteVerticalOffset
 0001:00036BE8       DoWriteWidth
 0001:0005442C       DropStream
 0002:00003A8C       duAngstroms
 0002:00003AAE       duAstronomicalUnits
 0002:00003A94       duCentimeters
 0002:00003AC0       duChains
 0002:00003AB4       duCubits
 0002:00003A9A       duDecameters
 0002:00003A96       duDecimeters
 0002:00003AB6       duFathoms
 0002:00003AA6       duFeet
 0002:00003AB8       duFurlongs
 0002:00003AA2       duGigameters
 0002:00003ABA       duHands
 0002:00003A9C       duHectometers
 0002:00003AA4       duInches
 0002:00003A9E       duKilometers
 0002:00003AB0       duLightYears
 0002:00003AC2       duLinks
 0001:0000B824       DumbItDownFor95
 0002:00003AA0       duMegameters
 0002:00003A98       duMeters
 0002:00003A8A       duMicromicrons
 0002:00003A90       duMicrons
 0002:00003AAA       duMiles
 0002:00003A92       duMillimeters
 0002:00003A8E       duMillimicrons
 0002:00003AAC       duNauticalMiles
 0002:00003ABC       duPaces
 0002:00003AB2       duParsecs
 0001:0004C370       DupeString
 0002:00003AC4       duPicas
 0002:00003AC6       duPoints
 0002:00003ABE       duRods
 0002:00003AA8       duYards
 0001:0001E094       DynArrayBounds
 0001:00007628       DynArrayClear
 0001:00007968       DynArrayDim
 0001:0001E00C       DynArrayDim
 0001:0000794C       DynArrayElTypeInfo
 0001:0001DFF0       DynArrayElTypeInfo
 0001:0001E4E8       DynArrayFromVariant
 0001:0001DFB0       DynArrayIndex
 0001:00007630       DynArraySetLength
 0001:0001E024       DynArraySize
 0001:0001E1D4       DynArrayToVariant
 0001:0001E154       DynArrayVariantBounds
 0001:0001E1AC       DynArrayVarType
 0001:0001207C       EHeapException.FreeInstance
 0001:0001C128       EmptyCompare
 0002:00003860       EmptyParam
 0002:00000318       EmptyStr
 0002:00000320       EmptyWideStr
 0001:00009384       EnableScrollBar
 0001:0000F764       EncodeDate
 0001:0004340C       EncodeDateDay
 0001:00043464       EncodeDateMonthWeek
 0001:00043234       EncodeDateTime
 0001:000432CC       EncodeDateWeek
 0001:00043CAC       EncodeDayOfWeekInMonth
 0001:0000F5C4       EncodeTime
 0001:000284E8       EndGlobalLoading
 0001:0004279C       EndOfADay
 0001:00042804       EndOfADay
 0001:0004270C       EndOfAMonth
 0001:00042758       EndOfAWeek
 0001:000426C8       EndOfAYear
 0001:0004267C       EndOfTheDay
 0001:00042594       EndOfTheMonth
 0001:00042624       EndOfTheWeek
 0001:00042524       EndOfTheYear
 0001:00005820       EndThread
 0001:0003D8E8       EnsureRange
 0001:0003D958       EnsureRange
 0001:0003D8F8       EnsureRange
 0001:000009D0       EnterCriticalSection
 0001:0000906C       EnterCriticalSection
 0001:00009074       EnumCalendarInfoA
 0002:00003E0C       EnumDisplayMonitors
 0001:000114D0       EnumEraNames
 0001:0001150C       EnumEraYearOffsets
 0001:00007E6C       EnumModules
 0001:00007E5C       EnumModules
 0001:00007E94       EnumResourceModules
 0001:00007E64       EnumResourceModules
 0001:0000C3D0       EnumStringModules
 0001:0000907C       EnumSystemLocales
 0002:000035B8       envp
 0001:0003A1AC       EOleException.Create
 0001:0003A0DC       EOleSysError.Create
 0001:00008D98       EqualRect
 0002:00003808       EraNames
 0001:00010B00       EraToYear
 0002:00003824       EraYearOffsets
 0002:000002D0       errCaption
 0001:000021B0       Error
 0001:0002D22C       Error
 0001:0002761C       Error
 0002:00000004       ErrorAddr
 0001:00002164       ErrorAt
 0001:00012128       ErrorHandler
 0002:000004A4       ErrorMap
 0002:00003008       ErrorProc
 0002:000033EC       ErrOutput
 0001:000020DC       ExceptAddr
 0002:0000300C       ExceptClsProc
 0001:0001259C       ExceptHandler
 0001:00011B14       Exception.Create
 0001:00011B50       Exception.CreateFmt
 0001:00011DF4       Exception.CreateFmtHelp
 0001:00011DAC       Exception.CreateHelp
 0001:00011BD0       Exception.CreateRes
 0001:00011C48       Exception.CreateRes
 0001:00011C84       Exception.CreateResFmt
 0001:00011D18       Exception.CreateResFmt
 0001:00011FE0       Exception.CreateResFmtHelp
 0001:00011F44       Exception.CreateResFmtHelp
 0001:00011E7C       Exception.CreateResHelp
 0001:00011EFC       Exception.CreateResHelp
 0002:0000301C       ExceptionClass
 0001:00011868       ExceptionErrorMessage
 0002:000004DC       ExceptMap
 0001:000020BC       ExceptObject
 0002:00003010       ExceptObjProc
 0002:00003004       ExceptProc
 0001:00012B10       ExcludeTrailingBackslash
 0001:00012B24       ExcludeTrailingPathDelimiter
 0002:00000000       ExitCode
 0001:000055D0       ExitDll
 0002:0000304C       ExitProc
 0001:0000087C       ExitProcess
 0002:00003028       ExitProcessProc
 0001:000089DC       ExitProcessTLS
 0002:000003B8       ExitProcList
 0001:00000874       ExitThread
 0001:000089B4       ExitThreadTLS
 0001:0000CD40       ExpandFileName
 0001:0000CD7C       ExpandFileNameCase
 0001:0000D1FC       ExpandUNCFileName
 0001:0000CBB8       ExtractFileDir
 0001:0000CC2C       ExtractFileDrive
 0001:0000CCF8       ExtractFileExt
 0001:0000CCC0       ExtractFileName
 0001:0000CB84       ExtractFilePath
 0001:0000D284       ExtractFilePathNoDrive
 0001:0000D310       ExtractRelativePath
 0001:0000D4C4       ExtractShortPathName
 0001:00028AC4       ExtractStrings
 0001:0004A338       FahrenheitToCelsius
 0001:00023DE8       Failed
 0002:00003844       FalseBoolStrs
 0002:000003EC       FCon1E18
 0001:00051F88       FD_SET
 0001:00051F98       FD_ZERO
 0001:0000C61C       FileAge
 0001:0000C614       FileClose
 0001:0000C54C       FileCreate
 0001:0000C570       FileCreate
 0001:0000D6DC       FileDateToDateTime
 0001:0000C684       FileExists
 0001:0000C87C       FileGetAttr
 0001:0000C79C       FileGetDate
 0001:0000C8B8       FileIsReadOnly
 0002:0000000C       FileMode
 0001:00002884       FileNOPProc
 0001:0000C4F0       FileOpen
 0001:0000C578       FileRead
 0002:00000A30       FilerSignature
 0001:0000D4FC       FileSearch
 0001:0000C5DC       FileSeek
 0001:0000C5D0       FileSeek
 0001:0000C890       FileSetAttr
 0001:0000C7EC       FileSetDate
 0001:0000C824       FileSetDate
 0001:0000C8D0       FileSetReadOnly
 0001:00009084       FileTimeToDosDateTime
 0001:0000908C       FileTimeToLocalFileTime
 0001:0000C5A4       FileWrite
 0001:00001300       FillAfterGap
 0001:000012AC       FillBeforeGap
 0001:00001398       FillerSizeAfterGap
 0001:00001328       FillerSizeBeforeGap
 0001:0005DC7C       Finalization
 0001:0005DC44       Finalization
 0001:0005DC0C       Finalization
 0001:0005DBD4       Finalization
 0001:0001F5EC       Finalization
 0001:0001F868       Finalization
 0001:0001FBF0       Finalization
 0001:0005DB90       Finalization
 0001:00049EA0       Finalization
 0001:00046F70       Finalization
 0001:0005DB58       Finalization
 0001:0005DB20       Finalization
 0001:000220A4       Finalization
 0001:000466CC       Finalization
 0001:000444CC       Finalization
 0001:000094CC       Finalization
 0001:0000996C       Finalization
 0001:0005DCB4       Finalization
 0001:0005DCEC       Finalization
 0001:0005DD24       Finalization
 0001:00023E58       Finalization
 0001:0004A554       Finalization
 0001:0004BF38       Finalization
 0001:0004CD58       Finalization
 0001:0004D968       Finalization
 0001:0005022C       Finalization
 0001:00050E88       Finalization
 0001:00051F40       Finalization
 0001:00041F78       Finalization
 0001:00052088       Finalization
 0001:000565C0       Finalization
 0001:000565F8       Finalization
 0001:00056630       Finalization
 0001:00008F4C       Finalization
 0001:00008AEC       Finalization
 0001:00056C04       Finalization
 0001:0000881C       Finalization
 0001:00057870       Finalization
 0001:00058854       Finalization
 0001:00059278       Finalization
 0001:00059414       Finalization
 0001:0005944C       Finalization
 0001:00059484       Finalization
 0001:000594BC       Finalization
 0001:00040034       Finalization
 0001:00015A0C       Finalization
 0001:0003ECD4       Finalization
 0001:000594F4       Finalization
 0001:0005952C       Finalization
 0001:00059564       Finalization
 0001:0005959C       Finalization
 0001:000595D4       Finalization
 0001:00037094       Finalization
 0001:00037674       Finalization
 0001:0003771C       Finalization
 0001:0005960C       Finalization
 0001:00059644       Finalization
 0001:000599A8       Finalization
 0001:00059BE8       Finalization
 0001:00059C20       Finalization
 0001:00059C58       Finalization
 0001:000156B0       Finalization
 0001:00059C90       Finalization
 0001:00059CC8       Finalization
 0001:0005A318       Finalization
 0001:0005A370       Finalization
 0001:0005B70C       Finalization
 0001:0005BEA4       Finalization
 0001:0005BEE4       Finalization
 0001:0005BF1C       Finalization
 0001:0005BF54       Finalization
 0001:0005BF8C       Finalization
 0001:0005BFC4       Finalization
 0001:0003C070       Finalization
 0001:0003B798       Finalization
 0001:00007620       FinalizeArray
 0001:00013E44       FinalizePackage
 0001:00005230       FinalizeUnits
 0001:00030B3C       FindAncestor
 0001:00007A20       FindBS
 0001:00027BD8       FindClass
 0001:000079A8       FindClassHInstance
 0001:0000C9F0       FindClose
 0001:00009094       FindClose
 0001:00000894       FindClose
 0001:00013910       FindCmdLineSwitch
 0001:000138E0       FindCmdLineSwitch
 0001:000137D0       FindCmdLineSwitch
 0001:0000127C       FindCommitted
 0001:0001F4F4       FindCustomVariantType
 0001:0001F43C       FindCustomVariantType
 0001:0002E60C       FindExistingComponent
 0001:0000C97C       FindFirst
 0001:0000089C       FindFirstFile
 0001:0000909C       FindFirstFile
 0001:00028378       FindGlobalComponent
 0002:00003A08       FindGlobalComponentProcs
 0001:00007980       FindHInstance
 0001:00028220       FindIdentToInt
 0001:000281A4       FindIntToIdent
 0001:00013B88       FindLibModule
 0001:0000C918       FindMatchingFile
 0001:0002D5D8       FindNestedComponent
 0001:0000C9CC       FindNext
 0002:0000145C       FindNext
 0001:000090A4       FindNextFile
 0001:0004C560       FindNextWordStart
 0001:00020368       FindPropInfo
 0001:00020340       FindPropInfo
 0001:000090AC       FindResource
 0001:000079F8       FindResourceHInstance
 0001:0002A22C       FindRootDesigner
 0001:0000C40C       FindStringResource
 0001:0002F47C       FindUniqueName
 0001:0001D34C       FindVarData
 0002:00003858       FLanguages
 0001:000599D8       FlatSB
 0002:00003D9C       FlatSB_EnableScrollBar
 0002:00003DA8       FlatSB_GetScrollInfo
 0002:00003DAC       FlatSB_GetScrollPos
 0001:0005967C       FlatSB_GetScrollProp
 0002:00003DA4       FlatSB_GetScrollRange
 0002:00003DB4       FlatSB_SetScrollInfo
 0002:00003DB0       FlatSB_SetScrollPos
 0001:000596AC       FlatSB_SetScrollProp
 0002:00003DB8       FlatSB_SetScrollRange
 0002:00003DA0       FlatSB_ShowScrollBar
 0001:0000F140       FloatToCurr
 0001:00010804       FloatToDateTime
 0001:0000ED50       FloatToDecimal
 0001:0000F090       FloatToStr
 0001:0000F1C4       FloatToStrF
 0001:0000E784       FloatToText
 0001:0000EA5C       FloatToTextFmt
 0001:0003CA20       Floor
 0001:00002B50       Flush
 0002:00000400       FMSecsPerDay
 0001:0000C494       FmtLoadStr
 0001:0000E0A8       FmtStr
 0001:0000C6B8       ForceDirectories
 0002:00000408       Format
 0001:0000E094       Format
 0001:0000DC00       FormatBuf
 0001:0000DBF4       FormatClearStr
 0001:0000F28C       FormatCurr
 0001:00010888       FormatDateTime
 0001:0000DB88       FormatError
 0002:000003E4       FormatErrorStrs
 0001:0000F234       FormatFloat
 0001:00050E54       FormatMaskText
 0001:000090B4       FormatMessage
 0001:0000DBE0       FormatVarToStr
 0001:00004160       FPower10
 0001:00014E0C       FreeAndNil
 0001:00020CA0       FreeAndNilProperties
 0002:0000146C       FreeBuffer
 0001:00000FE8       FreeCommitted
 0001:0004121C       FreeConversionType
 0001:00001508       FreeCurAlloc
 0001:00036840       FreeIntConstList
 0001:000090BC       FreeLibrary
 0001:000088F8       FreeLibrary
 0001:000008A4       FreeLibrary
 0001:00008264       FreeMemory
 0001:00036F94       FreeObjectInstance
 0001:000090D4       FreeResource
 0001:00000C68       FreeSpace
 0001:000142FC       FreeTerminateProcs
 0001:0003C9AC       Frexp
 0001:0003E414       FutureValue
 0002:00003A64       GConvFamilyList
 0002:00003A70       GConvFamilySync
 0002:00003A68       GConvTypeList
 0002:00003A74       GConvTypeSync
 0002:00000B70       GConvUnitToStrFmt
 0001:00014408       GDAL
 0001:000026FC       Get8087CW
 0001:000090DC       GetACP
 0001:00023DBC       GetActiveObject
 0001:0003A6CC       GetActiveOleObject
 0001:000009E8       GetBlockDesc
 0001:0000938C       GetCapture
 0001:00027B84       GetClass
 0001:00009394       GetClassInfo
 0001:0000930C       GetClipBox
 0001:00000984       GetCmdShow
 0001:000008AC       GetCommandLine
 0001:00000E34       GetCommitted
 0001:00000EC4       GetCommittedAt
 0001:00031984       GetComponentValue
 0001:000090EC       GetComputerName
 0001:00041B8C       GetConvFamilies
 0001:00040518       GetConvFamilyInfo
 0001:00040654       GetConvInfo
 0001:00040608       GetConvInfo
 0001:00040590       GetConvInfo
 0001:00041A98       GetConvTypes
 0001:0000FCBC       GetCount
 0001:000090E4       GetCPInfo
 0001:0000D7D8       GetCurrentDir
 0001:000008B4       GetCurrentDirectory
 0001:000090F4       GetCurrentThreadId
 0001:0000097C       GetCurrentThreadId
 0001:0000FCE8       GetDate
 0001:000090FC       GetDateFormat
 0001:00010A18       GetDateOrder
 0001:00009314       GetDCOrgEx
 0001:0002A194       GetDesigner
 0001:00009104       GetDiskFreeSpaceA
 0002:000003B4       GetDiskFreeSpaceEx
 0001:0003B550       GetDispatchPropValue
 0001:0003B4B0       GetDispatchPropValue
 0001:000048F8       GetDynaMethod
 0001:00020DE8       GetEnumName
 0001:00020EDC       GetEnumNameValue
 0001:00020404       GetEnumProp
 0001:00021320       GetEnumProp
 0001:00020F28       GetEnumValue
 0001:00015398       GetEnvironmentVariable
 0001:0000910C       GetEnvironmentVariable
 0001:00011584       GetEraNamesAndYearOffsets
 0001:00010AAC       GetEraYearOffset
 0001:00023DCC       GetErrorInfo
 0001:000122EC       GetExceptionClass
 0001:0003EC98       GetExceptionMask
 0001:000124D0       GetExceptionObject
 0001:00009114       GetExitCodeThread
 0001:00027B0C       GetFieldClassTable
 0001:0000911C       GetFileAttributes
 0001:00000814       GetFileSize
 0001:00009124       GetFileTime
 0001:00000804       GetFileType
 0001:0002DBB4       GetFixupInstanceNames
 0001:0002D94C       GetFixupReferenceNames
 0001:000205C8       GetFloatProp
 0001:00021AE8       GetFloatProp
 0001:00013094       GetFormatSettings
 0001:0000912C       GetFullPathName
 0001:00001D3C       GetHeapStatus
 0001:0005134C       GetHelpSystem
 0001:00052030       gethostbyaddr
 0001:00052038       gethostbyname
 0001:00052048       gethostname
 0001:0003B06C       GetIDsOfNames
 0001:00021F04       GetInt64Prop
 0001:000206AC       GetInt64Prop
 0001:00021FB0       GetInterfaceProp
 0001:00021F68       GetInterfaceProp
 0001:00004554       GetKeyboardType
 0001:00009134       GetLastError
 0001:000008BC       GetLastError
 0001:00011348       GetLocaleChar
 0001:00014FD0       GetLocaleDataA
 0001:00014F98       GetLocaleDataW
 0001:00009144       GetLocaleInfo
 0001:000008C4       GetLocaleInfo
 0001:0000914C       GetLocaleInfoA
 0001:00009154       GetLocaleInfoW
 0001:000112FC       GetLocaleStr
 0001:0000913C       GetLocalTime
 0001:00021790       GetLongStrProp
 0001:00008254       GetMemory
 0001:00002054       GetMemoryManager
 0001:0000939C       GetMessage
 0001:00020664       GetMethodProp
 0001:00021E8C       GetMethodProp
 0001:000008CC       GetModuleFileName
 0001:0000915C       GetModuleFileName
 0001:000008D4       GetModuleHandle
 0001:00009164       GetModuleHandle
 0001:000139C4       GetModuleName
 0002:00003E00       GetMonitorInfo
 0002:00003E04       GetMonitorInfoA
 0002:00003E08       GetMonitorInfoW
 0001:000113AC       GetMonthDayNames
 0001:000569AC       GetObjectContext
 0002:00000CA4       GetObjectContextProc
 0001:000215E8       GetObjectProp
 0001:0002049C       GetObjectProp
 0001:00021660       GetObjectPropClass
 0001:000204E4       GetObjectPropClass
 0001:00021658       GetObjectPropClass
 0001:00021250       GetOrdProp
 0001:000203C4       GetOrdProp
 0001:0000916C       GetOverlappedResult
 0001:000140BC       GetPackageDescription
 0001:00013F6C       GetPackageInfo
 0001:00002474       GetParamStr
 0001:00051FC0       getpeername
 0001:0003EC5C       GetPrecisionMode
 0001:00009174       GetPrivateProfileString
 0001:000008DC       GetProcAddress
 0001:0000917C       GetProcAddress
 0001:00009184       GetProfileInt
 0001:000202B0       GetPropInfo
 0001:00020FFC       GetPropInfo
 0001:00020F8C       GetPropInfo
 0001:000202D0       GetPropInfo
 0001:00021034       GetPropInfos
 0001:00021130       GetPropList
 0001:000211D4       GetPropList
 0001:00021208       GetPropList
 0001:00020704       GetPropValue
 0001:0003A438       GetRegStringValue
 0001:0003EC20       GetRoundMode
 0001:000093A4       GetScrollInfo
 0001:000093AC       GetScrollPos
 0001:000093B4       GetScrollRange
 0001:00052040       getservbyname
 0001:0002044C       GetSetProp
 0001:00021394       GetSetProp
 0001:0000918C       GetShortPathName
 0001:00021688       GetShortStrProp
 0001:00021720       GetShortStrPropAsLongStr
 0001:00051FC8       getsockname
 0001:00051FD0       getsockopt
 0001:00000B8C       GetSpace
 0001:00000BF0       GetSpaceAt
 0001:000008E4       GetStartupInfo
 0001:00009194       GetStdHandle
 0001:0000081C       GetStdHandle
 0001:0000919C       GetStringTypeEx
 0001:000218C0       GetStrProp
 0001:000204FC       GetStrProp
 0001:000093BC       GetSystemMetrics
 0002:00003DF0       GetSystemMetrics
 0001:0000080C       GetSystemTime
 0001:000008EC       GetThreadLocale
 0001:000091A4       GetThreadLocale
 0001:000091AC       GetThreadPriority
 0001:000091B4       GetTickCount
 0001:0000FD20       GetTime
 0001:0000893C       GetTlsSize
 0001:00020DDC       GetTypeData
 0001:0002AB80       GetUltimateOwner
 0001:0002AB68       GetUltimateOwner
 0001:0002AB50       GetUltimateOwner
 0001:0000CFA0       GetUniversalName
 0001:0001DBB4       GetVarArray
 0001:0001DA1C       GetVarDataArrayInfo
 0001:00006D5C       GetVariantManager
 0001:0002061C       GetVariantProp
 0001:00021E0C       GetVariantProp
 0001:000091BC       GetVersionEx
 0001:0002192C       GetWideStrProp
 0001:00020544       GetWideStrProp
 0001:00021810       GetWideStrPropAsLongStr
 0001:000093C4       GetWindowLong
 0001:000093CC       GetWindowPlacement
 0001:000093D4       GetWindowRect
 0002:00003A6C       GLastConvFamily
 0002:00003A6E       GLastConvType
 0001:000091C4       GlobalAlloc
 0001:0000947C       GlobalAllocPtr
 0002:00003A0C       GlobalFixupList
 0001:0002D720       GlobalFixupReferences
 0001:000091CC       GlobalFree
 0001:000094A8       GlobalFreePtr
 0001:000091DC       GlobalHandle
 0001:000091D4       GlobalLock
 0002:000039F4       GlobalNameSpace
 0001:000091E4       GlobalReAlloc
 0001:0000948C       GlobalReAllocPtr
 0001:000091EC       GlobalUnlock
 0002:00003930       GOldVariantManager
 0001:0003C558       GradToCycle
 0001:0003C528       GradToDeg
 0001:0003C418       GradToRad
 0001:00027E08       GroupDescendentsWith
 0001:0003A2D4       GUIDToString
 0001:0000B390       GUIDToString
 0002:00000864       GUID_NULL
 0002:00000874       GUID_OLE_COLOR
 0002:00003884       GVariantManager
 0001:00016A80       HandleConversionException
 0001:0002ECD4       HandleException
 0001:0003842C       HandleSafeCallException
 0002:00000018       HeapAllocFlags
 0002:000035CC       heapErrorCode
 0002:000035D0       heapLock
 0001:00051F80       HelpIntfs
 0002:00003BBC       HelpManager
 0002:000003B0       HexDisplayPrefix
 0001:00032960       HexToBin
 0001:00009470       HiByte
 0002:00003720       HInstance
 0001:0000946C       HiWord
 0001:00042458       HourOf
 0001:00042B6C       HourOfTheDay
 0001:000429D8       HourOfTheMonth
 0001:00042AB8       HourOfTheWeek
 0001:000428B4       HourOfTheYear
 0001:00042EC4       HoursBetween
 0001:00043060       HourSpan
 0002:00003030       HPrevInst
 0001:00051FD8       htons
 0001:0003C960       Hypot
 0001:0002829C       IdentToInt
 0001:0003D780       IfThen
 0001:0004C494       IfThen
 0001:0003D7BC       IfThen
 0001:0003D78C       IfThen
 0002:00001394       IID_ADOCommandConstruction
 0002:00001384       IID_ADOConnectionConstruction
 0002:00001374       IID_ADOConnectionConstruction15
 0002:000013A4       IID_ADORecordsetConstruction
 0002:00001274       IID_Command15
 0002:00001284       IID_Connection15
 0002:00001334       IID_ConnectionEventsVt
 0002:00000E74       IID_ContextInfo
 0002:00001254       IID_Error
 0002:00001264       IID_Errors
 0002:000012F4       IID_Field
 0002:000013B4       IID_Field15
 0002:000012E4       IID_Fields
 0002:000012D4       IID_Fields15
 0002:00001750       IID_IAccessor
 0002:00001A40       IID_IAlterIndex
 0002:00001A30       IID_IAlterTable
 0002:00001424       IID_ICatalogCollection
 0002:00001404       IID_ICatalogObject
 0002:00001860       IID_IColumnsInfo
 0002:00001850       IID_IColumnsRowset
 0002:00000FF4       IID_IComActivityEvents
 0002:000013E4       IID_ICOMAdminCatalog
 0002:00000F54       IID_IComAppEvents
 0002:00001034       IID_IComCRMEvents
 0002:00001024       IID_IComExceptionEvents
 0002:00001004       IID_IComIdentityEvents
 0002:00000F64       IID_IComInstanceEvents
 0002:00001820       IID_ICommand
 0002:00001A50       IID_ICommandPersist
 0002:00001800       IID_ICommandPrepare
 0002:00001810       IID_ICommandProperties
 0002:00001840       IID_ICommandText
 0002:00001830       IID_ICommandWithParameters
 0002:00000F84       IID_IComMethodEvents
 0002:00000FE4       IID_IComObjectConstructionEvents
 0002:00000F94       IID_IComObjectEvents
 0002:00000FC4       IID_IComObjectPoolEvents
 0002:00000FD4       IID_IComObjectPoolEvents2
 0002:00001014       IID_IComQCEvents
 0002:00000FA4       IID_IComResourceEvents
 0002:00000FB4       IID_IComSecurityEvents
 0002:00000F34       IID_IComThreadEvents
 0002:00000F74       IID_IComTransactionEvents
 0002:00000F44       IID_IComUserEvent
 0002:00000D74       IID_IContextState
 0002:000017F0       IID_IConvertType
 0002:00000E84       IID_ICreateWithTipTransactionEx
 0002:00000E94       IID_ICreateWithTransactionEx
 0002:00000DD4       IID_ICrmCompensator
 0002:00000DE4       IID_ICrmCompensatorVariants
 0002:00000E04       IID_ICrmFormatLogRecords
 0002:00000DF4       IID_ICrmLogControl
 0002:00001074       IID_ICrmMonitor
 0002:00001094       IID_ICrmMonitorClerks
 0002:00001054       IID_ICrmMonitorLogRecords
 0002:00000BD8       IID_IDataBroker
 0002:00001AD0       IID_IDataInitialize
 0002:000013C4       IID_IDataspace
 0002:00001980       IID_IDBAsynchStatus
 0002:00001870       IID_IDBCreateCommand
 0002:00001880       IID_IDBCreateSession
 0002:000018D0       IID_IDBDataSourceAdmin
 0002:000018C0       IID_IDBInfo
 0002:000018B0       IID_IDBInitialize
 0002:00001AC0       IID_IDBPromptInitialize
 0002:000018A0       IID_IDBProperties
 0002:00000954       IID_IDebug
 0002:00000964       IID_IDebugStream
 0002:00001104       IID_IDispenserDriver
 0002:000010E4       IID_IDispenserManager
 0002:000010F4       IID_IDispenserManagerShutdownGuarantee
 0002:00000924       IID_IEnumCallback
 0002:00000904       IID_IEnumGeneric
 0002:00000914       IID_IEnumHolder
 0002:00001920       IID_IErrorLookup
 0002:00001164       IID_IEventServer
 0002:00001144       IID_IGetAppData
 0002:00001940       IID_IGetDataSource
 0002:00000D54       IID_IGetSecurityCallContext
 0002:00001114       IID_IHolder
 0002:000018F0       IID_IIndexDefinition
 0002:000008E4       IID_IInternalMoniker
 0002:000010A4       IID_ILBEvents
 0002:00001A10       IID_IMDFind
 0002:00001A20       IID_IMDRangeRowset
 0002:000010C4       IID_IMessageMover
 0002:00000ED4       IID_IMtsEventInfo
 0002:00000EC4       IID_IMtsEvents
 0002:00000F14       IID_IMtsGrp
 0002:00000EF4       IID_IMTSLocator
 0002:00000E34       IID_IMTxAS
 0002:000017E0       IID_IMultipleResults
 0002:00001AA0       IID_IObjectAccessControl
 0002:00000D94       IID_IObjectConstruct
 0002:00000DA4       IID_IObjectConstructString
 0002:00000CB4       IID_IObjectContext
 0002:00000D84       IID_IObjectContextInfo
 0002:00000DB4       IID_IObjectContextTip
 0002:00000934       IID_IOleManager
 0002:00000944       IID_IOlePresObj
 0002:00001910       IID_IOpenRowset
 0002:00001A80       IID_IParentRowset
 0002:00000DC4       IID_IPlaybackControl
 0002:00001174       IID_IProcessTerminateNotify
 0002:00000BB8       IID_IProvider
 0002:000008C4       IID_IProxyManager
 0002:000008D4       IID_IPSFactory
 0002:00001134       IID_IReceiveAppData
 0002:000019A0       IID_IRowPosition
 0002:000019B0       IID_IRowPositionChange
 0002:00001760       IID_IRowset
 0002:000017B0       IID_IRowsetChange
 0002:00001A60       IID_IRowsetChapterMember
 0002:00001990       IID_IRowsetFind
 0002:000017D0       IID_IRowsetIndex
 0002:00001770       IID_IRowsetInfo
 0002:00001780       IID_IRowsetLocate
 0002:00001A70       IID_IRowsetRefresh
 0002:00001790       IID_IRowsetResynch
 0002:000017A0       IID_IRowsetScroll
 0002:000017C0       IID_IRowsetUpdate
 0002:00001A00       IID_IRowsetView
 0002:00000884       IID_IRpcChannel
 0002:000008B4       IID_IRpcProxy
 0002:00000894       IID_IRpcStub
 0002:00000D34       IID_ISecurityCallContext
 0002:00000D14       IID_ISecurityCallersColl
 0002:00000CD4       IID_ISecurityCertificateColl
 0002:00000CF4       IID_ISecurityIdentityColl
 0002:00001AB0       IID_ISecurityInfo
 0002:000018E0       IID_ISessionProperties
 0002:00001890       IID_ISourcesRowset
 0002:00001930       IID_ISQLErrorInfo
 0002:00000BC8       IID_IStrings
 0002:000008A4       IID_IStubManager
 0002:00001900       IID_ITableDefinition
 0002:00000EB4       IID_ITransaction
 0002:00001710       IID_ITransaction
 0002:00001730       IID_ITransactionDispenser
 0002:00001960       IID_ITransactionJoin
 0002:00001950       IID_ITransactionLocal
 0002:00001970       IID_ITransactionObject
 0002:00001720       IID_ITransactionOptions
 0002:00001740       IID_ITransactionOutcomeEvents
 0002:00001A90       IID_ITrusteeGroupAdmin
 0002:000019D0       IID_IViewChapter
 0002:000019F0       IID_IViewFilter
 0002:000019C0       IID_IViewRowset
 0002:000019E0       IID_IViewSort
 0002:00001680       IID_IXMLAttribute
 0002:00001640       IID_IXMLDocument
 0002:00001660       IID_IXMLDocument2
 0002:00001500       IID_IXMLDOMAttribute
 0002:00001550       IID_IXMLDOMCDATASection
 0002:00001520       IID_IXMLDOMCharacterData
 0002:00001540       IID_IXMLDOMComment
 0002:000014D0       IID_IXMLDOMDocument
 0002:00001510       IID_IXMLDOMDocumentFragment
 0002:000014E0       IID_IXMLDOMDocumentType
 0002:000014F0       IID_IXMLDOMElement
 0002:000015A0       IID_IXMLDOMEntity
 0002:00001570       IID_IXMLDOMEntityReference
 0002:00001490       IID_IXMLDOMImplementation
 0002:000014C0       IID_IXMLDOMNamedNodeMap
 0002:000014A0       IID_IXMLDOMNode
 0002:000014B0       IID_IXMLDOMNodeList
 0002:00001590       IID_IXMLDOMNotation
 0002:00001580       IID_IXMLDOMParseError
 0002:00001560       IID_IXMLDOMProcessingInstruction
 0002:00001530       IID_IXMLDOMText
 0002:00001610       IID_IXMLDSOControl
 0002:00001650       IID_IXMLElement
 0002:00001670       IID_IXMLElement2
 0002:00001630       IID_IXMLElementCollection
 0002:00001690       IID_IXMLError
 0002:000015F0       IID_IXMLHttpRequest
 0002:000015B0       IID_IXTLRuntime
 0002:00000E54       IID_ObjectContext
 0002:00000E24       IID_ObjectControl
 0002:00001314       IID_Parameters
 0002:00001234       IID_Properties
 0002:00001244       IID_Property_
 0002:000012A4       IID_Recordset15
 0002:000012B4       IID_Recordset20
 0002:00001354       IID_RecordsetEventsVt
 0002:00000E64       IID_SecurityProperty
 0002:00001224       IID__ADO
 0002:00001204       IID__Collection
 0002:00001324       IID__Command
 0002:00001294       IID__Connection
 0002:00001214       IID__DynaCollection
[...]
 0002:000015C0       DIID_XMLDOMDocumentEvents
 0002:000015D0       CLASS_DOMDocument
 0002:000015E0       CLASS_DOMFreeThreadedDocument
 0002:000015F0       IID_IXMLHttpRequest
 0002:00001600       CLASS_XMLHTTPRequest
 0002:00001610       IID_IXMLDSOControl
 0002:00001620       CLASS_XMLDSOControl
 0002:00001630       IID_IXMLElementCollection
 0002:00001640       IID_IXMLDocument
 0002:00001650       IID_IXMLElement
 0002:00001660       IID_IXMLDocument2
 0002:00001670       IID_IXMLElement2
 0002:00001680       IID_IXMLAttribute
 0002:00001690       IID_IXMLError
 0002:000016A0       CLASS_XMLDocument
 0002:000016B0       CLSID_OLEDB_ENUMERATOR
 0002:000016C0       CLSID_EXTENDEDERRORINFO
 0002:000016D0       CLSID_MSDAVTM
 0002:000016E0       CLSID_OLEDB_CONVERSIONLIBRARY
 0002:000016F0       CLSID_OLEDB_ROWPOSITIONLIBRARY
 0002:00001700       CLSID_DATALINKS
 0002:00001710       IID_ITransaction
 0002:00001720       IID_ITransactionOptions
 0002:00001730       IID_ITransactionDispenser
 0002:00001740       IID_ITransactionOutcomeEvents
 0002:00001750       IID_IAccessor
 0002:00001760       IID_IRowset
 0002:00001770       IID_IRowsetInfo
 0002:00001780       IID_IRowsetLocate
 0002:00001790       IID_IRowsetResynch
 0002:000017A0       IID_IRowsetScroll
 0002:000017B0       IID_IRowsetChange
 0002:000017C0       IID_IRowsetUpdate
 0002:000017D0       IID_IRowsetIndex
 0002:000017E0       IID_IMultipleResults
 0002:000017F0       IID_IConvertType
 0002:00001800       IID_ICommandPrepare
 0002:00001810       IID_ICommandProperties
 0002:00001820       IID_ICommand
 0002:00001830       IID_ICommandWithParameters
 0002:00001840       IID_ICommandText
 0002:00001850       IID_IColumnsRowset
 0002:00001860       IID_IColumnsInfo
 0002:00001870       IID_IDBCreateCommand
 0002:00001880       IID_IDBCreateSession
 0002:00001890       IID_ISourcesRowset
 0002:000018A0       IID_IDBProperties
 0002:000018B0       IID_IDBInitialize
 0002:000018C0       IID_IDBInfo
 0002:000018D0       IID_IDBDataSourceAdmin
 0002:000018E0       IID_ISessionProperties
 0002:000018F0       IID_IIndexDefinition
 0002:00001900       IID_ITableDefinition
 0002:00001910       IID_IOpenRowset
 0002:00001920       IID_IErrorLookup
 0002:00001930       IID_ISQLErrorInfo
 0002:00001940       IID_IGetDataSource
 0002:00001950       IID_ITransactionLocal
 0002:00001960       IID_ITransactionJoin
 0002:00001970       IID_ITransactionObject
 0002:00001980       IID_IDBAsynchStatus
 0002:00001990       IID_IRowsetFind
 0002:000019A0       IID_IRowPosition
 0002:000019B0       IID_IRowPositionChange
 0002:000019C0       IID_IViewRowset
 0002:000019D0       IID_IViewChapter
 0002:000019E0       IID_IViewSort
 0002:000019F0       IID_IViewFilter
 0002:00001A00       IID_IRowsetView
 0002:00001A10       IID_IMDFind
 0002:00001A20       IID_IMDRangeRowset
 0002:00001A30       IID_IAlterTable
 0002:00001A40       IID_IAlterIndex
 0002:00001A50       IID_ICommandPersist
 0002:00001A60       IID_IRowsetChapterMember
 0002:00001A70       IID_IRowsetRefresh
 0002:00001A80       IID_IParentRowset
 0002:00001A90       IID_ITrusteeGroupAdmin
 0002:00001AA0       IID_IObjectAccessControl
 0002:00001AB0       IID_ISecurityInfo
 0002:00001AC0       IID_IDBPromptInitialize
 0002:00001AD0       IID_IDataInitialize
 0002:00001AE0       DBSCHEMA_TABLES_INFO
 0002:00001AF0       MDGUID_MDX
 0002:00001B00       DBGUID_MDX
 0002:00001B10       MDSCHEMA_CUBES
 0002:00001B20       MDSCHEMA_DIMENSIONS
 0002:00001B30       MDSCHEMA_HIERARCHIES
 0002:00001B40       MDSCHEMA_LEVELS
 0002:00001B50       MDSCHEMA_MEASURES
 0002:00001B60       MDSCHEMA_PROPERTIES
 0002:00001B70       MDSCHEMA_MEMBERS
 0002:00001B80       DBPROPSET_TRUSTEE
 0002:00001B90       DBOBJECT_TABLE
 0002:00001BA0       DBOBJECT_COLUMN
 0002:00001BB0       DBOBJECT_DATABASE
 0002:00001BC0       DBOBJECT_PROCEDURE
 0002:00001BD0       DBOBJECT_VIEW
 0002:00001BE0       DBOBJECT_SCHEMA
 0002:00001BF0       DBOBJECT_DOMAIN
 0002:00001C00       DBOBJECT_COLLATION
 0002:00001C10       DBOBJECT_TRUSTEE
 0002:00001C20       DBOBJECT_SCHEMAROWSET
 0002:00001C30       DBOBJECT_CHARACTERSET
 0002:00001C40       DBOBJECT_TRANSLATION
 0002:00001C50       DB_PROPERTY_CHECK_OPTION
 0002:00001C60       DB_PROPERTY_CONSTRAINT_CHECK_DEFERRED
 0002:00001C70       DB_PROPERTY_DROP_CASCADE
 0002:00001C80       DB_PROPERTY_UNIQUE
 0002:00001C90       DB_PROPERTY_ON_COMMIT_PRESERVE_ROWS
 0002:00001CA0       DB_PROPERTY_PRIMARY
 0002:00001CB0       DB_PROPERTY_CLUSTERED
 0002:00001CC0       DB_PROPERTY_NONCLUSTERED
 0002:00001CD0       DB_PROPERTY_BTREE
 0002:00001CE0       DB_PROPERTY_HASH
 0002:00001CF0       DB_PROPERTY_FILLFACTOR
 0002:00001D00       DB_PROPERTY_INITIALSIZE
 0002:00001D10       DB_PROPERTY_DISALLOWNULL
 0002:00001D20       DB_PROPERTY_IGNORENULL
 0002:00001D30       DB_PROPERTY_IGNOREANYNULL
 0002:00001D40       DB_PROPERTY_SORTBOOKMARKS
 0002:00001D50       DB_PROPERTY_AUTOMATICUPDATE
 0002:00001D60       DB_PROPERTY_EXPLICITUPDATE
 0002:00001D70       DBGUID_LIKE_SQL
 0002:00001D80       DBGUID_LIKE_DOS
 0002:00001D90       DBGUID_LIKE_OFS
 0002:00001DA0       DBGUID_LIKE_MAPI
 0002:00001DB0       DBSCHEMA_ASSERTIONS
 0002:00001DC0       DBSCHEMA_CATALOGS
 0002:00001DD0       DBSCHEMA_CHARACTER_SETS
 0002:00001DE0       DBSCHEMA_COLLATIONS
 0002:00001DF0       DBSCHEMA_COLUMNS
 0002:00001E00       DBSCHEMA_CHECK_CONSTRAINTS
 0002:00001E10       DBSCHEMA_CONSTRAINT_COLUMN_USAGE
 0002:00001E20       DBSCHEMA_CONSTRAINT_TABLE_USAGE
 0002:00001E30       DBSCHEMA_KEY_COLUMN_USAGE
 0002:00001E40       DBSCHEMA_REFERENTIAL_CONSTRAINTS
 0002:00001E50       DBSCHEMA_TABLE_CONSTRAINTS
 0002:00001E60       DBSCHEMA_COLUMN_DOMAIN_USAGE
 0002:00001E70       DBSCHEMA_INDEXES
 0002:00001E80       DBSCHEMA_COLUMN_PRIVILEGES
 0002:00001E90       DBSCHEMA_TABLE_PRIVILEGES
 0002:00001EA0       DBSCHEMA_USAGE_PRIVILEGES
 0002:00001EB0       DBSCHEMA_PROCEDURES
 0002:00001EC0       DBSCHEMA_SCHEMATA
 0002:00001ED0       DBSCHEMA_SQL_LANGUAGES
 0002:00001EE0       DBSCHEMA_STATISTICS
 0002:00001EF0       DBSCHEMA_TABLES
 0002:00001F00       DBSCHEMA_TRANSLATIONS
 0002:00001F10       DBSCHEMA_PROVIDER_TYPES
 0002:00001F20       DBSCHEMA_VIEWS
 0002:00001F30       DBSCHEMA_VIEW_COLUMN_USAGE
 0002:00001F40       DBSCHEMA_VIEW_TABLE_USAGE
 0002:00001F50       DBSCHEMA_PROCEDURE_PARAMETERS
 0002:00001F60       DBSCHEMA_FOREIGN_KEYS
 0002:00001F70       DBSCHEMA_PRIMARY_KEYS
 0002:00001F80       DBSCHEMA_PROCEDURE_COLUMNS
 0002:00001F90       DBCOL_SELFCOLUMNS
 0002:00001FA0       DBCOL_SPECIALCOL
 0002:00001FB0       PSGUID_QUERY
 0002:00001FC0       DBPROPSET_COLUMN
 0002:00001FD0       DBPROPSET_DATASOURCE
 0002:00001FE0       DBPROPSET_DATASOURCEINFO
 0002:00001FF0       DBPROPSET_INDEX
 0002:00002000       DBPROPSET_DBINIT
 0002:00002010       DBPROPSET_ROWSET
 0002:00002020       DBPROPSET_SESSION
 0002:00002030       DBPROPSET_TABLE
 0002:00002040       DBPROPSET_PROPERTIESINERROR
 0002:00002050       DBPROPSET_VIEW
 0002:00002060       DBPROPSET_DATASOURCEALL
 0002:00002070       DBPROPSET_DATASOURCEINFOALL
 0002:00002080       DBPROPSET_DBINITALL
 0002:00002090       DBPROPSET_ROWSETALL
 0002:000020A0       DBPROPSET_SESSIONALL
 0002:000020B0       DBGUID_DEFAULT
 0002:000020C0       DBGUID_SQL
 0002:000020D0       DBCIDGUID
 0002:000020E0       DB_NULLGUID
 0002:000020F0       DB_NULLID
 0002:00002108       DBCOLUMN_IDNAME
 0002:00002120       DBCOLUMN_NAME
 0002:00002138       DBCOLUMN_NUMBER
 0002:00002150       DBCOLUMN_TYPE
 0002:00002168       DBCOLUMN_PRECISION
 0002:00002180       DBCOLUMN_SCALE
 0002:00002198       DBCOLUMN_FLAGS
 0002:000021B0       DBCOLUMN_BASECOLUMNNAME
 0002:000021C8       DBCOLUMN_BASETABLENAME
 0002:000021E0       DBCOLUMN_COLLATINGSEQUENCE
 0002:000021F8       DBCOLUMN_COMPUTEMODE
 0002:00002210       DBCOLUMN_DEFAULTVALUE
 0002:00002228       DBCOLUMN_DOMAINNAME
 0002:00002240       DBCOLUMN_HASDEFAULT
 0002:00002258       DBCOLUMN_ISAUTOINCREMENT
 0002:00002270       DBCOLUMN_ISCASESENSITIVE
 0002:00002288       DBCOLUMN_ISSEARCHABLE
 0002:000022A0       DBCOLUMN_ISUNIQUE
 0002:000022B8       DBCOLUMN_BASECATALOGNAME
 0002:000022D0       DBCOLUMN_BASESCHEMANAME
 0002:000022E8       DBCOLUMN_GUID
 0002:00002300       DBCOLUMN_PROPID
 0002:00002318       DBCOLUMN_TYPEINFO
 0002:00002330       DBCOLUMN_DOMAINCATALOG
 0002:00002348       DBCOLUMN_DOMAINSCHEMA
 0002:00002360       DBCOLUMN_DATETIMEPRECISION
 0002:00002378       DBCOLUMN_NUMERICPRECISIONRADIX
 0002:00002390       DBCOLUMN_OCTETLENGTH
 0002:000023A8       DBCOLUMN_COLUMNSIZE
 0002:000023C0       DBCOLUMN_CLSID
 0002:000023D8       DBCOLUMN_BASETABLEVERSION
 0002:000023F0       DBCOLUMN_KEYCOLUMN
 0002:00002408       DBCOLUMN_MAYSORT
 0002:00003000       DispCallByIDProc
 0002:00003004       ExceptProc
 0002:00003008       ErrorProc
 0002:0000300C       ExceptClsProc
 0002:00003010       ExceptObjProc
 0002:00003014       RaiseExceptionProc
 0002:00003018       RTLUnwindProc
 0002:0000301C       ExceptionClass
 0002:00003020       SafeCallErrorProc
 0002:00003024       AssertErrorProc
 0002:00003028       ExitProcessProc
 0002:0000302C       AbstractErrorProc
 0002:00003030       HPrevInst
 0002:00003034       MainInstance
 0002:00003038       MainThreadID
 0002:0000303C       IsLibrary
 0002:00003040       CmdShow
 0002:00003044       CmdLine
 0002:00003048       InitProc
 0002:0000304C       ExitProc
 0002:00003050       IsConsole
 0002:00003051       IsMultiThread
 0002:00003052       Test8086
 0002:00003053       TestFDIV
 0002:00003054       Input
 0002:00003220       Output
 0002:000033EC       ErrOutput
 0002:000035B8       envp
 0002:000035BC       AllocMemCount
 0002:000035C0       AllocMemSize
 0002:000035C4       .5
 0002:000035C8       initialized
 0002:000035CC       heapErrorCode
 0002:000035D0       heapLock
 0002:000035E8       blockDescBlockList
 0002:000035EC       blockDescFreeList
 0002:000035F0       spaceRoot
 0002:00003600       decommittedRoot
 0002:00003610       avail
 0002:0000361C       rover
 0002:00003620       remBytes
 0002:00003624       curAlloc
 0002:00003628       smallTab
 0002:0000362C       committedRoot
 0002:0000363C       InitContext
 0002:00003668       VariantManager
 0002:00003714       ModuleIsLib
 0002:00003715       ModuleIsPackage
 0002:00003716       ModuleIsCpp
 0002:00003718       TlsIndex
 0002:00003720       HInstance
 0002:00003724       .1
 0002:00003728       tlsBuffer
 0002:0000372C       .1
 0002:00003730       .3
 0002:00003734       .1
 0002:00003738       CurrencyString
 0002:0000373C       CurrencyFormat
 0002:0000373D       NegCurrFormat
 0002:0000373E       ThousandSeparator
 0002:0000373F       DecimalSeparator
 0002:00003740       CurrencyDecimals
 0002:00003741       DateSeparator
 0002:00003744       ShortDateFormat
 0002:00003748       LongDateFormat
 0002:0000374C       TimeSeparator
 0002:00003750       TimeAMString
 0002:00003754       TimePMString
 0002:00003758       ShortTimeFormat
 0002:0000375C       LongTimeFormat
 0002:00003760       ShortMonthNames
 0002:00003790       LongMonthNames
 0002:000037C0       ShortDayNames
 0002:000037DC       LongDayNames
 0002:000037F8       SysLocale
 0002:00003806       ListSeparator
 0002:00003808       EraNames
 0002:00003824       EraYearOffsets
 0002:00003840       TrueBoolStrs
 0002:00003844       FalseBoolStrs
 0002:00003848       .94
 0002:0000384C       OutOfMemory
 0002:00003850       InvalidPointer
 0002:00003854       Reserved
 0002:00003858       FLanguages
 0002:0000385C       .1
 0002:00003860       EmptyParam
 0002:00003870       VarDispProc
 0002:00003874       ClearAnyProc
 0002:00003878       ChangeAnyProc
 0002:0000387C       RefAnyProc
 0002:00003880       .61
 0002:00003884       GVariantManager
 0002:00003930       GOldVariantManager
 0002:000039DC       LVarTypes
 0002:000039E0       LVarTypeSync
 0002:000039E4       .1
 0002:000039E8       .1
 0002:000039EC       .6
 0002:000039F0       .3
 0002:000039F4       GlobalNameSpace
 0002:000039F8       IsUniqueGlobalComponentNameProc
 0002:000039FC       .35
 0002:00003A00       IntConstList
 0002:00003A04       RegGroups
 0002:00003A08       FindGlobalComponentProcs
 0002:00003A0C       GlobalFixupList
 0002:00003A10       ProcPosted
 0002:00003A14       ThreadLock
 0002:00003A2C       ThreadCount
 0002:00003A30       InstBlockList
 0002:00003A34       InstFreeList
 0002:00003A38       .6
 0002:00003A3C       .1
 0002:00003A40       .41
 0002:00003A44       OleUninitializing
 0002:00003A48       ComClassManagerVar
 0002:00003A4C       SaveInitProc
 0002:00003A50       NeedToUninitialize
 0002:00003A54       .2
 0002:00003A58       .2
 0002:00003A5C       .21
 0002:00003A60       .5
 0002:00003A64       GConvFamilyList
 0002:00003A68       GConvTypeList
 0002:00003A6C       GLastConvFamily
 0002:00003A6E       GLastConvType
 0002:00003A70       GConvFamilySync
 0002:00003A74       GConvTypeSync
 0002:00003A78       .1
 0002:00003A7C       .8
 0002:00003A80       .3
 0002:00003A84       .5
 0002:00003A88       cbDistance
 0002:00003A8A       duMicromicrons
 0002:00003A8C       duAngstroms
 0002:00003A8E       duMillimicrons
 0002:00003A90       duMicrons
 0002:00003A92       duMillimeters
 0002:00003A94       duCentimeters
 0002:00003A96       duDecimeters
 0002:00003A98       duMeters
 0002:00003A9A       duDecameters
 0002:00003A9C       duHectometers
 0002:00003A9E       duKilometers
 0002:00003AA0       duMegameters
 0002:00003AA2       duGigameters
 0002:00003AA4       duInches
 0002:00003AA6       duFeet
 0002:00003AA8       duYards
 0002:00003AAA       duMiles
 0002:00003AAC       duNauticalMiles
 0002:00003AAE       duAstronomicalUnits
 0002:00003AB0       duLightYears
 0002:00003AB2       duParsecs
 0002:00003AB4       duCubits
 0002:00003AB6       duFathoms
 0002:00003AB8       duFurlongs
 0002:00003ABA       duHands
 0002:00003ABC       duPaces
 0002:00003ABE       duRods
 0002:00003AC0       duChains
 0002:00003AC2       duLinks
 0002:00003AC4       duPicas
 0002:00003AC6       duPoints
 0002:00003AC8       cbArea
 0002:00003ACA       auSquareMillimeters
 0002:00003ACC       auSquareCentimeters
 0002:00003ACE       auSquareDecimeters
 0002:00003AD0       auSquareMeters
 0002:00003AD2       auSquareDecameters
 0002:00003AD4       auSquareHectometers
 0002:00003AD6       auSquareKilometers
 0002:00003AD8       auSquareInches
 0002:00003ADA       auSquareFeet
 0002:00003ADC       auSquareYards
 0002:00003ADE       auSquareMiles
 0002:00003AE0       auAcres
 0002:00003AE2       auCentares
 0002:00003AE4       auAres
 0002:00003AE6       auHectares
 0002:00003AE8       auSquareRods
 0002:00003AEA       cbVolume
 0002:00003AEC       vuCubicMillimeters
 0002:00003AEE       vuCubicCentimeters
 0002:00003AF0       vuCubicDecimeters
 0002:00003AF2       vuCubicMeters
 0002:00003AF4       vuCubicDecameters
 0002:00003AF6       vuCubicHectometers
 0002:00003AF8       vuCubicKilometers
 0002:00003AFA       vuCubicInches
 0002:00003AFC       vuCubicFeet
 0002:00003AFE       vuCubicYards
 0002:00003B00       vuCubicMiles
 0002:00003B02       vuMilliLiters
 0002:00003B04       vuCentiLiters
 0002:00003B06       vuDeciLiters
 0002:00003B08       vuLiters
 0002:00003B0A       vuDecaLiters
 0002:00003B0C       vuHectoLiters
 0002:00003B0E       vuKiloLiters
 0002:00003B10       vuAcreFeet
 0002:00003B12       vuAcreInches
 0002:00003B14       vuCords
 0002:00003B16       vuCordFeet
 0002:00003B18       vuDecisteres
 0002:00003B1A       vuSteres
 0002:00003B1C       vuDecasteres
 0002:00003B1E       vuFluidGallons
 0002:00003B20       vuFluidQuarts
 0002:00003B22       vuFluidPints
 0002:00003B24       vuFluidCups
 0002:00003B26       vuFluidGills
 0002:00003B28       vuFluidOunces
 0002:00003B2A       vuFluidTablespoons
 0002:00003B2C       vuFluidTeaspoons
 0002:00003B2E       vuDryGallons
 0002:00003B30       vuDryQuarts
 0002:00003B32       vuDryPints
 0002:00003B34       vuDryPecks
 0002:00003B36       vuDryBuckets
 0002:00003B38       vuDryBushels
 0002:00003B3A       vuUKGallons
 0002:00003B3C       vuUKPottles
 0002:00003B3E       vuUKQuarts
 0002:00003B40       vuUKPints
 0002:00003B42       vuUKGills
 0002:00003B44       vuUKOunces
 0002:00003B46       vuUKPecks
 0002:00003B48       vuUKBuckets
 0002:00003B4A       vuUKBushels
 0002:00003B4C       cbMass
 0002:00003B4E       muNanograms
 0002:00003B50       muMicrograms
 0002:00003B52       muMilligrams
 0002:00003B54       muCentigrams
 0002:00003B56       muDecigrams
 0002:00003B58       muGrams
 0002:00003B5A       muDecagrams
 0002:00003B5C       muHectograms
 0002:00003B5E       muKilograms
 0002:00003B60       muMetricTons
 0002:00003B62       muDrams
 0002:00003B64       muGrains
 0002:00003B66       muLongTons
 0002:00003B68       muTons
 0002:00003B6A       muOunces
 0002:00003B6C       muPounds
 0002:00003B6E       muStones
 0002:00003B70       cbTemperature
 0002:00003B72       tuCelsius
 0002:00003B74       tuKelvin
 0002:00003B76       tuFahrenheit
 0002:00003B78       tuRankine
 0002:00003B7A       tuReaumur
 0002:00003B7C       cbTime
 0002:00003B7E       tuMilliSeconds
 0002:00003B80       tuSeconds
 0002:00003B82       tuMinutes
 0002:00003B84       tuHours
 0002:00003B86       tuDays
 0002:00003B88       tuWeeks
 0002:00003B8A       tuFortnights
 0002:00003B8C       tuMonths
 0002:00003B8E       tuYears
 0002:00003B90       tuDecades
 0002:00003B92       tuCenturies
 0002:00003B94       tuMillennia
 0002:00003B96       tuDateTime
 0002:00003B98       tuJulianDate
 0002:00003B9A       tuModifiedJulianDate
 0002:00003B9C       .1
 0002:00003BA0       .1
 0002:00003BA4       .1
 0002:00003BA8       .1
 0002:00003BAC       ConvertVariantType
 0002:00003BB0       .1
 0002:00003BB4       .2
 0002:00003BB8       .2
 0002:00003BBC       HelpManager
 0002:00003BC0       .1
 0002:00003BC4       .41
 0002:00003BC8       WSAData
 0002:00003D58       .1
 0002:00003D5C       .1
 0002:00003D60       .1
 0002:00003D64       .1
 0002:00003D68       .5
 0002:00003D6C       .3
 0002:00003D70       .1
 0002:00003D74       .1
 0002:00003D78       .1
 0002:00003D7C       .1
 0002:00003D80       .1
 0002:00003D84       .1
 0002:00003D88       .1
 0002:00003D8C       .1
 0002:00003D90       .1
 0002:00003D94       .1
 0002:00003D98       .1
 0002:00003D9C       FlatSB_EnableScrollBar
 0002:00003DA0       FlatSB_ShowScrollBar
 0002:00003DA4       FlatSB_GetScrollRange
 0002:00003DA8       FlatSB_GetScrollInfo
 0002:00003DAC       FlatSB_GetScrollPos
 0002:00003DB0       FlatSB_SetScrollPos
 0002:00003DB4       FlatSB_SetScrollInfo
 0002:00003DB8       FlatSB_SetScrollRange
 0002:00003DBC       .1
 0002:00003DC0       _FlatSB_GetScrollProp
 0002:00003DC4       _FlatSB_SetScrollProp
 0002:00003DC8       _InitializeFlatSB
 0002:00003DCC       _UninitializeFlatSB
 0002:00003DD0       .1
 0002:00003DD4       .1
 0002:00003DD8       .1
 0002:00003DDC       .1
 0002:00003DE0       .1
 0002:00003DE4       .1
 0002:00003DE8       .7
 0002:00003DEC       .6
 0002:00003DF0       GetSystemMetrics
 0002:00003DF4       MonitorFromWindow
 0002:00003DF8       MonitorFromRect
 0002:00003DFC       MonitorFromPoint
 0002:00003E00       GetMonitorInfo
 0002:00003E04       GetMonitorInfoA
 0002:00003E08       GetMonitorInfoW
 0002:00003E0C       EnumDisplayMonitors
 0002:00003E10       .1
 0002:00003E14       User32Dll
 0002:00003E18       InitApis
 0002:00003E20       MMAvailable
 0002:00003E24       .1
 0002:00003E28       .1
 0002:00003E2C       .1
 0002:00003E30       .1
 0002:00003E34       .1
 0002:00003E38       .1
 0002:00003E3C       .1
 0002:00003E40       .1
 0002:00003E44       .1
 0002:00003E48       .1
 0002:00003E4C       .1
 0002:00003E50       .1
 0002:00003E54       .1
 0002:00003E58       .3
 0002:00003E5C       .1


Bound resource files

rtl.res
c:\TEMP\dtf6E28.tmp


Program entry point at 0001:0005DFE4
