
 Start         Length     Name                   Class
 0001:00000000 0002E474H .text                   CODE
 0002:00000000 000003C4H .data                   DATA
 0002:000003C4 0000009DH .bss                    BSS


Detailed map of segments

 0001:00000000 00000226 C=CODE     S=.text    G=(none)   M=System   ACBP=A9
 0001:00000228 000001EC C=CODE     S=.text    G=(none)   M=SysInit  ACBP=A9
 0001:00000414 00000500 C=CODE     S=.text    G=(none)   M=TeeConst ACBP=A9
 0001:00000914 000001F8 C=CODE     S=.text    G=(none)   M=Windows  ACBP=A9
 0001:00000B0C 0000001E C=CODE     S=.text    G=(none)   M=Types    ACBP=A9
 0001:00000B2C 000001C6 C=CODE     S=.text    G=(none)   M=Classes  ACBP=A9
 0001:00000CF4 0000000E C=CODE     S=.text    G=(none)   M=ActiveX  ACBP=A9
 0001:00000D04 00000038 C=CODE     S=.text    G=(none)   M=Messages ACBP=A9
 0001:00000D3C 0000000E C=CODE     S=.text    G=(none)   M=TypInfo  ACBP=A9
 0001:00000D4C 0000009E C=CODE     S=.text    G=(none)   M=SysUtils ACBP=A9
 0001:00000DEC 0000000E C=CODE     S=.text    G=(none)   M=SysConst ACBP=A9
 0001:00000DFC 0000000E C=CODE     S=.text    G=(none)   M=Variants ACBP=A9
 0001:00000E0C 0000000E C=CODE     S=.text    G=(none)   M=VarUtils ACBP=A9
 0001:00000E1C 0000000E C=CODE     S=.text    G=(none)   M=RTLConsts ACBP=A9
 0001:00000E2C 00000386 C=CODE     S=.text    G=(none)   M=Controls ACBP=A9
 0001:000011B4 0000000E C=CODE     S=.text    G=(none)   M=ActnList ACBP=A9
 0001:000011C4 0000000E C=CODE     S=.text    G=(none)   M=Contnrs  ACBP=A9
 0001:000011D4 0000000E C=CODE     S=.text    G=(none)   M=Math     ACBP=A9
 0001:000011E4 0000000E C=CODE     S=.text    G=(none)   M=ImgList  ACBP=A9
 0001:000011F4 00000038 C=CODE     S=.text    G=(none)   M=CommCtrl ACBP=A9
 0001:0000122C 0000019E C=CODE     S=.text    G=(none)   M=Graphics ACBP=A9
 0001:000013CC 0000000E C=CODE     S=.text    G=(none)   M=Consts   ACBP=A9
 0001:000013DC 00000166 C=CODE     S=.text    G=(none)   M=Forms    ACBP=A9
 0001:00001544 0000000E C=CODE     S=.text    G=(none)   M=HelpIntfs ACBP=A9
 0001:00001554 0000000E C=CODE     S=.text    G=(none)   M=MultiMon ACBP=A9
 0001:00001564 00000038 C=CODE     S=.text    G=(none)   M=Imm      ACBP=A9
 0001:0000159C 0000000E C=CODE     S=.text    G=(none)   M=Menus    ACBP=A9
 0001:000015AC 0000000E C=CODE     S=.text    G=(none)   M=WinHelpViewer ACBP=A9
 0001:000015BC 0000000E C=CODE     S=.text    G=(none)   M=StdActns ACBP=A9
 0001:000015CC 00000036 C=CODE     S=.text    G=(none)   M=Dialogs  ACBP=A9
 0001:00001604 00000038 C=CODE     S=.text    G=(none)   M=ShlObj   ACBP=A9
 0001:0000163C 00000038 C=CODE     S=.text    G=(none)   M=UrlMon   ACBP=A9
 0001:00001674 00000038 C=CODE     S=.text    G=(none)   M=WinInet  ACBP=A9
 0001:000016AC 00000038 C=CODE     S=.text    G=(none)   M=RegStr   ACBP=A9
 0001:000016E4 00000040 C=CODE     S=.text    G=(none)   M=ShellAPI ACBP=A9
 0001:00001724 00000076 C=CODE     S=.text    G=(none)   M=Printers ACBP=A9
 0001:0000179C 00000038 C=CODE     S=.text    G=(none)   M=WinSpool ACBP=A9
 0001:000017D4 00000016 C=CODE     S=.text    G=(none)   M=StdCtrls ACBP=A9
 0001:000017EC 00000038 C=CODE     S=.text    G=(none)   M=CommDlg  ACBP=A9
 0001:00001824 00000038 C=CODE     S=.text    G=(none)   M=Dlgs     ACBP=A9
 0001:0000185C 00000066 C=CODE     S=.text    G=(none)   M=ExtCtrls ACBP=A9
 0001:000018C4 0000000E C=CODE     S=.text    G=(none)   M=StrUtils ACBP=A9
 0001:000018D4 00000016 C=CODE     S=.text    G=(none)   M=Clipbrd  ACBP=A9
 0001:000018EC 0000000E C=CODE     S=.text    G=(none)   M=FlatSB   ACBP=A9
 0001:000018FC 00004D74 C=CODE     S=.text    G=(none)   M=TeCanvas ACBP=A9
 0001:00006670 000043E0 C=CODE     S=.text    G=(none)   M=TeeProcs ACBP=A9
 0001:0000AA50 0000CBB8 C=CODE     S=.text    G=(none)   M=TeEngine ACBP=A9
 0001:00017608 00000D08 C=CODE     S=.text    G=(none)   M=TeeFunci ACBP=A9
 0001:00018310 000064E0 C=CODE     S=.text    G=(none)   M=Chart    ACBP=A9
 0001:0001E7F0 00008ECD C=CODE     S=.text    G=(none)   M=Series   ACBP=A9
 0001:000276C0 00001956 C=CODE     S=.text    G=(none)   M=TeeShape ACBP=A9
 0001:00029018 00000AEA C=CODE     S=.text    G=(none)   M=GanttCh  ACBP=A9
 0001:00029B04 000007B6 C=CODE     S=.text    G=(none)   M=BubbleCh ACBP=A9
 0001:0002A2BC 0000088A C=CODE     S=.text    G=(none)   M=ArrowCha ACBP=A9
 0001:0002AB48 0000000E C=CODE     S=.text    G=(none)   M=Buttons  ACBP=A9
 0001:0002AB58 0000001E C=CODE     S=.text    G=(none)   M=ComCtrls ACBP=A9
 0001:0002AB78 0000000E C=CODE     S=.text    G=(none)   M=ListActns ACBP=A9
 0001:0002AB88 0000000E C=CODE     S=.text    G=(none)   M=ToolWin  ACBP=A9
 0001:0002AB98 00000038 C=CODE     S=.text    G=(none)   M=RichEdit ACBP=A9
 0001:0002ABD0 0000000E C=CODE     S=.text    G=(none)   M=ExtActns ACBP=A9
 0001:0002ABE0 0000000E C=CODE     S=.text    G=(none)   M=Registry ACBP=A9
 0001:0002ABF0 0000000E C=CODE     S=.text    G=(none)   M=IniFiles ACBP=A9
 0001:0002AC00 00000016 C=CODE     S=.text    G=(none)   M=ExtDlgs  ACBP=A9
 0001:0002AC18 0000000E C=CODE     S=.text    G=(none)   M=Mapi     ACBP=A9
 0001:0002AC28 0000000E C=CODE     S=.text    G=(none)   M=ComStrs  ACBP=A9
 0001:0002AC38 000008E4 C=CODE     S=.text    G=(none)   M=PenDlg   ACBP=A9
 0001:0002B51C 000004A4 C=CODE     S=.text    G=(none)   M=BrushDlg ACBP=A9
 0001:0002B9C0 00000558 C=CODE     S=.text    G=(none)   M=TeExport ACBP=A9
 0001:0002BF18 00001E30 C=CODE     S=.text    G=(none)   M=TeePrevi ACBP=A9
 0001:0002DD48 000004C4 C=CODE     S=.text    G=(none)   M=TeeAbout ACBP=A9
 0001:0002E20C 00000265 C=CODE     S=.text    G=(none)   M=tee      ACBP=A9
 0002:00000000 00000028 C=DATA     S=.data    G=DGROUP   M=SysInit  ACBP=A9
 0002:00000028 00000014 C=DATA     S=.data    G=DGROUP   M=TeCanvas ACBP=A9
 0002:0000003C 00000154 C=DATA     S=.data    G=DGROUP   M=TeeProcs ACBP=A9
 0002:00000190 0000002A C=DATA     S=.data    G=DGROUP   M=TeEngine ACBP=A9
 0002:000001BC 0000000A C=DATA     S=.data    G=DGROUP   M=Chart    ACBP=A9
 0002:000001C8 00000038 C=DATA     S=.data    G=DGROUP   M=Series   ACBP=A9
 0002:00000200 00000018 C=DATA     S=.data    G=DGROUP   M=TeeShape ACBP=A9
 0002:00000218 00000004 C=DATA     S=.data    G=DGROUP   M=TeExport ACBP=A9
 0002:0000021C 00000014 C=DATA     S=.data    G=DGROUP   M=TeePrevi ACBP=A9
 0002:00000230 00000004 C=DATA     S=.data    G=DGROUP   M=TeeAbout ACBP=A9
 0002:00001000 00000018 C=BSS      S=.bss     G=DGROUP   M=SysInit  ACBP=A9
 0002:00001018 00000004 C=BSS      S=.bss     G=DGROUP   M=TeeConst ACBP=A9
 0002:0000101C 00000004 C=BSS      S=.bss     G=DGROUP   M=Windows  ACBP=A9
 0002:00001020 00000004 C=BSS      S=.bss     G=DGROUP   M=Messages ACBP=A9
 0002:00001024 00000004 C=BSS      S=.bss     G=DGROUP   M=CommCtrl ACBP=A9
 0002:00001028 00000004 C=BSS      S=.bss     G=DGROUP   M=Imm      ACBP=A9
 0002:0000102C 00000004 C=BSS      S=.bss     G=DGROUP   M=ShlObj   ACBP=A9
 0002:00001030 00000004 C=BSS      S=.bss     G=DGROUP   M=UrlMon   ACBP=A9
 0002:00001034 00000004 C=BSS      S=.bss     G=DGROUP   M=WinInet  ACBP=A9
 0002:00001038 00000004 C=BSS      S=.bss     G=DGROUP   M=RegStr   ACBP=A9
 0002:0000103C 00000004 C=BSS      S=.bss     G=DGROUP   M=ShellAPI ACBP=A9
 0002:00001040 00000004 C=BSS      S=.bss     G=DGROUP   M=WinSpool ACBP=A9
 0002:00001044 00000004 C=BSS      S=.bss     G=DGROUP   M=CommDlg  ACBP=A9
 0002:00001048 00000004 C=BSS      S=.bss     G=DGROUP   M=Dlgs     ACBP=A9
 0002:0000104C 00000004 C=BSS      S=.bss     G=DGROUP   M=TeCanvas ACBP=A9
 0002:00001050 00000004 C=BSS      S=.bss     G=DGROUP   M=TeeProcs ACBP=A9
 0002:00001054 00000004 C=BSS      S=.bss     G=DGROUP   M=TeEngine ACBP=A9
 0002:00001058 00000004 C=BSS      S=.bss     G=DGROUP   M=TeeFunci ACBP=A9
 0002:0000105C 00000014 C=BSS      S=.bss     G=DGROUP   M=Chart    ACBP=A9
 0002:00001070 00000004 C=BSS      S=.bss     G=DGROUP   M=Series   ACBP=A9
 0002:00001074 00000004 C=BSS      S=.bss     G=DGROUP   M=TeeShape ACBP=A9
 0002:00001078 00000004 C=BSS      S=.bss     G=DGROUP   M=GanttCh  ACBP=A9
 0002:0000107C 00000004 C=BSS      S=.bss     G=DGROUP   M=BubbleCh ACBP=A9
 0002:00001080 00000004 C=BSS      S=.bss     G=DGROUP   M=ArrowCha ACBP=A9
 0002:00001084 00000004 C=BSS      S=.bss     G=DGROUP   M=RichEdit ACBP=A9
 0002:00001088 00000004 C=BSS      S=.bss     G=DGROUP   M=PenDlg   ACBP=A9
 0002:0000108C 00000004 C=BSS      S=.bss     G=DGROUP   M=BrushDlg ACBP=A9
 0002:00001090 00000004 C=BSS      S=.bss     G=DGROUP   M=TeExport ACBP=A9
 0002:00001094 00000004 C=BSS      S=.bss     G=DGROUP   M=TeePrevi ACBP=A9
 0002:00001098 00000004 C=BSS      S=.bss     G=DGROUP   M=TeeAbout ACBP=A9


  Address         Publics by Name

 0002:00001058       .01
 0002:00001020       .1
 0002:00001044       .1
 0002:0000103C       .1
 0002:00001030       .1
 0002:00001034       .1
 0002:00001010       .1
 0002:0000102C       .1
 0002:00001038       .1
 0002:00001028       .1
 0002:00001048       .1
 0002:00001084       .1
 0002:00001024       .1
 0002:00001018       .1
 0002:0000104C       .11
 0002:00001074       .2
 0002:00001078       .2
 0002:0000107C       .2
 0002:00001098       .2
 0002:00001080       .2
 0002:00001088       .2
 0002:0000108C       .2
 0002:00001090       .2
 0002:00001040       .3
 0002:0000101C       .3
 0002:00001094       .3
 0002:0000106C       .31
 0002:00001070       .61
 0002:00001054       .71
 0002:00001050       .9
 0001:0002E44C       @GetPackageInfoTable
 0001:00000360       @InitPkg
 0001:000003C4       @PackageLoad
 0001:0002E454       @PackageLoad
 0001:000003D0       @PackageUnload
 0001:0002E460       @PackageUnload
 0001:00010074       AddTick
 0001:00025868       AdjustCircleMarks
 0002:000001A0       Aligns
 0001:00025450       AllCircled
 0001:00000260       AllocTlsBuffer
 0002:0000105C       AnimatedZoomFactor
 0001:000042F4       ApplyBright
 0001:0000429C       ApplyDark
 0001:0000FC24       AProc
 0001:00000924       Arc
 0001:000025B4       ArcTan2
 0001:0002AAD4       ArrowCha
 0002:000001B0       ArrowColors
 0001:0001DF38       AssignSeries
 0001:00010400       AxisLabelsSeries
 0001:0000092C       BitBlt
 0002:00000200       BrushColors
 0002:0000016C       BrushColors
 0001:0002B9B8       BrushDlg
 0002:000001B8       BrushStyles
 0001:0002A248       BubbleCh
 0001:00009628       Calc3DRect
 0001:000102EC       CalcAllSeries
 0001:000061B8       CalcArrowPoint
 0001:0001B940       CalcAxisScale
 0001:00003C04       CalcBrushColor
 0001:00025728       CalcCircledRatio
 0001:00010374       CalcFirstLastAllSeries
 0001:0001D6F4       CalcHorizMargin
 0001:0001D67C       CalcHorizontalColsRows
 0001:00011094       CalcLabelsRect
 0001:00008F58       CalcMargin
 0001:0001D000       CalcMaxLegendValues
 0001:0001370C       CalcMinMaxValue
 0001:00015F4C       CalcNumPages
 0001:0002CB5C       CalcPaperRectangles
 0001:0001C7C4       CalcSeriesAxisRect
 0001:00003740       CalcTrigValues
 0001:00012670       CalculateFunctionMany
 0001:000125EC       CalculateMovingFunction
 0001:0001D728       CalcVertMargin
 0001:00021D64       CalcYPosLeftRight
 0001:0001E2C4       ChangeAllSeriesType
 0001:0001E284       ChangeSeriesType
 0001:0001E67C       Chart
 0001:0002C728       ChartPreview
 0001:0001BD48       CheckBackground
 0001:00007A90       CheckJapaneseFontSize
 0001:0001C048       CheckMouseSeries
 0001:0002172C       CheckPointInLine
 0001:0001BC7C       CheckZoomPanning
 0001:0001320C       ClearDataSources
 0001:0001BA58       ClickedAxis
 0001:0001DD08       ClickedRow
 0001:0000348C       ClipCanvas
 0001:00016914       ClipRegionCreate
 0001:0001696C       ClipRegionDone
 0001:0001E230       CloneChartSeries
 0002:0000003C       ColorPalette
 0002:00000174       Colors
 0001:00001224       CommCtrl
 0001:0000181C       CommDlg
 0001:0002657C       CompareSliceAngle
 0001:000117C4       CompareValueIndex
 0001:00007C14       CreateDefaultFont
 0001:00000934       CreateFontIndirect
 0001:0001E1A4       CreateNewSeries
 0001:0001E13C       CreateNewTeeFunction
 0001:0000093C       CreatePolygonRgn
 0001:00000944       CreateRectRgn
 0001:0000094C       CreateSolidBrush
 0001:00005344       Dark
 0001:00004CA8       Dark
 0001:00004374       Dark
 0001:00005A64       Dark
 0002:00000030       DarkColorQuantity
 0002:0000002C       DarkerColorQuantity
 0001:00007990       DateTimeDefaultFormat
 0002:00000090       DateTimeStep
 0001:00007964       DaysInMonth
 0002:00000160       DaysMonths
 0001:0000A328       DecMonths
 0001:00000954       DeleteObject
 0001:0000A1A0       DelphiToLocalFormat
 0001:00010B98       DepthAxisLabels
 0001:00009CD0       Dif
 0001:00001854       Dlgs
 0001:0000F454       DoCalculation
 0001:00010A14       DoCustomLabels
 0001:00010880       DoDefaultLabels
 0001:00010774       DoDefaultLogLabels
 0001:000109D4       DoNotCustomLabels
 0001:00020E94       DoTriangle3D
 0001:00004D00       Draw3DPie
 0001:00016E90       DrawAllAxis
 0001:000169E0       DrawAllSeriesValue
 0001:0002D064       DrawAsBitmap
 0001:0002D0C0       DrawAsMetafile
 0001:0000FA3C       DrawAxisLine
 0001:00010AF8       DrawAxisTitle
 0001:00020DDC       DrawCross
 0001:00027F1C       DrawCross2D
 0001:00027EA4       DrawCross3D
 0001:00020D00       DrawDiagonalCross
 0001:00027DEC       DrawDiagonalCross2D
 0001:00027E3C       DrawDiagonalCross3D
 0001:0000F5EC       DrawGridLine
 0001:0000F7E8       DrawGrids
 0001:0001D4D8       DrawLegendBackground
 0001:0001D248       DrawLegendItem
 0001:00021BB8       DrawLine
 0001:00011D18       DrawLine
 0001:00016A94       DrawMarksSeries
 0001:00011D80       DrawMarkText
 0001:0002205C       DrawPoint
 0001:00016AD0       DrawSeries
 0001:00010090       DrawThisLabel
 0001:0000FFC4       DrawTicksGrid
 0001:0001B1F4       DrawTitleFoot
 0001:0001A824       DrawTitleLine
 0001:0002B7DC       EditChartBrush
 0001:0002AF70       EditChartPen
 0001:0002AF04       EditColor
 0001:0002AFCC       EditPen
 0001:0000095C       Ellipse
 0001:0000A264       EnableControls
 0001:0002B490       EnableControls
 0002:00000208       EnabledColor1
 0002:00000210       EnabledColor2
 0001:00000A5C       EqualRect
 0001:0000030C       ExitProcessTLS
 0001:000002E4       ExitThreadTLS
 0001:00000964       ExtCreatePen
 0002:0000017C       Extensions
 0001:0000096C       ExtSelectClipRgn
 0001:00000A64       FillRect
 0001:00006638       Finalization
 0001:000008DC       Finalization
 0001:0000163C       Finalization
 0001:0000A9B8       Finalization
 0001:000003DC       Finalization
 0001:00017598       Finalization
 0001:00001604       Finalization
 0001:0002AAA4       Finalization
 0001:0002765C       Finalization
 0001:00001674       Finalization
 0001:00001564       Finalization
 0001:0002B4E4       Finalization
 0001:000016AC       Finalization
 0001:000011F4       Finalization
 0001:00000D04       Finalization
 0001:0002B988       Finalization
 0001:0002A218       Finalization
 0001:0002DD10       Finalization
 0001:0002BEE0       Finalization
 0001:000016EC       Finalization
 0001:0000179C       Finalization
 0001:0002E1D4       Finalization
 0001:000182D8       Finalization
 0001:00000AD4       Finalization
 0001:00029A60       Finalization
 0001:0001E644       Finalization
 0001:00028F74       Finalization
 0001:000017EC       Finalization
 0001:00001824       Finalization
 0001:0002AB98       Finalization
 0001:00007A18       FindDateTimeStep
 0001:00000914       FindResource
 0001:00000228       FreeLibrary
 0001:00003EE8       FromCenter
 0001:00003DD0       FromCorner
 0001:00029A90       GanttCh
 0001:00029484       GanttSampleStr
 0001:000264D8       GetAngleSlice
 0001:000101B4       GetAxisSeriesLabel
 0001:00000974       GetBkColor
 0001:0000097C       GetBkMode
 0001:00000AD0       GetBValue
 0001:00000A6C       GetCursorPos
 0001:00000A74       GetDC
 0001:00007CA4       GetDefaultColor
 0001:00007B20       GetDefaultFontName
 0001:00007AC0       GetDefaultFontSize
 0001:0001A34C       GetDefaultPattern
 0001:00000984       GetDeviceCaps
 0001:00000ACC       GetGValue
 0001:0000098C       GetMapMode
 0001:0001DE88       GetNewFunctionName
 0001:0001DE60       GetNewSeriesName
 0001:00000994       GetObject
 0001:00000AC8       GetRValue
 0001:00007A6C       GetScreenLogPixels
 0001:00000A7C       GetSystemMetrics
 0001:0001E4C0       GetTeeFunctionDescription
 0001:0000099C       GetTextAlign
 0001:000009A4       GetTextExtentPoint32
 0001:0000026C       GetTlsSize
 0001:0002E004       GotoURL
 0002:000001D0       HalfPi
 0002:0000100C       HInstance
 0001:00001594       Imm
 0001:0000A394       IncDecMonths
 0001:000090B0       InchToPixel
 0001:0000A364       IncMonths
 0001:00011054       InflateAxisPos
 0001:00010FF8       InflateAxisRect
 0001:00000A84       InflateRect
 0001:00000330       InitializeModule
 0001:000002B8       InitProcessTLS
 0001:00000274       InitThreadTLS
 0001:0000D6C0       InternalCalcLabelsIncrement
 0001:0000D2DC       InternalCalcPos
 0001:00021E14       InternalDrawArea
 0001:00010640       InternalDrawLabel
 0001:0000F8D8       InternalDrawTick
 0001:0002B768       InternalEditFont
 0001:0001322C       InternalRemoveDataSource
 0001:000132AC       InternalSetDataSource
 0001:0001E50C       InternalUnRegister
 0001:00000A8C       IntersectRect
 0001:0001072C       IntPower
 0001:00007B6C       IsDefaultFont
 0001:000009B4       LineTo
 0001:0000A660       LoadClassBitmap
 0001:00000A94       LoadCursor
 0001:0002BC94       LoadTeeFromFile
 0001:0002BC88       LoadTeeFromStream
 0001:00000230       LocalAlloc
 0001:00000238       LocalFree
 0001:0000A204       LocalToDelphiFormat
 0001:0001075C       LogBaseN
 0001:000009AC       LPtoDP
 0001:00006580       MaxDouble
 0001:0000E054       MaxLabelsValueWidth
 0001:000065E8       MaxLong
 0001:00007A4C       MaxLong
 0001:00000D34       Messages
 0001:000065B4       MinDouble
 0001:000065F0       MinLong
 0002:00000000       Module
 0002:00001000       ModuleIsLib
 0002:00001001       ModuleIsPackage
 0001:000009BC       MoveToEx
 0001:0000091C       MulDiv
 0001:000079D0       NextDateTimeStep
 0001:0001C110       PanAxis
 0001:000009C4       PatBlt
 0002:000001C0       PatternPalette
 0001:0002B514       PenDlg
 0002:000001D8       PiDegree
 0001:000009CC       Pie
 0002:000001E0       PieSampleStr
 0001:000025C4       Point3D
 0001:0000A024       PointInEllipse
 0001:00021714       PointInHorizLine
 0001:00009FA4       PointInHorizTriangle
 0001:00009E74       PointInLine
 0001:00009CE0       PointInLineTolerance
 0001:00009E8C       PointInPolygon
 0001:00009F24       PointInTriangle
 0001:000216FC       PointInVertLine
 0001:000009D4       Polygon
 0001:000009DC       Polyline
 0001:0001B324       PrepareWallCanvas
 0001:00008F30       PrinterLogX
 0001:00008F44       PrinterLogY
 0002:0000008C       PrintTeePanel
 0001:00011828       PrivateSort
 0001:0000FF80       ProcessMinor
 0001:0000FCDC       ProcessMinorTicks
 0001:0001BFB4       ProcessPanning
 0001:0000FF10       ProcessTicks
 0001:00000A9C       PtInRect
 0001:0000DA7C       RecalcAdjustedMinMax
 0001:000009E4       Rectangle
 0001:000025EC       RectCenter
 0001:00003CA4       RectGradient
 0001:000025D8       RectSize
 0001:00027490       RegisterStandardSeries
 0001:0001E468       RegisterTeeBasicFunction
 0001:0001E62C       RegisterTeeEditor
 0001:0001E450       RegisterTeeFunction
 0001:0001E438       RegisterTeeSeries
 0001:0001E34C       RegisterTeeSeriesFunction
 0001:000016DC       RegStr
 0001:00000AA4       ReleaseDC
 0001:0001B07C       RestoreAxisScales
 0001:00000AAC       RGB
 0001:0002ABC8       RichEdit
 0001:000009EC       RoundRect
 0001:0001B010       SaveAxisScales
 0001:0002BBEC       SaveTeeToFile
 0001:0002BBE4       SaveTeeToStream
 0001:000009F4       SelectClipRgn
 0001:000009FC       SelectObject
 0001:00014C88       SelfSetDataSources
 0001:000276A4       Series
 0001:00008D1C       SetAnisotropic
 0001:00000A04       SetBkColor
 0001:00000A0C       SetBkMode
 0001:0000F1D8       SetInternals
 0001:00000A14       SetMapMode
 0001:00022DD4       SetOtherMultiArea
 0001:00000A1C       SetPixel
 0001:00016D20       SetSeriesZOrder
 0001:00016E10       SetSeriesZPositions
 0001:00000A24       SetTextAlign
 0001:00000A2C       SetTextColor
 0001:00000A34       SetViewportExtEx
 0001:00000A3C       SetViewportOrgEx
 0001:00000A44       SetWindowExtEx
 0001:00000A4C       SetWindowOrgEx
 0001:0000171C       ShellAPI
 0001:000016E4       ShellExecute
 0001:00001634       ShlObj
 0001:0002B46C       ShowControls
 0001:000025A0       SinCos
 0001:000265D8       SortSlices
 0001:00006604       SwapDouble
 0001:0000662C       SwapInteger
 0001:00007A60       SwapInteger
 0001:00007A54       SwapLongint
 0001:000065F8       SwapLongint
 0001:0000040C       SysInit
 0001:00017DA8       TAddTeeFunction.Calculate
 0001:00017E00       TAddTeeFunction.CalculateMany
 0001:00022D24       TAreaSeries.Assign
 0001:00022FE0       TAreaSeries.CalcYPos
 0001:00022D84       TAreaSeries.CalcZOrder
 0001:00022C80       TAreaSeries.Create
 0001:00022DA4       TAreaSeries.GetEditorClass
 0001:00022F0C       TAreaSeries.GetOriginPos
 0001:00022E70       TAreaSeries.InternalCalcStackedYPos
 0001:00022F28       TAreaSeries.MaxYValue
 0001:00022FB8       TAreaSeries.MinYValue
 0001:00022CD8       TAreaSeries.PrepareLegendCanvas
 0001:00022E40       TAreaSeries.SetMultiArea
 0001:0002A6A0       TArrowSeries.AddArrow
 0001:0002A57C       TArrowSeries.Create
 0001:0002A828       TArrowSeries.DrawValue
 0001:0002A700       TArrowSeries.FillSampleValues
 0001:0002A804       TArrowSeries.GetArrowHeight
 0001:0002A7F8       TArrowSeries.GetArrowWidth
 0001:0002A9F4       TArrowSeries.GetEditorClass
 0001:0002AA24       TArrowSeries.GetStartXValues
 0001:0002AA34       TArrowSeries.GetStartYValues
 0001:0002AA90       TArrowSeries.IsValidSourceOf
 0001:0002A914       TArrowSeries.MaxXValue
 0001:0002A984       TArrowSeries.MaxYValue
 0001:0002A94C       TArrowSeries.MinXValue
 0001:0002A9BC       TArrowSeries.MinYValue
 0001:0002AA44       TArrowSeries.PrepareForGallery
 0001:0002A81C       TArrowSeries.SetArrowHeight
 0001:0002A810       TArrowSeries.SetArrowWidth
 0001:0002A680       TArrowSeries.SetEndXValues
 0001:0002A690       TArrowSeries.SetEndYValues
 0001:0002AA2C       TArrowSeries.SetStartXValues
 0001:0002AA3C       TArrowSeries.SetStartYValues
 0001:000181A0       TAverageTeeFunction.Calculate
 0001:00018248       TAverageTeeFunction.CalculateMany
 0001:00023ED4       TBarSeries.CalcHorizMargins
 0001:00023EF8       TBarSeries.CalcVerticalMargins
 0001:00023DFC       TBarSeries.CalcXPos
 0001:00024514       TBarSeries.CalcYPos
 0001:00024000       TBarSeries.DrawBar
 0001:00023F90       TBarSeries.DrawMark
 0001:000246E8       TBarSeries.DrawSeriesForward
 0001:00024480       TBarSeries.DrawValue
 0001:000246DC       TBarSeries.DrawValuesForward
 0001:000245C4       TBarSeries.GetOriginPos
 0001:00023F80       TBarSeries.InternalCalcMarkLength
 0001:000245D4       TBarSeries.InternalClicked
 0001:00023E80       TBarSeries.MaxYValue
 0001:00023EAC       TBarSeries.MinYValue
 0001:0002B91C       TBrushDialog.BColorClick
 0001:0002B95C       TBrushDialog.Button3Click
 0001:0002B97C       TBrushDialog.FormClose
 0001:0002B890       TBrushDialog.FormShow
 0001:0002B838       TBrushDialog.RedrawShape
 0001:0002B8F8       TBrushDialog.RGStyleClick
 0001:0002B94C       TBrushDialog.SHColorMouseUp
 0001:00029E50       TBubbleSeries.AddBubble
 0001:0002A014       TBubbleSeries.ApplyRadius
 0001:0002A124       TBubbleSeries.Assign
 0001:00029D54       TBubbleSeries.Create
 0001:0002A1D0       TBubbleSeries.DrawLegendShape
 0001:00029F6C       TBubbleSeries.DrawValue
 0001:00029EA8       TBubbleSeries.FillSampleValues
 0001:0002A154       TBubbleSeries.IsValidSourceOf
 0001:0002A0C4       TBubbleSeries.MaxYValue
 0001:0002A168       TBubbleSeries.MaxZValue
 0001:0002A0F4       TBubbleSeries.MinYValue
 0001:0002A198       TBubbleSeries.MinZValue
 0001:00029EA0       TBubbleSeries.NumSampleValues
 0001:00029E40       TBubbleSeries.SetRadiusValues
 0001:00029E30       TBubbleSeries.SetSquared
 0001:00002B8C       TCanvas3D.Assign
 0001:000027FC       TChartArrowPen.Create
 0001:000027AC       TChartAxisPen.Create
 0001:0000CE70       TChartAxisTitle.Assign
 0001:0000CEB0       TChartAxisTitle.IsAngleStored
 0001:0000CEC0       TChartAxisTitle.SetAngle
 0001:0000CF24       TChartAxisTitle.SetCaption
 0001:0001A360       TChartBrush.Create
 0001:0001A3B4       TChartBrush.HasBitmap
 0001:00009ACC       TChartFontObject.Assign
 0001:00009A30       TChartFontObject.Create
 0001:00009A9C       TChartFontObject.Destroy
 0001:00009A8C       TChartFontObject.IsFontStored
 0001:00009B10       TChartFontObject.Repaint
 0001:00009B00       TChartFontObject.SetFont
 0001:000026B8       TChartHiddenPen.Create
 0001:0000265C       TChartPen.Assign
 0001:0000260C       TChartPen.Create
 0001:000026A4       TChartPen.SetSmallDots
 0001:00002690       TChartPen.SetVisible
 0001:0002DCD0       TChartPreview.BCloseClick
 0001:0002DC6C       TChartPreview.BPrintClick
 0001:0002DADC       TChartPreview.BResetClick
 0001:0002D86C       TChartPreview.BSetupPrinterClick
 0001:0002DCD8       TChartPreview.CBPropClick
 0001:0002D918       TChartPreview.ChangeMargin
 0001:0002DA88       TChartPreview.FormCreate
 0001:0002DCC4       TChartPreview.FormDestroy
 0001:0002D7B8       TChartPreview.FormShow
 0001:0002D8E8       TChartPreview.OrientationClick
 0001:0002DB10       TChartPreview.PreviewPageChangeMargins
 0001:0002D8B8       TChartPreview.PrintersChange
 0001:0002DC18       TChartPreview.RecalcControls
 0001:0002DA1C       TChartPreview.RefreshPage
 0001:0002D744       TChartPreview.ResetMargins
 0001:0002DC38       TChartPreview.ResolutionChange
 0001:0002D9B0       TChartPreview.SEBotMaChange
 0001:0002D9D8       TChartPreview.SELeftMaChange
 0001:0002D98C       TChartPreview.SERightMaChange
 0001:0002D964       TChartPreview.SETopMaChange
 0001:0002DA68       TChartPreview.ShowMarginsClick
 0001:0002D9FC       TChartPreview.WMEraseBkgnd
 0001:000143F0       TChartSeries.Add
 0001:000143A4       TChartSeries.AddArray
 0001:00013A4C       TChartSeries.AddChartValue
 0001:00013B2C       TChartSeries.AddedValue
 0001:000159D4       TChartSeries.AddLinkedSeries
 0001:0001436C       TChartSeries.AddNull
 0001:00014380       TChartSeries.AddNullXY
 0001:00013A0C       TChartSeries.AddValue
 0001:00013DC8       TChartSeries.AddValues
 0001:00014434       TChartSeries.AddX
 0001:00014268       TChartSeries.AddXY
 0001:00014478       TChartSeries.AddY
 0001:00014CC8       TChartSeries.Assign
 0001:00013E60       TChartSeries.AssignValues
 0001:00015368       TChartSeries.AssociatedToAxis
 0001:00013790       TChartSeries.CalcFirstLastVisibleIndex
 0001:000141AC       TChartSeries.CalcHorizMargins
 0001:000155DC       TChartSeries.CalcPosValue
 0001:00014934       TChartSeries.CalcRandomBounds
 0001:000141B8       TChartSeries.CalcVerticalMargins
 0001:00015680       TChartSeries.CalcXPos
 0001:0001557C       TChartSeries.CalcXPosValue
 0001:000155AC       TChartSeries.CalcXSizeValue
 0001:00015748       TChartSeries.CalcYPos
 0001:000155C4       TChartSeries.CalcYPosValue
 0001:00015668       TChartSeries.CalcYSizeValue
 0001:00015520       TChartSeries.CalcZOrder
 0001:00013440       TChartSeries.CanvasChanged
 0001:00013064       TChartSeries.CheckDataSource
 0001:00013510       TChartSeries.CheckOtherSeries
 0001:0001531C       TChartSeries.Clear
 0001:00015294       TChartSeries.ClearLists
 0001:00015884       TChartSeries.ClearTempValue
 0001:00013588       TChartSeries.Clicked
 0001:00013520       TChartSeries.ColorRange
 0001:000144BC       TChartSeries.Count
 0001:000144C8       TChartSeries.CountLegendItems
 0001:00012944       TChartSeries.Create
 0001:0001304C       TChartSeries.CreateChartPen
 0001:00012BD4       TChartSeries.DefineProperties
 0001:0001576C       TChartSeries.Delete
 0001:00013A00       TChartSeries.DeletedValue
 0001:00015BAC       TChartSeries.Destroy
 0001:00013F74       TChartSeries.DoAfterDrawValues
 0001:00013F50       TChartSeries.DoBeforeDrawChart
 0001:00013F54       TChartSeries.DoBeforeDrawValues
 0001:000156B4       TChartSeries.DoSeriesClick
 0001:000156A4       TChartSeries.DoSeriesMouseMove
 0001:000156AC       TChartSeries.DoSeriesMouseUp
 0001:00012F10       TChartSeries.DrawAllValues
 0001:00015420       TChartSeries.DrawLegend
 0001:000153B4       TChartSeries.DrawLegendShape
 0001:000141C4       TChartSeries.DrawMark
 0001:00013F94       TChartSeries.DrawMarks
 0001:00012F0C       TChartSeries.DrawSeriesForward
 0001:00013940       TChartSeries.DrawValue
 0001:00012F08       TChartSeries.DrawValuesForward
 0001:00014B14       TChartSeries.FillSampleValues
 0001:00013EE8       TChartSeries.FirstInZOrder
 0001:0001526C       TChartSeries.FreeXLabel
 0001:00014C34       TChartSeries.GalleryChanged3D
 0001:00014FF8       TChartSeries.GetBitmapEditor
 0001:00012B18       TChartSeries.GetChildren
 0001:000130F4       TChartSeries.GetCursorValueIndex
 0001:0001311C       TChartSeries.GetCursorValues
 0001:00013154       TChartSeries.GetDataSource
 0001:00013E74       TChartSeries.GetEditorClass
 0001:00014680       TChartSeries.GetMarkText
 0001:0001460C       TChartSeries.GetMarkValue
 0001:00015240       TChartSeries.GetMemLabel
 0001:000145F4       TChartSeries.GetOriginValue
 0001:00012B44       TChartSeries.GetParentComponent
 0001:000136E4       TChartSeries.GetValue
 0001:000151BC       TChartSeries.GetValueColor
 0001:00015130       TChartSeries.GetXLabel
 0001:000150B8       TChartSeries.GetxValue
 0001:000150D0       TChartSeries.GetyValue
 0001:00013448       TChartSeries.GetYValueList
 0001:00015CBC       TChartSeries.GetZOrder
 0001:00012B6C       TChartSeries.HasParent
 0001:00014240       TChartSeries.InsertLabel
 0001:00013178       TChartSeries.InternalAddDataSource
 0001:00014350       TChartSeries.IsNull
 0001:000139A8       TChartSeries.IsPercentFormatStored
 0001:0001343C       TChartSeries.IsValidSeriesSource
 0001:00013434       TChartSeries.IsValidSourceOf
 0001:00013950       TChartSeries.IsValueFormatStored
 0001:00015418       TChartSeries.LegendItemColor
 0001:00013BDC       TChartSeries.LegendString
 0001:00013BD8       TChartSeries.LegendToValueIndex
 0001:00015AF8       TChartSeries.Loaded
 0001:00012F00       TChartSeries.MandatoryValueList
 0001:000144DC       TChartSeries.MarkPercent
 0001:00015944       TChartSeries.MaxMarkWidth
 0001:0001589C       TChartSeries.MaxXValue
 0001:000158B4       TChartSeries.MaxYValue
 0001:000158FC       TChartSeries.MaxZValue
 0001:000158CC       TChartSeries.MinXValue
 0001:000158E4       TChartSeries.MinYValue
 0001:00015920       TChartSeries.MinZValue
 0001:00013E80       TChartSeries.MoreSameZOrder
 0001:00012B9C       TChartSeries.Notification
 0001:00014314       TChartSeries.NotifyNewValue
 0001:00015A18       TChartSeries.NotifyValue
 0001:0001492C       TChartSeries.NumSampleValues
 0001:00012F94       TChartSeries.PointOrigin
 0001:000148F0       TChartSeries.PrepareForGallery
 0001:00015518       TChartSeries.PrepareLegendCanvas
 0001:00012E20       TChartSeries.ReadData
 0001:00012C90       TChartSeries.ReadIdentifier
 0001:00012CF4       TChartSeries.ReadStyle
 0001:0001358C       TChartSeries.RecalcGetAxis
 0001:00013E68       TChartSeries.RefreshSeries
 0001:000131B4       TChartSeries.RemoveAllLinkedSeries
 0001:000159F4       TChartSeries.RemoveDataSource
 0001:00015A08       TChartSeries.RemoveLinkedSeries
 0001:00013928       TChartSeries.Repaint
 0001:00015000       TChartSeries.ReplaceList
 0001:00012F5C       TChartSeries.SameClass
 0001:00013944       TChartSeries.SetActive
 0001:00014234       TChartSeries.SetBooleanProperty
 0001:00013658       TChartSeries.SetChartValueList
 0001:00014FAC       TChartSeries.SetColorEachPoint
 0001:00014C7C       TChartSeries.SetColorProperty
 0001:0001308C       TChartSeries.SetColorSource
 0001:00015C84       TChartSeries.SetCustomHorizAxis
 0001:00015D04       TChartSeries.SetCustomVertAxis
 0001:0001340C       TChartSeries.SetDataSource
 0001:00014C54       TChartSeries.SetDoubleProperty
 0001:00012B70       TChartSeries.SetFunction
 0001:00013610       TChartSeries.SetHorizAxis
 0001:000141F4       TChartSeries.SetIntegerProperty
 0001:000130C0       TChartSeries.SetLabelsSource
 0001:00014200       TChartSeries.SetLongintProperty
 0001:00015874       TChartSeries.SetMarks
 0001:000151F8       TChartSeries.SetParentChart
 0001:00012B48       TChartSeries.SetParentComponent
 0001:000148E4       TChartSeries.SetPercentFormat
 0001:0001307C       TChartSeries.SetRecalcOptions
 0001:00015890       TChartSeries.SetSeriesColor
 0001:00014FEC       TChartSeries.SetShowInLegend
 0001:0001420C       TChartSeries.SetStringProperty
 0001:00013694       TChartSeries.SetTitle
 0001:0001522C       TChartSeries.SetValueColor
 0001:000148D8       TChartSeries.SetValueFormat
 0001:00013634       TChartSeries.SetVertAxis
 0001:00015174       TChartSeries.SetXLabel
 0001:0001510C       TChartSeries.SetXValue
 0001:00013674       TChartSeries.SetXValues
 0001:000150E8       TChartSeries.SetYValue
 0001:00013684       TChartSeries.SetYValues
 0001:00015CD4       TChartSeries.SetZOrder
 0001:00015804       TChartSeries.SwapValueIndex
 0001:00015AF4       TChartSeries.UseAxis
 0001:000144D0       TChartSeries.VisibleCount
 0001:00012EA8       TChartSeries.WriteData
 0001:00012CE4       TChartSeries.WriteIdentifier
 0001:00012DCC       TChartSeries.WriteStyle
 0001:00015594       TChartSeries.XScreenToValue
 0001:00015610       TChartSeries.XValueToText
 0001:00012EE8       TChartSeries.YMandatory
 0001:00015650       TChartSeries.YScreenToValue
 0001:00015630       TChartSeries.YValueToText
 0001:00015D58       TChartSeriesList.CountActive
 0001:00015D44       TChartSeriesList.GetSeries
 0001:00015D3C       TChartSeriesList.SetSeries
 0001:000289A0       TChartShape.AddDefaultPoints
 0001:00028E18       TChartShape.Assign
 0001:00028F54       TChartShape.CalcZOrder
 0001:00028ACC       TChartShape.Clicked
 0001:00027BAC       TChartShape.Create
 0001:00027CA0       TChartShape.Destroy
 0001:00027CF4       TChartShape.DrawLegendShape
 0001:00027F74       TChartShape.DrawShape
 0001:000285D4       TChartShape.DrawText
 0001:00028914       TChartShape.DrawValue
 0001:000289E0       TChartShape.FillSampleValues
 0001:000288C0       TChartShape.GetAdjustedRectangle
 0001:00028DE8       TChartShape.GetEditorClass
 0001:000287E4       TChartShape.GetShapeRectangle
 0001:00027D0C       TChartShape.GetX0
 0001:00027D5C       TChartShape.GetX1
 0001:00027D34       TChartShape.GetY0
 0001:00027D8C       TChartShape.GetY1
 0001:00028EC4       TChartShape.IsValidSourceOf
 0001:00028F70       TChartShape.MoreSameZOrder
 0001:00028CE8       TChartShape.PrepareForGallery
 0001:00028EE8       TChartShape.SetAlignment
 0001:00027CFC       TChartShape.SetBrush
 0001:00028ED8       TChartShape.SetFont
 0001:00027D04       TChartShape.SetPen
 0001:00028F24       TChartShape.SetRoundRectangle
 0001:00027DD0       TChartShape.SetSeriesColor
 0001:00028790       TChartShape.SetShapeRectangle
 0001:00027DBC       TChartShape.SetStyle
 0001:00028EFC       TChartShape.SetText
 0001:00028F14       TChartShape.SetTransparent
 0001:00027D20       TChartShape.SetX0
 0001:00027D74       TChartShape.SetX1
 0001:00028F34       TChartShape.SetXYStyle
 0001:00027D48       TChartShape.SetY0
 0001:00027DA4       TChartShape.SetY1
 0001:00028F48       TChartShape.UseAxis
 0001:0001A63C       TChartTitle.Assign
 0001:0001A7E4       TChartTitle.Clicked
 0001:0001A570       TChartTitle.Create
 0001:0001A738       TChartTitle.Destroy
 0001:0001A8F0       TChartTitle.Draw
 0001:0001A69C       TChartTitle.IsFontStored
 0001:0001A79C       TChartTitle.SetAdjustFrame
 0001:0001A7AC       TChartTitle.SetAlignment
 0001:0001A7BC       TChartTitle.SetBrush
 0001:0001A7C8       TChartTitle.SetColor
 0001:0001A7D8       TChartTitle.SetFrame
 0001:0001A778       TChartTitle.SetText
 0001:0001A78C       TChartTitle.SetVisible
 0001:0001137C       TChartValueList.AddChartValue
 0001:00011904       TChartValueList.Assign
 0001:000116C8       TChartValueList.ClearValues
 0001:000112F0       TChartValueList.Count
 0001:00011228       TChartValueList.Create
 0001:0001131C       TChartValueList.Delete
 0001:000112AC       TChartValueList.Destroy
 0001:0001178C       TChartValueList.FillSequence
 0001:000112DC       TChartValueList.First
 0001:00011528       TChartValueList.GetMaxValue
 0001:00011550       TChartValueList.GetMinValue
 0001:00011578       TChartValueList.GetTotal
 0001:000115A0       TChartValueList.GetTotalABS
 0001:00011494       TChartValueList.GetValue
 0001:00011348       TChartValueList.InsertChartValue
 0001:000112F8       TChartValueList.Last
 0001:000114B8       TChartValueList.Locate
 0001:000115C8       TChartValueList.RecalcStats
 0001:00011714       TChartValueList.Scroll
 0001:000116B8       TChartValueList.SetDateTime
 0001:00011458       TChartValueList.SetMultiplier
 0001:000114F4       TChartValueList.SetValue
 0001:00011764       TChartValueList.SetValueSource
 0001:000118DC       TChartValueList.Sort
 0001:00012930       TChartValueLists.GetValueList
 0001:000256AC       TCircledSeries.AdjustCircleRect
 0001:00025A3C       TCircledSeries.AngleToPos
 0001:00025BD8       TCircledSeries.Assign
 0001:000256A8       TCircledSeries.AssociatedToAxis
 0001:00025A98       TCircledSeries.CalcCircleBackColor
 0001:00025990       TCircledSeries.CalcRadius
 0001:000251D8       TCircledSeries.Create
 0001:00025234       TCircledSeries.Destroy
 0001:00025928       TCircledSeries.DoBeforeDrawValues
 0001:00025AE4       TCircledSeries.PointToAngle
 0001:00025ACC       TCircledSeries.PrepareLegendCanvas
 0001:000255FC       TCircledSeries.Rotate
 0001:00025C3C       TCircledSeries.SetActive
 0001:00025A2C       TCircledSeries.SetCircleBackColor
 0001:00025268       TCircledSeries.SetCircled
 0001:00025408       TCircledSeries.SetCustomXRadius
 0001:0002542C       TCircledSeries.SetCustomYRadius
 0001:0002538C       TCircledSeries.SetOtherCustomRadius
 0001:000255C0       TCircledSeries.SetParentChart
 0001:000254A4       TCircledSeries.SetParentProperties
 0001:000252D4       TCircledSeries.SetRotationAngle
 0001:00025404       TCircledSeries.UseAxis
 0001:0001661C       TCustomAxisPanel.ActiveSeriesLegend
 0001:00017290       TCustomAxisPanel.AddSeries
 0001:000174D0       TCustomAxisPanel.Assign
 0001:00016840       TCustomAxisPanel.CalcSize3DWalls
 0001:00017480       TCustomAxisPanel.CheckDatasource
 0001:00017388       TCustomAxisPanel.CheckOtherSeries
 0001:00015D88       TCustomAxisPanel.Create
 0001:00016150       TCustomAxisPanel.Destroy
 0001:00017250       TCustomAxisPanel.FormattedValueLegend
 0001:00016120       TCustomAxisPanel.FreeAllSeries
 0001:000171F0       TCustomAxisPanel.GetAxisSeries
 0001:000170F8       TCustomAxisPanel.GetChildren
 0001:00017258       TCustomAxisPanel.GetFreeSeriesColor
 0001:00017314       TCustomAxisPanel.GetMaxValuesCount
 0001:00016828       TCustomAxisPanel.GetSeries
 0001:00017298       TCustomAxisPanel.InternalAddSeries
 0001:00016F0C       TCustomAxisPanel.InternalDraw
 0001:000162A4       TCustomAxisPanel.InternalMinMax
 0001:000161B8       TCustomAxisPanel.IsAxisVisible
 0001:00017448       TCustomAxisPanel.IsValidDataSource
 0001:000167D8       TCustomAxisPanel.MaxMarkWidth
 0001:0001670C       TCustomAxisPanel.MaxTextWidth
 0001:000165BC       TCustomAxisPanel.MaxXValue
 0001:000165D4       TCustomAxisPanel.MaxYValue
 0001:000165EC       TCustomAxisPanel.MinXValue
 0001:00016604       TCustomAxisPanel.MinYValue
 0001:00016254       TCustomAxisPanel.NoActiveSeries
 0001:00016000       TCustomAxisPanel.NumPages
 0001:00017148       TCustomAxisPanel.RemovedDataSource
 0001:00017198       TCustomAxisPanel.RemoveSeries
 0001:000174BC       TCustomAxisPanel.SeriesCount
 0001:0001666C       TCustomAxisPanel.SeriesTitleLegend
 0001:00017378       TCustomAxisPanel.SetAxisVisible
 0001:0001718C       TCustomAxisPanel.SetBottomAxis
 0001:0001714C       TCustomAxisPanel.SetClipPoints
 0001:00017168       TCustomAxisPanel.SetDepthAxis
 0001:0001715C       TCustomAxisPanel.SetLeftAxis
 0001:00016090       TCustomAxisPanel.SetMaxPointsPerPage
 0001:00015EE4       TCustomAxisPanel.SetPage
 0001:00017174       TCustomAxisPanel.SetRightAxis
 0001:00015F3C       TCustomAxisPanel.SetScaleLastPage
 0001:00017180       TCustomAxisPanel.SetTopAxis
 0001:000170E8       TCustomAxisPanel.SetView3DWalls
 0001:00023C74       TCustomBarSeries.AddBar
 0001:00023C94       TCustomBarSeries.AdjustGradientRectPen
 0001:00023B3C       TCustomBarSeries.ApplyBarOffset
 0001:00023BA0       TCustomBarSeries.Assign
 0001:00023B1C       TCustomBarSeries.BarMargin
 0001:000232DC       TCustomBarSeries.BarOrderPos
 0001:000239A8       TCustomBarSeries.BarRectangle
 0001:00023600       TCustomBarSeries.BarSeriesCount
 0001:00023344       TCustomBarSeries.CalcBarWidth
 0001:000234CC       TCustomBarSeries.CalcMarkLength
 0001:0002313C       TCustomBarSeries.CalcZOrder
 0001:00023668       TCustomBarSeries.Clicked
 0001:00023018       TCustomBarSeries.Create
 0001:000230F0       TCustomBarSeries.Destroy
 0001:0002387C       TCustomBarSeries.DrawLegendShape
 0001:00023AB0       TCustomBarSeries.GetBarStyle
 0001:00023AEC       TCustomBarSeries.GetEditorClass
 0001:00023DDC       TCustomBarSeries.InternalApplyBarMargin
 0001:00023340       TCustomBarSeries.InternalClicked
 0001:00023788       TCustomBarSeries.InternalGetOriginPos
 0001:00023CC0       TCustomBarSeries.MaxMandatoryValue
 0001:00023D80       TCustomBarSeries.MinMandatoryValue
 0001:000231D0       TCustomBarSeries.NumSampleValues
 0001:00023838       TCustomBarSeries.PointOrigin
 0001:000235C4       TCustomBarSeries.PrepareForGallery
 0001:000238C4       TCustomBarSeries.PrepareLegendCanvas
 0001:00023B90       TCustomBarSeries.SetAutoBarSize
 0001:00023B80       TCustomBarSeries.SetAutoMarkPosition
 0001:00023AE0       TCustomBarSeries.SetBarBrush
 0001:00023AA4       TCustomBarSeries.SetBarPen
 0001:000232C8       TCustomBarSeries.SetBarStyle
 0001:000231D8       TCustomBarSeries.SetBarWidthPercent
 0001:000232B8       TCustomBarSeries.SetCustomBarSize
 0001:000235B4       TCustomBarSeries.SetDark3d
 0001:00023764       TCustomBarSeries.SetMultiBar
 0001:00023248       TCustomBarSeries.SetOffsetPercent
 0001:000235E8       TCustomBarSeries.SetOrigin
 0001:00023710       TCustomBarSeries.SetOtherMultiBar
 0001:00023920       TCustomBarSeries.SetPenBrushBar
 0001:00023540       TCustomBarSeries.SetSideMargins
 0001:00023530       TCustomBarSeries.SetUseOrigin
 0001:0001C920       TCustomChart.Assign
 0001:0001BBF4       TCustomChart.AxisTitleOrName
 0001:0001C66C       TCustomChart.CalcAxisRect
 0001:0001BA8C       TCustomChart.CalcClickedPart
 0001:0001C8D4       TCustomChart.CalcSeriesRect
 0001:0001B2E8       TCustomChart.CalcWallSize
 0001:0001C4A0       TCustomChart.CalcZoomPoints
 0001:0001AD4C       TCustomChart.Create
 0001:0001AEF8       TCustomChart.Destroy
 0001:0001C358       TCustomChart.DoMouseWheel
 0001:0001C404       TCustomChart.DoMouseWheelDown
 0001:0001C43C       TCustomChart.DoMouseWheelUp
 0001:0001B7E4       TCustomChart.DoZoom
 0001:0001B2C8       TCustomChart.DrawImage
 0001:0001B234       TCustomChart.DrawTitlesAndLegend
 0001:0001B3D4       TCustomChart.DrawWalls
 0001:0001C9BC       TCustomChart.ExchangeSeries
 0001:0001CA24       TCustomChart.FillSeriesSourceItems
 0001:0001CA2C       TCustomChart.FillValueSourceItems
 0001:0001AFC0       TCustomChart.FormattedLegend
 0001:0001AF88       TCustomChart.FormattedValueLegend
 0001:0001CA98       TCustomChart.GetASeries
 0001:0001B12C       TCustomChart.GetBackColor
 0001:0001B108       TCustomChart.GetFrame
 0001:0001B164       TCustomChart.IsFreeSeriesColor
 0001:0001BDB4       TCustomChart.MouseDown
 0001:0001C1C4       TCustomChart.MouseMove
 0001:0001C564       TCustomChart.MouseUp
 0001:0001B730       TCustomChart.NextPage
 0001:0001B764       TCustomChart.PreviousPage
 0001:0001B788       TCustomChart.RemoveAllSeries
 0001:0001B0BC       TCustomChart.RestoreScales
 0001:0001B03C       TCustomChart.SaveScales
 0001:0001C380       TCustomChart.ScrollVerticalAxes
 0001:0001B6F8       TCustomChart.SeriesDown
 0001:0001B6CC       TCustomChart.SeriesUp
 0001:0001B138       TCustomChart.SetBackColor
 0001:0001AF6C       TCustomChart.SetBackImageInside
 0001:0001B0FC       TCustomChart.SetBackWall
 0001:0001B1E8       TCustomChart.SetBottomWall
 0001:0001AF7C       TCustomChart.SetFoot
 0001:0001B11C       TCustomChart.SetFrame
 0001:0001B1DC       TCustomChart.SetLeftWall
 0001:0001B000       TCustomChart.SetLegend
 0001:0001AF60       TCustomChart.SetTitle
 0001:0001C474       TCustomChart.UndoZoom
 0001:0001B9B8       TCustomChart.ZoomPercent
 0001:0001B918       TCustomChart.ZoomRect
 0001:0000DBF4       TCustomChartAxis.AdjustMaxMin
 0001:0000DAF0       TCustomChartAxis.AdjustMaxMinRect
 0001:0000F51C       TCustomChartAxis.ApplyPosition
 0001:0000DC40       TCustomChartAxis.Assign
 0001:0000D5EC       TCustomChartAxis.CalcDateTimeIncrement
 0001:0000D9FC       TCustomChartAxis.CalcIncrement
 0001:0000D7CC       TCustomChartAxis.CalcLabelsIncrement
 0001:0000DF10       TCustomChartAxis.CalcLabelStyle
 0001:0000DB9C       TCustomChartAxis.CalcMinMax
 0001:0000D344       TCustomChartAxis.CalcPosPoint
 0001:0000EF2C       TCustomChartAxis.CalcPosValue
 0001:000110B4       TCustomChartAxis.CalcRect
 0001:0000F078       TCustomChartAxis.CalcSizeValue
 0001:0000EF54       TCustomChartAxis.CalcXPosValue
 0001:0000D97C       TCustomChartAxis.CalcXYIncrement
 0001:0000EF98       TCustomChartAxis.CalcYPosValue
 0001:0000F10C       TCustomChartAxis.Clicked
 0001:0000CF34       TCustomChartAxis.Create
 0001:0000F36C       TCustomChartAxis.CustomDraw
 0001:0000F330       TCustomChartAxis.CustomDrawMinMax
 0001:0000F22C       TCustomChartAxis.CustomDrawMinMaxStartEnd
 0001:0000F3A8       TCustomChartAxis.CustomDrawStartEnd
 0001:0000D220       TCustomChartAxis.Destroy
 0001:00010CD4       TCustomChartAxis.Draw
 0001:0000E94C       TCustomChartAxis.DrawAxisLabel
 0001:0000E8B0       TCustomChartAxis.DrawTitle
 0001:0000F598       TCustomChartAxis.GetRectangleEdge
 0001:0000D114       TCustomChartAxis.IncDecDateTime
 0001:0000EDE0       TCustomChartAxis.InternalCalcDepthPosValue
 0001:0000ED6C       TCustomChartAxis.InternalCalcLog
 0001:0000EE60       TCustomChartAxis.InternalCalcLogPosValue
 0001:0000F4CC       TCustomChartAxis.InternalCalcPositions
 0001:0000EFE0       TCustomChartAxis.InternalCalcPosValue
 0001:00010F40       TCustomChartAxis.InternalCalcSize
 0001:0000E378       TCustomChartAxis.InternalSetInverted
 0001:0000E844       TCustomChartAxis.InternalSetMaximum
 0001:0000E72C       TCustomChartAxis.InternalSetMinimum
 0001:0000E2F8       TCustomChartAxis.IsAxisValuesFormatStored
 0001:0000D150       TCustomChartAxis.IsDateTime
 0001:0000D2C0       TCustomChartAxis.IsEndStored
 0001:0000E25C       TCustomChartAxis.IsFontStored
 0001:0000D954       TCustomChartAxis.IsMaxStored
 0001:0000D968       TCustomChartAxis.IsMinStored
 0001:0000D288       TCustomChartAxis.IsPosStored
 0001:0000D2A4       TCustomChartAxis.IsStartStored
 0001:0000D8C8       TCustomChartAxis.LabelHeight
 0001:0000DE1C       TCustomChartAxis.LabelValue
 0001:0000D838       TCustomChartAxis.LabelWidth
 0001:0000E1E8       TCustomChartAxis.MaxLabelsWidth
 0001:0000F428       TCustomChartAxis.RecalcSizeCenter
 0001:0000ECCC       TCustomChartAxis.Scroll
 0001:0000E26C       TCustomChartAxis.SetAutomatic
 0001:0000E2C8       TCustomChartAxis.SetAutomaticMaximum
 0001:0000E298       TCustomChartAxis.SetAutomaticMinimum
 0001:0000D214       TCustomChartAxis.SetAxis
 0001:0000D544       TCustomChartAxis.SetAxisTitle
 0001:0000D530       TCustomChartAxis.SetDateTimeFormat
 0001:0000E60C       TCustomChartAxis.SetDesiredIncrement
 0001:0000D570       TCustomChartAxis.SetEndPosition
 0001:0000E5CC       TCustomChartAxis.SetExactDateTime
 0001:0000D1E8       TCustomChartAxis.SetGrid
 0001:0000D200       TCustomChartAxis.SetGridCentered
 0001:0000E364       TCustomChartAxis.SetInverted
 0001:0000E238       TCustomChartAxis.SetLabels
 0001:0000E4C4       TCustomChartAxis.SetLabelsAngle
 0001:0000E24C       TCustomChartAxis.SetLabelsFont
 0001:0000D5C4       TCustomChartAxis.SetLabelsMultiLine
 0001:0000E5B8       TCustomChartAxis.SetLabelsOnAxis
 0001:0000E528       TCustomChartAxis.SetLabelsSeparation
 0001:0000E590       TCustomChartAxis.SetLabelsSize
 0001:0000E5E0       TCustomChartAxis.SetLabelStyle
 0001:0000E3EC       TCustomChartAxis.SetLogarithmic
 0001:0000E380       TCustomChartAxis.SetLogarithmicBase
 0001:0000E748       TCustomChartAxis.SetMaximum
 0001:0000E6B0       TCustomChartAxis.SetMinimum
 0001:0000E7C4       TCustomChartAxis.SetMinMax
 0001:0000D1F4       TCustomChartAxis.SetMinorGrid
 0001:0000E888       TCustomChartAxis.SetMinorTickCount
 0001:0000E874       TCustomChartAxis.SetMinorTickLength
 0001:0000D1D0       TCustomChartAxis.SetMinorTicks
 0001:0000D590       TCustomChartAxis.SetPositionPercent
 0001:0000D5B0       TCustomChartAxis.SetRoundFirstLabel
 0001:0000D550       TCustomChartAxis.SetStartPosition
 0001:0000E89C       TCustomChartAxis.SetTickInnerLength
 0001:0000E860       TCustomChartAxis.SetTickLength
 0001:0000D5D8       TCustomChartAxis.SetTickOnLabelsOnly
 0001:0000D1C4       TCustomChartAxis.SetTicks
 0001:0000D1DC       TCustomChartAxis.SetTicksInner
 0001:0000E5A4       TCustomChartAxis.SetTitleSize
 0001:0000E350       TCustomChartAxis.SetValuesFormat
 0001:0000E5F8       TCustomChartAxis.SetVisible
 0001:00010F2C       TCustomChartAxis.SizeLabels
 0001:00010EDC       TCustomChartAxis.SizeTickAxis
 0001:00010F14       TCustomChartAxis.SizeTitle
 0001:0001CBF0       TCustomChartLegend.Assign
 0001:0001CF0C       TCustomChartLegend.CalcLegendStyle
 0001:0001DD60       TCustomChartLegend.Clicked
 0001:0001CCD8       TCustomChartLegend.CMColorChanged
 0001:0001CCD0       TCustomChartLegend.CMVisibleChanged
 0001:0001CAD8       TCustomChartLegend.Create
 0001:0001CBB0       TCustomChartLegend.Destroy
 0001:0001D75C       TCustomChartLegend.Draw
 0001:0001CF3C       TCustomChartLegend.FormattedLegend
 0001:0001DC6C       TCustomChartLegend.FormattedValue
 0001:0001D204       TCustomChartLegend.GetColorRect
 0001:0001CE4C       TCustomChartLegend.GetParentChart
 0001:0001D234       TCustomChartLegend.GetVertical
 0001:0001D074       TCustomChartLegend.MaxLegendValues
 0001:0001D158       TCustomChartLegend.MaxLegendWidth
 0001:0001CCB4       TCustomChartLegend.SetAlignment
 0001:0001CE6C       TCustomChartLegend.SetBrush
 0001:0001CE78       TCustomChartLegend.SetColor
 0001:0001CE94       TCustomChartLegend.SetColorWidth
 0001:0001CFF4       TCustomChartLegend.SetDividingLines
 0001:0001CD58       TCustomChartLegend.SetFirstValue
 0001:0001CCC4       TCustomChartLegend.SetFrame
 0001:0001CE14       TCustomChartLegend.SetHorizMargin
 0001:0001CC98       TCustomChartLegend.SetInverted
 0001:0001CDF8       TCustomChartLegend.SetLegendStyle
 0001:0001CDDC       TCustomChartLegend.SetMaxNumRows
 0001:0001CE50       TCustomChartLegend.SetResizeChart
 0001:0001CFBC       TCustomChartLegend.SetShadowColor
 0001:0001CFD8       TCustomChartLegend.SetShadowSize
 0001:0001CDCC       TCustomChartLegend.SetTextStyle
 0001:0001CCE0       TCustomChartLegend.SetTopLeftPos
 0001:0001CE30       TCustomChartLegend.SetVertMargin
 0001:0001CC7C       TCustomChartLegend.SetVisible
 0001:0001D0D0       TCustomChartLegend.TotalLegendItems
 0001:0001A4FC       TCustomChartWall.ApplyDark3D
 0001:0001A4A8       TCustomChartWall.Assign
 0001:0001A3DC       TCustomChartWall.Create
 0001:0001A464       TCustomChartWall.Destroy
 0001:0001A49C       TCustomChartWall.IsColorStored
 0001:0001A534       TCustomChartWall.SetBrush
 0001:0001A550       TCustomChartWall.SetColor
 0001:0001A560       TCustomChartWall.SetDark3D
 0001:0001A528       TCustomChartWall.SetPen
 0001:0001A540       TCustomChartWall.SetSize
 0001:00021624       TCustomSeries.Assign
 0001:00022978       TCustomSeries.CalcHorizMargins
 0001:000229E0       TCustomSeries.CalcVerticalMargins
 0001:000218CC       TCustomSeries.Clicked
 0001:000215EC       TCustomSeries.ClickedPointer
 0001:000214E4       TCustomSeries.Create
 0001:00021570       TCustomSeries.Destroy
 0001:00021C34       TCustomSeries.DrawLegendShape
 0001:000215B8       TCustomSeries.DrawMark
 0001:000228E8       TCustomSeries.DrawPointer
 0001:00022600       TCustomSeries.DrawValue
 0001:00021D48       TCustomSeries.GetAreaBrushColor
 0001:00022948       TCustomSeries.GetEditorClass
 0001:00022A60       TCustomSeries.GetOriginPos
 0001:00021CE8       TCustomSeries.LinePrepareCanvas
 0001:00021B98       TCustomSeries.SetAreaBrush
 0001:00021B7C       TCustomSeries.SetAreaColor
 0001:00021B34       TCustomSeries.SetAreaLinesPen
 0001:00021B8C       TCustomSeries.SetBrushProperty
 0001:00022A6C       TCustomSeries.SetDark3D
 0001:00021B14       TCustomSeries.SetDrawArea
 0001:00021B6C       TCustomSeries.SetInvertedStairs
 0001:00021BA8       TCustomSeries.SetLineBrush
 0001:00021B4C       TCustomSeries.SetLineHeight
 0001:00021B40       TCustomSeries.SetLinePen
 0001:00021B24       TCustomSeries.SetPointer
 0001:00021B5C       TCustomSeries.SetStairs
 0001:000099F0       TCustomTeeGradient.Assign
 0001:00009920       TCustomTeeGradient.Create
 0001:00009990       TCustomTeeGradient.SetDirection
 0001:000099D0       TCustomTeeGradient.SetEndColor
 0001:000099B0       TCustomTeeGradient.SetStartColor
 0001:00009970       TCustomTeeGradient.SetVisible
 0001:00008890       TCustomTeePanel.Assign
 0001:00008C58       TCustomTeePanel.CalcMetaBounds
 0001:00008FEC       TCustomTeePanel.CalcProportionalMargins
 0001:0000826C       TCustomTeePanel.CanClip
 0001:00007F10       TCustomTeePanel.CanvasChanged
 0001:000090D0       TCustomTeePanel.ChartPrintRect
 0001:00009238       TCustomTeePanel.CheckPenWidth
 0001:00008410       TCustomTeePanel.CMMouseLeave
 0001:00008B88       TCustomTeePanel.CopyToClipboardBitmap
 0001:00008BF0       TCustomTeePanel.CopyToClipboardMetafile
 0001:00007D34       TCustomTeePanel.Create
 0001:00007F1C       TCustomTeePanel.CreateParams
 0001:00007EBC       TCustomTeePanel.Destroy
 0001:00007F54       TCustomTeePanel.Draw
 0001:00009268       TCustomTeePanel.DrawPanelBevels
 0001:000087F4       TCustomTeePanel.DrawToMetaCanvas
 0001:00008734       TCustomTeePanel.DrawZoomRectangle
 0001:00008208       TCustomTeePanel.FontCanvas
 0001:0000862C       TCustomTeePanel.GetBufferedDisplay
 0001:000087B4       TCustomTeePanel.GetCursorPos
 0001:000085D0       TCustomTeePanel.GetMargin
 0001:00008878       TCustomTeePanel.GetMonochrome
 0001:000087E0       TCustomTeePanel.GetRectangle
 0001:00008468       TCustomTeePanel.Invalidate
 0001:00008224       TCustomTeePanel.IsScreenHighColor
 0001:000083F8       TCustomTeePanel.Loaded
 0001:00008494       TCustomTeePanel.MultiLineTextWidth
 0001:00008098       TCustomTeePanel.Paint
 0001:00009218       TCustomTeePanel.Print
 0001:00008B20       TCustomTeePanel.PrintLandscape
 0001:00008B28       TCustomTeePanel.PrintOrientation
 0001:00008E80       TCustomTeePanel.PrintPartial
 0001:00008D7C       TCustomTeePanel.PrintPartialCanvas
 0001:00008B18       TCustomTeePanel.PrintPortrait
 0001:00008EA0       TCustomTeePanel.PrintRect
 0001:000086A0       TCustomTeePanel.ReCalcWidthHeight
 0001:00008AB0       TCustomTeePanel.SaveToBitmapFile
 0001:0000893C       TCustomTeePanel.SaveToMetafile
 0001:00008964       TCustomTeePanel.SaveToMetafileEnh
 0001:0000898C       TCustomTeePanel.SaveToMetafileRect
 0001:000082C8       TCustomTeePanel.Set3DPercent
 0001:000083D0       TCustomTeePanel.SetBooleanProperty
 0001:0000818C       TCustomTeePanel.SetBrushCanvas
 0001:00008638       TCustomTeePanel.SetBufferedDisplay
 0001:000083BC       TCustomTeePanel.SetColorProperty
 0001:00008394       TCustomTeePanel.SetDoubleProperty
 0001:000083E4       TCustomTeePanel.SetIntegerProperty
 0001:00008644       TCustomTeePanel.SetInternalCanvas
 0001:00008358       TCustomTeePanel.SetLongintProperty
 0001:000085F0       TCustomTeePanel.SetMargin
 0001:00008884       TCustomTeePanel.SetMonochrome
 0001:0000836C       TCustomTeePanel.SetStringProperty
 0001:00007F44       TCustomTeePanel.SetView3D
 0001:00007F34       TCustomTeePanel.SetView3DOptions
 0001:00008A20       TCustomTeePanel.TeeCreateBitmap
 0001:000080DC       TCustomTeePanel.TeeCreateMetafile
 0001:0000844C       TCustomTeePanel.WMEraseBkgnd
 0001:0000843C       TCustomTeePanel.WMGetDlgCode
 0001:000094C4       TCustomTeePanelExtended.Assign
 0001:000093BC       TCustomTeePanelExtended.Create
 0001:00009450       TCustomTeePanelExtended.Destroy
 0001:000096B0       TCustomTeePanelExtended.DrawBitmap
 0001:00009834       TCustomTeePanelExtended.DrawImage
 0001:00009898       TCustomTeePanelExtended.FillPanelRect
 0001:0000954C       TCustomTeePanelExtended.GetPalette
 0001:00009848       TCustomTeePanelExtended.PanelPaint
 0001:00009370       TCustomTeePanelExtended.SetAnimatedZoom
 0001:00009380       TCustomTeePanelExtended.SetAnimatedZoomSteps
 0001:00009390       TCustomTeePanelExtended.SetBackImage
 0001:000093A0       TCustomTeePanelExtended.SetBackImageMode
 0001:000094B8       TCustomTeePanelExtended.SetGradient
 0001:0000948C       TCustomTeePanelExtended.UndoZoom
 0001:0000275C       TDarkGrayPen.Create
 0001:00017F4C       TDivideTeeFunction.CalculateValue
 0001:00002704       TDottedGrayPen.Create
 0001:00009B20       TDraw3D.InternalDraw
 0001:00006668       TeCanvas
 0001:0002E46C       tee
 0001:0002E204       TeeAbout
 0002:00000230       TeeAboutBoxProc
 0002:00000198       TeeAxisClickGap
 0001:00007CBC       TeeCheckAngle
 0002:00000194       TeeCheckMarkArrowColor
 0002:00000084       TeeClipWhenMetafiling
 0002:00000080       TeeClipWhenPrinting
 0001:0000090C       TeeConst
 0001:00009C98       TeeCursorToIdent
 0001:0000A3B8       TeeDateTimeIncrement
 0002:0000019C       TeeDefaultCapacity
 0002:00000028       TeeDefaultConePercent
 0002:00000190       TeeDrawAxisBeforeSeries
 0002:00000088       TeeEraseBack
 0002:00000218       TeeExportSave
 0001:0000A804       TeeExtractField
 0001:00018308       TeeFunci
 0001:0001E5A0       TeeGalleryExitProc
 0001:0000A758       TeeGetClassNameBitmap
 0001:00009C40       TeeGetImageExtension
 0001:0000A8B4       TeeGetUniqueName
 0002:00000038       TeeGradientPrecision
 0002:00000034       TeeGradientPrecision
 0001:00009C58       TeeIdentToCursor
 0002:0000007C       TeeLineSeparator
 0001:0002B39C       TeeLoadClearImage
 0001:0000A4EC       TeeNextStep
 0001:000175C8       TeEngine
 0001:0000A774       TeeNumFields
 0001:0000A100       TeeNumTextLines
 0001:0002DD40       TeePrevi
 0002:0000021C       TeePreviewCursors
 0001:0000AA10       TeeProcs
 0001:0000A288       TeeRoundDate
 0002:00001067       TeeScrollKeyShift
 0002:00001065       TeeScrollMouseButton
 0002:00001068       TeeSeriesTypes
 0001:00028FA4       TeeShape
 0001:0002DF98       TeeShowAboutBox
 0001:0000A0D0       TeeSplitInLines
 0002:000001BC       TeeTitleFootDistance
 0001:0002BF10       TeExport
 0001:0002B4B4       TeeYesNo
 0002:00001066       TeeZoomKeyShift
 0002:00001064       TeeZoomMouseButton
 0001:00025C58       TExplodedSlices.GetValue
 0001:00025C84       TExplodedSlices.SetValue
 0001:00000A54       TextOut
 0001:00027340       TFastLineSeries.Assign
 0001:00027384       TFastLineSeries.Clicked
 0001:00026FE0       TFastLineSeries.Create
 0001:00027038       TFastLineSeries.Destroy
 0001:000271AC       TFastLineSeries.DrawAllValues
 0001:00027314       TFastLineSeries.DrawLegendShape
 0001:00027470       TFastLineSeries.DrawMark
 0001:000271C0       TFastLineSeries.DrawValue
 0001:00027148       TFastLineSeries.GetEditorClass
 0001:00027090       TFastLineSeries.NotifyNewValue
 0001:0002717C       TFastLineSeries.PrepareCanvas
 0001:00027068       TFastLineSeries.SetLinePen
 0001:000272F4       TFastLineSeries.SetSeriesColor
 0001:00029460       TGanttSeries.AddGantt
 0001:00029400       TGanttSeries.AddGanttColor
 0001:00029A10       TGanttSeries.Assign
 0001:00029A58       TGanttSeries.CalcHorizMargins
 0001:0002997C       TGanttSeries.ClearTempValue
 0001:000296BC       TGanttSeries.ClickedPointer
 0001:00029288       TGanttSeries.Create
 0001:000293A4       TGanttSeries.Destroy
 0001:00029920       TGanttSeries.DrawMark
 0001:00029718       TGanttSeries.DrawValue
 0001:00029548       TGanttSeries.FillSampleValues
 0001:000299E0       TGanttSeries.GetEditorClass
 0001:000299A4       TGanttSeries.GetStartValues
 0001:00029A44       TGanttSeries.IsValidSourceOf
 0001:0002999C       TGanttSeries.MandatoryValueList
 0001:000298E8       TGanttSeries.MaxXValue
 0001:000299B4       TGanttSeries.PrepareForGallery
 0001:000293F4       TGanttSeries.SetConnectingPen
 0001:000293D4       TGanttSeries.SetEndValues
 0001:000293E4       TGanttSeries.SetNextTask
 0001:000299AC       TGanttSeries.SetStartValues
 0001:00017F88       THighTeeFunction.Calculate
 0001:00018008       THighTeeFunction.CalculateMany
 0001:00024710       THorizBarSeries.CalcHorizMargins
 0001:00024788       THorizBarSeries.CalcVerticalMargins
 0001:000247AC       THorizBarSeries.CalcXPos
 0001:0002486C       THorizBarSeries.CalcYPos
 0001:00024B48       THorizBarSeries.DrawBar
 0001:00024AB8       THorizBarSeries.DrawMark
 0001:000251B8       THorizBarSeries.DrawSeriesForward
 0001:00024FE8       THorizBarSeries.DrawValue
 0001:000251AC       THorizBarSeries.DrawValuesForward
 0001:0002507C       THorizBarSeries.FillSampleValues
 0001:0002485C       THorizBarSeries.GetOriginPos
 0001:00024A4C       THorizBarSeries.InternalCalcMarkLength
 0001:000248E4       THorizBarSeries.InternalClicked
 0001:00024708       THorizBarSeries.MandatoryValueList
 0001:000249F8       THorizBarSeries.MaxXValue
 0001:00024A24       THorizBarSeries.MinXValue
 0001:00009588       TileBitmap
 0001:00022AF8       TLineSeries.Assign
 0001:00022A7C       TLineSeries.Create
 0001:00022ACC       TLineSeries.PrepareLegendCanvas
 0001:00018094       TLowTeeFunction.Calculate
 0001:00018114       TLowTeeFunction.CalculateMany
 0001:00000240       TlsAlloc
 0002:00001014       tlsBuffer
 0001:00000248       TlsFree
 0001:00000250       TlsGetValue
 0002:00001004       TlsIndex
 0002:BF5F0000       TlsLast
 0002:00000018       TlsProc
 0001:00000258       TlsSetValue
 0001:00017E70       TManySeriesTeeFunction.CalculateMany
 0001:00017F30       TMultiplyTeeFunction.CalculateValue
 0001:0002B2B0       TPenDialog.BColorClick
 0001:0002B328       TPenDialog.Button3Click
 0001:0002B284       TPenDialog.CBVisibleClick
 0001:0002B1AC       TPenDialog.EnablePenStyle
 0001:0002B388       TPenDialog.FormClose
 0001:0002B394       TPenDialog.FormCreate
 0001:0002B028       TPenDialog.FormShow
 0001:0002B2E0       TPenDialog.RefreshShape
 0001:0002B1CC       TPenDialog.RGStyleClick
 0001:0002B254       TPenDialog.SEWidthChange
 0001:0002B318       TPenDialog.SHColorMouseUp
 0001:00025D1C       TPieOtherSlice.Assign
 0001:00025CC4       TPieOtherSlice.Create
 0001:00025D58       TPieOtherSlice.SetStyle
 0001:00025D6C       TPieOtherSlice.SetText
 0001:00025D7C       TPieOtherSlice.SetValue
 0001:00026DEC       TPieSeries.AddPie
 0001:00026D74       TPieSeries.Assign
 0001:00026164       TPieSeries.BelongsToOtherSlice
 0001:0002618C       TPieSeries.CalcAngles
 0001:00025FD0       TPieSeries.CalcClickedPie
 0001:00026B48       TPieSeries.CalcExplodeBiggest
 0001:00026A2C       TPieSeries.CalcExplodedOffset
 0001:000262EC       TPieSeries.CalcExplodedRadius
 0001:00025EB8       TPieSeries.CalcXPos
 0001:00025F00       TPieSeries.ClearLists
 0001:000260B0       TPieSeries.Clicked
 0001:000260D8       TPieSeries.CountLegendItems
 0001:00025D94       TPieSeries.Create
 0001:00025E54       TPieSeries.Destroy
 0001:00026CF4       TPieSeries.DisableRotation
 0001:00026E0C       TPieSeries.DoBeforeDrawChart
 0001:000266A8       TPieSeries.DrawAllValues
 0001:0002635C       TPieSeries.DrawMark
 0001:00026884       TPieSeries.DrawPie
 0001:00026BB8       TPieSeries.DrawValue
 0001:00025F68       TPieSeries.FillSampleValues
 0001:00025F54       TPieSeries.GalleryChanged3D
 0001:00026C34       TPieSeries.GetEditorClass
 0001:00026C64       TPieSeries.GetPieValues
 0001:00026114       TPieSeries.LegendToValueIndex
 0001:00026C84       TPieSeries.MaxXValue
 0001:00026CBC       TPieSeries.MaxYValue
 0001:00026CA0       TPieSeries.MinXValue
 0001:00026CD8       TPieSeries.MinYValue
 0001:00025EF8       TPieSeries.NumSampleValues
 0001:00026D20       TPieSeries.PrepareForGallery
 0001:00025F1C       TPieSeries.PrepareLegendCanvas
 0001:00026C74       TPieSeries.SetDark3d
 0001:00026B84       TPieSeries.SetExplodeBiggest
 0001:00026BAC       TPieSeries.SetOtherSlice
 0001:00026BA0       TPieSeries.SetPiePen
 0001:00026C6C       TPieSeries.SetPieValues
 0001:00026C24       TPieSeries.SetUsePatterns
 0001:00026F94       TPieSeries.SwapValueIndex
 0001:00022B98       TPointSeries.Assign
 0001:00022B3C       TPointSeries.Create
 0001:00022BC8       TPointSeries.GetEditorClass
 0001:00022BFC       TPointSeries.PrepareForGallery
 0001:00022C54       TPointSeries.SetColorEachPoint
 0001:00016998       TryDrawSeries
 0001:0000A5BC       TryFindResource
 0001:000111D8       TSeriesMarkPosition.Assign
 0001:0001120C       TSeriesMarkPosition.Bounds
 0001:00011A90       TSeriesMarks.Assign
 0001:00011C68       TSeriesMarks.ClearPositions
 0001:00011B68       TSeriesMarks.Clicked
 0001:000119F4       TSeriesMarks.Create
 0001:00011C98       TSeriesMarks.Destroy
 0001:00011EB4       TSeriesMarks.Draw
 0001:00011B00       TSeriesMarks.IsFontStored
 0001:00011B2C       TSeriesMarks.SetArrow
 0001:00011B38       TSeriesMarks.SetArrowLength
 0001:00011B48       TSeriesMarks.SetBackColor
 0001:00011B58       TSeriesMarks.SetBackTransparent
 0001:00011D08       TSeriesMarks.SetClip
 0001:00011CE4       TSeriesMarks.SetFont
 0001:00011B20       TSeriesMarks.SetFrame
 0001:00011CF4       TSeriesMarks.SetStyle
 0001:00011B10       TSeriesMarks.SetVisible
 0001:00011C00       TSeriesMarks.UsePosition
 0001:000119CC       TSeriesMarksPositions.Automatic
 0001:000119A0       TSeriesMarksPositions.GetPosition
 0001:00011948       TSeriesMarksPositions.SetPosition
 0001:000213CC       TSeriesPointer.Assign
 0001:00020C10       TSeriesPointer.CalcHorizMargins
 0001:00020C44       TSeriesPointer.CalcVerticalMargins
 0001:00020C0C       TSeriesPointer.Change3D
 0001:00020B18       TSeriesPointer.ChangeHorizSize
 0001:00020B14       TSeriesPointer.ChangeStyle
 0001:00020B1C       TSeriesPointer.ChangeVertSize
 0001:00020B38       TSeriesPointer.CheckPointerSize
 0001:00020A50       TSeriesPointer.Create
 0001:00020ADC       TSeriesPointer.Destroy
 0001:000213A0       TSeriesPointer.Draw
 0001:00021438       TSeriesPointer.DrawLegendShape
 0001:00020F68       TSeriesPointer.DrawPointer
 0001:00020C98       TSeriesPointer.PrepareCanvas
 0001:00020B2C       TSeriesPointer.SetBooleanProperty
 0001:00020BE8       TSeriesPointer.SetBrush
 0001:00020BF4       TSeriesPointer.SetDark3D
 0001:00020C00       TSeriesPointer.SetDraw3D
 0001:00020B90       TSeriesPointer.SetHorizSize
 0001:00020BB0       TSeriesPointer.SetInflateMargins
 0001:00020B20       TSeriesPointer.SetIntegerProperty
 0001:00020BDC       TSeriesPointer.SetPen
 0001:00020C84       TSeriesPointer.SetStyle
 0001:00020BBC       TSeriesPointer.SetVertSize
 0001:00020C78       TSeriesPointer.SetVisible
 0001:00017F14       TSubtractTeeFunction.CalculateValue
 0001:0002E114       TTeeAboutForm.FormCreate
 0001:0002E098       TTeeAboutForm.FormPaint
 0001:0002E040       TTeeAboutForm.LabelwwwClick
 0001:00002A6C       TTeeCanvas.AssignVisiblePen
 0001:00002B74       TTeeCanvas.FontHeight
 0001:000029FC       TTeeCanvas.ResetState
 0001:000029DC       TTeeCanvas.SetCanvas
 0001:00002B2C       TTeeCanvas.TextHeight
 0001:00002AE4       TTeeCanvas.TextWidth
 0001:00004C30       TTeeCanvas3D.Arc
 0001:0000621C       TTeeCanvas3D.Arrow
 0001:00002F10       TTeeCanvas3D.Calc3DPoint
 0001:00003068       TTeeCanvas3D.Calc3DPos
 0001:00002EBC       TTeeCanvas3D.Calc3DTPoint
 0001:00002EC8       TTeeCanvas3D.Calc3DTPoint3D
 0001:00002F3C       TTeeCanvas3D.Calculate2DPosition
 0001:00002EDC       TTeeCanvas3D.Calculate3DPosition
 0001:000034FC       TTeeCanvas3D.ClipCube
 0001:000034F0       TTeeCanvas3D.ClipRectangle
 0001:000031B4       TTeeCanvas3D.Cone
 0001:00002BA8       TTeeCanvas3D.Create
 0001:000043C0       TTeeCanvas3D.Cube
 0001:00005A3C       TTeeCanvas3D.Cylinder
 0001:00002C10       TTeeCanvas3D.DeleteBitmap
 0001:00002C24       TTeeCanvas3D.Destroy
 0001:00003424       TTeeCanvas3D.DoHorizLine
 0001:00002DC4       TTeeCanvas3D.DoRectangle
 0001:0000345C       TTeeCanvas3D.DoVertLine
 0001:00003B7C       TTeeCanvas3D.Draw
 0001:00004950       TTeeCanvas3D.Ellipse
 0001:0000497C       TTeeCanvas3D.EllipseWithZ
 0001:00004174       TTeeCanvas3D.EraseBackground
 0001:00004188       TTeeCanvas3D.FillRect
 0001:000041AC       TTeeCanvas3D.Frame3D
 0001:00004728       TTeeCanvas3D.FrontPlaneBegin
 0001:0000473C       TTeeCanvas3D.FrontPlaneEnd
 0001:00002CA0       TTeeCanvas3D.GetBackColor
 0001:00002C50       TTeeCanvas3D.GetBackMode
 0001:000031A8       TTeeCanvas3D.GetHandle
 0001:00005F28       TTeeCanvas3D.GetMonochrome
 0001:00005ED8       TTeeCanvas3D.GetSupports3DText
 0001:00005EDC       TTeeCanvas3D.GetSupportsFullRotation
 0001:00005EE0       TTeeCanvas3D.GetTextAlign
 0001:00005EF4       TTeeCanvas3D.GetUseBuffer
 0001:00004034       TTeeCanvas3D.GradientFill
 0001:00005F60       TTeeCanvas3D.HorizLine3D
 0001:000038EC       TTeeCanvas3D.InitWindow
 0001:0000539C       TTeeCanvas3D.InternalCylinder
 0001:0000474C       TTeeCanvas3D.Invalidate
 0001:00004884       TTeeCanvas3D.Line
 0001:00002DA4       TTeeCanvas3D.LineTo
 0001:0000337C       TTeeCanvas3D.LineTo3D
 0001:000048B8       TTeeCanvas3D.LineWithZ
 0001:00002D84       TTeeCanvas3D.MoveTo
 0001:0000333C       TTeeCanvas3D.MoveTo3D
 0001:00004C6C       TTeeCanvas3D.Pie
 0001:00004E2C       TTeeCanvas3D.Pie3D
 0001:000052CC       TTeeCanvas3D.Plane3D
 0001:00005DF4       TTeeCanvas3D.PlaneFour3D
 0001:00002E08       TTeeCanvas3D.PlaneWithZ
 0001:00004918       TTeeCanvas3D.Polygon
 0001:00002DEC       TTeeCanvas3D.PolygonFour
 0001:00004938       TTeeCanvas3D.PolygonWithZ
 0001:000036D8       TTeeCanvas3D.Projection
 0001:00005ABC       TTeeCanvas3D.Pyramid
 0001:00002D0C       TTeeCanvas3D.Rectangle
 0001:000033BC       TTeeCanvas3D.RectangleWithZ
 0001:000046BC       TTeeCanvas3D.RectangleY
 0001:0000464C       TTeeCanvas3D.RectangleZ
 0001:00003B00       TTeeCanvas3D.ReDrawBitmap
 0001:00004794       TTeeCanvas3D.RotateLabel
 0001:00004754       TTeeCanvas3D.RotateLabel3D
 0001:00002D38       TTeeCanvas3D.RoundRect
 0001:00002C80       TTeeCanvas3D.SetBackColor
 0001:00002C64       TTeeCanvas3D.SetBackMode
 0001:00005F30       TTeeCanvas3D.SetMonochrome
 0001:00004C04       TTeeCanvas3D.SetPixel
 0001:00005E68       TTeeCanvas3D.SetPixel3D
 0001:00002D6C       TTeeCanvas3D.SetTextAlign
 0001:00005EFC       TTeeCanvas3D.SetUseBuffer
 0001:00003B20       TTeeCanvas3D.ShowImage
 0001:000031E4       TTeeCanvas3D.Sphere
 0001:00003B60       TTeeCanvas3D.StretchDraw
 0001:00003224       TTeeCanvas3D.Surface3D
 0001:00002CB4       TTeeCanvas3D.TextOut
 0001:0000322C       TTeeCanvas3D.TextOut3D
 0001:00003AA8       TTeeCanvas3D.TransferBitmap
 0001:000060B4       TTeeCanvas3D.Triangle3D
 0001:0000614C       TTeeCanvas3D.TriangleWithZ
 0001:000036CC       TTeeCanvas3D.UnClipRectangle
 0001:00005FD0       TTeeCanvas3D.VertLine3D
 0001:0000603C       TTeeCanvas3D.ZLine3D
 0001:0001E5D4       TTeeDragObject.Create
 0001:0001E620       TTeeDragObject.Finished
 0001:0001E608       TTeeDragObject.GetDragCursor
 0001:0002BCE8       TTeeExportForm.Button1Click
 0001:0002BD20       TTeeExportForm.Button2Click
 0001:0002BE58       TTeeExportForm.FormCreate
 0001:0002BE60       TTeeExportForm.RGFormatClick
 0001:000125B4       TTeeFunction.AddFunctionXY
 0001:00012740       TTeeFunction.AddPoints
 0001:0001282C       TTeeFunction.Assign
 0001:0001213C       TTeeFunction.BeginUpdate
 0001:0001216C       TTeeFunction.Calculate
 0001:000121FC       TTeeFunction.CalculateAllPoints
 0001:000123D4       TTeeFunction.CalculateByPeriod
 0001:00012818       TTeeFunction.CalculateMany
 0001:00012390       TTeeFunction.CalculatePeriod
 0001:000120F0       TTeeFunction.Create
 0001:00012144       TTeeFunction.EndUpdate
 0001:0001291C       TTeeFunction.GetParentComponent
 0001:0001292C       TTeeFunction.HasParent
 0001:00012860       TTeeFunction.InternalSetPeriod
 0001:00012154       TTeeFunction.ReCalculate
 0001:00012920       TTeeFunction.SetParentComponent
 0001:000127F4       TTeeFunction.SetParentSeries
 0001:00012874       TTeeFunction.SetPeriod
 0001:000128FC       TTeeFunction.SetPeriodAlign
 0001:0001290C       TTeeFunction.SetPeriodStyle
 0001:00012184       TTeeFunction.ValueList
 0001:0002CAC8       TTeePreviewPage.CalcImagePrintMargins
 0001:0002C798       TTeePreviewPage.Create
 0001:0002CA78       TTeePreviewPage.DrawBack
 0001:0002D190       TTeePreviewPage.DrawImage
 0001:0002CE78       TTeePreviewPage.DrawMargins
 0001:0002C978       TTeePreviewPage.DrawPaper
 0001:0002CFA8       TTeePreviewPage.GetPrintingBitmap
 0001:0002D6E0       TTeePreviewPage.MouseDown
 0001:0002D320       TTeePreviewPage.MouseMove
 0001:0002D6B0       TTeePreviewPage.MouseUp
 0001:0002CD54       TTeePreviewPage.Paint
 0001:0002C828       TTeePreviewPage.Print
 0001:0002CA4C       TTeePreviewPage.SetImage
 0001:0002CA38       TTeePreviewPage.SetShowMargins
 0001:0002D224       TTeePreviewPage.WhereIsCursor
 0001:0001E314       TTeeSeriesTypes.FindSeriesClass
 0001:0001E300       TTeeSeriesTypes.GetSeriesType
 0001:00002988       TView3DOptions.Assign
 0001:0000284C       TView3DOptions.Create
 0001:000028AC       TView3DOptions.Repaint
 0001:000028C4       TView3DOptions.SetBooleanProperty
 0001:000028D0       TView3DOptions.SetElevation
 0001:00002900       TView3DOptions.SetHorizOffset
 0001:000028B8       TView3DOptions.SetIntegerProperty
 0001:00002948       TView3DOptions.SetOrthogonal
 0001:000028DC       TView3DOptions.SetPerspective
 0001:000028E8       TView3DOptions.SetRotation
 0001:000028F4       TView3DOptions.SetTilt
 0001:00002924       TView3DOptions.SetVertOffset
 0001:00002954       TView3DOptions.SetZoom
 0001:0000297C       TView3DOptions.SetZoomText
 0002:000001C8       TwoPi
 0001:00009BF0       TZoomPanningRecord.Activate
 0001:00009BC4       TZoomPanningRecord.Check
 0001:000036B8       UnClipCanvas
 0001:0000033C       UninitializeModule
 0001:0001E580       UnRegisterTeeFunctions
 0001:0001E560       UnRegisterTeeSeries
 0001:0000166C       UrlMon
 0001:00000B04       Windows
 0001:000016A4       WinInet
 0001:000017CC       WinSpool
 0001:00014634       XLabelOrValue
 0001:0001B7AC       ZoomAxis


  Address         Publics by Value

 0002:BF5F0000       TlsLast
 0001:00000228       FreeLibrary
 0001:00000230       LocalAlloc
 0001:00000238       LocalFree
 0001:00000240       TlsAlloc
 0001:00000248       TlsFree
 0001:00000250       TlsGetValue
 0001:00000258       TlsSetValue
 0001:00000260       AllocTlsBuffer
 0001:0000026C       GetTlsSize
 0001:00000274       InitThreadTLS
 0001:000002B8       InitProcessTLS
 0001:000002E4       ExitThreadTLS
 0001:0000030C       ExitProcessTLS
 0001:00000330       InitializeModule
 0001:0000033C       UninitializeModule
 0001:00000360       @InitPkg
 0001:000003C4       @PackageLoad
 0001:000003D0       @PackageUnload
 0001:000003DC       Finalization
 0001:0000040C       SysInit
 0001:000008DC       Finalization
 0001:0000090C       TeeConst
 0001:00000914       FindResource
 0001:0000091C       MulDiv
 0001:00000924       Arc
 0001:0000092C       BitBlt
 0001:00000934       CreateFontIndirect
 0001:0000093C       CreatePolygonRgn
 0001:00000944       CreateRectRgn
 0001:0000094C       CreateSolidBrush
 0001:00000954       DeleteObject
 0001:0000095C       Ellipse
 0001:00000964       ExtCreatePen
 0001:0000096C       ExtSelectClipRgn
 0001:00000974       GetBkColor
 0001:0000097C       GetBkMode
 0001:00000984       GetDeviceCaps
 0001:0000098C       GetMapMode
 0001:00000994       GetObject
 0001:0000099C       GetTextAlign
 0001:000009A4       GetTextExtentPoint32
 0001:000009AC       LPtoDP
 0001:000009B4       LineTo
 0001:000009BC       MoveToEx
 0001:000009C4       PatBlt
 0001:000009CC       Pie
 0001:000009D4       Polygon
 0001:000009DC       Polyline
 0001:000009E4       Rectangle
 0001:000009EC       RoundRect
 0001:000009F4       SelectClipRgn
 0001:000009FC       SelectObject
 0001:00000A04       SetBkColor
 0001:00000A0C       SetBkMode
 0001:00000A14       SetMapMode
 0001:00000A1C       SetPixel
 0001:00000A24       SetTextAlign
 0001:00000A2C       SetTextColor
 0001:00000A34       SetViewportExtEx
 0001:00000A3C       SetViewportOrgEx
 0001:00000A44       SetWindowExtEx
 0001:00000A4C       SetWindowOrgEx
 0001:00000A54       TextOut
 0001:00000A5C       EqualRect
 0001:00000A64       FillRect
 0001:00000A6C       GetCursorPos
 0001:00000A74       GetDC
 0001:00000A7C       GetSystemMetrics
 0001:00000A84       InflateRect
 0001:00000A8C       IntersectRect
 0001:00000A94       LoadCursor
 0001:00000A9C       PtInRect
 0001:00000AA4       ReleaseDC
 0001:00000AAC       RGB
 0001:00000AC8       GetRValue
 0001:00000ACC       GetGValue
 0001:00000AD0       GetBValue
 0001:00000AD4       Finalization
 0001:00000B04       Windows
 0001:00000D04       Finalization
 0001:00000D34       Messages
 0001:000011F4       Finalization
 0001:00001224       CommCtrl
 0001:00001564       Finalization
 0001:00001594       Imm
 0001:00001604       Finalization
 0001:00001634       ShlObj
 0001:0000163C       Finalization
 0001:0000166C       UrlMon
 0001:00001674       Finalization
 0001:000016A4       WinInet
 0001:000016AC       Finalization
 0001:000016DC       RegStr
 0001:000016E4       ShellExecute
 0001:000016EC       Finalization
 0001:0000171C       ShellAPI
 0001:0000179C       Finalization
 0001:000017CC       WinSpool
 0001:000017EC       Finalization
 0001:0000181C       CommDlg
 0001:00001824       Finalization
 0001:00001854       Dlgs
 0001:000025A0       SinCos
 0001:000025B4       ArcTan2
 0001:000025C4       Point3D
 0001:000025D8       RectSize
 0001:000025EC       RectCenter
 0001:0000260C       TChartPen.Create
 0001:0000265C       TChartPen.Assign
 0001:00002690       TChartPen.SetVisible
 0001:000026A4       TChartPen.SetSmallDots
 0001:000026B8       TChartHiddenPen.Create
 0001:00002704       TDottedGrayPen.Create
 0001:0000275C       TDarkGrayPen.Create
 0001:000027AC       TChartAxisPen.Create
 0001:000027FC       TChartArrowPen.Create
 0001:0000284C       TView3DOptions.Create
 0001:000028AC       TView3DOptions.Repaint
 0001:000028B8       TView3DOptions.SetIntegerProperty
 0001:000028C4       TView3DOptions.SetBooleanProperty
 0001:000028D0       TView3DOptions.SetElevation
 0001:000028DC       TView3DOptions.SetPerspective
 0001:000028E8       TView3DOptions.SetRotation
 0001:000028F4       TView3DOptions.SetTilt
 0001:00002900       TView3DOptions.SetHorizOffset
 0001:00002924       TView3DOptions.SetVertOffset
 0001:00002948       TView3DOptions.SetOrthogonal
 0001:00002954       TView3DOptions.SetZoom
 0001:0000297C       TView3DOptions.SetZoomText
[...]
 0001:00022B98       TPointSeries.Assign
 0001:00022BC8       TPointSeries.GetEditorClass
 0001:00022BFC       TPointSeries.PrepareForGallery
 0001:00022C54       TPointSeries.SetColorEachPoint
 0001:00022C80       TAreaSeries.Create
 0001:00022CD8       TAreaSeries.PrepareLegendCanvas
 0001:00022D24       TAreaSeries.Assign
 0001:00022D84       TAreaSeries.CalcZOrder
 0001:00022DA4       TAreaSeries.GetEditorClass
 0001:00022DD4       SetOtherMultiArea
 0001:00022E40       TAreaSeries.SetMultiArea
 0001:00022E70       TAreaSeries.InternalCalcStackedYPos
 0001:00022F0C       TAreaSeries.GetOriginPos
 0001:00022F28       TAreaSeries.MaxYValue
 0001:00022FB8       TAreaSeries.MinYValue
 0001:00022FE0       TAreaSeries.CalcYPos
 0001:00023018       TCustomBarSeries.Create
 0001:000230F0       TCustomBarSeries.Destroy
 0001:0002313C       TCustomBarSeries.CalcZOrder
 0001:000231D0       TCustomBarSeries.NumSampleValues
 0001:000231D8       TCustomBarSeries.SetBarWidthPercent
 0001:00023248       TCustomBarSeries.SetOffsetPercent
 0001:000232B8       TCustomBarSeries.SetCustomBarSize
 0001:000232C8       TCustomBarSeries.SetBarStyle
 0001:000232DC       TCustomBarSeries.BarOrderPos
 0001:00023340       TCustomBarSeries.InternalClicked
 0001:00023344       TCustomBarSeries.CalcBarWidth
 0001:000234CC       TCustomBarSeries.CalcMarkLength
 0001:00023530       TCustomBarSeries.SetUseOrigin
 0001:00023540       TCustomBarSeries.SetSideMargins
 0001:000235B4       TCustomBarSeries.SetDark3d
 0001:000235C4       TCustomBarSeries.PrepareForGallery
 0001:000235E8       TCustomBarSeries.SetOrigin
 0001:00023600       TCustomBarSeries.BarSeriesCount
 0001:00023668       TCustomBarSeries.Clicked
 0001:00023710       TCustomBarSeries.SetOtherMultiBar
 0001:00023764       TCustomBarSeries.SetMultiBar
 0001:00023788       TCustomBarSeries.InternalGetOriginPos
 0001:00023838       TCustomBarSeries.PointOrigin
 0001:0002387C       TCustomBarSeries.DrawLegendShape
 0001:000238C4       TCustomBarSeries.PrepareLegendCanvas
 0001:00023920       TCustomBarSeries.SetPenBrushBar
 0001:000239A8       TCustomBarSeries.BarRectangle
 0001:00023AA4       TCustomBarSeries.SetBarPen
 0001:00023AB0       TCustomBarSeries.GetBarStyle
 0001:00023AE0       TCustomBarSeries.SetBarBrush
 0001:00023AEC       TCustomBarSeries.GetEditorClass
 0001:00023B1C       TCustomBarSeries.BarMargin
 0001:00023B3C       TCustomBarSeries.ApplyBarOffset
 0001:00023B80       TCustomBarSeries.SetAutoMarkPosition
 0001:00023B90       TCustomBarSeries.SetAutoBarSize
 0001:00023BA0       TCustomBarSeries.Assign
 0001:00023C74       TCustomBarSeries.AddBar
 0001:00023C94       TCustomBarSeries.AdjustGradientRectPen
 0001:00023CC0       TCustomBarSeries.MaxMandatoryValue
 0001:00023D80       TCustomBarSeries.MinMandatoryValue
 0001:00023DDC       TCustomBarSeries.InternalApplyBarMargin
 0001:00023DFC       TBarSeries.CalcXPos
 0001:00023E80       TBarSeries.MaxYValue
 0001:00023EAC       TBarSeries.MinYValue
 0001:00023ED4       TBarSeries.CalcHorizMargins
 0001:00023EF8       TBarSeries.CalcVerticalMargins
 0001:00023F80       TBarSeries.InternalCalcMarkLength
 0001:00023F90       TBarSeries.DrawMark
 0001:00024000       TBarSeries.DrawBar
 0001:00024480       TBarSeries.DrawValue
 0001:00024514       TBarSeries.CalcYPos
 0001:000245C4       TBarSeries.GetOriginPos
 0001:000245D4       TBarSeries.InternalClicked
 0001:000246DC       TBarSeries.DrawValuesForward
 0001:000246E8       TBarSeries.DrawSeriesForward
 0001:00024708       THorizBarSeries.MandatoryValueList
 0001:00024710       THorizBarSeries.CalcHorizMargins
 0001:00024788       THorizBarSeries.CalcVerticalMargins
 0001:000247AC       THorizBarSeries.CalcXPos
 0001:0002485C       THorizBarSeries.GetOriginPos
 0001:0002486C       THorizBarSeries.CalcYPos
 0001:000248E4       THorizBarSeries.InternalClicked
 0001:000249F8       THorizBarSeries.MaxXValue
 0001:00024A24       THorizBarSeries.MinXValue
 0001:00024A4C       THorizBarSeries.InternalCalcMarkLength
 0001:00024AB8       THorizBarSeries.DrawMark
 0001:00024B48       THorizBarSeries.DrawBar
 0001:00024FE8       THorizBarSeries.DrawValue
 0001:0002507C       THorizBarSeries.FillSampleValues
 0001:000251AC       THorizBarSeries.DrawValuesForward
 0001:000251B8       THorizBarSeries.DrawSeriesForward
 0001:000251D8       TCircledSeries.Create
 0001:00025234       TCircledSeries.Destroy
 0001:00025268       TCircledSeries.SetCircled
 0001:000252D4       TCircledSeries.SetRotationAngle
 0001:0002538C       TCircledSeries.SetOtherCustomRadius
 0001:00025404       TCircledSeries.UseAxis
 0001:00025408       TCircledSeries.SetCustomXRadius
 0001:0002542C       TCircledSeries.SetCustomYRadius
 0001:00025450       AllCircled
 0001:000254A4       TCircledSeries.SetParentProperties
 0001:000255C0       TCircledSeries.SetParentChart
 0001:000255FC       TCircledSeries.Rotate
 0001:000256A8       TCircledSeries.AssociatedToAxis
 0001:000256AC       TCircledSeries.AdjustCircleRect
 0001:00025728       CalcCircledRatio
 0001:00025868       AdjustCircleMarks
 0001:00025928       TCircledSeries.DoBeforeDrawValues
 0001:00025990       TCircledSeries.CalcRadius
 0001:00025A2C       TCircledSeries.SetCircleBackColor
 0001:00025A3C       TCircledSeries.AngleToPos
 0001:00025A98       TCircledSeries.CalcCircleBackColor
 0001:00025ACC       TCircledSeries.PrepareLegendCanvas
 0001:00025AE4       TCircledSeries.PointToAngle
 0001:00025BD8       TCircledSeries.Assign
 0001:00025C3C       TCircledSeries.SetActive
 0001:00025C58       TExplodedSlices.GetValue
 0001:00025C84       TExplodedSlices.SetValue
 0001:00025CC4       TPieOtherSlice.Create
 0001:00025D1C       TPieOtherSlice.Assign
 0001:00025D58       TPieOtherSlice.SetStyle
 0001:00025D6C       TPieOtherSlice.SetText
 0001:00025D7C       TPieOtherSlice.SetValue
 0001:00025D94       TPieSeries.Create
 0001:00025E54       TPieSeries.Destroy
 0001:00025EB8       TPieSeries.CalcXPos
 0001:00025EF8       TPieSeries.NumSampleValues
 0001:00025F00       TPieSeries.ClearLists
 0001:00025F1C       TPieSeries.PrepareLegendCanvas
 0001:00025F54       TPieSeries.GalleryChanged3D
 0001:00025F68       TPieSeries.FillSampleValues
 0001:00025FD0       TPieSeries.CalcClickedPie
 0001:000260B0       TPieSeries.Clicked
 0001:000260D8       TPieSeries.CountLegendItems
 0001:00026114       TPieSeries.LegendToValueIndex
 0001:00026164       TPieSeries.BelongsToOtherSlice
 0001:0002618C       TPieSeries.CalcAngles
 0001:000262EC       TPieSeries.CalcExplodedRadius
 0001:0002635C       TPieSeries.DrawMark
 0001:000264D8       GetAngleSlice
 0001:0002657C       CompareSliceAngle
 0001:000265D8       SortSlices
 0001:000266A8       TPieSeries.DrawAllValues
 0001:00026884       TPieSeries.DrawPie
 0001:00026A2C       TPieSeries.CalcExplodedOffset
 0001:00026B48       TPieSeries.CalcExplodeBiggest
 0001:00026B84       TPieSeries.SetExplodeBiggest
 0001:00026BA0       TPieSeries.SetPiePen
 0001:00026BAC       TPieSeries.SetOtherSlice
 0001:00026BB8       TPieSeries.DrawValue
 0001:00026C24       TPieSeries.SetUsePatterns
 0001:00026C34       TPieSeries.GetEditorClass
 0001:00026C64       TPieSeries.GetPieValues
 0001:00026C6C       TPieSeries.SetPieValues
 0001:00026C74       TPieSeries.SetDark3d
 0001:00026C84       TPieSeries.MaxXValue
 0001:00026CA0       TPieSeries.MinXValue
 0001:00026CBC       TPieSeries.MaxYValue
 0001:00026CD8       TPieSeries.MinYValue
 0001:00026CF4       TPieSeries.DisableRotation
 0001:00026D20       TPieSeries.PrepareForGallery
 0001:00026D74       TPieSeries.Assign
 0001:00026DEC       TPieSeries.AddPie
 0001:00026E0C       TPieSeries.DoBeforeDrawChart
 0001:00026F94       TPieSeries.SwapValueIndex
 0001:00026FE0       TFastLineSeries.Create
 0001:00027038       TFastLineSeries.Destroy
 0001:00027068       TFastLineSeries.SetLinePen
 0001:00027090       TFastLineSeries.NotifyNewValue
 0001:00027148       TFastLineSeries.GetEditorClass
 0001:0002717C       TFastLineSeries.PrepareCanvas
 0001:000271AC       TFastLineSeries.DrawAllValues
 0001:000271C0       TFastLineSeries.DrawValue
 0001:000272F4       TFastLineSeries.SetSeriesColor
 0001:00027314       TFastLineSeries.DrawLegendShape
 0001:00027340       TFastLineSeries.Assign
 0001:00027384       TFastLineSeries.Clicked
 0001:00027470       TFastLineSeries.DrawMark
 0001:00027490       RegisterStandardSeries
 0001:0002765C       Finalization
 0001:000276A4       Series
 0001:00027BAC       TChartShape.Create
 0001:00027CA0       TChartShape.Destroy
 0001:00027CF4       TChartShape.DrawLegendShape
 0001:00027CFC       TChartShape.SetBrush
 0001:00027D04       TChartShape.SetPen
 0001:00027D0C       TChartShape.GetX0
 0001:00027D20       TChartShape.SetX0
 0001:00027D34       TChartShape.GetY0
 0001:00027D48       TChartShape.SetY0
 0001:00027D5C       TChartShape.GetX1
 0001:00027D74       TChartShape.SetX1
 0001:00027D8C       TChartShape.GetY1
 0001:00027DA4       TChartShape.SetY1
 0001:00027DBC       TChartShape.SetStyle
 0001:00027DD0       TChartShape.SetSeriesColor
 0001:00027DEC       DrawDiagonalCross2D
 0001:00027E3C       DrawDiagonalCross3D
 0001:00027EA4       DrawCross3D
 0001:00027F1C       DrawCross2D
 0001:00027F74       TChartShape.DrawShape
 0001:000285D4       TChartShape.DrawText
 0001:00028790       TChartShape.SetShapeRectangle
 0001:000287E4       TChartShape.GetShapeRectangle
 0001:000288C0       TChartShape.GetAdjustedRectangle
 0001:00028914       TChartShape.DrawValue
 0001:000289A0       TChartShape.AddDefaultPoints
 0001:000289E0       TChartShape.FillSampleValues
 0001:00028ACC       TChartShape.Clicked
 0001:00028CE8       TChartShape.PrepareForGallery
 0001:00028DE8       TChartShape.GetEditorClass
 0001:00028E18       TChartShape.Assign
 0001:00028EC4       TChartShape.IsValidSourceOf
 0001:00028ED8       TChartShape.SetFont
 0001:00028EE8       TChartShape.SetAlignment
 0001:00028EFC       TChartShape.SetText
 0001:00028F14       TChartShape.SetTransparent
 0001:00028F24       TChartShape.SetRoundRectangle
 0001:00028F34       TChartShape.SetXYStyle
 0001:00028F48       TChartShape.UseAxis
 0001:00028F54       TChartShape.CalcZOrder
 0001:00028F70       TChartShape.MoreSameZOrder
 0001:00028F74       Finalization
 0001:00028FA4       TeeShape
 0001:00029288       TGanttSeries.Create
 0001:000293A4       TGanttSeries.Destroy
 0001:000293D4       TGanttSeries.SetEndValues
 0001:000293E4       TGanttSeries.SetNextTask
 0001:000293F4       TGanttSeries.SetConnectingPen
 0001:00029400       TGanttSeries.AddGanttColor
 0001:00029460       TGanttSeries.AddGantt
 0001:00029484       GanttSampleStr
 0001:00029548       TGanttSeries.FillSampleValues
 0001:000296BC       TGanttSeries.ClickedPointer
 0001:00029718       TGanttSeries.DrawValue
 0001:000298E8       TGanttSeries.MaxXValue
 0001:00029920       TGanttSeries.DrawMark
 0001:0002997C       TGanttSeries.ClearTempValue
 0001:0002999C       TGanttSeries.MandatoryValueList
 0001:000299A4       TGanttSeries.GetStartValues
 0001:000299AC       TGanttSeries.SetStartValues
 0001:000299B4       TGanttSeries.PrepareForGallery
 0001:000299E0       TGanttSeries.GetEditorClass
 0001:00029A10       TGanttSeries.Assign
 0001:00029A44       TGanttSeries.IsValidSourceOf
 0001:00029A58       TGanttSeries.CalcHorizMargins
 0001:00029A60       Finalization
 0001:00029A90       GanttCh
 0001:00029D54       TBubbleSeries.Create
 0001:00029E30       TBubbleSeries.SetSquared
 0001:00029E40       TBubbleSeries.SetRadiusValues
 0001:00029E50       TBubbleSeries.AddBubble
 0001:00029EA0       TBubbleSeries.NumSampleValues
 0001:00029EA8       TBubbleSeries.FillSampleValues
 0001:00029F6C       TBubbleSeries.DrawValue
 0001:0002A014       TBubbleSeries.ApplyRadius
 0001:0002A0C4       TBubbleSeries.MaxYValue
 0001:0002A0F4       TBubbleSeries.MinYValue
 0001:0002A124       TBubbleSeries.Assign
 0001:0002A154       TBubbleSeries.IsValidSourceOf
 0001:0002A168       TBubbleSeries.MaxZValue
 0001:0002A198       TBubbleSeries.MinZValue
 0001:0002A1D0       TBubbleSeries.DrawLegendShape
 0001:0002A218       Finalization
 0001:0002A248       BubbleCh
 0001:0002A57C       TArrowSeries.Create
 0001:0002A680       TArrowSeries.SetEndXValues
 0001:0002A690       TArrowSeries.SetEndYValues
 0001:0002A6A0       TArrowSeries.AddArrow
 0001:0002A700       TArrowSeries.FillSampleValues
 0001:0002A7F8       TArrowSeries.GetArrowWidth
 0001:0002A804       TArrowSeries.GetArrowHeight
 0001:0002A810       TArrowSeries.SetArrowWidth
 0001:0002A81C       TArrowSeries.SetArrowHeight
 0001:0002A828       TArrowSeries.DrawValue
 0001:0002A914       TArrowSeries.MaxXValue
 0001:0002A94C       TArrowSeries.MinXValue
 0001:0002A984       TArrowSeries.MaxYValue
 0001:0002A9BC       TArrowSeries.MinYValue
 0001:0002A9F4       TArrowSeries.GetEditorClass
 0001:0002AA24       TArrowSeries.GetStartXValues
 0001:0002AA2C       TArrowSeries.SetStartXValues
 0001:0002AA34       TArrowSeries.GetStartYValues
 0001:0002AA3C       TArrowSeries.SetStartYValues
 0001:0002AA44       TArrowSeries.PrepareForGallery
 0001:0002AA90       TArrowSeries.IsValidSourceOf
 0001:0002AAA4       Finalization
 0001:0002AAD4       ArrowCha
 0001:0002AB98       Finalization
 0001:0002ABC8       RichEdit
 0001:0002AF04       EditColor
 0001:0002AF70       EditChartPen
 0001:0002AFCC       EditPen
 0001:0002B028       TPenDialog.FormShow
 0001:0002B1AC       TPenDialog.EnablePenStyle
 0001:0002B1CC       TPenDialog.RGStyleClick
 0001:0002B254       TPenDialog.SEWidthChange
 0001:0002B284       TPenDialog.CBVisibleClick
 0001:0002B2B0       TPenDialog.BColorClick
 0001:0002B2E0       TPenDialog.RefreshShape
 0001:0002B318       TPenDialog.SHColorMouseUp
 0001:0002B328       TPenDialog.Button3Click
 0001:0002B388       TPenDialog.FormClose
 0001:0002B394       TPenDialog.FormCreate
 0001:0002B39C       TeeLoadClearImage
 0001:0002B46C       ShowControls
 0001:0002B490       EnableControls
 0001:0002B4B4       TeeYesNo
 0001:0002B4E4       Finalization
 0001:0002B514       PenDlg
 0001:0002B768       InternalEditFont
 0001:0002B7DC       EditChartBrush
 0001:0002B838       TBrushDialog.RedrawShape
 0001:0002B890       TBrushDialog.FormShow
 0001:0002B8F8       TBrushDialog.RGStyleClick
 0001:0002B91C       TBrushDialog.BColorClick
 0001:0002B94C       TBrushDialog.SHColorMouseUp
 0001:0002B95C       TBrushDialog.Button3Click
 0001:0002B97C       TBrushDialog.FormClose
 0001:0002B988       Finalization
 0001:0002B9B8       BrushDlg
 0001:0002BBE4       SaveTeeToStream
 0001:0002BBEC       SaveTeeToFile
 0001:0002BC88       LoadTeeFromStream
 0001:0002BC94       LoadTeeFromFile
 0001:0002BCE8       TTeeExportForm.Button1Click
 0001:0002BD20       TTeeExportForm.Button2Click
 0001:0002BE58       TTeeExportForm.FormCreate
 0001:0002BE60       TTeeExportForm.RGFormatClick
 0001:0002BEE0       Finalization
 0001:0002BF10       TeExport
 0001:0002C728       ChartPreview
 0001:0002C798       TTeePreviewPage.Create
 0001:0002C828       TTeePreviewPage.Print
 0001:0002C978       TTeePreviewPage.DrawPaper
 0001:0002CA38       TTeePreviewPage.SetShowMargins
 0001:0002CA4C       TTeePreviewPage.SetImage
 0001:0002CA78       TTeePreviewPage.DrawBack
 0001:0002CAC8       TTeePreviewPage.CalcImagePrintMargins
 0001:0002CB5C       CalcPaperRectangles
 0001:0002CD54       TTeePreviewPage.Paint
 0001:0002CE78       TTeePreviewPage.DrawMargins
 0001:0002CFA8       TTeePreviewPage.GetPrintingBitmap
 0001:0002D064       DrawAsBitmap
 0001:0002D0C0       DrawAsMetafile
 0001:0002D190       TTeePreviewPage.DrawImage
 0001:0002D224       TTeePreviewPage.WhereIsCursor
 0001:0002D320       TTeePreviewPage.MouseMove
 0001:0002D6B0       TTeePreviewPage.MouseUp
 0001:0002D6E0       TTeePreviewPage.MouseDown
 0001:0002D744       TChartPreview.ResetMargins
 0001:0002D7B8       TChartPreview.FormShow
 0001:0002D86C       TChartPreview.BSetupPrinterClick
 0001:0002D8B8       TChartPreview.PrintersChange
 0001:0002D8E8       TChartPreview.OrientationClick
 0001:0002D918       TChartPreview.ChangeMargin
 0001:0002D964       TChartPreview.SETopMaChange
 0001:0002D98C       TChartPreview.SERightMaChange
 0001:0002D9B0       TChartPreview.SEBotMaChange
 0001:0002D9D8       TChartPreview.SELeftMaChange
 0001:0002D9FC       TChartPreview.WMEraseBkgnd
 0001:0002DA1C       TChartPreview.RefreshPage
 0001:0002DA68       TChartPreview.ShowMarginsClick
 0001:0002DA88       TChartPreview.FormCreate
 0001:0002DADC       TChartPreview.BResetClick
 0001:0002DB10       TChartPreview.PreviewPageChangeMargins
 0001:0002DC18       TChartPreview.RecalcControls
 0001:0002DC38       TChartPreview.ResolutionChange
 0001:0002DC6C       TChartPreview.BPrintClick
 0001:0002DCC4       TChartPreview.FormDestroy
 0001:0002DCD0       TChartPreview.BCloseClick
 0001:0002DCD8       TChartPreview.CBPropClick
 0001:0002DD10       Finalization
 0001:0002DD40       TeePrevi
 0001:0002DF98       TeeShowAboutBox
 0001:0002E004       GotoURL
 0001:0002E040       TTeeAboutForm.LabelwwwClick
 0001:0002E098       TTeeAboutForm.FormPaint
 0001:0002E114       TTeeAboutForm.FormCreate
 0001:0002E1D4       Finalization
 0001:0002E204       TeeAbout
 0001:0002E44C       @GetPackageInfoTable
 0001:0002E454       @PackageLoad
 0001:0002E460       @PackageUnload
 0001:0002E46C       tee
 0002:00000000       Module
 0002:00000018       TlsProc
 0002:00000028       TeeDefaultConePercent
 0002:0000002C       DarkerColorQuantity
 0002:00000030       DarkColorQuantity
 0002:00000034       TeeGradientPrecision
 0002:00000038       TeeGradientPrecision
 0002:0000003C       ColorPalette
 0002:0000007C       TeeLineSeparator
 0002:00000080       TeeClipWhenPrinting
 0002:00000084       TeeClipWhenMetafiling
 0002:00000088       TeeEraseBack
 0002:0000008C       PrintTeePanel
 0002:00000090       DateTimeStep
 0002:00000160       DaysMonths
 0002:0000016C       BrushColors
 0002:00000174       Colors
 0002:0000017C       Extensions
 0002:00000190       TeeDrawAxisBeforeSeries
 0002:00000194       TeeCheckMarkArrowColor
 0002:00000198       TeeAxisClickGap
 0002:0000019C       TeeDefaultCapacity
 0002:000001A0       Aligns
 0002:000001B0       ArrowColors
 0002:000001B8       BrushStyles
 0002:000001BC       TeeTitleFootDistance
 0002:000001C0       PatternPalette
 0002:000001C8       TwoPi
 0002:000001D0       HalfPi
 0002:000001D8       PiDegree
 0002:000001E0       PieSampleStr
 0002:00000200       BrushColors
 0002:00000208       EnabledColor1
 0002:00000210       EnabledColor2
 0002:00000218       TeeExportSave
 0002:0000021C       TeePreviewCursors
 0002:00000230       TeeAboutBoxProc
 0002:00001000       ModuleIsLib
 0002:00001001       ModuleIsPackage
 0002:00001004       TlsIndex
 0002:0000100C       HInstance
 0002:00001010       .1
 0002:00001014       tlsBuffer
 0002:00001018       .1
 0002:0000101C       .3
 0002:00001020       .1
 0002:00001024       .1
 0002:00001028       .1
 0002:0000102C       .1
 0002:00001030       .1
 0002:00001034       .1
 0002:00001038       .1
 0002:0000103C       .1
 0002:00001040       .3
 0002:00001044       .1
 0002:00001048       .1
 0002:0000104C       .11
 0002:00001050       .9
 0002:00001054       .71
 0002:00001058       .01
 0002:0000105C       AnimatedZoomFactor
 0002:00001064       TeeZoomMouseButton
 0002:00001065       TeeScrollMouseButton
 0002:00001066       TeeZoomKeyShift
 0002:00001067       TeeScrollKeyShift
 0002:00001068       TeeSeriesTypes
 0002:0000106C       .31
 0002:00001070       .61
 0002:00001074       .2
 0002:00001078       .2
 0002:0000107C       .2
 0002:00001080       .2
 0002:00001084       .1
 0002:00001088       .2
 0002:0000108C       .2
 0002:00001090       .2
 0002:00001094       .3
 0002:00001098       .2


Bound resource files

teeresou.res
PenDlg.dfm
BrushDlg.dfm
TeExport.dfm
TeePrevi.dfm
TeeAbout.dfm
tee.res
C:\TEMP\dtf2B33.tmp


Program entry point at 0001:0002E46C
