
 Start         Length     Name                   Class
 0001:00000000 00007CB4H .text                   CODE
 0002:00000000 0000007CH .data                   DATA
 0002:0000007C 00000159H .bss                    BSS


Detailed map of segments

 0001:00000000 00000176 C=CODE     S=.text    G=(none)   M=System   ACBP=A9
 0001:00000178 000001EC C=CODE     S=.text    G=(none)   M=SysInit  ACBP=A9
 0001:00000364 00000086 C=CODE     S=.text    G=(none)   M=SysUtils ACBP=A9
 0001:000003EC 0000000E C=CODE     S=.text    G=(none)   M=SysConst ACBP=A9
 0001:000003FC 00000174 C=CODE     S=.text    G=(none)   M=Windows  ACBP=A9
 0001:00000570 0000000E C=CODE     S=.text    G=(none)   M=Types    ACBP=A9
 0001:00000580 000000CE C=CODE     S=.text    G=(none)   M=Classes  ACBP=A9
 0001:00000650 0000000E C=CODE     S=.text    G=(none)   M=ActiveX  ACBP=A9
 0001:00000660 00000038 C=CODE     S=.text    G=(none)   M=Messages ACBP=A9
 0001:00000698 0000000E C=CODE     S=.text    G=(none)   M=TypInfo  ACBP=A9
 0001:000006A8 0000000E C=CODE     S=.text    G=(none)   M=Variants ACBP=A9
 0001:000006B8 0000000E C=CODE     S=.text    G=(none)   M=VarUtils ACBP=A9
 0001:000006C8 0000000E C=CODE     S=.text    G=(none)   M=RTLConsts ACBP=A9
 0001:000006D8 0000037E C=CODE     S=.text    G=(none)   M=Controls ACBP=A9
 0001:00000A58 0000000E C=CODE     S=.text    G=(none)   M=ActnList ACBP=A9
 0001:00000A68 0000000E C=CODE     S=.text    G=(none)   M=Contnrs  ACBP=A9
 0001:00000A78 0000000E C=CODE     S=.text    G=(none)   M=Math     ACBP=A9
 0001:00000A88 0000000E C=CODE     S=.text    G=(none)   M=ImgList  ACBP=A9
 0001:00000A98 00000038 C=CODE     S=.text    G=(none)   M=CommCtrl ACBP=A9
 0001:00000AD0 0000006E C=CODE     S=.text    G=(none)   M=Graphics ACBP=A9
 0001:00000B40 0000000E C=CODE     S=.text    G=(none)   M=Consts   ACBP=A9
 0001:00000B50 0000003E C=CODE     S=.text    G=(none)   M=Forms    ACBP=A9
 0001:00000B90 0000000E C=CODE     S=.text    G=(none)   M=HelpIntfs ACBP=A9
 0001:00000BA0 0000000E C=CODE     S=.text    G=(none)   M=MultiMon ACBP=A9
 0001:00000BB0 00000038 C=CODE     S=.text    G=(none)   M=Imm      ACBP=A9
 0001:00000BE8 0000000E C=CODE     S=.text    G=(none)   M=Menus    ACBP=A9
 0001:00000BF8 0000000E C=CODE     S=.text    G=(none)   M=WinHelpViewer ACBP=A9
 0001:00000C08 0000000E C=CODE     S=.text    G=(none)   M=StdActns ACBP=A9
 0001:00000C18 0000000E C=CODE     S=.text    G=(none)   M=Dialogs  ACBP=A9
 0001:00000C28 00000038 C=CODE     S=.text    G=(none)   M=ShlObj   ACBP=A9
 0001:00000C60 00000038 C=CODE     S=.text    G=(none)   M=UrlMon   ACBP=A9
 0001:00000C98 00000038 C=CODE     S=.text    G=(none)   M=WinInet  ACBP=A9
 0001:00000CD0 00000038 C=CODE     S=.text    G=(none)   M=RegStr   ACBP=A9
 0001:00000D08 00000038 C=CODE     S=.text    G=(none)   M=ShellAPI ACBP=A9
 0001:00000D40 0000000E C=CODE     S=.text    G=(none)   M=Printers ACBP=A9
 0001:00000D50 00000038 C=CODE     S=.text    G=(none)   M=WinSpool ACBP=A9
 0001:00000D88 000000B6 C=CODE     S=.text    G=(none)   M=StdCtrls ACBP=A9
 0001:00000E40 00000038 C=CODE     S=.text    G=(none)   M=CommDlg  ACBP=A9
 0001:00000E78 00000038 C=CODE     S=.text    G=(none)   M=Dlgs     ACBP=A9
 0001:00000EB0 0000000E C=CODE     S=.text    G=(none)   M=ExtCtrls ACBP=A9
 0001:00000EC0 0000000E C=CODE     S=.text    G=(none)   M=StrUtils ACBP=A9
 0001:00000ED0 0000000E C=CODE     S=.text    G=(none)   M=Clipbrd  ACBP=A9
 0001:00000EE0 0000000E C=CODE     S=.text    G=(none)   M=FlatSB   ACBP=A9
 0001:00000EF0 0000000E C=CODE     S=.text    G=(none)   M=DdeMan   ACBP=A9
 0001:00000F00 00000038 C=CODE     S=.text    G=(none)   M=DDEml    ACBP=A9
 0001:00000F38 00000096 C=CODE     S=.text    G=(none)   M=DB       ACBP=A9
 0001:00000FD0 0000000E C=CODE     S=.text    G=(none)   M=FMTBcd   ACBP=A9
 0001:00000FE0 0000000E C=CODE     S=.text    G=(none)   M=DBConsts ACBP=A9
 0001:00000FF0 0000000E C=CODE     S=.text    G=(none)   M=SqlTimSt ACBP=A9
 0001:00001000 0000000E C=CODE     S=.text    G=(none)   M=DateUtils ACBP=A9
 0001:00001010 0000000E C=CODE     S=.text    G=(none)   M=MaskUtils ACBP=A9
 0001:00001020 0000000E C=CODE     S=.text    G=(none)   M=ComObj   ACBP=A9
 0001:00001030 0000000E C=CODE     S=.text    G=(none)   M=ComConst ACBP=A9
 0001:00001040 000000B0 C=CODE     S=.text    G=(none)   M=RSCONSTS ACBP=A9
 0001:000010F0 0000000E C=CODE     S=.text    G=(none)   M=IniFiles ACBP=A9
 0001:00001100 0000002E C=CODE     S=.text    G=(none)   M=Registry ACBP=A9
 0001:00001130 000026A3 C=CODE     S=.text    G=(none)   M=Report   ACBP=A9
 0001:000037D4 00000046 C=CODE     S=.text    G=(none)   M=Buttons  ACBP=A9
 0001:0000381C 000000D6 C=CODE     S=.text    G=(none)   M=DBGrids  ACBP=A9
 0001:000038F4 00000036 C=CODE     S=.text    G=(none)   M=DBCtrls  ACBP=A9
 0001:0000392C 0000000E C=CODE     S=.text    G=(none)   M=ComCtrls ACBP=A9
 0001:0000393C 0000000E C=CODE     S=.text    G=(none)   M=ListActns ACBP=A9
 0001:0000394C 0000000E C=CODE     S=.text    G=(none)   M=ToolWin  ACBP=A9
 0001:0000395C 00000038 C=CODE     S=.text    G=(none)   M=RichEdit ACBP=A9
 0001:00003994 0000000E C=CODE     S=.text    G=(none)   M=ExtActns ACBP=A9
 0001:000039A4 0000000E C=CODE     S=.text    G=(none)   M=ExtDlgs  ACBP=A9
 0001:000039B4 0000000E C=CODE     S=.text    G=(none)   M=Mapi     ACBP=A9
 0001:000039C4 0000000E C=CODE     S=.text    G=(none)   M=ComStrs  ACBP=A9
 0001:000039D4 0000000E C=CODE     S=.text    G=(none)   M=Mask     ACBP=A9
 0001:000039E4 0000000E C=CODE     S=.text    G=(none)   M=VDBConsts ACBP=A9
 0001:000039F4 0000000E C=CODE     S=.text    G=(none)   M=DBPWDlg  ACBP=A9
 0001:00003A04 0000000E C=CODE     S=.text    G=(none)   M=DBLogDlg ACBP=A9
 0001:00003A14 0000008E C=CODE     S=.text    G=(none)   M=Grids    ACBP=A9
 0001:00003AA4 0000002E C=CODE     S=.text    G=(none)   M=DBTables ACBP=A9
 0001:00003AD4 0000000E C=CODE     S=.text    G=(none)   M=SMINTF   ACBP=A9
 0001:00003AE4 0000000E C=CODE     S=.text    G=(none)   M=BDE      ACBP=A9
 0001:00003AF4 0000000E C=CODE     S=.text    G=(none)   M=DBCommon ACBP=A9
 0001:00003B04 0000000E C=CODE     S=.text    G=(none)   M=bdeconst ACBP=A9
 0001:00003B14 00003EF0 C=CODE     S=.text    G=(none)   M=dblookup ACBP=A9
 0001:00007A04 000002AD C=CODE     S=.text    G=(none)   M=vcldbx   ACBP=A9
 0002:00000000 00000028 C=DATA     S=.data    G=DGROUP   M=SysInit  ACBP=A9
 0002:00000028 00000004 C=DATA     S=.data    G=DGROUP   M=Report   ACBP=A9
 0002:00001000 00000018 C=BSS      S=.bss     G=DGROUP   M=SysInit  ACBP=A9
 0002:00001018 00000004 C=BSS      S=.bss     G=DGROUP   M=Windows  ACBP=A9
 0002:0000101C 00000004 C=BSS      S=.bss     G=DGROUP   M=Messages ACBP=A9
 0002:00001020 00000004 C=BSS      S=.bss     G=DGROUP   M=CommCtrl ACBP=A9
 0002:00001024 00000004 C=BSS      S=.bss     G=DGROUP   M=Imm      ACBP=A9
 0002:00001028 00000004 C=BSS      S=.bss     G=DGROUP   M=ShlObj   ACBP=A9
 0002:0000102C 00000004 C=BSS      S=.bss     G=DGROUP   M=UrlMon   ACBP=A9
 0002:00001030 00000004 C=BSS      S=.bss     G=DGROUP   M=WinInet  ACBP=A9
 0002:00001034 00000004 C=BSS      S=.bss     G=DGROUP   M=RegStr   ACBP=A9
 0002:00001038 00000004 C=BSS      S=.bss     G=DGROUP   M=ShellAPI ACBP=A9
 0002:0000103C 00000004 C=BSS      S=.bss     G=DGROUP   M=WinSpool ACBP=A9
 0002:00001040 00000004 C=BSS      S=.bss     G=DGROUP   M=CommDlg  ACBP=A9
 0002:00001044 00000004 C=BSS      S=.bss     G=DGROUP   M=Dlgs     ACBP=A9
 0002:00001048 00000004 C=BSS      S=.bss     G=DGROUP   M=DDEml    ACBP=A9
 0002:0000104C 00000004 C=BSS      S=.bss     G=DGROUP   M=RSCONSTS ACBP=A9
 0002:00001050 00000100 C=BSS      S=.bss     G=DGROUP   M=Report   ACBP=A9
 0002:00001150 00000004 C=BSS      S=.bss     G=DGROUP   M=RichEdit ACBP=A9
 0002:00001154 00000004 C=BSS      S=.bss     G=DGROUP   M=dblookup ACBP=A9


  Address         Publics by Name

 0002:00001020       .1
 0002:0000101C       .1
 0002:00001024       .1
 0002:00001028       .1
 0002:0000102C       .1
 0002:00001010       .1
 0002:00001030       .1
 0002:00001034       .1
 0002:00001038       .1
 0002:00001040       .1
 0002:00001044       .1
 0002:00001048       .1
 0002:0000104C       .1
 0002:00001150       .1
 0002:00001018       .3
 0002:0000103C       .3
 0002:00001154       .5
 0002:00001050       .6
 0001:00007C8C       @GetPackageInfoTable
 0001:000002B0       @InitPkg
 0001:00007C94       @PackageLoad
 0001:00000314       @PackageLoad
 0001:00000320       @PackageUnload
 0001:00007CA0       @PackageUnload
 0001:000001B0       AllocTlsBuffer
 0002:0000110C       APIDriverHandle
 0001:000016C0       APIDriverLoaded
 0001:00001594       AsyncCallback
 0001:00000484       BeginPaint
 0001:0000048C       CallWindowProc
 0001:00001BA4       CleanUpStmt
 0001:000003FC       CloseHandle
 0001:00000AC8       CommCtrl
 0001:00000E70       CommDlg
 0001:00000404       CreateProcess
 0001:000079FC       dblookup
 0001:00000F30       DDEml
 0001:00000494       DefWindowProc
 0001:00000EA8       Dlgs
 0002:00001108       DriverHandle
 0001:000019DC       DriverLoaded
 0001:0000049C       EndPaint
 0001:0000025C       ExitProcessTLS
 0001:00000234       ExitThreadTLS
 0001:0000046C       ExtTextOut
 0001:00000C28       Finalization
 0001:00000C60       Finalization
 0001:00000BB0       Finalization
 0001:00000C98       Finalization
 0001:00000CD0       Finalization
 0001:00003784       Finalization
 0001:00000A98       Finalization
 0001:00000D08       Finalization
 0001:000010B8       Finalization
 0001:0000395C       Finalization
 0001:00000D50       Finalization
 0001:00000538       Finalization
 0001:00000E40       Finalization
 0001:00000E78       Finalization
 0001:000079CC       Finalization
 0001:00000660       Finalization
 0001:0000032C       Finalization
 0001:00000F00       Finalization
 0001:00003718       Finalize
 0001:000004A4       FindWindow
 0001:00000178       FreeLibrary
 0001:0000040C       FreeLibrary
 0001:000004AC       GetCapture
 0001:00000414       GetCurrentProcessId
 0001:00002BE8       GetDataSize
 0001:000004B4       GetDC
 0001:00001B6C       GetDecodedDateTime
 0001:000004BC       GetFocus
 0001:00003414       GetNamesByField
 0001:0000349C       GetNamesByFieldDef
 0001:0000041C       GetProcAddress
 0001:000015D0       GetRootDir
 0001:000004C4       GetSystemMetrics
 0001:00000474       GetTextMetrics
 0002:00001114       GetThread
 0001:000001BC       GetTlsSize
 0001:000004CC       HideCaret
 0002:0000100C       HInstance
 0001:00000BE0       Imm
 0001:000004D4       InflateRect
 0001:000016D8       InitAPIDriver
 0001:000019F4       InitDriver
 0001:000036C0       Initialize
 0001:00000280       InitializeModule
 0002:00001110       InitObjects
 0001:00000208       InitProcessTLS
 0001:000001C4       InitThreadTLS
 0001:000004DC       LoadBitmap
 0001:00000424       LoadLibrary
 0001:00000180       LocalAlloc
 0001:00000188       LocalFree
 0001:0000052C       MakeLong
 0001:0000042C       MapViewOfFile
 0001:000004E4       MessageBeep
 0001:00000690       Messages
 0002:00000000       Module
 0002:00001000       ModuleIsLib
 0002:00001001       ModuleIsPackage
 0001:000060E8       MouseDragToGrid
 0001:00000434       OpenFileMapping
 0001:000004EC       PeekMessage
 0002:00001060       ProcessId
 0001:0000361C       ProcessRequest
 0001:00001B54       RaiseError
 0001:00000D00       RegStr
 0001:000004F4       ReleaseDC
 0001:000037C4       Report
 0002:00000028       ReportClassName
 0002:00001064       ReportManager
 0001:0000043C       ResetEvent
 0001:0000398C       RichEdit
 0001:000010E8       RSCONSTS
 0002:00001134       RS_ByteVersion
 0002:00001124       RS_CloseReport
 0002:00001128       RS_CloseRS
 0002:00001138       RS_Connect
 0002:00001148       RS_Initiate
 0002:0000113C       RS_IsBusy
 0002:00001144       RS_IsReportSmithPresent
 0002:00001130       RS_LoadReport
 0002:00001118       RS_PrintReport
 0002:00001120       RS_Recalc
 0002:0000114C       RS_RegisterCallBack
 0002:00001140       RS_RunMacro
 0002:0000112C       RS_SetRecordLimit
 0002:0000111C       RS_SetRepVar
 0001:0000047C       SelectObject
 0001:000004FC       SendMessage
 0001:00000444       SetErrorMode
 0001:0000044C       SetEvent
 0001:00000504       SetFocus
 0001:0000050C       SetParent
 0001:00000514       SetTimer
 0001:0000051C       SetWindowPos
 0002:0000105C       SharedMem
 0001:00000D38       ShellAPI
 0001:00000C58       ShlObj
 0002:00001054       StartEvent
 0002:00001068       StmtHandles
 0002:00001058       SyncEvent
 0001:0000035C       SysInit
 0001:000078D0       TComboButton.MouseDown
 0001:00007974       TComboButton.MouseMove
 0001:000050C4       TDBLookupCombo.CanEdit
 0001:000052AC       TDBLookupCombo.Change
 0001:00005F88       TDBLookupCombo.CloseUp
 0001:00005CF0       TDBLookupCombo.CMCancelMode
 0001:00005CB4       TDBLookupCombo.CMEnabledChanged
 0001:000062B0       TDBLookupCombo.CMEnter
 0001:00006238       TDBLookupCombo.CMExit
 0001:00005CA0       TDBLookupCombo.CMFontChanged
 0001:00005D1C       TDBLookupCombo.CMHintShow
 0001:00004E64       TDBLookupCombo.Create
 0001:00005894       TDBLookupCombo.CreateParams
 0001:000058B0       TDBLookupCombo.CreateWnd
 0001:00005518       TDBLookupCombo.DataChange
 0001:00005004       TDBLookupCombo.Destroy
 0001:000062EC       TDBLookupCombo.DoSelectAll
 0001:00005D2C       TDBLookupCombo.DropDown
 0001:00005094       TDBLookupCombo.Editable
 0001:0000574C       TDBLookupCombo.EditingChange
 0001:000057F0       TDBLookupCombo.FieldLinkActive
 0001:000054F0       TDBLookupCombo.GetDataField
 0001:000052CC       TDBLookupCombo.GetDataSource
 0001:000055B8       TDBLookupCombo.GetDisplayValue
 0001:00005490       TDBLookupCombo.GetLookupDisplay
 0001:000054D4       TDBLookupCombo.GetLookupField
 0001:000053AC       TDBLookupCombo.GetLookupSource
 0001:000059F0       TDBLookupCombo.GetMinHeight
 0001:00006318       TDBLookupCombo.GetOptions
 0001:0000571C       TDBLookupCombo.GetReadOnly
 0001:00005584       TDBLookupCombo.GetValue
 0001:00005F98       TDBLookupCombo.GridClick
 0001:000050F4       TDBLookupCombo.KeyDown
 0001:000051D4       TDBLookupCombo.KeyPress
 0001:00006328       TDBLookupCombo.Loaded
 0001:000061B8       TDBLookupCombo.MouseMove
 0001:00006064       TDBLookupCombo.NonEditMouseDown
 0001:00005044       TDBLookupCombo.Notification
 0001:0000550C       TDBLookupCombo.SetDataField
 0001:000052D8       TDBLookupCombo.SetDataSource
 0001:000055CC       TDBLookupCombo.SetDisplayValue
 0001:000058D8       TDBLookupCombo.SetEditRect
 0001:00005460       TDBLookupCombo.SetLookupDisplay
 0001:000054AC       TDBLookupCombo.SetLookupField
 0001:000053B8       TDBLookupCombo.SetLookupSource
 0001:00006304       TDBLookupCombo.SetOptions
 0001:00005728       TDBLookupCombo.SetReadOnly
 0001:00005FD4       TDBLookupCombo.SetStyle
 0001:00005614       TDBLookupCombo.SetValue
 0001:00005764       TDBLookupCombo.UpdateData
 0001:00005860       TDBLookupCombo.WMCut
 0001:00005CD4       TDBLookupCombo.WMKillFocus
 0001:00006038       TDBLookupCombo.WMLButtonDblClk
 0001:00005FE4       TDBLookupCombo.WMLButtonDown
 0001:00006010       TDBLookupCombo.WMLButtonUp
 0001:00005A6C       TDBLookupCombo.WMPaint
 0001:0000582C       TDBLookupCombo.WMPaste
 0001:00006214       TDBLookupCombo.WMSetFocus
 0001:00005924       TDBLookupCombo.WMSize
 0001:00006AC8       TDBLookupList.CanEdit
 0001:00006EAC       TDBLookupList.CanGridAcceptKey
 0001:0000762C       TDBLookupList.CMEnter
 0001:0000764C       TDBLookupList.CMExit
 0001:00006340       TDBLookupList.Create
 0001:00006448       TDBLookupList.CreateWnd
 0001:00006AEC       TDBLookupList.DataChange
 0001:00006D5C       TDBLookupList.DefineFieldMap
 0001:00006408       TDBLookupList.Destroy
 0001:00006958       TDBLookupList.DoLookup
 0001:0000760C       TDBLookupList.FieldLinkActive
 0001:00006A94       TDBLookupList.GetDataField
 0001:0000649C       TDBLookupList.GetDataSource
 0001:00006548       TDBLookupList.GetLookupSource
 0001:00006ABC       TDBLookupList.GetReadOnly
 0001:00007390       TDBLookupList.HighlightCell
 0001:00006B7C       TDBLookupList.InitFields
 0001:00006FF8       TDBLookupList.KeyDown
 0001:00007088       TDBLookupList.KeyPress
 0001:00007574       TDBLookupList.LinkActive
 0001:000072B8       TDBLookupList.ListClick
 0001:00007748       TDBLookupList.Loaded
 0001:000070C4       TDBLookupList.MouseDown
 0001:00007210       TDBLookupList.MouseMove
 0001:0000725C       TDBLookupList.MouseUp
 0001:00006550       TDBLookupList.NewLayout
 0001:00006460       TDBLookupList.Notification
 0001:000074D8       TDBLookupList.Paint
 0001:00007538       TDBLookupList.Scroll
 0001:00006E0C       TDBLookupList.SetColumnAttributes
 0001:00006AB0       TDBLookupList.SetDataField
 0001:000064A8       TDBLookupList.SetDataSource
 0001:00006814       TDBLookupList.SetDisplayValue
 0001:00006658       TDBLookupList.SetLookupDisplay
 0001:00006684       TDBLookupList.SetLookupField
 0001:0000657C       TDBLookupList.SetLookupSource
 0001:000076C0       TDBLookupList.SetOptions
 0001:00006AE0       TDBLookupList.SetReadOnly
 0001:000066B0       TDBLookupList.SetValue
 0001:00006B58       TDBLookupList.UpdateData
 0001:00006E94       TDBLookupList.WMSize
 0001:00000454       TerminateThread
 0001:00000190       TlsAlloc
 0002:00001014       tlsBuffer
 0001:00000198       TlsFree
 0001:000001A0       TlsGetValue
 0002:00001004       TlsIndex
 0002:BFA77000       TlsLast
 0002:00000018       TlsProc
 0001:000001A8       TlsSetValue
 0001:00007824       TPopupGrid.CanEdit
 0001:000078C8       TPopupGrid.CMHintShow
 0001:00007760       TPopupGrid.Create
 0001:000077A8       TPopupGrid.CreateParams
 0001:000077BC       TPopupGrid.CreateWnd
 0001:00007880       TPopupGrid.LinkActive
 0001:00007844       TPopupGrid.MouseDown
 0001:00007804       TPopupGrid.WMLButtonUp
 0001:000021FC       TReport.CloseApplication
 0001:000020F8       TReport.CloseReport
 0001:00002130       TReport.Connect
 0001:00001C0C       TReport.Create
 0001:00001C7C       TReport.Destroy
 0001:000022DC       TReport.GetBusy
 0001:00001CDC       TReport.GetInitialValues
 0001:00002240       TReport.GetReportHandle
 0001:00002880       TReport.Notification
 0001:00001F28       TReport.Print
 0001:00001ECC       TReport.RecalcReport
 0001:00001EEC       TReport.ReportActive
 0001:000024B8       TReport.Run
 0001:00002334       TReport.RunApp
 0001:00002300       TReport.RunMacro
 0001:000024EC       TReport.RunReport
 0001:00001CCC       TReport.SetInitialValues
 0001:00001CE0       TReport.SetVariable
 0001:00001D18       TReport.SetVariableLines
 0001:00001F5C       TReport.StartApplication
 0001:00001F10       TReport.UseRunTime
 0001:00002A9C       TReportManager.Add
 0001:00002AE4       TReportManager.AddDataSet
 0001:00002950       TReportManager.Clear
 0001:000028A8       TReportManager.Create
 0001:0000290C       TReportManager.Destroy
 0001:00003268       TReportManager.EndSQL
 0001:00002C48       TReportManager.ExecuteSQL
 0001:00003528       TReportManager.GetColumnList
 0001:00002EE0       TReportManager.GetData
 0001:00002B34       TReportManager.GetDataSet
 0001:00003388       TReportManager.GetDataSetByName
 0001:000032DC       TReportManager.GetDataSets
 0001:00003138       TReportManager.GetMemo
 0001:00003094       TReportManager.GetNext
 0001:00002B4C       TReportManager.GetReport
 0001:000032F4       TReportManager.GetTableList
 0001:00002AB8       TReportManager.Remove
 0001:000029AC       TReportManager.ServerProc
 0001:00002B60       TReportManager.UpdateDataSets
 0001:00003248       TReportManager.ValidDataType
 0001:00002970       TReportManager.WndProc
 0001:0000028C       UninitializeModule
 0001:0000045C       UnmapViewOfFile
 0001:00000C90       UrlMon
 0001:00007CAC       vcldbx
 0001:00000524       WaitForInputIdle
 0001:00003698       WaitForRequest
 0001:00000464       WaitForSingleObject
 0001:00000568       Windows
 0001:00000CC8       WinInet
 0001:00000D80       WinSpool


  Address         Publics by Value

 0002:BFA77000       TlsLast
 0001:00000178       FreeLibrary
 0001:00000180       LocalAlloc
 0001:00000188       LocalFree
 0001:00000190       TlsAlloc
 0001:00000198       TlsFree
 0001:000001A0       TlsGetValue
 0001:000001A8       TlsSetValue
 0001:000001B0       AllocTlsBuffer
 0001:000001BC       GetTlsSize
 0001:000001C4       InitThreadTLS
 0001:00000208       InitProcessTLS
 0001:00000234       ExitThreadTLS
 0001:0000025C       ExitProcessTLS
 0001:00000280       InitializeModule
 0001:0000028C       UninitializeModule
 0001:000002B0       @InitPkg
 0001:00000314       @PackageLoad
 0001:00000320       @PackageUnload
 0001:0000032C       Finalization
 0001:0000035C       SysInit
 0001:000003FC       CloseHandle
 0001:00000404       CreateProcess
 0001:0000040C       FreeLibrary
 0001:00000414       GetCurrentProcessId
 0001:0000041C       GetProcAddress
 0001:00000424       LoadLibrary
 0001:0000042C       MapViewOfFile
 0001:00000434       OpenFileMapping
 0001:0000043C       ResetEvent
 0001:00000444       SetErrorMode
 0001:0000044C       SetEvent
 0001:00000454       TerminateThread
 0001:0000045C       UnmapViewOfFile
 0001:00000464       WaitForSingleObject
 0001:0000046C       ExtTextOut
 0001:00000474       GetTextMetrics
 0001:0000047C       SelectObject
 0001:00000484       BeginPaint
 0001:0000048C       CallWindowProc
 0001:00000494       DefWindowProc
 0001:0000049C       EndPaint
 0001:000004A4       FindWindow
 0001:000004AC       GetCapture
 0001:000004B4       GetDC
 0001:000004BC       GetFocus
 0001:000004C4       GetSystemMetrics
 0001:000004CC       HideCaret
 0001:000004D4       InflateRect
 0001:000004DC       LoadBitmap
 0001:000004E4       MessageBeep
 0001:000004EC       PeekMessage
 0001:000004F4       ReleaseDC
 0001:000004FC       SendMessage
 0001:00000504       SetFocus
 0001:0000050C       SetParent
 0001:00000514       SetTimer
 0001:0000051C       SetWindowPos
 0001:00000524       WaitForInputIdle
 0001:0000052C       MakeLong
 0001:00000538       Finalization
 0001:00000568       Windows
 0001:00000660       Finalization
 0001:00000690       Messages
 0001:00000A98       Finalization
 0001:00000AC8       CommCtrl
 0001:00000BB0       Finalization
 0001:00000BE0       Imm
 0001:00000C28       Finalization
 0001:00000C58       ShlObj
 0001:00000C60       Finalization
 0001:00000C90       UrlMon
 0001:00000C98       Finalization
 0001:00000CC8       WinInet
 0001:00000CD0       Finalization
 0001:00000D00       RegStr
 0001:00000D08       Finalization
 0001:00000D38       ShellAPI
 0001:00000D50       Finalization
 0001:00000D80       WinSpool
 0001:00000E40       Finalization
 0001:00000E70       CommDlg
 0001:00000E78       Finalization
 0001:00000EA8       Dlgs
 0001:00000F00       Finalization
 0001:00000F30       DDEml
 0001:000010B8       Finalization
 0001:000010E8       RSCONSTS
 0001:00001594       AsyncCallback
 0001:000015D0       GetRootDir
 0001:000016C0       APIDriverLoaded
 0001:000016D8       InitAPIDriver
 0001:000019DC       DriverLoaded
 0001:000019F4       InitDriver
 0001:00001B54       RaiseError
 0001:00001B6C       GetDecodedDateTime
 0001:00001BA4       CleanUpStmt
 0001:00001C0C       TReport.Create
 0001:00001C7C       TReport.Destroy
 0001:00001CCC       TReport.SetInitialValues
 0001:00001CDC       TReport.GetInitialValues
 0001:00001CE0       TReport.SetVariable
 0001:00001D18       TReport.SetVariableLines
 0001:00001ECC       TReport.RecalcReport
 0001:00001EEC       TReport.ReportActive
 0001:00001F10       TReport.UseRunTime
 0001:00001F28       TReport.Print
 0001:00001F5C       TReport.StartApplication
 0001:000020F8       TReport.CloseReport
 0001:00002130       TReport.Connect
 0001:000021FC       TReport.CloseApplication
 0001:00002240       TReport.GetReportHandle
 0001:000022DC       TReport.GetBusy
 0001:00002300       TReport.RunMacro
 0001:00002334       TReport.RunApp
 0001:000024B8       TReport.Run
 0001:000024EC       TReport.RunReport
 0001:00002880       TReport.Notification
 0001:000028A8       TReportManager.Create
 0001:0000290C       TReportManager.Destroy
 0001:00002950       TReportManager.Clear
 0001:00002970       TReportManager.WndProc
 0001:000029AC       TReportManager.ServerProc
 0001:00002A9C       TReportManager.Add
 0001:00002AB8       TReportManager.Remove
 0001:00002AE4       TReportManager.AddDataSet
 0001:00002B34       TReportManager.GetDataSet
 0001:00002B4C       TReportManager.GetReport
 0001:00002B60       TReportManager.UpdateDataSets
 0001:00002BE8       GetDataSize
 0001:00002C48       TReportManager.ExecuteSQL
 0001:00002EE0       TReportManager.GetData
 0001:00003094       TReportManager.GetNext
 0001:00003138       TReportManager.GetMemo
 0001:00003248       TReportManager.ValidDataType
 0001:00003268       TReportManager.EndSQL
 0001:000032DC       TReportManager.GetDataSets
 0001:000032F4       TReportManager.GetTableList
 0001:00003388       TReportManager.GetDataSetByName
 0001:00003414       GetNamesByField
 0001:0000349C       GetNamesByFieldDef
 0001:00003528       TReportManager.GetColumnList
 0001:0000361C       ProcessRequest
 0001:00003698       WaitForRequest
 0001:000036C0       Initialize
 0001:00003718       Finalize
 0001:00003784       Finalization
 0001:000037C4       Report
 0001:0000395C       Finalization
 0001:0000398C       RichEdit
 0001:00004E64       TDBLookupCombo.Create
 0001:00005004       TDBLookupCombo.Destroy
 0001:00005044       TDBLookupCombo.Notification
 0001:00005094       TDBLookupCombo.Editable
 0001:000050C4       TDBLookupCombo.CanEdit
 0001:000050F4       TDBLookupCombo.KeyDown
 0001:000051D4       TDBLookupCombo.KeyPress
 0001:000052AC       TDBLookupCombo.Change
 0001:000052CC       TDBLookupCombo.GetDataSource
 0001:000052D8       TDBLookupCombo.SetDataSource
 0001:000053AC       TDBLookupCombo.GetLookupSource
 0001:000053B8       TDBLookupCombo.SetLookupSource
 0001:00005460       TDBLookupCombo.SetLookupDisplay
 0001:00005490       TDBLookupCombo.GetLookupDisplay
 0001:000054AC       TDBLookupCombo.SetLookupField
 0001:000054D4       TDBLookupCombo.GetLookupField
 0001:000054F0       TDBLookupCombo.GetDataField
 0001:0000550C       TDBLookupCombo.SetDataField
 0001:00005518       TDBLookupCombo.DataChange
 0001:00005584       TDBLookupCombo.GetValue
 0001:000055B8       TDBLookupCombo.GetDisplayValue
 0001:000055CC       TDBLookupCombo.SetDisplayValue
 0001:00005614       TDBLookupCombo.SetValue
 0001:0000571C       TDBLookupCombo.GetReadOnly
 0001:00005728       TDBLookupCombo.SetReadOnly
 0001:0000574C       TDBLookupCombo.EditingChange
 0001:00005764       TDBLookupCombo.UpdateData
 0001:000057F0       TDBLookupCombo.FieldLinkActive
 0001:0000582C       TDBLookupCombo.WMPaste
 0001:00005860       TDBLookupCombo.WMCut
 0001:00005894       TDBLookupCombo.CreateParams
 0001:000058B0       TDBLookupCombo.CreateWnd
 0001:000058D8       TDBLookupCombo.SetEditRect
 0001:00005924       TDBLookupCombo.WMSize
 0001:000059F0       TDBLookupCombo.GetMinHeight
 0001:00005A6C       TDBLookupCombo.WMPaint
 0001:00005CA0       TDBLookupCombo.CMFontChanged
 0001:00005CB4       TDBLookupCombo.CMEnabledChanged
 0001:00005CD4       TDBLookupCombo.WMKillFocus
 0001:00005CF0       TDBLookupCombo.CMCancelMode
 0001:00005D1C       TDBLookupCombo.CMHintShow
 0001:00005D2C       TDBLookupCombo.DropDown
 0001:00005F88       TDBLookupCombo.CloseUp
 0001:00005F98       TDBLookupCombo.GridClick
 0001:00005FD4       TDBLookupCombo.SetStyle
 0001:00005FE4       TDBLookupCombo.WMLButtonDown
 0001:00006010       TDBLookupCombo.WMLButtonUp
 0001:00006038       TDBLookupCombo.WMLButtonDblClk
 0001:00006064       TDBLookupCombo.NonEditMouseDown
 0001:000060E8       MouseDragToGrid
 0001:000061B8       TDBLookupCombo.MouseMove
 0001:00006214       TDBLookupCombo.WMSetFocus
 0001:00006238       TDBLookupCombo.CMExit
 0001:000062B0       TDBLookupCombo.CMEnter
 0001:000062EC       TDBLookupCombo.DoSelectAll
 0001:00006304       TDBLookupCombo.SetOptions
 0001:00006318       TDBLookupCombo.GetOptions
 0001:00006328       TDBLookupCombo.Loaded
 0001:00006340       TDBLookupList.Create
 0001:00006408       TDBLookupList.Destroy
 0001:00006448       TDBLookupList.CreateWnd
 0001:00006460       TDBLookupList.Notification
 0001:0000649C       TDBLookupList.GetDataSource
 0001:000064A8       TDBLookupList.SetDataSource
 0001:00006548       TDBLookupList.GetLookupSource
 0001:00006550       TDBLookupList.NewLayout
 0001:0000657C       TDBLookupList.SetLookupSource
 0001:00006658       TDBLookupList.SetLookupDisplay
 0001:00006684       TDBLookupList.SetLookupField
 0001:000066B0       TDBLookupList.SetValue
 0001:00006814       TDBLookupList.SetDisplayValue
 0001:00006958       TDBLookupList.DoLookup
 0001:00006A94       TDBLookupList.GetDataField
 0001:00006AB0       TDBLookupList.SetDataField
 0001:00006ABC       TDBLookupList.GetReadOnly
 0001:00006AC8       TDBLookupList.CanEdit
 0001:00006AE0       TDBLookupList.SetReadOnly
 0001:00006AEC       TDBLookupList.DataChange
 0001:00006B58       TDBLookupList.UpdateData
 0001:00006B7C       TDBLookupList.InitFields
 0001:00006D5C       TDBLookupList.DefineFieldMap
 0001:00006E0C       TDBLookupList.SetColumnAttributes
 0001:00006E94       TDBLookupList.WMSize
 0001:00006EAC       TDBLookupList.CanGridAcceptKey
 0001:00006FF8       TDBLookupList.KeyDown
 0001:00007088       TDBLookupList.KeyPress
 0001:000070C4       TDBLookupList.MouseDown
 0001:00007210       TDBLookupList.MouseMove
 0001:0000725C       TDBLookupList.MouseUp
 0001:000072B8       TDBLookupList.ListClick
 0001:00007390       TDBLookupList.HighlightCell
 0001:000074D8       TDBLookupList.Paint
 0001:00007538       TDBLookupList.Scroll
 0001:00007574       TDBLookupList.LinkActive
 0001:0000760C       TDBLookupList.FieldLinkActive
 0001:0000762C       TDBLookupList.CMEnter
 0001:0000764C       TDBLookupList.CMExit
 0001:000076C0       TDBLookupList.SetOptions
 0001:00007748       TDBLookupList.Loaded
 0001:00007760       TPopupGrid.Create
 0001:000077A8       TPopupGrid.CreateParams
 0001:000077BC       TPopupGrid.CreateWnd
 0001:00007804       TPopupGrid.WMLButtonUp
 0001:00007824       TPopupGrid.CanEdit
 0001:00007844       TPopupGrid.MouseDown
 0001:00007880       TPopupGrid.LinkActive
 0001:000078C8       TPopupGrid.CMHintShow
 0001:000078D0       TComboButton.MouseDown
 0001:00007974       TComboButton.MouseMove
 0001:000079CC       Finalization
 0001:000079FC       dblookup
 0001:00007C8C       @GetPackageInfoTable
 0001:00007C94       @PackageLoad
 0001:00007CA0       @PackageUnload
 0001:00007CAC       vcldbx
 0002:00000000       Module
 0002:00000018       TlsProc
 0002:00000028       ReportClassName
 0002:00001000       ModuleIsLib
 0002:00001001       ModuleIsPackage
 0002:00001004       TlsIndex
 0002:0000100C       HInstance
 0002:00001010       .1
 0002:00001014       tlsBuffer
 0002:00001018       .3
 0002:0000101C       .1
 0002:00001020       .1
 0002:00001024       .1
 0002:00001028       .1
 0002:0000102C       .1
 0002:00001030       .1
 0002:00001034       .1
 0002:00001038       .1
 0002:0000103C       .3
 0002:00001040       .1
 0002:00001044       .1
 0002:00001048       .1
 0002:0000104C       .1
 0002:00001050       .6
 0002:00001054       StartEvent
 0002:00001058       SyncEvent
 0002:0000105C       SharedMem
 0002:00001060       ProcessId
 0002:00001064       ReportManager
 0002:00001068       StmtHandles
 0002:00001108       DriverHandle
 0002:0000110C       APIDriverHandle
 0002:00001110       InitObjects
 0002:00001114       GetThread
 0002:00001118       RS_PrintReport
 0002:0000111C       RS_SetRepVar
 0002:00001120       RS_Recalc
 0002:00001124       RS_CloseReport
 0002:00001128       RS_CloseRS
 0002:0000112C       RS_SetRecordLimit
 0002:00001130       RS_LoadReport
 0002:00001134       RS_ByteVersion
 0002:00001138       RS_Connect
 0002:0000113C       RS_IsBusy
 0002:00001140       RS_RunMacro
 0002:00001144       RS_IsReportSmithPresent
 0002:00001148       RS_Initiate
 0002:0000114C       RS_RegisterCallBack
 0002:00001150       .1
 0002:00001154       .5


Bound resource files

vcldbx.res
C:\TEMP\dtf296A.tmp


Program entry point at 0001:00007CAC
