
 Start         Length     Name                   Class
 0001:00000000 000207BCH .text                   CODE
 0002:00000000 00000148H .data                   DATA
 0002:00000148 00000075H .bss                    BSS


Detailed map of segments

 0001:00000000 0000022E C=CODE     S=.text    G=(none)   M=System   ACBP=A9
 0001:00000230 000001EC C=CODE     S=.text    G=(none)   M=SysInit  ACBP=A9
 0001:0000041C 0000001E C=CODE     S=.text    G=(none)   M=Variants ACBP=A9
 0001:0000043C 0000004E C=CODE     S=.text    G=(none)   M=SysUtils ACBP=A9
 0001:0000048C 0000000E C=CODE     S=.text    G=(none)   M=SysConst ACBP=A9
 0001:0000049C 00000294 C=CODE     S=.text    G=(none)   M=Windows  ACBP=A9
 0001:00000730 0000000E C=CODE     S=.text    G=(none)   M=Types    ACBP=A9
 0001:00000740 0000000E C=CODE     S=.text    G=(none)   M=VarUtils ACBP=A9
 0001:00000750 00000038 C=CODE     S=.text    G=(none)   M=Messages ACBP=A9
 0001:00000788 0000053E C=CODE     S=.text    G=(none)   M=Controls ACBP=A9
 0001:00000CC8 0000005E C=CODE     S=.text    G=(none)   M=ActnList ACBP=A9
 0001:00000D28 0000000E C=CODE     S=.text    G=(none)   M=Contnrs  ACBP=A9
 0001:00000D38 0000021E C=CODE     S=.text    G=(none)   M=Classes  ACBP=A9
 0001:00000F58 0000000E C=CODE     S=.text    G=(none)   M=ActiveX  ACBP=A9
 0001:00000F68 0000000E C=CODE     S=.text    G=(none)   M=TypInfo  ACBP=A9
 0001:00000F78 0000000E C=CODE     S=.text    G=(none)   M=RTLConsts ACBP=A9
 0001:00000F88 00000016 C=CODE     S=.text    G=(none)   M=Math     ACBP=A9
 0001:00000FA0 0000002E C=CODE     S=.text    G=(none)   M=ImgList  ACBP=A9
 0001:00000FD0 00000038 C=CODE     S=.text    G=(none)   M=CommCtrl ACBP=A9
 0001:00001008 00000126 C=CODE     S=.text    G=(none)   M=Graphics ACBP=A9
 0001:00001130 0000000E C=CODE     S=.text    G=(none)   M=Consts   ACBP=A9
 0001:00001140 00000186 C=CODE     S=.text    G=(none)   M=Forms    ACBP=A9
 0001:000012C8 0000000E C=CODE     S=.text    G=(none)   M=HelpIntfs ACBP=A9
 0001:000012D8 0000000E C=CODE     S=.text    G=(none)   M=MultiMon ACBP=A9
 0001:000012E8 00000038 C=CODE     S=.text    G=(none)   M=Imm      ACBP=A9
 0001:00001320 00000016 C=CODE     S=.text    G=(none)   M=Menus    ACBP=A9
 0001:00001338 0000000E C=CODE     S=.text    G=(none)   M=WinHelpViewer ACBP=A9
 0001:00001348 0000000E C=CODE     S=.text    G=(none)   M=StdActns ACBP=A9
 0001:00001358 00000016 C=CODE     S=.text    G=(none)   M=Dialogs  ACBP=A9
 0001:00001370 00000038 C=CODE     S=.text    G=(none)   M=ShlObj   ACBP=A9
 0001:000013A8 00000038 C=CODE     S=.text    G=(none)   M=UrlMon   ACBP=A9
 0001:000013E0 00000038 C=CODE     S=.text    G=(none)   M=WinInet  ACBP=A9
 0001:00001418 00000038 C=CODE     S=.text    G=(none)   M=RegStr   ACBP=A9
 0001:00001450 00000038 C=CODE     S=.text    G=(none)   M=ShellAPI ACBP=A9
 0001:00001488 0000000E C=CODE     S=.text    G=(none)   M=Printers ACBP=A9
 0001:00001498 00000038 C=CODE     S=.text    G=(none)   M=WinSpool ACBP=A9
 0001:000014D0 000003BE C=CODE     S=.text    G=(none)   M=StdCtrls ACBP=A9
 0001:00001890 00000038 C=CODE     S=.text    G=(none)   M=CommDlg  ACBP=A9
 0001:000018C8 00000038 C=CODE     S=.text    G=(none)   M=Dlgs     ACBP=A9
 0001:00001900 00000096 C=CODE     S=.text    G=(none)   M=ExtCtrls ACBP=A9
 0001:00001998 0000000E C=CODE     S=.text    G=(none)   M=StrUtils ACBP=A9
 0001:000019A8 0000001E C=CODE     S=.text    G=(none)   M=Clipbrd  ACBP=A9
 0001:000019C8 0000000E C=CODE     S=.text    G=(none)   M=FlatSB   ACBP=A9
 0001:000019D8 000000AE C=CODE     S=.text    G=(none)   M=Mask     ACBP=A9
 0001:00001A88 0000000E C=CODE     S=.text    G=(none)   M=MaskUtils ACBP=A9
 0001:00001A98 00000056 C=CODE     S=.text    G=(none)   M=Buttons  ACBP=A9
 0001:00001AF0 000000B6 C=CODE     S=.text    G=(none)   M=ComCtrls ACBP=A9
 0001:00001BA8 0000000E C=CODE     S=.text    G=(none)   M=ListActns ACBP=A9
 0001:00001BB8 0000000E C=CODE     S=.text    G=(none)   M=ToolWin  ACBP=A9
 0001:00001BC8 00000038 C=CODE     S=.text    G=(none)   M=RichEdit ACBP=A9
 0001:00001C00 0000000E C=CODE     S=.text    G=(none)   M=ExtActns ACBP=A9
 0001:00001C10 0000000E C=CODE     S=.text    G=(none)   M=Registry ACBP=A9
 0001:00001C20 0000000E C=CODE     S=.text    G=(none)   M=IniFiles ACBP=A9
 0001:00001C30 0000000E C=CODE     S=.text    G=(none)   M=ExtDlgs  ACBP=A9
 0001:00001C40 0000000E C=CODE     S=.text    G=(none)   M=Mapi     ACBP=A9
 0001:00001C50 0000000E C=CODE     S=.text    G=(none)   M=ComStrs  ACBP=A9
 0001:00001C60 0000023E C=CODE     S=.text    G=(none)   M=DB       ACBP=A9
 0001:00001EA0 0000000E C=CODE     S=.text    G=(none)   M=FMTBcd   ACBP=A9
 0001:00001EB0 0000000E C=CODE     S=.text    G=(none)   M=DBConsts ACBP=A9
 0001:00001EC0 0000000E C=CODE     S=.text    G=(none)   M=SqlTimSt ACBP=A9
 0001:00001ED0 0000000E C=CODE     S=.text    G=(none)   M=DateUtils ACBP=A9
 0001:00001EE0 0000000E C=CODE     S=.text    G=(none)   M=ComObj   ACBP=A9
 0001:00001EF0 0000000E C=CODE     S=.text    G=(none)   M=ComConst ACBP=A9
 0001:00001F00 000000D0 C=CODE     S=.text    G=(none)   M=VDBConsts ACBP=A9
 0001:00001FD0 00000706 C=CODE     S=.text    G=(none)   M=DBLogDlg ACBP=A9
 0001:000026D8 0000052D C=CODE     S=.text    G=(none)   M=DBPWDlg  ACBP=A9
 0001:00002C08 00010030 C=CODE     S=.text    G=(none)   M=DBCtrls  ACBP=A9
 0001:00012C38 00000236 C=CODE     S=.text    G=(none)   M=Grids    ACBP=A9
 0001:00012E70 0000945C C=CODE     S=.text    G=(none)   M=DBGrids  ACBP=A9
 0001:0001C2CC 00002904 C=CODE     S=.text    G=(none)   M=dbcgrids ACBP=A9
 0001:0001EBD0 00000F1C C=CODE     S=.text    G=(none)   M=DBActns  ACBP=A9
 0001:0001FAEC 00000096 C=CODE     S=.text    G=(none)   M=OleCtrls ACBP=A9
 0001:0001FB84 0000000E C=CODE     S=.text    G=(none)   M=AxCtrls  ACBP=A9
 0001:0001FB94 0000000E C=CODE     S=.text    G=(none)   M=StdVCL   ACBP=A9
 0001:0001FBA4 0000000E C=CODE     S=.text    G=(none)   M=OleConst ACBP=A9
 0001:0001FBB4 00000970 C=CODE     S=.text    G=(none)   M=DBOleCtl ACBP=A9
 0001:00020524 00000295 C=CODE     S=.text    G=(none)   M=vcldb    ACBP=A9
 0002:00000000 00000028 C=DATA     S=.data    G=DGROUP   M=SysInit  ACBP=A9
 0002:00000028 0000006C C=DATA     S=.data    G=DGROUP   M=DBCtrls  ACBP=A9
 0002:00000094 00000028 C=DATA     S=.data    G=DGROUP   M=DBGrids  ACBP=A9
 0002:00001000 00000018 C=BSS      S=.bss     G=DGROUP   M=SysInit  ACBP=A9
 0002:00001018 00000004 C=BSS      S=.bss     G=DGROUP   M=Windows  ACBP=A9
 0002:0000101C 00000004 C=BSS      S=.bss     G=DGROUP   M=Messages ACBP=A9
 0002:00001020 00000004 C=BSS      S=.bss     G=DGROUP   M=CommCtrl ACBP=A9
 0002:00001024 00000004 C=BSS      S=.bss     G=DGROUP   M=Imm      ACBP=A9
 0002:00001028 00000004 C=BSS      S=.bss     G=DGROUP   M=ShlObj   ACBP=A9
 0002:0000102C 00000004 C=BSS      S=.bss     G=DGROUP   M=UrlMon   ACBP=A9
 0002:00001030 00000004 C=BSS      S=.bss     G=DGROUP   M=WinInet  ACBP=A9
 0002:00001034 00000004 C=BSS      S=.bss     G=DGROUP   M=RegStr   ACBP=A9
 0002:00001038 00000004 C=BSS      S=.bss     G=DGROUP   M=ShellAPI ACBP=A9
 0002:0000103C 00000004 C=BSS      S=.bss     G=DGROUP   M=WinSpool ACBP=A9
 0002:00001040 00000004 C=BSS      S=.bss     G=DGROUP   M=CommDlg  ACBP=A9
 0002:00001044 00000004 C=BSS      S=.bss     G=DGROUP   M=Dlgs     ACBP=A9
 0002:00001048 00000004 C=BSS      S=.bss     G=DGROUP   M=RichEdit ACBP=A9
 0002:0000104C 00000004 C=BSS      S=.bss     G=DGROUP   M=VDBConsts ACBP=A9
 0002:00001050 00000004 C=BSS      S=.bss     G=DGROUP   M=DBLogDlg ACBP=A9
 0002:00001054 00000004 C=BSS      S=.bss     G=DGROUP   M=DBPWDlg  ACBP=A9
 0002:00001058 00000004 C=BSS      S=.bss     G=DGROUP   M=DBCtrls  ACBP=A9
 0002:0000105C 0000000C C=BSS      S=.bss     G=DGROUP   M=DBGrids  ACBP=A9
 0002:00001068 00000004 C=BSS      S=.bss     G=DGROUP   M=dbcgrids ACBP=A9
 0002:0000106C 00000004 C=BSS      S=.bss     G=DGROUP   M=DBActns  ACBP=A9
 0002:00001070 00000004 C=BSS      S=.bss     G=DGROUP   M=DBOleCtl ACBP=A9


  Address         Publics by Name

 0002:00001034       .1
 0002:00001038       .1
 0002:00001020       .1
 0002:00001024       .1
 0002:0000101C       .1
 0002:00001010       .1
 0002:00001040       .1
 0002:00001028       .1
 0002:0000102C       .1
 0002:00001030       .1
 0002:00001044       .1
 0002:00001048       .1
 0002:0000104C       .1
 0002:00001050       .2
 0002:00001054       .2
 0002:0000106C       .21
 0002:00001058       .22
 0002:0000103C       .3
 0002:00001018       .3
 0002:00001068       .4
 0002:00001070       .4
 0002:0000105C       .9
 0001:00020794       @GetPackageInfoTable
 0001:00000368       @InitPkg
 0001:0002079C       @PackageLoad
 0001:000003CC       @PackageLoad
 0001:000003D8       @PackageUnload
 0001:000207A8       @PackageUnload
 0001:0000054C       ActivateKeyboardLayout
 0001:0001675C       AddFields
 0001:00000554       AdjustWindowRectEx
 0002:00000098       AlignFlags
 0002:00000028       AlignStyle
 0001:00000268       AllocTlsBuffer
 0001:0000055C       BeginPaint
 0001:000004A4       BitBlt
 0002:00000068       BtnHintId
 0002:00000040       BtnTypeName
 0001:00000564       CallWindowProc
 0001:00019894       CheckForPassthroughs
 0001:00018EE0       ClearSelection
 0001:00001000       CommCtrl
 0001:000018C0       CommDlg
 0001:000004AC       CreateCompatibleBitmap
 0001:000004B4       CreateCompatibleDC
 0001:000004BC       CreateHatchBrush
 0001:000004C4       CreateSolidBrush
 0001:0000056C       CreateWindowEx
 0001:0001FAE4       DBActns
 0001:0001EBC8       dbcgrids
 0001:00012BC8       DBCtrls
 0001:0001C2C4       DBGrids
 0001:000026A0       DBLogDlg
 0001:0002051C       DBOleCtl
 0001:00002BF0       DBPWDlg
 0001:00009E68       DBUseRightToLeftAlignment
 0001:000004CC       DeleteDC
 0001:000004D4       DeleteObject
 0001:000192D4       DeletePrompt
 0001:00000574       DestroyWindow
 0002:00000094       Direction
 0001:000018F8       Dlgs
 0001:00018F14       DoSelection
 0002:00001060       DrawBitmap
 0001:0000057C       DrawEdge
 0001:00000584       DrawFocusRect
 0001:0000058C       DrawFrameControl
 0001:00000594       DrawText
 0001:00018140       DrawTitleCell
 0001:0000059C       EndPaint
 0001:000004DC       ExcludeClipRect
 0001:00000314       ExitProcessTLS
 0001:000002EC       ExitThreadTLS
 0001:00019840       FieldIsMapped
 0001:000005A4       FillRect
 0001:00001450       Finalization
 0001:00001498       Finalization
 0001:00001890       Finalization
 0001:000018C8       Finalization
 0001:00001BC8       Finalization
 0001:00001F98       Finalization
 0001:00012B84       Finalization
 0001:000204EC       Finalization
 0001:00002670       Finalization
 0001:00002BB4       Finalization
 0001:00001418       Finalization
 0001:0001FAB4       Finalization
 0001:000013E0       Finalization
 0001:000013A8       Finalization
 0001:000006F8       Finalization
 0001:00001370       Finalization
 0001:0001C294       Finalization
 0001:0001EB98       Finalization
 0001:000003E4       Finalization
 0001:00000750       Finalization
 0001:000012E8       Finalization
 0001:00000FD0       Finalization
 0001:00000230       FreeLibrary
 0001:000005AC       GetCapture
 0001:000005B4       GetClientRect
 0001:000005BC       GetDC
 0001:000005C4       GetFocus
 0001:000005CC       GetKeyState
 0001:000004E4       GetNearestColor
 0001:000005D4       GetScrollInfo
 0001:0001E9FC       GetShiftState
 0001:000005DC       GetSystemMetrics
 0001:000004EC       GetTextMetrics
 0001:0000049C       GetTickCount
 0001:00000274       GetTlsSize
 0001:000005E4       GetWindow
 0001:000005EC       GetWindowLong
 0001:000004F4       GetWindowOrgEx
 0002:0000100C       HInstance
 0001:00001318       Imm
 0001:000005F4       InflateRect
 0001:00000338       InitializeModule
 0001:000002C0       InitProcessTLS
 0001:0000027C       InitThreadTLS
 0001:000004FC       IntersectClipRect
 0001:000005FC       InvalidateRect
 0001:00000604       IsChild
 0001:000143DC       KillMessage
 0001:0000060C       KillTimer
 0001:00000614       LoadCursor
 0001:00000238       LocalAlloc
 0001:00000240       LocalFree
 0001:00002210       LoginDialog
 0001:00002328       LoginDialogEx
 0001:0000061C       MapWindowPoints
 0001:00019B30       MeasureTitleHeights
 0001:00000624       MessageBeep
 0001:00000780       Messages
 0002:00000000       Module
 0002:00001000       ModuleIsLib
 0002:00001001       ModuleIsPackage
 0001:000190AC       NextRow
 0001:0000062C       OffsetRect
 0001:00009E34       OkToChangeFieldAlignment
 0001:0000295C       PasswordDialog
 0001:00000634       PeekMessage
 0001:000006E0       PointToSmallPoint
 0001:0000063C       PostMessage
 0001:00000644       PostQuitMessage
 0001:00019168       PriorRow
 0001:0000064C       PtInRect
 0001:000143C4       RaiseGridError
 0001:0001AC84       ReadOnlyField
 0001:00000504       RealizePalette
 0001:00000654       RedrawWindow
 0001:00001448       RegStr
 0001:00016FBC       ReleaseBitmap
 0001:0000065C       ReleaseCapture
 0001:00000664       ReleaseDC
 0001:00002458       RemoteLoginDialog
 0001:00019920       ResetColumnFieldBindings
 0001:0000050C       RestoreDC
 0001:00001BF8       RichEdit
 0001:000180A0       RowIsMultiSelected
 0002:000000A4       RTL
 0001:00000514       SaveDC
 0001:0000066C       ScreenToClient
 0002:000000AC       ScrollArrows
 0001:00000674       ScrollWindowEx
 0002:00000090       SearchTickCount
 0001:0000051C       SelectClipRgn
 0001:00000524       SelectObject
 0001:0000052C       SelectPalette
 0001:0000067C       SendMessage
 0001:00000534       SetBkColor
 0001:0000053C       SetBkMode
 0001:00000684       SetCursor
 0001:00002660       SetCursorType
 0001:00020298       SetItemValue
 0001:0000068C       SetRect
 0001:00000694       SetScrollInfo
 0001:0000069C       SetScrollRange
 0001:000006A4       SetTimer
 0001:000006AC       SetWindowLong
 0001:00000544       SetWindowOrgEx
 0001:000006B4       SetWindowPos
 0001:00001480       ShellAPI
 0001:000013A0       ShlObj
 0001:000006CC       SmallPointToPoint
 0001:00000414       SysInit
 0001:000191DC       Tab
 0001:00016AD0       TBookmarkList.Clear
 0001:00016AF4       TBookmarkList.Compare
 0001:00016A3C       TBookmarkList.Create
 0001:00016B10       TBookmarkList.CurrentRow
 0001:00016D30       TBookmarkList.Delete
 0001:00016A9C       TBookmarkList.Destroy
 0001:00016BDC       TBookmarkList.Find
 0001:00016CD0       TBookmarkList.GetCount
 0001:00016B80       TBookmarkList.GetCurrentRowSelected
 0001:00016CDC       TBookmarkList.GetItem
 0001:00016CF8       TBookmarkList.IndexOf
 0001:00016D1C       TBookmarkList.LinkActive
 0001:00016DFC       TBookmarkList.Refresh
 0001:00016EEC       TBookmarkList.SetCurrentRowSelected
 0001:00016F84       TBookmarkList.StringsChanged
 0001:0001553C       TColumn.Assign
 0001:00015394       TColumn.Create
 0001:000156E8       TColumn.CreateTitle
 0001:000156F8       TColumn.DefaultAlignment
 0001:00015714       TColumn.DefaultColor
 0001:00015728       TColumn.DefaultFont
 0001:00015740       TColumn.DefaultImeMode
 0001:0001575C       TColumn.DefaultImeName
 0001:00015790       TColumn.DefaultReadOnly
 0001:000157C8       TColumn.DefaultWidth
 0001:000164A0       TColumn.Depth
 0001:000154FC       TColumn.Destroy
 0001:00015978       TColumn.FontChanged
 0001:00015994       TColumn.GetAlignment
 0001:000159A4       TColumn.GetColor
 0001:00015ACC       TColumn.GetDisplayName
 0001:000164C0       TColumn.GetExpandable
 0001:000159B4       TColumn.GetExpanded
 0001:000159D0       TColumn.GetField
 0001:00015A3C       TColumn.GetFont
 0001:00015AA4       TColumn.GetGrid
 0001:00015AF0       TColumn.GetImeMode
 0001:00015B00       TColumn.GetImeName
 0001:00015B28       TColumn.GetParentColumn
 0001:00015B90       TColumn.GetPickList
 0001:00015BB0       TColumn.GetReadOnly
 0001:00015BC0       TColumn.GetShowing
 0001:00015C04       TColumn.GetVisible
 0001:00015C34       TColumn.GetWidth
 0001:00015C5C       TColumn.IsAlignmentStored
 0001:00015C7C       TColumn.IsColorStored
 0001:00015C9C       TColumn.IsFontStored
 0001:00015CA4       TColumn.IsImeModeStored
 0001:00015CC4       TColumn.IsImeNameStored
 0001:00015D24       TColumn.IsReadOnlyStored
 0001:00015D44       TColumn.IsWidthStored
 0001:00015D64       TColumn.RefreshDefaultFont
 0001:00015DDC       TColumn.RestoreDefaults
 0001:00015E28       TColumn.SetAlignment
 0001:00015E8C       TColumn.SetButtonStyle
 0001:00015E9C       TColumn.SetColor
 0001:0001640C       TColumn.SetExpanded
 0001:00015EC0       TColumn.SetField
 0001:00015F8C       TColumn.SetFieldName
 0001:00015FF8       TColumn.SetFont
 0001:00016014       TColumn.SetImeMode
 0001:00016040       TColumn.SetImeName
 0001:000160C8       TColumn.SetIndex
 0001:00016260       TColumn.SetPickList
 0001:0001628C       TColumn.SetPopupMenu
 0001:000162AC       TColumn.SetReadOnly
 0001:00016310       TColumn.SetTitle
 0001:000163FC       TColumn.SetVisible
 0001:0001631C       TColumn.SetWidth
 0001:00014F24       TColumnTitle.Assign
 0001:00014E88       TColumnTitle.Create
 0001:00014FE8       TColumnTitle.DefaultAlignment
 0001:0001502C       TColumnTitle.DefaultCaption
 0001:00014FEC       TColumnTitle.DefaultColor
 0001:00015008       TColumnTitle.DefaultFont
 0001:00014EF4       TColumnTitle.Destroy
 0001:00015060       TColumnTitle.FontChanged
 0001:00015078       TColumnTitle.GetAlignment
 0001:000150A0       TColumnTitle.GetCaption
 0001:0001508C       TColumnTitle.GetColor
 0001:000150C8       TColumnTitle.GetFont
 0001:00015144       TColumnTitle.IsAlignmentStored
 0001:00015190       TColumnTitle.IsCaptionStored
 0001:00015164       TColumnTitle.IsColorStored
 0001:00015184       TColumnTitle.IsFontStored
 0001:000151F4       TColumnTitle.RefreshDefaultFont
 0001:00015270       TColumnTitle.RestoreDefaults
 0001:000152B4       TColumnTitle.SetAlignment
 0001:00015318       TColumnTitle.SetCaption
 0001:000152E0       TColumnTitle.SetColor
 0001:00015308       TColumnTitle.SetFont
 0001:000175F4       TCustomDBGrid.AcquireFocus
 0001:00017674       TCustomDBGrid.AcquireLayoutLock
 0001:0001C14C       TCustomDBGrid.BeginColumnDrag
 0001:0001769C       TCustomDBGrid.BeginLayout
 0001:000176C4       TCustomDBGrid.BeginUpdate
 0001:0001BF00       TCustomDBGrid.CalcSizingState
 0001:00017F04       TCustomDBGrid.CalcTitleRect
 0001:000176CC       TCustomDBGrid.CancelLayout
 0001:000176F8       TCustomDBGrid.CanEditAcceptKey
 0001:0001774C       TCustomDBGrid.CanEditModify
 0001:0001780C       TCustomDBGrid.CanEditShow
 0001:0001782C       TCustomDBGrid.CellClick
 0001:0001BFB8       TCustomDBGrid.CheckColumnDrag
 0001:0001B44C       TCustomDBGrid.CMBiDiModeChanged
 0001:0001B5DC       TCustomDBGrid.CMDeferLayout
 0001:0001B5FC       TCustomDBGrid.CMDesignHitTest
 0001:0001B4B4       TCustomDBGrid.CMExit
 0001:0001B560       TCustomDBGrid.CMFontChanged
 0001:0001B3E0       TCustomDBGrid.CMParentFontChanged
 0001:00017848       TCustomDBGrid.ColEnter
 0001:0001786C       TCustomDBGrid.ColExit
 0001:00017EDC       TCustomDBGrid.ColumnAtDepth
 0001:0001788C       TCustomDBGrid.ColumnMoved
 0001:000178E0       TCustomDBGrid.ColWidthsChanged
 0001:0001721C       TCustomDBGrid.Create
 0001:000179A0       TCustomDBGrid.CreateColumns
 0001:000179B8       TCustomDBGrid.CreateDataLink
 0001:000179C8       TCustomDBGrid.CreateEditor
 0001:000179D8       TCustomDBGrid.CreateWnd
 0001:00017A60       TCustomDBGrid.DataChanged
 0001:00017668       TCustomDBGrid.DataToRawColumn
 0001:00017D54       TCustomDBGrid.DefaultDrawColumnCell
 0001:00017CC8       TCustomDBGrid.DefaultDrawDataCell
 0001:00017AA4       TCustomDBGrid.DefaultHandler
 0001:00017B50       TCustomDBGrid.DeferLayout
 0001:00017BA8       TCustomDBGrid.DefineFieldMap
 0001:00017E50       TCustomDBGrid.DefineProperties
 0001:00017560       TCustomDBGrid.Destroy
 0001:00018454       TCustomDBGrid.DrawCell
 0001:00018A14       TCustomDBGrid.DrawColumnCell
 0001:000189E8       TCustomDBGrid.DrawDataCell
 0001:00018A44       TCustomDBGrid.EditButtonClick
 0001:00018A94       TCustomDBGrid.EditingChanged
 0001:0001C20C       TCustomDBGrid.EndColumnDrag
 0001:00018AAC       TCustomDBGrid.EndLayout
 0001:00018B40       TCustomDBGrid.EndUpdate
 0001:0001BB00       TCustomDBGrid.ExecuteAction
 0001:00018B50       TCustomDBGrid.GetColField
 0001:00018B94       TCustomDBGrid.GetDataSource
 0001:00018BA0       TCustomDBGrid.GetEditLimit
 0001:00018BDC       TCustomDBGrid.GetEditMask
 0001:00018C38       TCustomDBGrid.GetEditStyle
 0001:00018D38       TCustomDBGrid.GetEditText
 0001:00018DA0       TCustomDBGrid.GetFieldCount
 0001:00018DAC       TCustomDBGrid.GetFields
 0001:00018DB8       TCustomDBGrid.GetFieldValue
 0001:00018DE4       TCustomDBGrid.GetSelectedField
 0001:00018E10       TCustomDBGrid.GetSelectedIndex
 0001:00018E1C       TCustomDBGrid.HighlightCell
 0001:00019DE4       TCustomDBGrid.InternalLayout
 0001:0001C22C       TCustomDBGrid.InvalidateTitles
 0001:0001936C       TCustomDBGrid.KeyDown
 0001:0001980C       TCustomDBGrid.KeyPress
 0001:0001A020       TCustomDBGrid.LayoutChanged
 0001:0001A038       TCustomDBGrid.LinkActive
 0001:0001A100       TCustomDBGrid.Loaded
 0001:0001A254       TCustomDBGrid.MouseDown
 0001:0001A51C       TCustomDBGrid.MouseUp
 0001:0001A62C       TCustomDBGrid.MoveCol
 0001:0001A770       TCustomDBGrid.Notification
 0001:0001A13C       TCustomDBGrid.PtInExpandButton
 0001:0001765C       TCustomDBGrid.RawToDataColumn
 0001:00017DF4       TCustomDBGrid.ReadColumns
 0001:0001A90C       TCustomDBGrid.RecordChanged
 0001:0001AA10       TCustomDBGrid.Scroll
 0001:0001ACB0       TCustomDBGrid.SetColumnAttributes
 0001:0001AC74       TCustomDBGrid.SetColumns
 0001:0001AD80       TCustomDBGrid.SetDataSource
 0001:0001AE18       TCustomDBGrid.SetEditText
 0001:0001B8E4       TCustomDBGrid.SetIme
 0001:0001AE34       TCustomDBGrid.SetOptions
 0001:0001AF44       TCustomDBGrid.SetSelectedField
 0001:0001AF98       TCustomDBGrid.SetSelectedIndex
 0001:0001AFB8       TCustomDBGrid.SetTitleFont
 0001:0001BB60       TCustomDBGrid.ShowPopupEditor
 0001:0001AFDC       TCustomDBGrid.StoreColumns
 0001:0001AFF4       TCustomDBGrid.TimedScroll
 0001:0001B06C       TCustomDBGrid.TitleClick
 0001:0001B088       TCustomDBGrid.TitleFontChanged
 0001:0001C280       TCustomDBGrid.TopLeftChanged
 0001:0001BB30       TCustomDBGrid.UpdateAction
 0001:0001B0B8       TCustomDBGrid.UpdateActive
 0001:0001B18C       TCustomDBGrid.UpdateData
 0001:0001B9DC       TCustomDBGrid.UpdateIme
 0001:0001B1A8       TCustomDBGrid.UpdateRowCount
 0001:0001B280       TCustomDBGrid.UpdateScrollBar
 0001:00017C9C       TCustomDBGrid.UseRightToLeftAlignmentForField
 0001:0001B3C4       TCustomDBGrid.ValidFieldIndex
 0001:0001BA10       TCustomDBGrid.WMIMEStartComp
 0001:0001BA58       TCustomDBGrid.WMKillFocus
 0001:0001B698       TCustomDBGrid.WMSetCursor
 0001:0001BA24       TCustomDBGrid.WMSetFocus
 0001:0001B6F8       TCustomDBGrid.WMSize
 0001:0001B71C       TCustomDBGrid.WMVScroll
 0001:00017E1C       TCustomDBGrid.WriteColumns
 0001:0002016C       TDataBindings.Add
 0001:00020128       TDataBindings.Create
 0001:00020178       TDataBindings.GetItem
 0001:0002018C       TDataBindings.GetItemByDispID
 0001:000201D4       TDataBindings.GetOwner
 0001:000201D8       TDataBindings.SetItem
 0001:000201E0       TDataBindings.Update
 0001:0001FF04       TDataBindItem.Create
 0001:0001FF80       TDataBindItem.DataChange
 0001:00020054       TDataBindItem.Destroy
 0001:00020088       TDataBindItem.GetDataField
 0001:000200A0       TDataBindItem.SetDataField
 0001:000200B8       TDataBindItem.SetDispID
 0001:000200C8       TDataBindItem.UpdateData
 0001:0001F6BC       TDataSetAction.GetDataSet
 0001:0001F6D4       TDataSetAction.HandlesTarget
 0001:0001F71C       TDataSetAction.Notification
 0001:0001F74C       TDataSetAction.SetDataSource
 0001:0001F998       TDataSetCancel.ExecuteTarget
 0001:0001F9B4       TDataSetCancel.UpdateTarget
 0001:0001FA54       TDataSetDelete.ExecuteTarget
 0001:0001FA6C       TDataSetDelete.UpdateTarget
 0001:0001F9F8       TDataSetEdit.ExecuteTarget
 0001:0001FA10       TDataSetEdit.UpdateTarget
 0001:0001F768       TDataSetFirst.ExecuteTarget
 0001:0001F780       TDataSetFirst.UpdateTarget
 0001:0001F898       TDataSetInsert.ExecuteTarget
 0001:0001F8B0       TDataSetInsert.UpdateTarget
 0001:0001F84C       TDataSetLast.ExecuteTarget
 0001:0001F864       TDataSetLast.UpdateTarget
 0001:0001F800       TDataSetNext.ExecuteTarget
 0001:0001F818       TDataSetNext.UpdateTarget
 0001:0001F938       TDataSetPost.ExecuteTarget
 0001:0001F954       TDataSetPost.UpdateTarget
 0001:0001F7B4       TDataSetPrior.ExecuteTarget
 0001:0001F7CC       TDataSetPrior.UpdateTarget
 0001:0001F8E8       TDataSetRefresh.ExecuteTarget
 0001:0001F900       TDataSetRefresh.UpdateTarget
 0001:0000F3C8       TDataSourceLink.ActiveChanged
 0001:0000F38C       TDataSourceLink.Create
 0001:0000F3DC       TDataSourceLink.FocusControl
 0001:0000F420       TDataSourceLink.LayoutChanged
 0001:0000F434       TDataSourceLink.RecordChanged
 0001:0000B7DC       TDBCheckBox.CMExit
 0001:0000B838       TDBCheckBox.CMGetDataLink
 0001:0000B288       TDBCheckBox.Create
 0001:0000B4B4       TDBCheckBox.DataChange
 0001:0000B360       TDBCheckBox.Destroy
 0001:0000B844       TDBCheckBox.ExecuteAction
 0001:0000B684       TDBCheckBox.GetDataField
 0001:0000B648       TDBCheckBox.GetDataSource
 0001:0000B6C4       TDBCheckBox.GetField
 0001:0000B3F8       TDBCheckBox.GetFieldState
 0001:0000B6AC       TDBCheckBox.GetReadOnly
 0001:0000B6D0       TDBCheckBox.KeyPress
 0001:0000B3A4       TDBCheckBox.Notification
 0001:0000B6A0       TDBCheckBox.SetDataField
 0001:0000B654       TDBCheckBox.SetDataSource
 0001:0000B6B8       TDBCheckBox.SetReadOnly
 0001:0000B70C       TDBCheckBox.SetValueCheck
 0001:0000B72C       TDBCheckBox.SetValueUncheck
 0001:0000B620       TDBCheckBox.Toggle
 0001:0000B880       TDBCheckBox.UpdateAction
 0001:0000B4CC       TDBCheckBox.UpdateData
 0001:0000B3E0       TDBCheckBox.UseRightToLeftAlignment
 0001:0000B5A4       TDBCheckBox.ValueMatch
 0001:0000B784       TDBCheckBox.WMPaint
 0001:0000B74C       TDBCheckBox.WndProc
 0001:0000BC80       TDBComboBox.Change
 0001:0000BCA4       TDBComboBox.Click
 0001:0000BF80       TDBComboBox.CMEnter
 0001:0000BFBC       TDBComboBox.CMExit
 0001:0000C29C       TDBComboBox.CMGetDataLink
 0001:0000BF2C       TDBComboBox.ComboWndProc
 0001:0000B8BC       TDBComboBox.Create
 0001:0000BA08       TDBComboBox.CreateWnd
 0001:0000BA1C       TDBComboBox.DataChange
 0001:0000B96C       TDBComboBox.Destroy
 0001:0000BCC8       TDBComboBox.DropDown
 0001:0000BE38       TDBComboBox.EditingChange
 0001:0000C2A8       TDBComboBox.ExecuteAction
 0001:0000BC38       TDBComboBox.GetComboText
 0001:0000BD0C       TDBComboBox.GetDataField
 0001:0000BCD0       TDBComboBox.GetDataSource
 0001:0000BD4C       TDBComboBox.GetField
 0001:0000BD34       TDBComboBox.GetReadOnly
 0001:0000BD58       TDBComboBox.KeyDown
 0001:0000BDA8       TDBComboBox.KeyPress
 0001:0000B9B0       TDBComboBox.Loaded
 0001:0000B9CC       TDBComboBox.Notification
 0001:0000BAFC       TDBComboBox.SetComboText
 0001:0000BD28       TDBComboBox.SetDataField
 0001:0000BCDC       TDBComboBox.SetDataSource
 0001:0000BE40       TDBComboBox.SetEditReadOnly
 0001:0000C1F4       TDBComboBox.SetItems
 0001:0000BD40       TDBComboBox.SetReadOnly
 0001:0000C20C       TDBComboBox.SetStyle
 0001:0000C2E4       TDBComboBox.UpdateAction
 0001:0000BAA8       TDBComboBox.UpdateData
 0001:0000C284       TDBComboBox.UseRightToLeftAlignment
 0001:0000C024       TDBComboBox.WMPaint
 0001:0000BE7C       TDBComboBox.WndProc
 0001:0001D2C4       TDBCtrlGrid.AcquireFocus
 0001:0001D304       TDBCtrlGrid.AdjustSize
 0001:0001EA38       TDBCtrlGrid.CMChildKey
 0001:0001EB00       TDBCtrlGrid.CMColorChanged
 0001:0001D1A8       TDBCtrlGrid.Create
 0001:0001D360       TDBCtrlGrid.CreatePanelBitmap
 0001:0001D3C8       TDBCtrlGrid.CreateParams
 0001:0001D3E0       TDBCtrlGrid.CreateWnd
 0001:0001D438       TDBCtrlGrid.DataSetChanged
 0001:0001D280       TDBCtrlGrid.Destroy
 0001:0001D5B8       TDBCtrlGrid.DestroyPanelBitmap
 0001:0001D5F8       TDBCtrlGrid.DoKey
 0001:0001D814       TDBCtrlGrid.DrawPanel
 0001:0001D8D4       TDBCtrlGrid.DrawPanelBackground
 0001:0001EB20       TDBCtrlGrid.ExecuteAction
 0001:0001E150       TDBCtrlGrid.FindNext
 0001:0001D958       TDBCtrlGrid.GetChildParent
 0001:0001D960       TDBCtrlGrid.GetChildren
 0001:0001D988       TDBCtrlGrid.GetDataSource
 0001:0001D994       TDBCtrlGrid.GetEditMode
 0001:0001D9C8       TDBCtrlGrid.GetPanelBounds
 0001:0001DA34       TDBCtrlGrid.GetTabOrderList
 0001:0001DA38       TDBCtrlGrid.KeyDown
 0001:0001DD88       TDBCtrlGrid.PaintPanel
 0001:0001DB4C       TDBCtrlGrid.PaintWindow
 0001:0001DDA8       TDBCtrlGrid.PointInPanel
 0001:0001DDF8       TDBCtrlGrid.ReadState
 0001:0001DE10       TDBCtrlGrid.Reset
 0001:0001DE50       TDBCtrlGrid.Scroll
 0001:0001E018       TDBCtrlGrid.ScrollMessage
 0001:0001E268       TDBCtrlGrid.SelectNext
 0001:0001E350       TDBCtrlGrid.SetBounds
 0001:0001E3F4       TDBCtrlGrid.SetColCount
 0001:0001E41C       TDBCtrlGrid.SetDataSource
 0001:0001E43C       TDBCtrlGrid.SetEditMode
 0001:0001E480       TDBCtrlGrid.SetOrientation
 0001:0001E4A4       TDBCtrlGrid.SetPanelBorder
 0001:0001E4CC       TDBCtrlGrid.SetPanelHeight
 0001:0001E4F8       TDBCtrlGrid.SetPanelIndex
 0001:0001E52C       TDBCtrlGrid.SetPanelWidth
 0001:0001E558       TDBCtrlGrid.SetRowCount
 0001:0001E580       TDBCtrlGrid.SetSelectedColor
 0001:0001EB5C       TDBCtrlGrid.UpdateAction
 0001:0001E5B4       TDBCtrlGrid.UpdateDataLinks
 0001:0001E690       TDBCtrlGrid.UpdateScrollBar
 0001:0001E9A0       TDBCtrlGrid.WMEraseBkgnd
 0001:0001E9E0       TDBCtrlGrid.WMGetDlgCode
 0001:0001E990       TDBCtrlGrid.WMHScroll
 0001:0001E9C8       TDBCtrlGrid.WMKillFocus
 0001:0001E960       TDBCtrlGrid.WMLButtonDblClk
 0001:0001E7D8       TDBCtrlGrid.WMLButtonDown
 0001:0001E9A8       TDBCtrlGrid.WMPaint
 0001:0001E9B0       TDBCtrlGrid.WMSetFocus
 0001:0001E9E8       TDBCtrlGrid.WMSize
 0001:0001E998       TDBCtrlGrid.WMVScroll
 0001:0001CE8C       TDBCtrlGridLink.ActiveChanged
 0001:0001CE44       TDBCtrlGridLink.Create
 0001:0001CE98       TDBCtrlGridLink.DataSetChanged
 0001:0001D094       TDBCtrlPanel.CMControlListChange
 0001:0001CEA4       TDBCtrlPanel.CreateLinked
 0001:0001CEFC       TDBCtrlPanel.CreateParams
 0001:0001CF0C       TDBCtrlPanel.PaintWindow
 0001:0001D1A0       TDBCtrlPanel.WMEraseBkgnd
 0001:0001D188       TDBCtrlPanel.WMNCHitTest
 0001:0001D0AC       TDBCtrlPanel.WMPaint
 0001:0000A740       TDBEdit.ActiveChange
 0001:0000A688       TDBEdit.Change
 0001:0000A978       TDBEdit.CMEnter
 0001:0000A9B8       TDBEdit.CMExit
 0001:0000ADFC       TDBEdit.CMGetDataLink
 0001:0000A40C       TDBEdit.Create
 0001:0000A748       TDBEdit.DataChange
 0001:0000A4A4       TDBEdit.Destroy
 0001:0000A628       TDBEdit.EditCanModify
 0001:0000A8A8       TDBEdit.EditingChange
 0001:0000AED0       TDBEdit.ExecuteAction
 0001:0000A6DC       TDBEdit.GetDataField
 0001:0000A6A0       TDBEdit.GetDataSource
 0001:0000A734       TDBEdit.GetField
 0001:0000A71C       TDBEdit.GetReadOnly
 0001:0000AE08       TDBEdit.GetTextMargins
 0001:0000A560       TDBEdit.KeyDown
 0001:0000A598       TDBEdit.KeyPress
 0001:0000A4E8       TDBEdit.Loaded
 0001:0000A50C       TDBEdit.Notification
 0001:0000A634       TDBEdit.Reset
 0001:0000A360       TDBEdit.ResetMaxLength
 0001:0000A6F8       TDBEdit.SetDataField
 0001:0000A6AC       TDBEdit.SetDataSource
 0001:0000A64C       TDBEdit.SetFocused
 0001:0000A728       TDBEdit.SetReadOnly
 0001:0000AF0C       TDBEdit.UpdateAction
 0001:0000A8BC       TDBEdit.UpdateData
 0001:0000A548       TDBEdit.UseRightToLeftAlignment
 0001:0000A958       TDBEdit.WMCut
 0001:0000AA30       TDBEdit.WMPaint
 0001:0000A938       TDBEdit.WMPaste
 0001:0000A918       TDBEdit.WMUndo
 0001:00016520       TDBGridColumns.Add
 0001:000164D8       TDBGridColumns.Create
 0001:0001652C       TDBGridColumns.GetColumn
 0001:00016540       TDBGridColumns.GetOwner
 0001:00016A14       TDBGridColumns.GetState
 0001:00016A08       TDBGridColumns.InternalAdd
 0001:00016544       TDBGridColumns.LoadFromFile
 0001:00016670       TDBGridColumns.LoadFromStream
 0001:0001681C       TDBGridColumns.RebuildColumns
 0001:000166F4       TDBGridColumns.RestoreDefaults
 0001:000168B4       TDBGridColumns.SaveToFile
 0001:0001690C       TDBGridColumns.SaveToStream
 0001:00016968       TDBGridColumns.SetColumn
 0001:00016988       TDBGridColumns.SetState
 0001:000169B0       TDBGridColumns.Update
 0001:00014608       TDBGridInplaceEdit.CloseUp
 0001:000145BC       TDBGridInplaceEdit.Create
 0001:000147EC       TDBGridInplaceEdit.DoEditButtonClick
 0001:00014800       TDBGridInplaceEdit.DropDown
 0001:00014944       TDBGridInplaceEdit.UpdateContents
 0001:0000E020       TDBImage.CMEnter
 0001:0000E03C       TDBImage.CMExit
 0001:0000E014       TDBImage.CMGetDataLink
 0001:0000E0D4       TDBImage.CMTextChanged
 0001:0000DE50       TDBImage.CopyToClipboard
 0001:0000D714       TDBImage.Create
 0001:0000DEE8       TDBImage.CreateParams
 0001:0000DE74       TDBImage.CutToClipboard
 0001:0000DDDC       TDBImage.DataChange
 0001:0000D80C       TDBImage.Destroy
 0001:0000E170       TDBImage.ExecuteAction
 0001:0000D88C       TDBImage.GetDataField
 0001:0000D850       TDBImage.GetDataSource
 0001:0000D8CC       TDBImage.GetField
 0001:0000D8D8       TDBImage.GetPalette
 0001:0000D8B4       TDBImage.GetReadOnly
 0001:0000DF2C       TDBImage.KeyDown
 0001:0000DF84       TDBImage.KeyPress
 0001:0000DD9C       TDBImage.LoadPicture
 0001:0000DD60       TDBImage.Notification
 0001:0000D96C       TDBImage.Paint
 0001:0000DEA8       TDBImage.PasteFromClipboard
 0001:0000DD38       TDBImage.PictureChanged
 0001:0000D908       TDBImage.SetAutoDisplay
 0001:0000D920       TDBImage.SetBorderStyle
 0001:0000D934       TDBImage.SetCenter
 0001:0000D8A8       TDBImage.SetDataField
 0001:0000D85C       TDBImage.SetDataSource
 0001:0000D948       TDBImage.SetPicture
 0001:0000D8C0       TDBImage.SetReadOnly
 0001:0000D958       TDBImage.SetStretch
 0001:0000E1AC       TDBImage.UpdateAction
 0001:0000DE08       TDBImage.UpdateData
 0001:0000E14C       TDBImage.WMCopy
 0001:0000E144       TDBImage.WMCut
 0001:0000E128       TDBImage.WMLButtonDblClk
 0001:0000E0F0       TDBImage.WMLButtonDown
 0001:0000E154       TDBImage.WMPaste
 0001:0000E15C       TDBImage.WMSize
 0001:0000C518       TDBListBox.Click
 0001:0000C688       TDBListBox.CMExit
 0001:0000C6E4       TDBListBox.CMGetDataLink
 0001:0000C320       TDBListBox.Create
 0001:0000C418       TDBListBox.DataChange
 0001:0000C38C       TDBListBox.Destroy
 0001:0000C70C       TDBListBox.ExecuteAction
 0001:0000C570       TDBListBox.GetDataField
 0001:0000C540       TDBListBox.GetDataSource
 0001:0000C5B0       TDBListBox.GetField
 0001:0000C598       TDBListBox.GetReadOnly
 0001:0000C5BC       TDBListBox.KeyDown
 0001:0000C5F8       TDBListBox.KeyPress
 0001:0000C3C4       TDBListBox.Notification
 0001:0000C58C       TDBListBox.SetDataField
 0001:0000C54C       TDBListBox.SetDataSource
 0001:0000C6F0       TDBListBox.SetItems
 0001:0000C5A4       TDBListBox.SetReadOnly
 0001:0000C748       TDBListBox.UpdateAction
 0001:0000C494       TDBListBox.UpdateData
 0001:0000C400       TDBListBox.UseRightToLeftAlignment
 0001:0000C638       TDBListBox.WMLButtonDown
 0001:000112E8       TDBLookupComboBox.CloseUp
 0001:000113E8       TDBLookupComboBox.CMBiDiModeChanged
 0001:00011F28       TDBLookupComboBox.CMCancelMode
 0001:00011F44       TDBLookupComboBox.CMCtl3DChanged
 0001:00011404       TDBLookupComboBox.CMDialogKey
 0001:00011F70       TDBLookupComboBox.CMFontChanged
 0001:00011F88       TDBLookupComboBox.CMGetDataLink
 0001:0001122C       TDBLookupComboBox.Create
 0001:00011448       TDBLookupComboBox.CreateParams
 0001:00011480       TDBLookupComboBox.DropDown
 0001:00011FC8       TDBLookupComboBox.ExecuteAction
 0001:00011738       TDBLookupComboBox.KeyDown
 0001:00011868       TDBLookupComboBox.KeyPress
 0001:000118C0       TDBLookupComboBox.KeyValueChanged
 0001:000119AC       TDBLookupComboBox.ListMouseUp
 0001:000119FC       TDBLookupComboBox.MouseDown
 0001:00011A84       TDBLookupComboBox.MouseMove
 0001:00011B4C       TDBLookupComboBox.MouseUp
 0001:00011B7C       TDBLookupComboBox.Paint
 0001:00011E38       TDBLookupComboBox.SetBounds
 0001:00011E84       TDBLookupComboBox.StopTracking
 0001:00011EB0       TDBLookupComboBox.TrackButton
 0001:00012004       TDBLookupComboBox.UpdateAction
 0001:00011994       TDBLookupComboBox.UpdateListFields
 0001:00011E78       TDBLookupComboBox.UseRightToLeftAlignment
 0001:00011F94       TDBLookupComboBox.WMCancelMode
 0001:00011FB0       TDBLookupComboBox.WMKillFocus
 0001:0000F694       TDBLookupControl.CanModify
 0001:0000F6D8       TDBLookupControl.CheckNotCircular
 0001:0000F750       TDBLookupControl.CheckNotLookup
 0001:0001020C       TDBLookupControl.CMEnabledChanged
 0001:00010220       TDBLookupControl.CMGetDataLink
 0001:0000F504       TDBLookupControl.Create
 0001:0000F87C       TDBLookupControl.DataLinkRecordChanged
 0001:0000F618       TDBLookupControl.Destroy
 0001:0001022C       TDBLookupControl.ExecuteAction
 0001:0000F908       TDBLookupControl.GetBorderSize
 0001:0000F95C       TDBLookupControl.GetDataSource
 0001:0000F968       TDBLookupControl.GetKeyFieldName
 0001:0000F994       TDBLookupControl.GetListSource
 0001:0000F9AC       TDBLookupControl.GetReadOnly
 0001:0000F9B8       TDBLookupControl.GetTextHeight
 0001:0000F9F8       TDBLookupControl.KeyValueChanged
 0001:0000FC0C       TDBLookupControl.ListLinkDataChanged
 0001:0000FC10       TDBLookupControl.LocateKey
 0001:0000FCEC       TDBLookupControl.Notification
 0001:0000FD44       TDBLookupControl.ProcessSearchKey
 0001:0000FF88       TDBLookupControl.SelectKeyValue
 0001:0000FFDC       TDBLookupControl.SetDataFieldName
 0001:0001000C       TDBLookupControl.SetDataSource
 0001:0001003C       TDBLookupControl.SetKeyFieldName
 0001:00010074       TDBLookupControl.SetKeyValue
 0001:000100A8       TDBLookupControl.SetListFieldName
 0001:000100D8       TDBLookupControl.SetListSource
 0001:00010104       TDBLookupControl.SetLookupMode
 0001:000101B0       TDBLookupControl.SetReadOnly
 0001:00010268       TDBLookupControl.UpdateAction
 0001:0000F7D4       TDBLookupControl.UpdateDataFields
 0001:0000F9FC       TDBLookupControl.UpdateListFields
 0001:000101BC       TDBLookupControl.WMGetDlgCode
 0001:000102A4       TDBLookupControl.WMKeyDown
 0001:000101C4       TDBLookupControl.WMKillFocus
 0001:000101E0       TDBLookupControl.WMSetFocus
 0001:00010F80       TDBLookupListBox.CMCtl3DChanged
 0001:00010FBC       TDBLookupListBox.CMFontChanged
 0001:0001030C       TDBLookupListBox.Create
 0001:00010370       TDBLookupListBox.CreateParams
 0001:000103B0       TDBLookupListBox.CreateWnd
 0001:0001112C       TDBLookupListBox.ExecuteAction
 0001:000103C4       TDBLookupListBox.GetKeyIndex
 0001:00010468       TDBLookupListBox.KeyDown
 0001:0001058C       TDBLookupListBox.KeyPress
 0001:000105AC       TDBLookupListBox.KeyValueChanged
 0001:000106A0       TDBLookupListBox.ListLinkDataChanged
 0001:00010734       TDBLookupListBox.MouseDown
 0001:000107E8       TDBLookupListBox.MouseMove
 0001:00010830       TDBLookupListBox.MouseUp
 0001:00010878       TDBLookupListBox.Paint
 0001:00010C04       TDBLookupListBox.SelectCurrent
 0001:00010C98       TDBLookupListBox.SelectItemAt
 0001:00010CF0       TDBLookupListBox.SetBorderStyle
 0001:00010D18       TDBLookupListBox.SetBounds
 0001:00010DA8       TDBLookupListBox.SetRowCount
 0001:00010DEC       TDBLookupListBox.StopTimer
 0001:00010E10       TDBLookupListBox.StopTracking
 0001:00010E38       TDBLookupListBox.TimerScroll
 0001:00011168       TDBLookupListBox.UpdateAction
 0001:00010644       TDBLookupListBox.UpdateListFields
 0001:00010ED0       TDBLookupListBox.UpdateScrollBar
 0001:00010D9C       TDBLookupListBox.UseRightToLeftAlignment
 0001:00010FD4       TDBLookupListBox.WMCancelMode
 0001:00010FF0       TDBLookupListBox.WMTimer
 0001:00010FF8       TDBLookupListBox.WMVScroll
 0001:0000CFA8       TDBMemo.Change
 0001:0000D400       TDBMemo.CMEnter
 0001:0000D440       TDBMemo.CMExit
 0001:0000D548       TDBMemo.CMGetDataLink
 0001:0000CD4C       TDBMemo.Create
 0001:0000D18C       TDBMemo.DataChange
 0001:0000CE08       TDBMemo.Destroy
 0001:0000D318       TDBMemo.EditingChange
 0001:0000D69C       TDBMemo.ExecuteAction
 0001:0000D00C       TDBMemo.GetDataField
 0001:0000CFD0       TDBMemo.GetDataSource
 0001:0000D04C       TDBMemo.GetField
 0001:0000D034       TDBMemo.GetReadOnly
 0001:0000CEBC       TDBMemo.KeyDown
 0001:0000CEFC       TDBMemo.KeyPress
 0001:0000CE4C       TDBMemo.Loaded
 0001:0000D058       TDBMemo.LoadMemo
 0001:0000CE68       TDBMemo.Notification
 0001:0000D4A8       TDBMemo.SetAutoDisplay
 0001:0000D028       TDBMemo.SetDataField
 0001:0000CFDC       TDBMemo.SetDataSource
 0001:0000D394       TDBMemo.SetFocused
 0001:0000D040       TDBMemo.SetReadOnly
 0001:0000D6D8       TDBMemo.UpdateAction
 0001:0000D33C       TDBMemo.UpdateData
 0001:0000CEA4       TDBMemo.UseRightToLeftAlignment
 0001:0000D4E8       TDBMemo.WMCut
 0001:0000D4C4       TDBMemo.WMLButtonDblClk
 0001:0000D554       TDBMemo.WMPaint
 0001:0000D528       TDBMemo.WMPaste
 0001:0000D508       TDBMemo.WMUndo
 0001:0000D3D0       TDBMemo.WndProc
 0001:0000EFE8       TDBNavigator.ActiveChanged
 0001:0000EB60       TDBNavigator.BtnClick
 0001:0000EAB0       TDBNavigator.BtnMouseDown
 0001:0000E850       TDBNavigator.CalcMinSize
 0001:0000EA98       TDBNavigator.ClickHandler
 0001:0000F034       TDBNavigator.CMEnabledChanged
 0001:0000E238       TDBNavigator.Create
 0001:0000EE24       TDBNavigator.DataChanged
 0001:0000E344       TDBNavigator.Destroy
 0001:0000EF30       TDBNavigator.EditingChanged
 0001:0000E778       TDBNavigator.GetChildren
 0001:0000F080       TDBNavigator.GetDataSource
 0001:0000E744       TDBNavigator.GetHints
 0001:0000E67C       TDBNavigator.HintsChanged
 0001:0000E394       TDBNavigator.InitButtons
 0001:0000E554       TDBNavigator.InitHints
 0001:0000ED10       TDBNavigator.KeyDown
 0001:0000F08C       TDBNavigator.Loaded
 0001:0000E780       TDBNavigator.Notification
 0001:0000E9F4       TDBNavigator.SetBounds
 0001:0000F050       TDBNavigator.SetDataSource
 0001:0000E684       TDBNavigator.SetFlat
 0001:0000E6C0       TDBNavigator.SetHints
 0001:0000E8C0       TDBNavigator.SetSize
 0001:0000E7BC       TDBNavigator.SetVisible
 0001:0000EE1C       TDBNavigator.WMGetDlgCode
 0001:0000ECF8       TDBNavigator.WMKillFocus
 0001:0000ECE0       TDBNavigator.WMSetFocus
 0001:0000EA44       TDBNavigator.WMSize
 0001:0000EA70       TDBNavigator.WMWindowPosChanging
 0001:000201E4       TDBOleControl.Create
 0001:00020230       TDBOleControl.Destroy
 0001:00020260       TDBOleControl.Notification
 0001:00020328       TDBOleControl.OnChanged
 0001:000203EC       TDBOleControl.OnRequestEdit
 0001:00020458       TDBOleControl.SetDataSource
 0001:0000CCC8       TDBRadioGroup.CanModify
 0001:0000CC6C       TDBRadioGroup.Change
 0001:0000CBB8       TDBRadioGroup.Click
 0001:0000CB28       TDBRadioGroup.CMExit
 0001:0000CBAC       TDBRadioGroup.CMGetDataLink
 0001:0000C784       TDBRadioGroup.Create
 0001:0000C888       TDBRadioGroup.DataChange
 0001:0000C800       TDBRadioGroup.Destroy
 0001:0000CCD4       TDBRadioGroup.ExecuteAction
 0001:0000C988       TDBRadioGroup.GetButtonValue
 0001:0000C93C       TDBRadioGroup.GetDataField
 0001:0000C90C       TDBRadioGroup.GetDataSource
 0001:0000C97C       TDBRadioGroup.GetField
 0001:0000C964       TDBRadioGroup.GetReadOnly
 0001:0000CC8C       TDBRadioGroup.KeyPress
 0001:0000C844       TDBRadioGroup.Notification
 0001:0000C958       TDBRadioGroup.SetDataField
 0001:0000C918       TDBRadioGroup.SetDataSource
 0001:0000CC34       TDBRadioGroup.SetItems
 0001:0000C970       TDBRadioGroup.SetReadOnly
 0001:0000CA30       TDBRadioGroup.SetValue
 0001:0000CC50       TDBRadioGroup.SetValues
 0001:0000CD10       TDBRadioGroup.UpdateAction
 0001:0000C8F0       TDBRadioGroup.UpdateData
 0001:0000C880       TDBRadioGroup.UseRightToLeftAlignment
 0001:0001216C       TDBRichEdit.BeginEditing
 0001:00012328       TDBRichEdit.Change
 0001:00012790       TDBRichEdit.CMEnter
 0001:000127D0       TDBRichEdit.CMExit
 0001:000128B0       TDBRichEdit.CMGetDataLink
 0001:00012040       TDBRichEdit.Create
 0001:000124EC       TDBRichEdit.DataChange
 0001:000120C4       TDBRichEdit.Destroy
 0001:000126B0       TDBRichEdit.EditingChange
 0001:000128BC       TDBRichEdit.ExecuteAction
 0001:00012380       TDBRichEdit.GetDataField
 0001:00012350       TDBRichEdit.GetDataSource
 0001:000123C0       TDBRichEdit.GetField
 0001:000123A8       TDBRichEdit.GetReadOnly
 0001:0001222C       TDBRichEdit.KeyDown
 0001:00012280       TDBRichEdit.KeyPress
 0001:000120FC       TDBRichEdit.Loaded
 0001:000123CC       TDBRichEdit.LoadMemo
 0001:00012118       TDBRichEdit.Notification
 0001:00012838       TDBRichEdit.SetAutoDisplay
 0001:0001239C       TDBRichEdit.SetDataField
 0001:0001235C       TDBRichEdit.SetDataSource
 0001:00012754       TDBRichEdit.SetFocused
 0001:000123B4       TDBRichEdit.SetReadOnly
 0001:000128F8       TDBRichEdit.UpdateAction
 0001:000126D4       TDBRichEdit.UpdateData
 0001:00012154       TDBRichEdit.UseRightToLeftAlignment
 0001:00012878       TDBRichEdit.WMCut
 0001:00012854       TDBRichEdit.WMLButtonDblClk
 0001:00012894       TDBRichEdit.WMPaste
 0001:0000B204       TDBText.CMGetDataLink
 0001:0000AF48       TDBText.Create
 0001:0000B194       TDBText.DataChange
 0001:0000AFCC       TDBText.Destroy
 0001:0000B210       TDBText.ExecuteAction
 0001:0000B124       TDBText.GetDataField
 0001:0000B0E8       TDBText.GetDataSource
 0001:0000B14C       TDBText.GetField
 0001:0000B158       TDBText.GetFieldText
 0001:0000B1E0       TDBText.GetLabelText
 0001:0000B004       TDBText.Loaded
 0001:0000B020       TDBText.Notification
 0001:0000B074       TDBText.SetAutoSize
 0001:0000B140       TDBText.SetDataField
 0001:0000B0F4       TDBText.SetDataSource
 0001:0000B24C       TDBText.UpdateAction
 0001:0000B05C       TDBText.UseRightToLeftAlignment
 0001:0000A080       TFieldDataLink.ActiveChanged
 0001:00009EA4       TFieldDataLink.Create
 0001:0000A030       TFieldDataLink.Edit
 0001:0000A09C       TFieldDataLink.EditingChanged
 0001:0000A0C0       TFieldDataLink.FocusControl
 0001:0000A04C       TFieldDataLink.GetCanModify
 0001:0000A12C       TFieldDataLink.LayoutChanged
 0001:0000A070       TFieldDataLink.Modified
 0001:0000A108       TFieldDataLink.RecordChanged
 0001:0000A078       TFieldDataLink.Reset
 0001:00009EE0       TFieldDataLink.SetEditing
 0001:00009F28       TFieldDataLink.SetField
 0001:00009F00       TFieldDataLink.SetFieldName
 0001:0000A134       TFieldDataLink.UpdateData
 0001:00009F4C       TFieldDataLink.UpdateField
 0001:00009FAC       TFieldDataLink.UpdateRightToLeft
 0001:00014C58       TGridDataLink.ActiveChanged
 0001:00014B38       TGridDataLink.AddMapping
 0001:00014E84       TGridDataLink.BuildAggMap
 0001:00014CD8       TGridDataLink.ClearMapping
 0001:00014A48       TGridDataLink.Create
 0001:00014CF8       TGridDataLink.DataSetChanged
 0001:00014D0C       TGridDataLink.DataSetScrolled
 0001:00014A88       TGridDataLink.Destroy
 0001:00014DCC       TGridDataLink.EditingChanged
 0001:00014D8C       TGridDataLink.FocusControl
 0001:00014AB4       TGridDataLink.GetDefaultFields
 0001:00014B00       TGridDataLink.GetFields
 0001:00014E44       TGridDataLink.GetMappedIndex
 0001:00014E80       TGridDataLink.IsAggRow
 0001:00014D24       TGridDataLink.LayoutChanged
 0001:00014CF0       TGridDataLink.Modified
 0001:00014DD8       TGridDataLink.RecordChanged
 0001:00014E58       TGridDataLink.Reset
 0001:00014DEC       TGridDataLink.UpdateData
 0001:0000F480       TListSourceLink.ActiveChanged
 0001:0000F444       TListSourceLink.Create
 0001:0000F494       TListSourceLink.DataSetChanged
 0001:0000F4A8       TListSourceLink.LayoutChanged
 0001:00002618       TLoginDialog.FormShow
 0001:00000248       TlsAlloc
 0002:00001014       tlsBuffer
 0001:00000250       TlsFree
 0001:00000258       TlsGetValue
 0002:00001004       TlsIndex
 0002:BFA2E000       TlsLast
 0002:00000018       TlsProc
 0001:00000260       TlsSetValue
 0001:0000F0EC       TNavButton.Destroy
 0001:0000F120       TNavButton.MouseDown
 0001:0000F198       TNavButton.MouseUp
 0001:0000F24C       TNavButton.Paint
 0001:0000F1CC       TNavButton.TimerExpired
 0001:0000F37C       TNavDataLink.ActiveChanged
 0001:0000F2F0       TNavDataLink.Create
 0001:0000F36C       TNavDataLink.DataSetChanged
 0001:0000F330       TNavDataLink.Destroy
 0001:0000F35C       TNavDataLink.EditingChanged
 0001:0000A158       TPaintControl.Create
 0001:0000A198       TPaintControl.Destroy
 0001:0000A1B8       TPaintControl.DestroyHandle
 0001:0000A1DC       TPaintControl.GetHandle
 0001:0000A2F8       TPaintControl.SetCtl3DButton
 0001:0000A314       TPaintControl.WndProc
 0001:00002A58       TPasswordDialog.AddButtonClick
 0001:000029D0       TPasswordDialog.EditChange
 0001:00002B60       TPasswordDialog.OKButtonClick
 0001:00002B40       TPasswordDialog.RemoveAllButtonClick
 0001:00002AD0       TPasswordDialog.RemoveButtonClick
 0001:000111A4       TPopupDataList.Create
 0001:000111F0       TPopupDataList.CreateParams
 0001:00011224       TPopupDataList.WMMouseActivate
 0001:00012A68       TVCLScreenApplication.GetCursor
 0001:00012A94       TVCLScreenApplication.GetTitle
 0001:00012AA8       TVCLScreenApplication.ProcessMessages
 0001:00012AB8       TVCLScreenApplication.SetCursor
 0001:00012AF8       TVCLScreenApplication.SetTitle
 0001:00000344       UninitializeModule
 0001:000013D8       UrlMon
 0002:00001064       UserCount
 0001:00016F98       UsesBitmap
 0001:000006BC       ValidateRect
 0001:0000F4BC       VarEquals
 0001:000207B4       vcldb
 0001:00001FC8       VDBConsts
 0001:000006C4       WindowFromPoint
 0001:00000728       Windows
 0001:00001410       WinInet
 0001:000014C8       WinSpool
 0001:00016FD8       WriteText


  Address         Publics by Value

 0002:BFA2E000       TlsLast
 0001:00000230       FreeLibrary
 0001:00000238       LocalAlloc
 0001:00000240       LocalFree
 0001:00000248       TlsAlloc
 0001:00000250       TlsFree
 0001:00000258       TlsGetValue
 0001:00000260       TlsSetValue
 0001:00000268       AllocTlsBuffer
 0001:00000274       GetTlsSize
 0001:0000027C       InitThreadTLS
 0001:000002C0       InitProcessTLS
 0001:000002EC       ExitThreadTLS
 0001:00000314       ExitProcessTLS
 0001:00000338       InitializeModule
 0001:00000344       UninitializeModule
 0001:00000368       @InitPkg
 0001:000003CC       @PackageLoad
 0001:000003D8       @PackageUnload
 0001:000003E4       Finalization
 0001:00000414       SysInit
 0001:0000049C       GetTickCount
 0001:000004A4       BitBlt
 0001:000004AC       CreateCompatibleBitmap
 0001:000004B4       CreateCompatibleDC
 0001:000004BC       CreateHatchBrush
 0001:000004C4       CreateSolidBrush
 0001:000004CC       DeleteDC
 0001:000004D4       DeleteObject
 0001:000004DC       ExcludeClipRect
 0001:000004E4       GetNearestColor
 0001:000004EC       GetTextMetrics
 0001:000004F4       GetWindowOrgEx
 0001:000004FC       IntersectClipRect
 0001:00000504       RealizePalette
 0001:0000050C       RestoreDC
 0001:00000514       SaveDC
 0001:0000051C       SelectClipRgn
 0001:00000524       SelectObject
 0001:0000052C       SelectPalette
 0001:00000534       SetBkColor
 0001:0000053C       SetBkMode
 0001:00000544       SetWindowOrgEx
 0001:0000054C       ActivateKeyboardLayout
 0001:00000554       AdjustWindowRectEx
 0001:0000055C       BeginPaint
 0001:00000564       CallWindowProc
 0001:0000056C       CreateWindowEx
 0001:00000574       DestroyWindow
 0001:0000057C       DrawEdge
 0001:00000584       DrawFocusRect
 0001:0000058C       DrawFrameControl
 0001:00000594       DrawText
 0001:0000059C       EndPaint
 0001:000005A4       FillRect
 0001:000005AC       GetCapture
 0001:000005B4       GetClientRect
 0001:000005BC       GetDC
 0001:000005C4       GetFocus
 0001:000005CC       GetKeyState
 0001:000005D4       GetScrollInfo
 0001:000005DC       GetSystemMetrics
 0001:000005E4       GetWindow
 0001:000005EC       GetWindowLong
 0001:000005F4       InflateRect
 0001:000005FC       InvalidateRect
 0001:00000604       IsChild
 0001:0000060C       KillTimer
 0001:00000614       LoadCursor
 0001:0000061C       MapWindowPoints
 0001:00000624       MessageBeep
 0001:0000062C       OffsetRect
 0001:00000634       PeekMessage
 0001:0000063C       PostMessage
 0001:00000644       PostQuitMessage
 0001:0000064C       PtInRect
 0001:00000654       RedrawWindow
 0001:0000065C       ReleaseCapture
 0001:00000664       ReleaseDC
 0001:0000066C       ScreenToClient
 0001:00000674       ScrollWindowEx
 0001:0000067C       SendMessage
 0001:00000684       SetCursor
 0001:0000068C       SetRect
 0001:00000694       SetScrollInfo
 0001:0000069C       SetScrollRange
 0001:000006A4       SetTimer
 0001:000006AC       SetWindowLong
 0001:000006B4       SetWindowPos
 0001:000006BC       ValidateRect
 0001:000006C4       WindowFromPoint
 0001:000006CC       SmallPointToPoint
 0001:000006E0       PointToSmallPoint
 0001:000006F8       Finalization
 0001:00000728       Windows
 0001:00000750       Finalization
 0001:00000780       Messages
 0001:00000FD0       Finalization
 0001:00001000       CommCtrl
 0001:000012E8       Finalization
 0001:00001318       Imm
 0001:00001370       Finalization
 0001:000013A0       ShlObj
 0001:000013A8       Finalization
 0001:000013D8       UrlMon
 0001:000013E0       Finalization
 0001:00001410       WinInet
 0001:00001418       Finalization
 0001:00001448       RegStr
 0001:00001450       Finalization
 0001:00001480       ShellAPI
 0001:00001498       Finalization
 0001:000014C8       WinSpool
 0001:00001890       Finalization
 0001:000018C0       CommDlg
 0001:000018C8       Finalization
 0001:000018F8       Dlgs
 0001:00001BC8       Finalization
 0001:00001BF8       RichEdit
 0001:00001F98       Finalization
 0001:00001FC8       VDBConsts
 0001:00002210       LoginDialog
 0001:00002328       LoginDialogEx
 0001:00002458       RemoteLoginDialog
 0001:00002618       TLoginDialog.FormShow
 0001:00002660       SetCursorType
 0001:00002670       Finalization
 0001:000026A0       DBLogDlg
 0001:0000295C       PasswordDialog
 0001:000029D0       TPasswordDialog.EditChange
 0001:00002A58       TPasswordDialog.AddButtonClick
 0001:00002AD0       TPasswordDialog.RemoveButtonClick
 0001:00002B40       TPasswordDialog.RemoveAllButtonClick
 0001:00002B60       TPasswordDialog.OKButtonClick
 0001:00002BB4       Finalization
 0001:00002BF0       DBPWDlg
 0001:00009E34       OkToChangeFieldAlignment
 0001:00009E68       DBUseRightToLeftAlignment
 0001:00009EA4       TFieldDataLink.Create
 0001:00009EE0       TFieldDataLink.SetEditing
 0001:00009F00       TFieldDataLink.SetFieldName
 0001:00009F28       TFieldDataLink.SetField
 0001:00009F4C       TFieldDataLink.UpdateField
 0001:00009FAC       TFieldDataLink.UpdateRightToLeft
 0001:0000A030       TFieldDataLink.Edit
 0001:0000A04C       TFieldDataLink.GetCanModify
 0001:0000A070       TFieldDataLink.Modified
 0001:0000A078       TFieldDataLink.Reset
 0001:0000A080       TFieldDataLink.ActiveChanged
 0001:0000A09C       TFieldDataLink.EditingChanged
 0001:0000A0C0       TFieldDataLink.FocusControl
 0001:0000A108       TFieldDataLink.RecordChanged
 0001:0000A12C       TFieldDataLink.LayoutChanged
 0001:0000A134       TFieldDataLink.UpdateData
 0001:0000A158       TPaintControl.Create
 0001:0000A198       TPaintControl.Destroy
 0001:0000A1B8       TPaintControl.DestroyHandle
 0001:0000A1DC       TPaintControl.GetHandle
 0001:0000A2F8       TPaintControl.SetCtl3DButton
 0001:0000A314       TPaintControl.WndProc
 0001:0000A360       TDBEdit.ResetMaxLength
 0001:0000A40C       TDBEdit.Create
 0001:0000A4A4       TDBEdit.Destroy
 0001:0000A4E8       TDBEdit.Loaded
 0001:0000A50C       TDBEdit.Notification
 0001:0000A548       TDBEdit.UseRightToLeftAlignment
 0001:0000A560       TDBEdit.KeyDown
 0001:0000A598       TDBEdit.KeyPress
 0001:0000A628       TDBEdit.EditCanModify
 0001:0000A634       TDBEdit.Reset
 0001:0000A64C       TDBEdit.SetFocused
 0001:0000A688       TDBEdit.Change
 0001:0000A6A0       TDBEdit.GetDataSource
 0001:0000A6AC       TDBEdit.SetDataSource
 0001:0000A6DC       TDBEdit.GetDataField
 0001:0000A6F8       TDBEdit.SetDataField
 0001:0000A71C       TDBEdit.GetReadOnly
 0001:0000A728       TDBEdit.SetReadOnly
 0001:0000A734       TDBEdit.GetField
 0001:0000A740       TDBEdit.ActiveChange
 0001:0000A748       TDBEdit.DataChange
 0001:0000A8A8       TDBEdit.EditingChange
 0001:0000A8BC       TDBEdit.UpdateData
 0001:0000A918       TDBEdit.WMUndo
 0001:0000A938       TDBEdit.WMPaste
 0001:0000A958       TDBEdit.WMCut
 0001:0000A978       TDBEdit.CMEnter
 0001:0000A9B8       TDBEdit.CMExit
 0001:0000AA30       TDBEdit.WMPaint
 0001:0000ADFC       TDBEdit.CMGetDataLink
 0001:0000AE08       TDBEdit.GetTextMargins
 0001:0000AED0       TDBEdit.ExecuteAction
 0001:0000AF0C       TDBEdit.UpdateAction
 0001:0000AF48       TDBText.Create
 0001:0000AFCC       TDBText.Destroy
 0001:0000B004       TDBText.Loaded
 0001:0000B020       TDBText.Notification
 0001:0000B05C       TDBText.UseRightToLeftAlignment
 0001:0000B074       TDBText.SetAutoSize
 0001:0000B0E8       TDBText.GetDataSource
 0001:0000B0F4       TDBText.SetDataSource
 0001:0000B124       TDBText.GetDataField
 0001:0000B140       TDBText.SetDataField
 0001:0000B14C       TDBText.GetField
 0001:0000B158       TDBText.GetFieldText
 0001:0000B194       TDBText.DataChange
 0001:0000B1E0       TDBText.GetLabelText
 0001:0000B204       TDBText.CMGetDataLink
 0001:0000B210       TDBText.ExecuteAction
 0001:0000B24C       TDBText.UpdateAction
 0001:0000B288       TDBCheckBox.Create
 0001:0000B360       TDBCheckBox.Destroy
 0001:0000B3A4       TDBCheckBox.Notification
 0001:0000B3E0       TDBCheckBox.UseRightToLeftAlignment
 0001:0000B3F8       TDBCheckBox.GetFieldState
 0001:0000B4B4       TDBCheckBox.DataChange
 0001:0000B4CC       TDBCheckBox.UpdateData
 0001:0000B5A4       TDBCheckBox.ValueMatch
 0001:0000B620       TDBCheckBox.Toggle
 0001:0000B648       TDBCheckBox.GetDataSource
 0001:0000B654       TDBCheckBox.SetDataSource
 0001:0000B684       TDBCheckBox.GetDataField
 0001:0000B6A0       TDBCheckBox.SetDataField
 0001:0000B6AC       TDBCheckBox.GetReadOnly
 0001:0000B6B8       TDBCheckBox.SetReadOnly
 0001:0000B6C4       TDBCheckBox.GetField
 0001:0000B6D0       TDBCheckBox.KeyPress
 0001:0000B70C       TDBCheckBox.SetValueCheck
 0001:0000B72C       TDBCheckBox.SetValueUncheck
 0001:0000B74C       TDBCheckBox.WndProc
 0001:0000B784       TDBCheckBox.WMPaint
 0001:0000B7DC       TDBCheckBox.CMExit
 0001:0000B838       TDBCheckBox.CMGetDataLink
 0001:0000B844       TDBCheckBox.ExecuteAction
 0001:0000B880       TDBCheckBox.UpdateAction
 0001:0000B8BC       TDBComboBox.Create
 0001:0000B96C       TDBComboBox.Destroy
 0001:0000B9B0       TDBComboBox.Loaded
 0001:0000B9CC       TDBComboBox.Notification
 0001:0000BA08       TDBComboBox.CreateWnd
 0001:0000BA1C       TDBComboBox.DataChange
 0001:0000BAA8       TDBComboBox.UpdateData
 0001:0000BAFC       TDBComboBox.SetComboText
 0001:0000BC38       TDBComboBox.GetComboText
 0001:0000BC80       TDBComboBox.Change
 0001:0000BCA4       TDBComboBox.Click
 0001:0000BCC8       TDBComboBox.DropDown
 0001:0000BCD0       TDBComboBox.GetDataSource
 0001:0000BCDC       TDBComboBox.SetDataSource
 0001:0000BD0C       TDBComboBox.GetDataField
 0001:0000BD28       TDBComboBox.SetDataField
 0001:0000BD34       TDBComboBox.GetReadOnly
 0001:0000BD40       TDBComboBox.SetReadOnly
 0001:0000BD4C       TDBComboBox.GetField
 0001:0000BD58       TDBComboBox.KeyDown
 0001:0000BDA8       TDBComboBox.KeyPress
 0001:0000BE38       TDBComboBox.EditingChange
 0001:0000BE40       TDBComboBox.SetEditReadOnly
 0001:0000BE7C       TDBComboBox.WndProc
 0001:0000BF2C       TDBComboBox.ComboWndProc
 0001:0000BF80       TDBComboBox.CMEnter
 0001:0000BFBC       TDBComboBox.CMExit
 0001:0000C024       TDBComboBox.WMPaint
 0001:0000C1F4       TDBComboBox.SetItems
 0001:0000C20C       TDBComboBox.SetStyle
 0001:0000C284       TDBComboBox.UseRightToLeftAlignment
 0001:0000C29C       TDBComboBox.CMGetDataLink
 0001:0000C2A8       TDBComboBox.ExecuteAction
 0001:0000C2E4       TDBComboBox.UpdateAction
 0001:0000C320       TDBListBox.Create
 0001:0000C38C       TDBListBox.Destroy
 0001:0000C3C4       TDBListBox.Notification
 0001:0000C400       TDBListBox.UseRightToLeftAlignment
 0001:0000C418       TDBListBox.DataChange
 0001:0000C494       TDBListBox.UpdateData
 0001:0000C518       TDBListBox.Click
 0001:0000C540       TDBListBox.GetDataSource
 0001:0000C54C       TDBListBox.SetDataSource
 0001:0000C570       TDBListBox.GetDataField
 0001:0000C58C       TDBListBox.SetDataField
 0001:0000C598       TDBListBox.GetReadOnly
 0001:0000C5A4       TDBListBox.SetReadOnly
 0001:0000C5B0       TDBListBox.GetField
 0001:0000C5BC       TDBListBox.KeyDown
 0001:0000C5F8       TDBListBox.KeyPress
 0001:0000C638       TDBListBox.WMLButtonDown
 0001:0000C688       TDBListBox.CMExit
 0001:0000C6E4       TDBListBox.CMGetDataLink
 0001:0000C6F0       TDBListBox.SetItems
 0001:0000C70C       TDBListBox.ExecuteAction
 0001:0000C748       TDBListBox.UpdateAction
 0001:0000C784       TDBRadioGroup.Create
 0001:0000C800       TDBRadioGroup.Destroy
 0001:0000C844       TDBRadioGroup.Notification
 0001:0000C880       TDBRadioGroup.UseRightToLeftAlignment
 0001:0000C888       TDBRadioGroup.DataChange
 0001:0000C8F0       TDBRadioGroup.UpdateData
 0001:0000C90C       TDBRadioGroup.GetDataSource
 0001:0000C918       TDBRadioGroup.SetDataSource
 0001:0000C93C       TDBRadioGroup.GetDataField
 0001:0000C958       TDBRadioGroup.SetDataField
 0001:0000C964       TDBRadioGroup.GetReadOnly
 0001:0000C970       TDBRadioGroup.SetReadOnly
 0001:0000C97C       TDBRadioGroup.GetField
 0001:0000C988       TDBRadioGroup.GetButtonValue
 0001:0000CA30       TDBRadioGroup.SetValue
 0001:0000CB28       TDBRadioGroup.CMExit
 0001:0000CBAC       TDBRadioGroup.CMGetDataLink
 0001:0000CBB8       TDBRadioGroup.Click
 0001:0000CC34       TDBRadioGroup.SetItems
 0001:0000CC50       TDBRadioGroup.SetValues
 0001:0000CC6C       TDBRadioGroup.Change
 0001:0000CC8C       TDBRadioGroup.KeyPress
 0001:0000CCC8       TDBRadioGroup.CanModify
 0001:0000CCD4       TDBRadioGroup.ExecuteAction
 0001:0000CD10       TDBRadioGroup.UpdateAction
 0001:0000CD4C       TDBMemo.Create
 0001:0000CE08       TDBMemo.Destroy
 0001:0000CE4C       TDBMemo.Loaded
 0001:0000CE68       TDBMemo.Notification
 0001:0000CEA4       TDBMemo.UseRightToLeftAlignment
 0001:0000CEBC       TDBMemo.KeyDown
 0001:0000CEFC       TDBMemo.KeyPress
 0001:0000CFA8       TDBMemo.Change
 0001:0000CFD0       TDBMemo.GetDataSource
 0001:0000CFDC       TDBMemo.SetDataSource
 0001:0000D00C       TDBMemo.GetDataField
 0001:0000D028       TDBMemo.SetDataField
 0001:0000D034       TDBMemo.GetReadOnly
 0001:0000D040       TDBMemo.SetReadOnly
 0001:0000D04C       TDBMemo.GetField
 0001:0000D058       TDBMemo.LoadMemo
 0001:0000D18C       TDBMemo.DataChange
 0001:0000D318       TDBMemo.EditingChange
 0001:0000D33C       TDBMemo.UpdateData
 0001:0000D394       TDBMemo.SetFocused
 0001:0000D3D0       TDBMemo.WndProc
 0001:0000D400       TDBMemo.CMEnter
 0001:0000D440       TDBMemo.CMExit
 0001:0000D4A8       TDBMemo.SetAutoDisplay
 0001:0000D4C4       TDBMemo.WMLButtonDblClk
 0001:0000D4E8       TDBMemo.WMCut
 0001:0000D508       TDBMemo.WMUndo
 0001:0000D528       TDBMemo.WMPaste
 0001:0000D548       TDBMemo.CMGetDataLink
 0001:0000D554       TDBMemo.WMPaint
 0001:0000D69C       TDBMemo.ExecuteAction
 0001:0000D6D8       TDBMemo.UpdateAction
 0001:0000D714       TDBImage.Create
 0001:0000D80C       TDBImage.Destroy
 0001:0000D850       TDBImage.GetDataSource
 0001:0000D85C       TDBImage.SetDataSource
 0001:0000D88C       TDBImage.GetDataField
 0001:0000D8A8       TDBImage.SetDataField
 0001:0000D8B4       TDBImage.GetReadOnly
 0001:0000D8C0       TDBImage.SetReadOnly
 0001:0000D8CC       TDBImage.GetField
 0001:0000D8D8       TDBImage.GetPalette
 0001:0000D908       TDBImage.SetAutoDisplay
 0001:0000D920       TDBImage.SetBorderStyle
 0001:0000D934       TDBImage.SetCenter
 0001:0000D948       TDBImage.SetPicture
 0001:0000D958       TDBImage.SetStretch
 0001:0000D96C       TDBImage.Paint
 0001:0000DD38       TDBImage.PictureChanged
 0001:0000DD60       TDBImage.Notification
 0001:0000DD9C       TDBImage.LoadPicture
 0001:0000DDDC       TDBImage.DataChange
 0001:0000DE08       TDBImage.UpdateData
 0001:0000DE50       TDBImage.CopyToClipboard
 0001:0000DE74       TDBImage.CutToClipboard
 0001:0000DEA8       TDBImage.PasteFromClipboard
 0001:0000DEE8       TDBImage.CreateParams
 0001:0000DF2C       TDBImage.KeyDown
 0001:0000DF84       TDBImage.KeyPress
 0001:0000E014       TDBImage.CMGetDataLink
 0001:0000E020       TDBImage.CMEnter
 0001:0000E03C       TDBImage.CMExit
 0001:0000E0D4       TDBImage.CMTextChanged
 0001:0000E0F0       TDBImage.WMLButtonDown
 0001:0000E128       TDBImage.WMLButtonDblClk
 0001:0000E144       TDBImage.WMCut
 0001:0000E14C       TDBImage.WMCopy
 0001:0000E154       TDBImage.WMPaste
 0001:0000E15C       TDBImage.WMSize
 0001:0000E170       TDBImage.ExecuteAction
 0001:0000E1AC       TDBImage.UpdateAction
 0001:0000E238       TDBNavigator.Create
 0001:0000E344       TDBNavigator.Destroy
 0001:0000E394       TDBNavigator.InitButtons
 0001:0000E554       TDBNavigator.InitHints
 0001:0000E67C       TDBNavigator.HintsChanged
 0001:0000E684       TDBNavigator.SetFlat
 0001:0000E6C0       TDBNavigator.SetHints
 0001:0000E744       TDBNavigator.GetHints
 0001:0000E778       TDBNavigator.GetChildren
 0001:0000E780       TDBNavigator.Notification
 0001:0000E7BC       TDBNavigator.SetVisible
 0001:0000E850       TDBNavigator.CalcMinSize
 0001:0000E8C0       TDBNavigator.SetSize
 0001:0000E9F4       TDBNavigator.SetBounds
 0001:0000EA44       TDBNavigator.WMSize
 0001:0000EA70       TDBNavigator.WMWindowPosChanging
 0001:0000EA98       TDBNavigator.ClickHandler
 0001:0000EAB0       TDBNavigator.BtnMouseDown
 0001:0000EB60       TDBNavigator.BtnClick
 0001:0000ECE0       TDBNavigator.WMSetFocus
 0001:0000ECF8       TDBNavigator.WMKillFocus
 0001:0000ED10       TDBNavigator.KeyDown
 0001:0000EE1C       TDBNavigator.WMGetDlgCode
 0001:0000EE24       TDBNavigator.DataChanged
 0001:0000EF30       TDBNavigator.EditingChanged
 0001:0000EFE8       TDBNavigator.ActiveChanged
 0001:0000F034       TDBNavigator.CMEnabledChanged
 0001:0000F050       TDBNavigator.SetDataSource
 0001:0000F080       TDBNavigator.GetDataSource
 0001:0000F08C       TDBNavigator.Loaded
 0001:0000F0EC       TNavButton.Destroy
 0001:0000F120       TNavButton.MouseDown
 0001:0000F198       TNavButton.MouseUp
 0001:0000F1CC       TNavButton.TimerExpired
 0001:0000F24C       TNavButton.Paint
 0001:0000F2F0       TNavDataLink.Create
 0001:0000F330       TNavDataLink.Destroy
 0001:0000F35C       TNavDataLink.EditingChanged
 0001:0000F36C       TNavDataLink.DataSetChanged
 0001:0000F37C       TNavDataLink.ActiveChanged
 0001:0000F38C       TDataSourceLink.Create
 0001:0000F3C8       TDataSourceLink.ActiveChanged
 0001:0000F3DC       TDataSourceLink.FocusControl
 0001:0000F420       TDataSourceLink.LayoutChanged
 0001:0000F434       TDataSourceLink.RecordChanged
 0001:0000F444       TListSourceLink.Create
 0001:0000F480       TListSourceLink.ActiveChanged
 0001:0000F494       TListSourceLink.DataSetChanged
 0001:0000F4A8       TListSourceLink.LayoutChanged
 0001:0000F4BC       VarEquals
 0001:0000F504       TDBLookupControl.Create
 0001:0000F618       TDBLookupControl.Destroy
 0001:0000F694       TDBLookupControl.CanModify
 0001:0000F6D8       TDBLookupControl.CheckNotCircular
 0001:0000F750       TDBLookupControl.CheckNotLookup
 0001:0000F7D4       TDBLookupControl.UpdateDataFields
 0001:0000F87C       TDBLookupControl.DataLinkRecordChanged
 0001:0000F908       TDBLookupControl.GetBorderSize
 0001:0000F95C       TDBLookupControl.GetDataSource
 0001:0000F968       TDBLookupControl.GetKeyFieldName
 0001:0000F994       TDBLookupControl.GetListSource
 0001:0000F9AC       TDBLookupControl.GetReadOnly
 0001:0000F9B8       TDBLookupControl.GetTextHeight
 0001:0000F9F8       TDBLookupControl.KeyValueChanged
 0001:0000F9FC       TDBLookupControl.UpdateListFields
 0001:0000FC0C       TDBLookupControl.ListLinkDataChanged
 0001:0000FC10       TDBLookupControl.LocateKey
 0001:0000FCEC       TDBLookupControl.Notification
 0001:0000FD44       TDBLookupControl.ProcessSearchKey
 0001:0000FF88       TDBLookupControl.SelectKeyValue
 0001:0000FFDC       TDBLookupControl.SetDataFieldName
 0001:0001000C       TDBLookupControl.SetDataSource
 0001:0001003C       TDBLookupControl.SetKeyFieldName
 0001:00010074       TDBLookupControl.SetKeyValue
 0001:000100A8       TDBLookupControl.SetListFieldName
 0001:000100D8       TDBLookupControl.SetListSource
 0001:00010104       TDBLookupControl.SetLookupMode
 0001:000101B0       TDBLookupControl.SetReadOnly
 0001:000101BC       TDBLookupControl.WMGetDlgCode
 0001:000101C4       TDBLookupControl.WMKillFocus
 0001:000101E0       TDBLookupControl.WMSetFocus
 0001:0001020C       TDBLookupControl.CMEnabledChanged
 0001:00010220       TDBLookupControl.CMGetDataLink
 0001:0001022C       TDBLookupControl.ExecuteAction
 0001:00010268       TDBLookupControl.UpdateAction
 0001:000102A4       TDBLookupControl.WMKeyDown
 0001:0001030C       TDBLookupListBox.Create
 0001:00010370       TDBLookupListBox.CreateParams
 0001:000103B0       TDBLookupListBox.CreateWnd
 0001:000103C4       TDBLookupListBox.GetKeyIndex
 0001:00010468       TDBLookupListBox.KeyDown
 0001:0001058C       TDBLookupListBox.KeyPress
 0001:000105AC       TDBLookupListBox.KeyValueChanged
 0001:00010644       TDBLookupListBox.UpdateListFields
 0001:000106A0       TDBLookupListBox.ListLinkDataChanged
 0001:00010734       TDBLookupListBox.MouseDown
 0001:000107E8       TDBLookupListBox.MouseMove
 0001:00010830       TDBLookupListBox.MouseUp
 0001:00010878       TDBLookupListBox.Paint
 0001:00010C04       TDBLookupListBox.SelectCurrent
 0001:00010C98       TDBLookupListBox.SelectItemAt
 0001:00010CF0       TDBLookupListBox.SetBorderStyle
 0001:00010D18       TDBLookupListBox.SetBounds
 0001:00010D9C       TDBLookupListBox.UseRightToLeftAlignment
 0001:00010DA8       TDBLookupListBox.SetRowCount
 0001:00010DEC       TDBLookupListBox.StopTimer
 0001:00010E10       TDBLookupListBox.StopTracking
 0001:00010E38       TDBLookupListBox.TimerScroll
 0001:00010ED0       TDBLookupListBox.UpdateScrollBar
 0001:00010F80       TDBLookupListBox.CMCtl3DChanged
 0001:00010FBC       TDBLookupListBox.CMFontChanged
 0001:00010FD4       TDBLookupListBox.WMCancelMode
 0001:00010FF0       TDBLookupListBox.WMTimer
 0001:00010FF8       TDBLookupListBox.WMVScroll
 0001:0001112C       TDBLookupListBox.ExecuteAction
 0001:00011168       TDBLookupListBox.UpdateAction
 0001:000111A4       TPopupDataList.Create
 0001:000111F0       TPopupDataList.CreateParams
 0001:00011224       TPopupDataList.WMMouseActivate
 0001:0001122C       TDBLookupComboBox.Create
 0001:000112E8       TDBLookupComboBox.CloseUp
 0001:000113E8       TDBLookupComboBox.CMBiDiModeChanged
 0001:00011404       TDBLookupComboBox.CMDialogKey
 0001:00011448       TDBLookupComboBox.CreateParams
 0001:00011480       TDBLookupComboBox.DropDown
 0001:00011738       TDBLookupComboBox.KeyDown
 0001:00011868       TDBLookupComboBox.KeyPress
 0001:000118C0       TDBLookupComboBox.KeyValueChanged
 0001:00011994       TDBLookupComboBox.UpdateListFields
 0001:000119AC       TDBLookupComboBox.ListMouseUp
 0001:000119FC       TDBLookupComboBox.MouseDown
 0001:00011A84       TDBLookupComboBox.MouseMove
 0001:00011B4C       TDBLookupComboBox.MouseUp
 0001:00011B7C       TDBLookupComboBox.Paint
 0001:00011E38       TDBLookupComboBox.SetBounds
 0001:00011E78       TDBLookupComboBox.UseRightToLeftAlignment
 0001:00011E84       TDBLookupComboBox.StopTracking
 0001:00011EB0       TDBLookupComboBox.TrackButton
 0001:00011F28       TDBLookupComboBox.CMCancelMode
 0001:00011F44       TDBLookupComboBox.CMCtl3DChanged
 0001:00011F70       TDBLookupComboBox.CMFontChanged
 0001:00011F88       TDBLookupComboBox.CMGetDataLink
 0001:00011F94       TDBLookupComboBox.WMCancelMode
 0001:00011FB0       TDBLookupComboBox.WMKillFocus
 0001:00011FC8       TDBLookupComboBox.ExecuteAction
 0001:00012004       TDBLookupComboBox.UpdateAction
 0001:00012040       TDBRichEdit.Create
 0001:000120C4       TDBRichEdit.Destroy
 0001:000120FC       TDBRichEdit.Loaded
 0001:00012118       TDBRichEdit.Notification
 0001:00012154       TDBRichEdit.UseRightToLeftAlignment
 0001:0001216C       TDBRichEdit.BeginEditing
 0001:0001222C       TDBRichEdit.KeyDown
 0001:00012280       TDBRichEdit.KeyPress
 0001:00012328       TDBRichEdit.Change
 0001:00012350       TDBRichEdit.GetDataSource
 0001:0001235C       TDBRichEdit.SetDataSource
 0001:00012380       TDBRichEdit.GetDataField
 0001:0001239C       TDBRichEdit.SetDataField
 0001:000123A8       TDBRichEdit.GetReadOnly
 0001:000123B4       TDBRichEdit.SetReadOnly
 0001:000123C0       TDBRichEdit.GetField
 0001:000123CC       TDBRichEdit.LoadMemo
 0001:000124EC       TDBRichEdit.DataChange
 0001:000126B0       TDBRichEdit.EditingChange
 0001:000126D4       TDBRichEdit.UpdateData
 0001:00012754       TDBRichEdit.SetFocused
 0001:00012790       TDBRichEdit.CMEnter
 0001:000127D0       TDBRichEdit.CMExit
 0001:00012838       TDBRichEdit.SetAutoDisplay
 0001:00012854       TDBRichEdit.WMLButtonDblClk
 0001:00012878       TDBRichEdit.WMCut
 0001:00012894       TDBRichEdit.WMPaste
 0001:000128B0       TDBRichEdit.CMGetDataLink
 0001:000128BC       TDBRichEdit.ExecuteAction
 0001:000128F8       TDBRichEdit.UpdateAction
 0001:00012A68       TVCLScreenApplication.GetCursor
 0001:00012A94       TVCLScreenApplication.GetTitle
 0001:00012AA8       TVCLScreenApplication.ProcessMessages
 0001:00012AB8       TVCLScreenApplication.SetCursor
 0001:00012AF8       TVCLScreenApplication.SetTitle
 0001:00012B84       Finalization
 0001:00012BC8       DBCtrls
 0001:000143C4       RaiseGridError
 0001:000143DC       KillMessage
 0001:000145BC       TDBGridInplaceEdit.Create
 0001:00014608       TDBGridInplaceEdit.CloseUp
 0001:000147EC       TDBGridInplaceEdit.DoEditButtonClick
 0001:00014800       TDBGridInplaceEdit.DropDown
 0001:00014944       TDBGridInplaceEdit.UpdateContents
 0001:00014A48       TGridDataLink.Create
 0001:00014A88       TGridDataLink.Destroy
 0001:00014AB4       TGridDataLink.GetDefaultFields
 0001:00014B00       TGridDataLink.GetFields
 0001:00014B38       TGridDataLink.AddMapping
 0001:00014C58       TGridDataLink.ActiveChanged
 0001:00014CD8       TGridDataLink.ClearMapping
 0001:00014CF0       TGridDataLink.Modified
 0001:00014CF8       TGridDataLink.DataSetChanged
 0001:00014D0C       TGridDataLink.DataSetScrolled
 0001:00014D24       TGridDataLink.LayoutChanged
 0001:00014D8C       TGridDataLink.FocusControl
 0001:00014DCC       TGridDataLink.EditingChanged
 0001:00014DD8       TGridDataLink.RecordChanged
 0001:00014DEC       TGridDataLink.UpdateData
 0001:00014E44       TGridDataLink.GetMappedIndex
 0001:00014E58       TGridDataLink.Reset
 0001:00014E80       TGridDataLink.IsAggRow
 0001:00014E84       TGridDataLink.BuildAggMap
 0001:00014E88       TColumnTitle.Create
 0001:00014EF4       TColumnTitle.Destroy
 0001:00014F24       TColumnTitle.Assign
 0001:00014FE8       TColumnTitle.DefaultAlignment
 0001:00014FEC       TColumnTitle.DefaultColor
 0001:00015008       TColumnTitle.DefaultFont
 0001:0001502C       TColumnTitle.DefaultCaption
 0001:00015060       TColumnTitle.FontChanged
 0001:00015078       TColumnTitle.GetAlignment
 0001:0001508C       TColumnTitle.GetColor
 0001:000150A0       TColumnTitle.GetCaption
 0001:000150C8       TColumnTitle.GetFont
 0001:00015144       TColumnTitle.IsAlignmentStored
 0001:00015164       TColumnTitle.IsColorStored
 0001:00015184       TColumnTitle.IsFontStored
 0001:00015190       TColumnTitle.IsCaptionStored
 0001:000151F4       TColumnTitle.RefreshDefaultFont
 0001:00015270       TColumnTitle.RestoreDefaults
 0001:000152B4       TColumnTitle.SetAlignment
 0001:000152E0       TColumnTitle.SetColor
 0001:00015308       TColumnTitle.SetFont
 0001:00015318       TColumnTitle.SetCaption
 0001:00015394       TColumn.Create
 0001:000154FC       TColumn.Destroy
 0001:0001553C       TColumn.Assign
 0001:000156E8       TColumn.CreateTitle
 0001:000156F8       TColumn.DefaultAlignment
 0001:00015714       TColumn.DefaultColor
 0001:00015728       TColumn.DefaultFont
 0001:00015740       TColumn.DefaultImeMode
 0001:0001575C       TColumn.DefaultImeName
 0001:00015790       TColumn.DefaultReadOnly
 0001:000157C8       TColumn.DefaultWidth
 0001:00015978       TColumn.FontChanged
 0001:00015994       TColumn.GetAlignment
 0001:000159A4       TColumn.GetColor
 0001:000159B4       TColumn.GetExpanded
 0001:000159D0       TColumn.GetField
 0001:00015A3C       TColumn.GetFont
 0001:00015AA4       TColumn.GetGrid
 0001:00015ACC       TColumn.GetDisplayName
 0001:00015AF0       TColumn.GetImeMode
 0001:00015B00       TColumn.GetImeName
 0001:00015B28       TColumn.GetParentColumn
 0001:00015B90       TColumn.GetPickList
 0001:00015BB0       TColumn.GetReadOnly
 0001:00015BC0       TColumn.GetShowing
 0001:00015C04       TColumn.GetVisible
 0001:00015C34       TColumn.GetWidth
 0001:00015C5C       TColumn.IsAlignmentStored
 0001:00015C7C       TColumn.IsColorStored
 0001:00015C9C       TColumn.IsFontStored
 0001:00015CA4       TColumn.IsImeModeStored
 0001:00015CC4       TColumn.IsImeNameStored
 0001:00015D24       TColumn.IsReadOnlyStored
 0001:00015D44       TColumn.IsWidthStored
 0001:00015D64       TColumn.RefreshDefaultFont
 0001:00015DDC       TColumn.RestoreDefaults
 0001:00015E28       TColumn.SetAlignment
 0001:00015E8C       TColumn.SetButtonStyle
 0001:00015E9C       TColumn.SetColor
 0001:00015EC0       TColumn.SetField
 0001:00015F8C       TColumn.SetFieldName
 0001:00015FF8       TColumn.SetFont
 0001:00016014       TColumn.SetImeMode
 0001:00016040       TColumn.SetImeName
 0001:000160C8       TColumn.SetIndex
 0001:00016260       TColumn.SetPickList
 0001:0001628C       TColumn.SetPopupMenu
 0001:000162AC       TColumn.SetReadOnly
 0001:00016310       TColumn.SetTitle
 0001:0001631C       TColumn.SetWidth
 0001:000163FC       TColumn.SetVisible
 0001:0001640C       TColumn.SetExpanded
 0001:000164A0       TColumn.Depth
 0001:000164C0       TColumn.GetExpandable
 0001:000164D8       TDBGridColumns.Create
 0001:00016520       TDBGridColumns.Add
 0001:0001652C       TDBGridColumns.GetColumn
 0001:00016540       TDBGridColumns.GetOwner
 0001:00016544       TDBGridColumns.LoadFromFile
 0001:00016670       TDBGridColumns.LoadFromStream
 0001:000166F4       TDBGridColumns.RestoreDefaults
 0001:0001675C       AddFields
 0001:0001681C       TDBGridColumns.RebuildColumns
 0001:000168B4       TDBGridColumns.SaveToFile
 0001:0001690C       TDBGridColumns.SaveToStream
 0001:00016968       TDBGridColumns.SetColumn
 0001:00016988       TDBGridColumns.SetState
 0001:000169B0       TDBGridColumns.Update
 0001:00016A08       TDBGridColumns.InternalAdd
 0001:00016A14       TDBGridColumns.GetState
 0001:00016A3C       TBookmarkList.Create
 0001:00016A9C       TBookmarkList.Destroy
 0001:00016AD0       TBookmarkList.Clear
 0001:00016AF4       TBookmarkList.Compare
 0001:00016B10       TBookmarkList.CurrentRow
 0001:00016B80       TBookmarkList.GetCurrentRowSelected
 0001:00016BDC       TBookmarkList.Find
 0001:00016CD0       TBookmarkList.GetCount
 0001:00016CDC       TBookmarkList.GetItem
 0001:00016CF8       TBookmarkList.IndexOf
 0001:00016D1C       TBookmarkList.LinkActive
 0001:00016D30       TBookmarkList.Delete
 0001:00016DFC       TBookmarkList.Refresh
 0001:00016EEC       TBookmarkList.SetCurrentRowSelected
 0001:00016F84       TBookmarkList.StringsChanged
 0001:00016F98       UsesBitmap
 0001:00016FBC       ReleaseBitmap
 0001:00016FD8       WriteText
 0001:0001721C       TCustomDBGrid.Create
 0001:00017560       TCustomDBGrid.Destroy
 0001:000175F4       TCustomDBGrid.AcquireFocus
 0001:0001765C       TCustomDBGrid.RawToDataColumn
 0001:00017668       TCustomDBGrid.DataToRawColumn
 0001:00017674       TCustomDBGrid.AcquireLayoutLock
 0001:0001769C       TCustomDBGrid.BeginLayout
 0001:000176C4       TCustomDBGrid.BeginUpdate
 0001:000176CC       TCustomDBGrid.CancelLayout
 0001:000176F8       TCustomDBGrid.CanEditAcceptKey
 0001:0001774C       TCustomDBGrid.CanEditModify
 0001:0001780C       TCustomDBGrid.CanEditShow
 0001:0001782C       TCustomDBGrid.CellClick
 0001:00017848       TCustomDBGrid.ColEnter
 0001:0001786C       TCustomDBGrid.ColExit
 0001:0001788C       TCustomDBGrid.ColumnMoved
 0001:000178E0       TCustomDBGrid.ColWidthsChanged
 0001:000179A0       TCustomDBGrid.CreateColumns
 0001:000179B8       TCustomDBGrid.CreateDataLink
 0001:000179C8       TCustomDBGrid.CreateEditor
 0001:000179D8       TCustomDBGrid.CreateWnd
 0001:00017A60       TCustomDBGrid.DataChanged
 0001:00017AA4       TCustomDBGrid.DefaultHandler
 0001:00017B50       TCustomDBGrid.DeferLayout
 0001:00017BA8       TCustomDBGrid.DefineFieldMap
 0001:00017C9C       TCustomDBGrid.UseRightToLeftAlignmentForField
 0001:00017CC8       TCustomDBGrid.DefaultDrawDataCell
 0001:00017D54       TCustomDBGrid.DefaultDrawColumnCell
 0001:00017DF4       TCustomDBGrid.ReadColumns
 0001:00017E1C       TCustomDBGrid.WriteColumns
 0001:00017E50       TCustomDBGrid.DefineProperties
 0001:00017EDC       TCustomDBGrid.ColumnAtDepth
 0001:00017F04       TCustomDBGrid.CalcTitleRect
 0001:000180A0       RowIsMultiSelected
 0001:00018140       DrawTitleCell
 0001:00018454       TCustomDBGrid.DrawCell
 0001:000189E8       TCustomDBGrid.DrawDataCell
 0001:00018A14       TCustomDBGrid.DrawColumnCell
 0001:00018A44       TCustomDBGrid.EditButtonClick
 0001:00018A94       TCustomDBGrid.EditingChanged
 0001:00018AAC       TCustomDBGrid.EndLayout
 0001:00018B40       TCustomDBGrid.EndUpdate
 0001:00018B50       TCustomDBGrid.GetColField
 0001:00018B94       TCustomDBGrid.GetDataSource
 0001:00018BA0       TCustomDBGrid.GetEditLimit
 0001:00018BDC       TCustomDBGrid.GetEditMask
 0001:00018C38       TCustomDBGrid.GetEditStyle
 0001:00018D38       TCustomDBGrid.GetEditText
 0001:00018DA0       TCustomDBGrid.GetFieldCount
 0001:00018DAC       TCustomDBGrid.GetFields
 0001:00018DB8       TCustomDBGrid.GetFieldValue
 0001:00018DE4       TCustomDBGrid.GetSelectedField
 0001:00018E10       TCustomDBGrid.GetSelectedIndex
 0001:00018E1C       TCustomDBGrid.HighlightCell
 0001:00018EE0       ClearSelection
 0001:00018F14       DoSelection
 0001:000190AC       NextRow
 0001:00019168       PriorRow
 0001:000191DC       Tab
 0001:000192D4       DeletePrompt
 0001:0001936C       TCustomDBGrid.KeyDown
 0001:0001980C       TCustomDBGrid.KeyPress
 0001:00019840       FieldIsMapped
 0001:00019894       CheckForPassthroughs
 0001:00019920       ResetColumnFieldBindings
 0001:00019B30       MeasureTitleHeights
 0001:00019DE4       TCustomDBGrid.InternalLayout
 0001:0001A020       TCustomDBGrid.LayoutChanged
 0001:0001A038       TCustomDBGrid.LinkActive
 0001:0001A100       TCustomDBGrid.Loaded
 0001:0001A13C       TCustomDBGrid.PtInExpandButton
 0001:0001A254       TCustomDBGrid.MouseDown
 0001:0001A51C       TCustomDBGrid.MouseUp
 0001:0001A62C       TCustomDBGrid.MoveCol
 0001:0001A770       TCustomDBGrid.Notification
 0001:0001A90C       TCustomDBGrid.RecordChanged
 0001:0001AA10       TCustomDBGrid.Scroll
 0001:0001AC74       TCustomDBGrid.SetColumns
 0001:0001AC84       ReadOnlyField
 0001:0001ACB0       TCustomDBGrid.SetColumnAttributes
 0001:0001AD80       TCustomDBGrid.SetDataSource
 0001:0001AE18       TCustomDBGrid.SetEditText
 0001:0001AE34       TCustomDBGrid.SetOptions
 0001:0001AF44       TCustomDBGrid.SetSelectedField
 0001:0001AF98       TCustomDBGrid.SetSelectedIndex
 0001:0001AFB8       TCustomDBGrid.SetTitleFont
 0001:0001AFDC       TCustomDBGrid.StoreColumns
 0001:0001AFF4       TCustomDBGrid.TimedScroll
 0001:0001B06C       TCustomDBGrid.TitleClick
 0001:0001B088       TCustomDBGrid.TitleFontChanged
 0001:0001B0B8       TCustomDBGrid.UpdateActive
 0001:0001B18C       TCustomDBGrid.UpdateData
 0001:0001B1A8       TCustomDBGrid.UpdateRowCount
 0001:0001B280       TCustomDBGrid.UpdateScrollBar
 0001:0001B3C4       TCustomDBGrid.ValidFieldIndex
 0001:0001B3E0       TCustomDBGrid.CMParentFontChanged
 0001:0001B44C       TCustomDBGrid.CMBiDiModeChanged
 0001:0001B4B4       TCustomDBGrid.CMExit
 0001:0001B560       TCustomDBGrid.CMFontChanged
 0001:0001B5DC       TCustomDBGrid.CMDeferLayout
 0001:0001B5FC       TCustomDBGrid.CMDesignHitTest
 0001:0001B698       TCustomDBGrid.WMSetCursor
 0001:0001B6F8       TCustomDBGrid.WMSize
 0001:0001B71C       TCustomDBGrid.WMVScroll
 0001:0001B8E4       TCustomDBGrid.SetIme
 0001:0001B9DC       TCustomDBGrid.UpdateIme
 0001:0001BA10       TCustomDBGrid.WMIMEStartComp
 0001:0001BA24       TCustomDBGrid.WMSetFocus
 0001:0001BA58       TCustomDBGrid.WMKillFocus
 0001:0001BB00       TCustomDBGrid.ExecuteAction
 0001:0001BB30       TCustomDBGrid.UpdateAction
 0001:0001BB60       TCustomDBGrid.ShowPopupEditor
 0001:0001BF00       TCustomDBGrid.CalcSizingState
 0001:0001BFB8       TCustomDBGrid.CheckColumnDrag
 0001:0001C14C       TCustomDBGrid.BeginColumnDrag
 0001:0001C20C       TCustomDBGrid.EndColumnDrag
 0001:0001C22C       TCustomDBGrid.InvalidateTitles
 0001:0001C280       TCustomDBGrid.TopLeftChanged
 0001:0001C294       Finalization
 0001:0001C2C4       DBGrids
 0001:0001CE44       TDBCtrlGridLink.Create
 0001:0001CE8C       TDBCtrlGridLink.ActiveChanged
 0001:0001CE98       TDBCtrlGridLink.DataSetChanged
 0001:0001CEA4       TDBCtrlPanel.CreateLinked
 0001:0001CEFC       TDBCtrlPanel.CreateParams
 0001:0001CF0C       TDBCtrlPanel.PaintWindow
 0001:0001D094       TDBCtrlPanel.CMControlListChange
 0001:0001D0AC       TDBCtrlPanel.WMPaint
 0001:0001D188       TDBCtrlPanel.WMNCHitTest
 0001:0001D1A0       TDBCtrlPanel.WMEraseBkgnd
 0001:0001D1A8       TDBCtrlGrid.Create
 0001:0001D280       TDBCtrlGrid.Destroy
 0001:0001D2C4       TDBCtrlGrid.AcquireFocus
 0001:0001D304       TDBCtrlGrid.AdjustSize
 0001:0001D360       TDBCtrlGrid.CreatePanelBitmap
 0001:0001D3C8       TDBCtrlGrid.CreateParams
 0001:0001D3E0       TDBCtrlGrid.CreateWnd
 0001:0001D438       TDBCtrlGrid.DataSetChanged
 0001:0001D5B8       TDBCtrlGrid.DestroyPanelBitmap
 0001:0001D5F8       TDBCtrlGrid.DoKey
 0001:0001D814       TDBCtrlGrid.DrawPanel
 0001:0001D8D4       TDBCtrlGrid.DrawPanelBackground
 0001:0001D958       TDBCtrlGrid.GetChildParent
 0001:0001D960       TDBCtrlGrid.GetChildren
 0001:0001D988       TDBCtrlGrid.GetDataSource
 0001:0001D994       TDBCtrlGrid.GetEditMode
 0001:0001D9C8       TDBCtrlGrid.GetPanelBounds
 0001:0001DA34       TDBCtrlGrid.GetTabOrderList
 0001:0001DA38       TDBCtrlGrid.KeyDown
 0001:0001DB4C       TDBCtrlGrid.PaintWindow
 0001:0001DD88       TDBCtrlGrid.PaintPanel
 0001:0001DDA8       TDBCtrlGrid.PointInPanel
 0001:0001DDF8       TDBCtrlGrid.ReadState
 0001:0001DE10       TDBCtrlGrid.Reset
 0001:0001DE50       TDBCtrlGrid.Scroll
 0001:0001E018       TDBCtrlGrid.ScrollMessage
 0001:0001E150       TDBCtrlGrid.FindNext
 0001:0001E268       TDBCtrlGrid.SelectNext
 0001:0001E350       TDBCtrlGrid.SetBounds
 0001:0001E3F4       TDBCtrlGrid.SetColCount
 0001:0001E41C       TDBCtrlGrid.SetDataSource
 0001:0001E43C       TDBCtrlGrid.SetEditMode
 0001:0001E480       TDBCtrlGrid.SetOrientation
 0001:0001E4A4       TDBCtrlGrid.SetPanelBorder
 0001:0001E4CC       TDBCtrlGrid.SetPanelHeight
 0001:0001E4F8       TDBCtrlGrid.SetPanelIndex
 0001:0001E52C       TDBCtrlGrid.SetPanelWidth
 0001:0001E558       TDBCtrlGrid.SetRowCount
 0001:0001E580       TDBCtrlGrid.SetSelectedColor
 0001:0001E5B4       TDBCtrlGrid.UpdateDataLinks
 0001:0001E690       TDBCtrlGrid.UpdateScrollBar
 0001:0001E7D8       TDBCtrlGrid.WMLButtonDown
 0001:0001E960       TDBCtrlGrid.WMLButtonDblClk
 0001:0001E990       TDBCtrlGrid.WMHScroll
 0001:0001E998       TDBCtrlGrid.WMVScroll
 0001:0001E9A0       TDBCtrlGrid.WMEraseBkgnd
 0001:0001E9A8       TDBCtrlGrid.WMPaint
 0001:0001E9B0       TDBCtrlGrid.WMSetFocus
 0001:0001E9C8       TDBCtrlGrid.WMKillFocus
 0001:0001E9E0       TDBCtrlGrid.WMGetDlgCode
 0001:0001E9E8       TDBCtrlGrid.WMSize
 0001:0001E9FC       GetShiftState
 0001:0001EA38       TDBCtrlGrid.CMChildKey
 0001:0001EB00       TDBCtrlGrid.CMColorChanged
 0001:0001EB20       TDBCtrlGrid.ExecuteAction
 0001:0001EB5C       TDBCtrlGrid.UpdateAction
 0001:0001EB98       Finalization
 0001:0001EBC8       dbcgrids
 0001:0001F6BC       TDataSetAction.GetDataSet
 0001:0001F6D4       TDataSetAction.HandlesTarget
 0001:0001F71C       TDataSetAction.Notification
 0001:0001F74C       TDataSetAction.SetDataSource
 0001:0001F768       TDataSetFirst.ExecuteTarget
 0001:0001F780       TDataSetFirst.UpdateTarget
 0001:0001F7B4       TDataSetPrior.ExecuteTarget
 0001:0001F7CC       TDataSetPrior.UpdateTarget
 0001:0001F800       TDataSetNext.ExecuteTarget
 0001:0001F818       TDataSetNext.UpdateTarget
 0001:0001F84C       TDataSetLast.ExecuteTarget
 0001:0001F864       TDataSetLast.UpdateTarget
 0001:0001F898       TDataSetInsert.ExecuteTarget
 0001:0001F8B0       TDataSetInsert.UpdateTarget
 0001:0001F8E8       TDataSetRefresh.ExecuteTarget
 0001:0001F900       TDataSetRefresh.UpdateTarget
 0001:0001F938       TDataSetPost.ExecuteTarget
 0001:0001F954       TDataSetPost.UpdateTarget
 0001:0001F998       TDataSetCancel.ExecuteTarget
 0001:0001F9B4       TDataSetCancel.UpdateTarget
 0001:0001F9F8       TDataSetEdit.ExecuteTarget
 0001:0001FA10       TDataSetEdit.UpdateTarget
 0001:0001FA54       TDataSetDelete.ExecuteTarget
 0001:0001FA6C       TDataSetDelete.UpdateTarget
 0001:0001FAB4       Finalization
 0001:0001FAE4       DBActns
 0001:0001FF04       TDataBindItem.Create
 0001:0001FF80       TDataBindItem.DataChange
 0001:00020054       TDataBindItem.Destroy
 0001:00020088       TDataBindItem.GetDataField
 0001:000200A0       TDataBindItem.SetDataField
 0001:000200B8       TDataBindItem.SetDispID
 0001:000200C8       TDataBindItem.UpdateData
 0001:00020128       TDataBindings.Create
 0001:0002016C       TDataBindings.Add
 0001:00020178       TDataBindings.GetItem
 0001:0002018C       TDataBindings.GetItemByDispID
 0001:000201D4       TDataBindings.GetOwner
 0001:000201D8       TDataBindings.SetItem
 0001:000201E0       TDataBindings.Update
 0001:000201E4       TDBOleControl.Create
 0001:00020230       TDBOleControl.Destroy
 0001:00020260       TDBOleControl.Notification
 0001:00020298       SetItemValue
 0001:00020328       TDBOleControl.OnChanged
 0001:000203EC       TDBOleControl.OnRequestEdit
 0001:00020458       TDBOleControl.SetDataSource
 0001:000204EC       Finalization
 0001:0002051C       DBOleCtl
 0001:00020794       @GetPackageInfoTable
 0001:0002079C       @PackageLoad
 0001:000207A8       @PackageUnload
 0001:000207B4       vcldb
 0002:00000000       Module
 0002:00000018       TlsProc
 0002:00000028       AlignStyle
 0002:00000040       BtnTypeName
 0002:00000068       BtnHintId
 0002:00000090       SearchTickCount
 0002:00000094       Direction
 0002:00000098       AlignFlags
 0002:000000A4       RTL
 0002:000000AC       ScrollArrows
 0002:00001000       ModuleIsLib
 0002:00001001       ModuleIsPackage
 0002:00001004       TlsIndex
 0002:0000100C       HInstance
 0002:00001010       .1
 0002:00001014       tlsBuffer
 0002:00001018       .3
 0002:0000101C       .1
 0002:00001020       .1
 0002:00001024       .1
 0002:00001028       .1
 0002:0000102C       .1
 0002:00001030       .1
 0002:00001034       .1
 0002:00001038       .1
 0002:0000103C       .3
 0002:00001040       .1
 0002:00001044       .1
 0002:00001048       .1
 0002:0000104C       .1
 0002:00001050       .2
 0002:00001054       .2
 0002:00001058       .22
 0002:0000105C       .9
 0002:00001060       DrawBitmap
 0002:00001064       UserCount
 0002:00001068       .4
 0002:0000106C       .21
 0002:00001070       .4


Bound resource files

DBLogDlg.dfm
DBPWDlg.dfm
dbctrls.res
dbgrids.res
vcldb.res
c:\TEMP\dtf6E79.tmp


Program entry point at 0001:000207B4
