
 Start         Length     Name                   Class
 0001:00000000 000934D8H .text                   CODE
 0002:00000000 0000066CH .data                   DATA
 0002:0000066C 00000081H .bss                    BSS


Detailed map of segments

 0001:00000000 0000040E C=CODE     S=.text    G=(none)   M=System   ACBP=A9
 0001:00000410 000001EC C=CODE     S=.text    G=(none)   M=SysInit  ACBP=A9
 0001:000005FC 000000B6 C=CODE     S=.text    G=(none)   M=SysUtils ACBP=A9
 0001:000006B4 0000000E C=CODE     S=.text    G=(none)   M=SysConst ACBP=A9
 0001:000006C4 00000060 C=CODE     S=.text    G=(none)   M=Windows  ACBP=A9
 0001:00000724 0000000E C=CODE     S=.text    G=(none)   M=Types    ACBP=A9
 0001:00000734 0000003E C=CODE     S=.text    G=(none)   M=Variants ACBP=A9
 0001:00000774 0000000E C=CODE     S=.text    G=(none)   M=VarUtils ACBP=A9
 0001:00000784 0000048E C=CODE     S=.text    G=(none)   M=Classes  ACBP=A9
 0001:00000C14 00000016 C=CODE     S=.text    G=(none)   M=ActiveX  ACBP=A9
 0001:00000C2C 00000038 C=CODE     S=.text    G=(none)   M=Messages ACBP=A9
 0001:00000C64 0000000E C=CODE     S=.text    G=(none)   M=TypInfo  ACBP=A9
 0001:00000C74 0000000E C=CODE     S=.text    G=(none)   M=RTLConsts ACBP=A9
 0001:00000C84 0000001E C=CODE     S=.text    G=(none)   M=ComObj   ACBP=A9
 0001:00000CA4 0000000E C=CODE     S=.text    G=(none)   M=ComConst ACBP=A9
 0001:00000CB4 0000000E C=CODE     S=.text    G=(none)   M=msxml    ACBP=A9
 0001:00000CC4 0000761D C=CODE     S=.text    G=(none)   M=msxmldom ACBP=A9
 0001:000082E4 00000FAC C=CODE     S=.text    G=(none)   M=xmldom   ACBP=A9
 0001:00009290 00000016 C=CODE     S=.text    G=(none)   M=Math     ACBP=A9
 0001:000092A8 0005540C C=CODE     S=.text    G=(none)   M=xdom     ACBP=A9
 0001:0005E6B4 00006A99 C=CODE     S=.text    G=(none)   M=oxmldom  ACBP=A9
 0001:00065150 00000564 C=CODE     S=.text    G=(none)   M=XMLIntf  ACBP=A9
 0001:000656B4 00000810 C=CODE     S=.text    G=(none)   M=XMLSchemaTags ACBP=A9
 0001:00065EC4 00014F70 C=CODE     S=.text    G=(none)   M=XMLSchema ACBP=A9
 0001:0007AE34 00009038 C=CODE     S=.text    G=(none)   M=XMLDoc   ACBP=A9
 0001:00083E6C 00007B8C C=CODE     S=.text    G=(none)   M=XMLBindGen ACBP=A9
 0001:0008B9F8 000029A4 C=CODE     S=.text    G=(none)   M=DTDSchema ACBP=A9
 0001:0008E39C 00002BE8 C=CODE     S=.text    G=(none)   M=XDRSchema ACBP=A9
 0001:00090F84 0000122C C=CODE     S=.text    G=(none)   M=XMLDataToSchema ACBP=A9
 0001:000921B0 00001200 C=CODE     S=.text    G=(none)   M=XMLSchema99 ACBP=A9
 0001:000933B0 00000125 C=CODE     S=.text    G=(none)   M=xmlrtl   ACBP=A9
 0002:00000000 00000028 C=DATA     S=.data    G=DGROUP   M=SysInit  ACBP=A9
 0002:00000028 00000064 C=DATA     S=.data    G=DGROUP   M=msxmldom ACBP=A9
 0002:0000008C 000002B8 C=DATA     S=.data    G=DGROUP   M=xdom     ACBP=A9
 0002:00000344 00000054 C=DATA     S=.data    G=DGROUP   M=oxmldom  ACBP=A9
 0002:00000398 00000034 C=DATA     S=.data    G=DGROUP   M=XMLIntf  ACBP=A9
 0002:000003CC 000000E0 C=DATA     S=.data    G=DGROUP   M=XMLSchemaTags ACBP=A9
 0002:000004AC 00000050 C=DATA     S=.data    G=DGROUP   M=XMLSchema ACBP=A9
 0002:000004FC 00000030 C=DATA     S=.data    G=DGROUP   M=XMLDoc   ACBP=A9
 0002:0000052C 000000EC C=DATA     S=.data    G=DGROUP   M=XMLBindGen ACBP=A9
 0002:00001000 00000018 C=BSS      S=.bss     G=DGROUP   M=SysInit  ACBP=A9
 0002:00001018 00000004 C=BSS      S=.bss     G=DGROUP   M=Windows  ACBP=A9
 0002:0000101C 00000004 C=BSS      S=.bss     G=DGROUP   M=Messages ACBP=A9
 0002:00001020 00000008 C=BSS      S=.bss     G=DGROUP   M=msxmldom ACBP=A9
 0002:00001028 0000000C C=BSS      S=.bss     G=DGROUP   M=xmldom   ACBP=A9
 0002:00001034 00000004 C=BSS      S=.bss     G=DGROUP   M=xdom     ACBP=A9
 0002:00001038 00000010 C=BSS      S=.bss     G=DGROUP   M=oxmldom  ACBP=A9
 0002:00001048 00000004 C=BSS      S=.bss     G=DGROUP   M=XMLIntf  ACBP=A9
 0002:0000104C 00000004 C=BSS      S=.bss     G=DGROUP   M=XMLSchemaTags ACBP=A9
 0002:00001050 00000008 C=BSS      S=.bss     G=DGROUP   M=XMLSchema ACBP=A9
 0002:00001058 00000004 C=BSS      S=.bss     G=DGROUP   M=XMLDoc   ACBP=A9
 0002:0000105C 00000004 C=BSS      S=.bss     G=DGROUP   M=XMLBindGen ACBP=A9
 0002:00001060 00000008 C=BSS      S=.bss     G=DGROUP   M=DTDSchema ACBP=A9
 0002:00001068 00000008 C=BSS      S=.bss     G=DGROUP   M=XDRSchema ACBP=A9
 0002:00001070 00000008 C=BSS      S=.bss     G=DGROUP   M=XMLDataToSchema ACBP=A9
 0002:00001078 00000008 C=BSS      S=.bss     G=DGROUP   M=XMLSchema99 ACBP=A9


  Address         Publics by Name

 0002:00001034       .012
 0002:00001010       .1
 0002:0000101C       .1
 0002:00001024       .12
 0002:0000103C       .12
 0002:00001070       .2
 0002:00001068       .2
 0002:0000104C       .3
 0002:00001060       .3
 0002:00001018       .3
 0002:00001048       .3
 0002:00001078       .5
 0002:00001058       .5
 0002:00001030       .5
 0002:00001054       .84
 0002:0000105C       .91
 0001:000934B0       @GetPackageInfoTable
 0001:00000548       @InitPkg
 0001:000005AC       @PackageLoad
 0001:000934B8       @PackageLoad
 0001:000934C4       @PackageUnload
 0001:000005B8       @PackageUnload
 0001:0008ACC0       AddDataType
 0001:0007CF7C       AddNodeClassInfo
 0001:00000448       AllocTlsBuffer
 0002:000001A4       AMP
 0002:000001AC       AMP
 0002:000001C4       AMP
 0002:000001CC       AMP
 0002:00000504       AnsiEncodings
 0001:0007D080       AppendItem
 0001:00070700       ArrayContains
 0002:0000031C       ATTLISTSTART
 0002:000002F0       ATTLISTSTART
 0002:00000500       AttrChangeTypeMap
 0002:000004C0       BaseTypeIndMap
 0002:000003CC       BuiltInTypeNames
 0002:000002A0       CDATASTART
 0002:000002CC       CDATASTART
 0001:0007CCF8       CheckEncoding
 0001:00083048       CheckForDTD
 0001:000833D8       CheckForXMLSchema
 0001:0007C878       CheckIntegerValue
 0001:0008AEE4       CheckOrderDependencies
 0001:0007CB94       CheckWordValue
 0002:00000260       chEnd1
 0002:00000264       chEnd2
 0002:000004F4       ChoiceTypeMap
 0002:00000240       chStart1
 0002:00000244       chStart2
 0002:00000248       chStart3a
 0002:0000024C       chStart3b
 0002:00000250       chStart4a
 0002:00000254       chStart4b
 0002:00000258       chStart5a
 0002:0000025C       chStart5b
 0002:0000005C       CLASS_DOMDocument26
 0002:0000006C       CLASS_DOMDocument30
 0002:0000007C       CLASS_DOMDocument40
 0001:00086370       CoCreateGuid
 0002:000002E4       COMMENTSTART
 0002:000002C8       COMMENTSTART
 0002:00000310       COMMENTSTART
 0002:0000029C       COMMENTSTART
 0001:0007C7D8       CompareToRead
 0002:000004B0       CompositorMap
 0002:000004B4       CompositorNames
 0002:000004E8       CompositorNames
 0002:0000030C       CONTSECTSTART
 0001:0007C400       CopyChildNodes
 0001:0001BCDC       cp10000_MacRomanToUTF16Char
 0001:0001D32C       cp10000_MacRomanToUTF16Str
 0001:0001C374       cp1250ToUTF16Char
 0001:0001D36C       cp1250ToUTF16Str
 0001:0001C9F8       cp1251ToUTF16Char
 0001:0001D3AC       cp1251ToUTF16Str
 0001:0001CD58       cp1252ToUTF16Char
 0001:0001D3EC       cp1252ToUTF16Str
 0002:000001BC       CR
 0002:00000094       CR
 0002:00000220       CR
 0002:0000032C       CR
 0001:0008B55C       CreateCodeWriters
 0001:00003B00       CreateDOMDocument
 0001:0007C1FC       CreateDOMNode
 0001:00086378       CreateGuid
 0002:0000009C       CRLF
 0002:000005D0       DefaultCode
 0002:00001028       DefaultDOMVendor
 0002:000004FC       DefaultNodeIndent
 0002:00000610       DefaultPart
 0002:00000580       DefaultTypeMap
 0001:0007CBF4       DetectCharEncoding
 0001:0008EFF4       DetermineOccurence
 0002:000002A4       DOCTYPESTART
 0002:000002D0       DOCTYPESTART
 0001:0008B600       DoGenerate
 0002:00000090       domDocumentFormatList
 0001:00008D80       DOMVendorList
 0001:00008EB8       DOMVendorNotSupported
 0002:0000102C       DOMVendors
 0001:00081680       DOMVendorStored
 0002:000002DC       DoubleQuote
 0002:000000AC       DoubleQuote
 0002:00000284       DoubleQuote
 0002:00000300       DoubleQuote
 0002:000002B0       DoubleQuote
 0002:00000114       DOUBLESPACE
 0002:00000188       DOUBLESPACE
 0002:000000A4       DQ
 0002:00000270       DQ
 0002:000000C0       dQuote
 0002:0000016C       dQuote
 0002:000001D8       dQuote
 0002:000001E0       dQuote
 0002:000001E8       dQuote
 0002:000001F0       dQuote
 0002:000001F8       dQuote
 0002:00000200       dQuote
 0002:00000164       dQuote
 0002:00000278       dQuote
 0002:000000B8       dQuote
 0002:00000174       dQuote
 0002:000000C8       dQuote
 0002:000000D0       dQuote
 0002:000001A0       dQuote
 0002:00000198       dQuote
 0002:0000017C       dQuote
 0002:0000033C       dQuote
 0002:00000190       dQuote
 0002:000000D8       dQuote
 0002:00000184       dQuote
 0001:0008E2F0       DTDSchema
 0001:00009120       EDOMParseError.Create
 0001:0000916C       EDOMParseError.GetErrorCode
 0001:00009178       EDOMParseError.GetFilePos
 0001:00009184       EDOMParseError.GetLine
 0001:00009190       EDOMParseError.GetLinePos
 0001:0000919C       EDOMParseError.GetReason
 0001:000091BC       EDOMParseError.GetSrcText
 0001:000091DC       EDOMParseError.GetURL
 0002:00000318       ELEMENTSTART
 0002:000002EC       ELEMENTSTART
 0002:00000210       EM
 0001:0007CCCC       EncodingMatches
 0002:00000314       ENTITYSTART
 0002:000002E8       ENTITYSTART
 0001:000004F4       ExitProcessTLS
 0001:000004CC       ExitThreadTLS
 0001:0007C6F0       ExtractAttrValue
 0001:00008A98       ExtractLocalName
 0001:00008AD8       ExtractPrefix
 0002:000004D4       ExtRestTypeMap
 0001:00000C2C       Finalization
 0001:000006EC       Finalization
 0001:0008B928       Finalization
 0001:0007ACE4       Finalization
 0001:00090E94       Finalization
 0001:000005C4       Finalization
 0001:00008278       Finalization
 0001:0008E2AC       Finalization
 0001:0005E230       Finalization
 0001:000091FC       Finalization
 0001:000932C0       Finalization
 0001:00065C90       Finalization
 0001:000920C0       Finalization
 0001:00065664       Finalization
 0001:00083DD0       Finalization
 0001:000650C8       Finalization
 0001:00073760       FindAttributeDefs
 0001:00073308       FindDerivation
 0001:00073948       FindElementDefs
 0001:00076E60       FindItemNS
 0001:000734E0       FindLegacyDerivation
 0001:00083284       FindLocationHint
 0001:00070AB0       FindSchemaExporter
 0001:00070BB4       FindSchemaImporter
 0002:0000010C       FirstByte
 0001:0007C510       FormatXMLData
 0001:0008B5C4       FreeCodeWriters
 0001:00000410       FreeLibrary
 0001:000006C4       FreeLibrary
 0001:00023AE4       FurtherAttrNormalization
 0001:00031720       FurtherAttrNormalization
 0001:0008E76C       GetAttribute
 0001:0005203C       getBracket
 0001:0007072C       GetDocumentation
 0001:00008EA0       GetDOM
 0001:00008CF8       GetDOMNodeEx
 0001:00008DD0       GetDOMVendor
 0001:000038B0       GetMSNode
 0001:000613E8       GetOXNode
 0001:000006DC       GetProcAddress
 0001:00000454       GetTlsSize
 0001:00070840       GetXMLSchema
 0001:000619F4       get_errorCode
 0002:00001040       GlobalOXDOM
 0002:00000208       GT
 0001:0008E6A8       Head
 0001:0008BD74       Head
 0002:0000100C       HInstance
 0001:0001E548       IncBufSize
 0002:000005F8       IndexPart
 0002:00000600       IndexPart
 0002:00000608       IndexPart
 0001:00000518       InitializeModule
 0001:000004A0       InitProcessTLS
 0001:0000045C       InitThreadTLS
 0001:000647D4       InitURLMon
 0001:0007D880       InsertFormattingNode
 0001:000006CC       InterlockedDecrement
 0001:000006D4       InterlockedIncrement
 0001:0001B134       Iso8859_10ToUTF16Char
 0001:0001D1EC       Iso8859_10ToUTF16Str
 0001:0001B35C       Iso8859_13ToUTF16Char
 0001:0001D22C       Iso8859_13ToUTF16Str
 0001:0001B610       Iso8859_14ToUTF16Char
 0001:0001D26C       Iso8859_14ToUTF16Str
 0001:0001B7B0       Iso8859_15ToUTF16Char
 0001:0001D2AC       Iso8859_15ToUTF16Str
 0001:0001A5C4       Iso8859_1ToUTF16Char
 0001:0001CFAC       Iso8859_1ToUTF16Str
 0001:0001A5CC       Iso8859_2ToUTF16Char
 0001:0001CFEC       Iso8859_2ToUTF16Str
 0001:0001A888       Iso8859_3ToUTF16Char
 0001:0001D02C       Iso8859_3ToUTF16Str
 0001:0001ABB8       Iso8859_4ToUTF16Char
 0001:0001D06C       Iso8859_4ToUTF16Str
 0001:0001AE50       Iso8859_5ToUTF16Char
 0001:0001D0AC       Iso8859_5ToUTF16Str
 0001:0001AE84       Iso8859_6ToUTF16Char
 0001:0001D0EC       Iso8859_6ToUTF16Str
 0001:0001AF28       Iso8859_7ToUTF16Char
 0001:0001D12C       Iso8859_7ToUTF16Str
 0001:0001B004       Iso8859_8ToUTF16Char
 0001:0001D16C       Iso8859_8ToUTF16Str
 0001:0001B0E0       Iso8859_9ToUTF16Char
 0001:0001D1AC       Iso8859_9ToUTF16Str
 0001:00008A78       IsPrefixed
 0001:0007787C       IsSchemaNamespace
 0001:0001D928       IsUTF16HighSurrogate
 0001:0001D93C       IsUTF16LowSurrogate
 0001:00023FE8       isValidENTITY
 0001:00024858       isValidIDREF
 0001:0001908C       isXmlAttValue
 0001:0001733C       isXmlBaseChar
 0001:00019664       isXmlCData
 0001:000172DC       isXmlChar
 0001:000196F8       isXmlCharData
 0001:00018AC0       isXmlCharRef
 0001:000186D0       isXmlChars
 0001:00017F70       isXmlCombiningChar
 0001:000194C4       isXmlComment
 0001:00019AD4       isXmlDefaultAttName
 0001:000184B4       isXmlDigit
 0001:0001986C       isXmlEncName
 0001:00018C70       isXmlEntityRef
 0001:00018E04       isXmlEntityValue
 0001:00018560       isXmlExtender
 0001:00017F50       isXmlIdeographic
 0001:00017318       isXmlLetter
 0001:00019BC8       isXmlLocalPart
 0001:000187A8       isXmlName
 0001:000185C0       isXmlNameChar
 0001:00018824       isXmlNames
 0001:00019A6C       isXmlNCName
 0001:00019A20       isXmlNCNameChar
 0001:00018948       isXmlNmtoken
 0001:0001899C       isXmlNmtokens
 0001:00019BA4       isXmlNSAttName
 0001:00018D28       isXmlPEReference
 0001:000197A0       isXmlPITarget
 0001:00019BD0       isXmlPrefix
 0001:00019B00       isXmlPrefixedAttName
 0001:00018610       isXmlPubidChar
 0001:00019398       isXmlPubidLiteral
 0001:00019BD8       isXmlQName
 0001:00018DE0       isXmlReference
 0001:00018754       isXmlS
 0001:000198FC       isXmlStringType
 0001:00019280       isXmlSystemLiteral
 0001:00019928       isXmlTokenizedType
 0001:000197F4       isXmlVersionNum
 0001:000172FC       isXmlWhiteSpace
 0001:0008BB8C       Join
 0001:0001B83C       KOI8_RToUTF16Char
 0001:0001D2EC       KOI8_RToUTF16Str
 0002:0000021C       LB
 0002:00000480       LegacyTypeNames
 0002:00000328       LF
 0002:000001B8       LF
 0002:00000098       LF
 0002:00000268       LF
 0002:00000224       LF
 0001:0008BB2C       LoadFile
 0001:00064874       LoadFromURL
 0001:00003944       LoadFromXMLString
 0001:000006E4       LoadLibrary
 0001:0007C634       LoadXMLData
 0001:0007C5FC       LoadXMLData
 0001:0007C5D0       LoadXMLDocument
 0001:000708AC       LoadXMLSchema
 0001:000708E4       LoadXMLSchemaStr
 0001:00000418       LocalAlloc
 0001:00000420       LocalFree
 0002:00000334       LT
 0002:0000011C       LT
 0002:00000204       LT
 0001:000613BC       MakeNamedNodeMap
 0001:00003888       MakeNamedNodeMap
 0001:0006134C       MakeNode
 0001:000037D4       MakeNode
 0001:00061390       MakeNodeList
 0001:00003860       MakeNodeList
 0001:00008B18       MakeNodeName
 0001:00091294       MakeTypeName
 0001:00086380       MakeValidIdent
 0002:000000F4       MaxCode
 0002:00000228       MaxCode
 0002:000000DC       MaxCode
 0001:00000C5C       Messages
 0002:00000214       MI
 0002:00000000       Module
 0002:00001000       ModuleIsLib
 0002:00001001       ModuleIsPackage
 0001:000082BC       msxmldom
 0002:00000028       MSXMLDOMDocumentCreate
 0002:00001020       MSXML_DOM
 0002:0000052C       NativeTypes
 0001:0007C66C       NewXMLDocument
 0001:0007091C       NewXMLSchema
 0002:0000051C       NodeChangeMap
 0002:00000518       NodeChangeMap
 0002:0000002C       NodeClasses
 0002:00000344       NodeClasses
 0001:00008C4C       NodeMatches
 0002:00000398       NodeTypeNames
 0002:00000378       NodeTypes
 0002:00000320       NOTATIONSTART
 0002:000002F4       NOTATIONSTART
 0002:000002B4       NUMBERSIGN
 0002:00000288       NUMBERSIGN
 0002:00001038       OpenXMLFactory
 0001:00065128       oxmldom
 0002:00000294       PIEND
 0002:000002C0       PIEND
 0002:000002BC       PISTART
 0002:000002E0       PISTART
 0002:00000304       PISTART
 0002:00000290       PISTART
 0001:0009157C       ProcessAttributes
 0001:00091328       ProcessChildNodes
 0002:000002A8       QM
 0002:0000020C       QM
 0002:0000027C       QM
 0002:000002F8       QM
 0002:000002D4       QM
 0001:0007C7AC       ReadAtPos
 0001:0008C0A0       ReadName
 0001:00015298       Register
 0001:00008DA0       RegisterDOMVendor
 0001:00070A4C       RegisterSchemaTranslator
 0001:0008DC94       RemoveSuffix
 0001:0008C1C0       Replace
 0002:00000154       replace34
 0002:0000013C       replace38
 0002:00000148       replace39
 0002:00000124       replace60
 0002:00000130       replace62
 0001:000272D0       replaceWideChar
 0001:00019C8C       resolveCharRefs
 0001:00008BE4       SameNamespace
 0001:00008B58       SameNamespace
 0001:00070A28       SchemaParseError
 0001:00070A04       SchemaValidationError
 0001:00076AD4       SearchLinkedSchemas
 0001:00076C94       SearchSiblingSchemas
 0002:000001B0       SEMICOLON
 0002:000001A8       SEMICOLON
 0002:000001C8       SEMICOLON
 0002:000001D0       SEMICOLON
 0001:000732C4       SetDerivationMeth
 0002:0000008C       show_all
 0002:000002D8       SingleQuote
 0002:000002AC       SingleQuote
 0002:00000280       SingleQuote
 0002:000000A8       SingleQuote
 0002:000002FC       SingleQuote
 0002:00000218       SL
 0002:0000028C       SOLIDUS
 0002:000002B8       SOLIDUS
 0002:00000118       SPACE
 0002:00000340       SPACE
 0002:000000B0       SPACE
 0002:000001C0       SPACE
 0002:00000330       SPACE
 0002:00000120       SPACE
 0001:0008E4E0       Split
 0001:0008BC48       Split
 0002:000000A0       SQ
 0002:0000026C       SQ
 0002:000001DC       sQuote
 0002:000001E4       sQuote
 0002:000001EC       sQuote
 0002:000001F4       sQuote
 0002:000001FC       sQuote
 0002:000001D4       sQuote
 0002:00000274       sQuote
 0002:0000019C       sQuote
 0002:00000194       sQuote
 0002:0000018C       sQuote
 0002:00000338       sQuote
 0002:00000180       sQuote
 0002:00000178       sQuote
 0002:00000170       sQuote
 0002:000000D4       sQuote
 0002:000000CC       sQuote
 0002:000000C4       sQuote
 0002:000000BC       sQuote
 0002:000000B4       sQuote
 0002:00000168       sQuote
 0002:00000160       sQuote
 0001:0008C560       SubstituteEntities
 0001:000005F4       SysInit
 0002:00000324       TAB
 0002:000001B4       TAB
 0001:0008E614       Tail
 0001:0008BE38       Tail
 0001:000864B8       TBindingOptions.Assign
 0001:000865C8       TBindingOptions.AssignTo
 0001:0008698C       TBindingOptions.Clear
 0001:000863F4       TBindingOptions.Create
 0001:00086460       TBindingOptions.Destroy
 0001:000865F8       TBindingOptions.DoOptionChange
 0001:00086614       TBindingOptions.EnsureOption
 0001:000866DC       TBindingOptions.GetOption
 0001:000868B0       TBindingOptions.GetOptionData
 0001:00086788       TBindingOptions.GetOptionValue
 0001:00086918       TBindingOptions.InitializeOptions
 0001:000868F4       TBindingOptions.InitializeOptions
 0001:000869EC       TBindingOptions.IsTrue
 0001:000867E8       TBindingOptions.SetOption
 0001:000868D0       TBindingOptions.SetOptionData
 0001:0008A8E0       TClassDecl.WriteDecl
 0001:0008AB64       TClassDecl.WriteListBinding
 0001:0008AB2C       TClassDecl.WriteProperties
 0001:0008AA38       TClassDecl.WriteProperty
 0001:0008A860       TClassForward.Generate
 0001:00088C58       TCodeWriter.Changed
 0001:00088BDC       TCodeWriter.Create
 0001:00088D58       TCodeWriter.Generate
 0001:00088C68       TCodeWriter.PropGetPrefix
 0001:00088CE0       TCodeWriter.PropSetPrefix
 0001:00088DFC       TCodeWriter.Write
 0001:00088D64       TCodeWriter.Write
 0001:000895A8       TCodeWriter.WriteAfterConstruction
 0001:00089784       TCodeWriter.WriteClassDecl
 0001:00089914       TCodeWriter.WriteCollCreate
 0001:000899A4       TCodeWriter.WriteCollGetItem
 0001:00089AC8       TCodeWriter.WriteCollItemInit
 0001:00089B50       TCodeWriter.WriteCollItemProp
 0001:00088E0C       TCodeWriter.WriteComment
 0001:00089558       TCodeWriter.WriteDataMember
 0001:0008927C       TCodeWriter.WriteDataProperty
 0001:00088E6C       TCodeWriter.WriteDeclComment
 0001:00088F90       TCodeWriter.WriteFunction
 0001:00088EF4       TCodeWriter.WriteFunction
 0001:00089648       TCodeWriter.WriteGetBindFunc
 0001:000890B8       TCodeWriter.WriteGetMethod
 0001:00089894       TCodeWriter.WriteGuid
 0001:0008983C       TCodeWriter.WriteIntfDecl
 0001:00088D5C       TCodeWriter.WriteLine
 0001:000896B4       TCodeWriter.WriteLoadBindFunc
 0001:00088E78       TCodeWriter.WriteMethodBody
 0001:0008972C       TCodeWriter.WriteNewBindFunc
 0001:000893B0       TCodeWriter.WriteProperty
 0001:00089C1C       TCodeWriter.WriteRegisterChildNode
 0001:000891A4       TCodeWriter.WriteSetMethod
 0001:0001E4B0       TConversionStream.convertReadBuffer
 0001:0001E4B4       TConversionStream.convertWriteBuffer
 0001:0001E3E8       TConversionStream.create
 0001:0001E47C       TConversionStream.destroy
 0001:0001E51C       TConversionStream.freeConvertBuffer
 0001:0001E4B8       TConversionStream.read
 0001:0001E4AC       TConversionStream.seek
 0001:0001E530       TConversionStream.setConvertBufSize
 0001:0001E4E0       TConversionStream.write
 0001:0002350C       TdomAttr.create
 0001:000235CC       TdomAttr.createNS
 0001:000239C8       TdomAttr.getLiteralValue
 0001:00023998       TdomAttr.getName
 0001:00023F48       TdomAttr.getNextSibling
 0001:000239B0       TdomAttr.getNodeValue
 0001:00023F3C       TdomAttr.getOwnerElement
 0001:00023F40       TdomAttr.getParentNode
 0001:00023F44       TdomAttr.getPreviousSibling
 0001:000239AC       TdomAttr.getSpecified
 0001:00023B68       TdomAttr.getValue
 0001:000238A0       TdomAttr.normalize
 0001:00024C94       TdomAttr.resolveEntityReferences
 0001:00023ACC       TdomAttr.setNodeValue
 0001:00023E8C       TdomAttr.setValue
 0001:00024098       TdomAttr.validate2
 0001:00024944       TdomAttr.validateIDREFS
 0001:00023F4C       TdomAttr.writeCode
 0001:0002788C       TdomCDATASection.create
 0001:00027900       TdomCDATASection.validate2
 0001:00027904       TdomCDATASection.writeCode
 0001:0002326C       TdomCharacterData.appendData
 0001:000230A8       TdomCharacterData.create
 0001:00023368       TdomCharacterData.deleteData
 0001:000230EC       TdomCharacterData.getData
 0001:0002314C       TdomCharacterData.getLength
 0001:00023310       TdomCharacterData.insertData
 0001:000233C0       TdomCharacterData.replaceData
 0001:00023100       TdomCharacterData.setData
 0001:0002319C       TdomCharacterData.substringData
 0001:0002FB14       TdomCMAttrDefinition.create
 0001:000300F8       TdomCMAttrDefinition.getAttributeType
 0001:0003010C       TdomCMAttrDefinition.getDefaultDeclaration
 0001:00030120       TdomCMAttrDefinition.setNodeValue
 0001:0002FE20       TdomCMAttrDefinition.validate
 0001:00030124       TdomCMAttrDefinition.writeCode
 0001:000317B4       TdomCMAttribute.create
 0001:00031B30       TdomCMAttribute.setNodeValue
 0001:0002F91C       TdomCMAttrList.create
 0001:0002FAB0       TdomCMAttrList.validate
 0001:0002F9C4       TdomCMAttrList.writeCode
 0001:00030AAC       TdomCMChoiceParticle.contentModelTest2
 0001:00030A28       TdomCMChoiceParticle.create
 0001:00030D44       TdomCMChoiceParticle.validate
 0001:00030C28       TdomCMChoiceParticle.writeCode
 0001:0002C83C       TdomCMComment.appendData
 0001:0002C5C0       TdomCMComment.create
 0001:0002C8AC       TdomCMComment.deleteData
 0001:0002C6C4       TdomCMComment.getData
 0001:0002C724       TdomCMComment.getLength
 0001:0002C898       TdomCMComment.insertData
 0001:0002C8C0       TdomCMComment.replaceData
 0001:0002C6D8       TdomCMComment.setData
 0001:0002C774       TdomCMComment.substringData
 0001:0002C9B4       TdomCMComment.validate
 0001:0002C634       TdomCMComment.writeCode
 0001:0003132C       TdomCMElementParticle.contentModelTest2
 0001:00031280       TdomCMElementParticle.create
 0001:000314F0       TdomCMElementParticle.validate
 0001:00031474       TdomCMElementParticle.writeCode
 0001:0002F7D8       TdomCMElementTypeDeclaration.appendChild
 0001:0002F510       TdomCMElementTypeDeclaration.create
 0001:0002F5EC       TdomCMElementTypeDeclaration.getContentspec
 0001:0002F6C0       TdomCMElementTypeDeclaration.getContentspecType
 0001:0002F84C       TdomCMElementTypeDeclaration.insertBefore
 0001:0002F7D4       TdomCMElementTypeDeclaration.setNodeValue
 0001:0002F8C8       TdomCMElementTypeDeclaration.validate
 0001:0002F6C4       TdomCMElementTypeDeclaration.writeCode
 0001:0002F64C       TdomCMElementTypeDeclaration.writeContentspec
 0001:00032608       TdomCMEntity.calculateReplacementText
 0001:00031D14       TdomCMEntity.create
 0001:00032B34       TdomCMEntity.getIsUnusable
 0001:00032B3C       TdomCMEntity.getNormalizedValue
 0001:00032DF4       TdomCMEntity.getResolvedValue
 0001:00032358       TdomCMEntity.refersToExternalEntity
 0001:00032420       TdomCMEntity.refersToUnparsedEntity
 0001:000324E8       TdomCMEntity.refersToUnusableEntity
 0001:00031FA4       TdomCMEntity.refersToXyz
 0001:00033084       TdomCMEntity.setIsUnusable
 0001:00033080       TdomCMEntity.setNodeValue
 0001:000325B0       TdomCMEntity.testForCircularReference
 0001:00033730       TdomCMEntityDeclaration.create
 0001:00033A7C       TdomCMEntityDeclaration.validate
 0001:00033900       TdomCMEntityDeclaration.writeCode
 0001:0002F17C       TdomCMExternalObject.create
 0001:00033F18       TdomCMFragment.create
 0001:00033F88       TdomCMFragment.setNodeValue
 0001:0002F0F0       TdomCMInternalObject.create
 0001:000314F4       TdomCMNameParticle.create
 0001:0003159C       TdomCMNameParticle.setNodeValue
 0001:00031600       TdomCMNameParticle.validate
 0001:000315A0       TdomCMNameParticle.writeCode
 0001:00031604       TdomCMNmtokenParticle.create
 0001:000316AC       TdomCMNmtokenParticle.setNodeValue
 0001:00031710       TdomCMNmtokenParticle.validate
 0001:000316B0       TdomCMNmtokenParticle.writeCode
 0001:0002C29C       TdomCMNode.appendChild
 0001:0002BA6C       TdomCMNode.clear
 0001:0002C484       TdomCMNode.cloneNode
 0001:0002B9AC       TdomCMNode.create
 0001:0002BA34       TdomCMNode.destroy
 0001:0002BCA8       TdomCMNode.getChildNodes
 0001:0002BBC0       TdomCMNode.getCMNodeType
 0001:0002BBC8       TdomCMNode.getCMObject
 0001:0002BBCC       TdomCMNode.getCode
 0001:0002BCAC       TdomCMNode.getFirstChild
 0001:0002BCC8       TdomCMNode.getLastChild
 0001:0002BD20       TdomCMNode.getNextSibling
 0001:0002BB40       TdomCMNode.getNodeName
 0001:0002BB54       TdomCMNode.getNodeValue
 0001:0002BBC4       TdomCMNode.getParentNode
 0001:0002BCE4       TdomCMNode.getPreviousSibling
 0001:0002C474       TdomCMNode.hasChildNodes
 0001:0002BD5C       TdomCMNode.insertBefore
 0001:0002C4F4       TdomCMNode.isAncestor
 0001:0002BAF8       TdomCMNode.makeChildrenReadonly
 0001:0002C1BC       TdomCMNode.removeChild
 0001:0002BFA8       TdomCMNode.replaceChild
 0001:0002BCA4       TdomCMNode.setIsReadonly
 0001:0002BB68       TdomCMNode.setNodeValue
 0001:0002BC6C       TdomCMNode.validate
 0001:0002BC2C       TdomCMNode.writeCode
 0001:0002AFBC       TdomCMNodeList.create
 0001:0002AFF8       TdomCMNodeList.getLength
 0001:0002B000       TdomCMNodeList.indexOf
 0001:0002B00C       TdomCMNodeList.item
 0001:00031B44       TdomCMNotation.create
 0001:0002F228       TdomCMNotationDeclaration.create
 0001:0002F4E4       TdomCMNotationDeclaration.getPublicId
 0001:0002F4F8       TdomCMNotationDeclaration.getSystemId
 0001:0002F400       TdomCMNotationDeclaration.setNodeValue
 0001:0002F50C       TdomCMNotationDeclaration.validate
 0001:0002F404       TdomCMNotationDeclaration.writeCode
 0001:0002D858       TdomCMObject.clear
 0001:0002D888       TdomCMObject.clearAttributes
 0001:0002D8B8       TdomCMObject.clearElementTypes
 0001:0002D8F0       TdomCMObject.clearEntities
 0001:0002D920       TdomCMObject.clearNotations
 0001:0002D958       TdomCMObject.clearParameterEntities
 0001:0002D6B0       TdomCMObject.create
 0001:0002DBC4       TdomCMObject.createCMAttribute
 0001:0002DBFC       TdomCMObject.createCMEntity
 0001:0002DC38       TdomCMObject.createCMNotation
 0001:0002DC68       TdomCMObject.createCMParameterEntity
 0001:0002D7F0       TdomCMObject.destroy
 0001:0002D990       TdomCMObject.duplicateCMNode
 0001:0002E124       TdomCMObject.prepare
 0001:0002E068       TdomCMObject.prepareCM
 0001:0002E194       TdomCMObject.removeExternalCM
 0001:0002E20C       TdomCMObject.removeInternalCM
 0001:0002E1AC       TdomCMObject.setExternalCM
 0001:0002E224       TdomCMObject.setInternalCM
 0001:0002DF08       TdomCMObject.setPredefinedEntities
 0001:0002E284       TdomCMObject.validate
 0001:00033098       TdomCMParameterEntity.create
 0001:000332CC       TdomCMParameterEntity.getIsUnusable
 0001:000332D0       TdomCMParameterEntity.setIsUnusable
 0001:00033A90       TdomCMParameterEntityDeclaration.create
 0001:00033D90       TdomCMParameterEntityDeclaration.validate
 0001:00033C10       TdomCMParameterEntityDeclaration.writeCode
 0001:00033D94       TdomCMParameterEntityReference.create
 0001:00033EC0       TdomCMParameterEntityReference.setNodeValue
 0001:00033EC4       TdomCMParameterEntityReference.validate
 0001:00033E44       TdomCMParameterEntityReference.writeCode
 0001:000304AC       TdomCMParticle.contentModelTest
 0001:00030444       TdomCMParticle.contentModelTest2
 0001:00030358       TdomCMParticle.create
 0001:000306A4       TdomCMParticle.getFrequency
 0001:000306B8       TdomCMParticle.setFrequency
 0001:00030754       TdomCMParticle.setNodeValue
 0001:00030E34       TdomCMPcdataChoiceParticle.contentModelTest
 0001:00030D48       TdomCMPcdataChoiceParticle.create
 0001:00030FE8       TdomCMPcdataChoiceParticle.elementDefined
 0001:00030F84       TdomCMPcdataChoiceParticle.setFrequency
 0001:000310C0       TdomCMPcdataChoiceParticle.validate
 0001:00030E94       TdomCMPcdataChoiceParticle.writeCode
 0001:0002C9B8       TdomCMProcessingInstruction.create
 0001:0002CA7C       TdomCMProcessingInstruction.getData
 0001:0002CA68       TdomCMProcessingInstruction.getTarget
 0001:0002CA90       TdomCMProcessingInstruction.setData
 0001:0002CB9C       TdomCMProcessingInstruction.validate
 0001:0002CAE8       TdomCMProcessingInstruction.writeCode
 0001:000307E0       TdomCMSequenceParticle.contentModelTest2
 0001:00030758       TdomCMSequenceParticle.create
 0001:00030A24       TdomCMSequenceParticle.validate
 0001:00030910       TdomCMSequenceParticle.writeCode
 0001:00027598       TdomComment.create
 0001:0002760C       TdomComment.validate2
 0001:00027610       TdomComment.writeCode
 0001:00033638       TdomCustomCMEntDecl.appendChild
 0001:000332E4       TdomCustomCMEntDecl.create
 0001:0003371C       TdomCustomCMEntDecl.getIsInternalEntity
 0001:000336F4       TdomCustomCMEntDecl.getPublicId
 0001:00033708       TdomCustomCMEntDecl.getSystemId
 0001:000334B8       TdomCustomCMEntDecl.insertBefore
 0001:00033578       TdomCustomCMEntDecl.replaceChild
 0001:0002F004       TdomCustomCMIEObject.create
 0001:0002F06C       TdomCustomCMIEObject.destroy
 0001:0002F09C       TdomCustomCMIEObject.validate
 0001:0002CBA0       TdomCustomCMObject.create
 0001:0002CC5C       TdomCustomCMObject.createCMAttributeDefinition
 0001:0002CC90       TdomCustomCMObject.createCMAttributeList
 0001:0002CCB4       TdomCustomCMObject.createCMChoiceParticle
 0001:0002CCD8       TdomCustomCMObject.createCMComment
 0001:0002CD08       TdomCustomCMObject.createCMElementParticle
 0001:0002CD30       TdomCustomCMObject.createCMElementTypeDeclaration
 0001:0002CD58       TdomCustomCMObject.createCMEntityDeclaration
 0001:0002CD90       TdomCustomCMObject.createCMFragment
 0001:0002CDB4       TdomCustomCMObject.createCMNameParticle
 0001:0002CDD8       TdomCustomCMObject.createCMNmtokenParticle
 0001:0002CDFC       TdomCustomCMObject.createCMNotationDeclaration
 0001:0002CE2C       TdomCustomCMObject.createCMParameterEntityDeclaration
 0001:0002CE60       TdomCustomCMObject.createCMParameterEntityReference
 0001:0002CE84       TdomCustomCMObject.createCMPcdataChoiceParticle
 0001:0002CEB4       TdomCustomCMObject.createCMProcessingInstruction
 0001:0002CEE8       TdomCustomCMObject.createCMSequenceParticle
 0001:0002CC04       TdomCustomCMObject.destroy
 0001:0002CF0C       TdomCustomCMObject.duplicateCMNode
 0001:0002D578       TdomCustomCMObject.freeAllCMNodes
 0001:0002CC58       TdomCustomCMObject.setNodeValue
 0001:00051EA4       TdomCustomContentHandler.CDATA
 0001:00051EAC       TdomCustomContentHandler.charRef
 0001:00051E9C       TdomCustomContentHandler.comment
 0001:00051EB4       TdomCustomContentHandler.doctype
 0001:00051EBC       TdomCustomContentHandler.endDocument
 0001:00051EC0       TdomCustomContentHandler.endElement
 0001:00051EC8       TdomCustomContentHandler.endPrefixMapping
 0001:00051ED0       TdomCustomContentHandler.entityRef
 0001:00051ED8       TdomCustomContentHandler.PCDATA
 0001:00051EE0       TdomCustomContentHandler.processingInstruction
 0001:00051EE8       TdomCustomContentHandler.skippedEntity
 0001:00051EF0       TdomCustomContentHandler.startDocument
 0001:00051F2C       TdomCustomContentHandler.startElement
 0001:00051F34       TdomCustomContentHandler.startPrefixMapping
 0001:00051F3C       TdomCustomContentHandler.xmlDeclaration
 0001:00051F7C       TdomCustomDTDHandler.attributeDefinition
 0001:00051F84       TdomCustomDTDHandler.comment
 0001:00051F8C       TdomCustomDTDHandler.conditionalSection
 0001:00051F94       TdomCustomDTDHandler.elementTypeDeclaration
 0001:00051F9C       TdomCustomDTDHandler.endAttListDeclaration
 0001:00051FA0       TdomCustomDTDHandler.endDtd
 0001:00051FA4       TdomCustomDTDHandler.entityDeclaration
 0001:00051F44       TdomCustomDTDHandler.getPEFromCurrentCMObject
 0001:00051FAC       TdomCustomDTDHandler.notationDeclaration
 0001:00051FB4       TdomCustomDTDHandler.parameterEntityDeclaration
 0001:00051FBC       TdomCustomDTDHandler.parameterEntityRef
 0001:00051FC4       TdomCustomDTDHandler.processingInstruction
 0001:00051FCC       TdomCustomDTDHandler.startAttListDeclaration
 0001:00051FD4       TdomCustomDTDHandler.startDtd
 0001:00051FDC       TdomCustomDTDHandler.textDeclaration
 0001:00051FE4       TdomCustomErrorHandler.error
 0001:00051FEC       TdomCustomErrorHandler.fatalError
 0001:00052034       TdomCustomErrorHandler.warning
 0001:0001DE10       TdomCustomStr.addWideChar
 0001:0001DE48       TdomCustomStr.addWideString
 0001:0001DDBC       TdomCustomStr.create
 0001:0001DEB0       TdomCustomStr.endsWith
 0001:0001DDF8       TdomCustomStr.getWideChars
 0001:0001DF00       TdomCustomStr.isEqual
 0001:0001DF44       TdomCustomStr.reset
 0001:0001DE04       TdomCustomStr.setWideChars
 0001:0001DF60       TdomCustomStr.startsWith
 0001:0001DFA0       TdomCustomStr.value
 0001:000525B4       TdomCustomXMLReader.parse
 0001:0002AB84       TdomDocument.appendChild
 0001:00029428       TdomDocument.clear
 0001:00029508       TdomDocument.clearInvalidNodeIterators
 0001:00028AA8       TdomDocument.create
 0001:0002A27C       TdomDocument.createAttribute
 0001:0002A2A4       TdomDocument.createAttributeNS
 0001:0002A214       TdomDocument.createCDATASection
 0001:0002A1E0       TdomDocument.createComment
 0001:0002A188       TdomDocument.createDocumentFragment
 0001:0002A2F0       TdomDocument.createDocumentType
 0001:0002A130       TdomDocument.createElement
 0001:0002A154       TdomDocument.createElementNS
 0001:00029564       TdomDocument.createEntity
 0001:0002A2CC       TdomDocument.createEntityReference
 0001:0002AC98       TdomDocument.createNodeIterator
 0001:00029598       TdomDocument.createNotation
 0001:0002A248       TdomDocument.createProcessingInstruction
 0001:0002A1AC       TdomDocument.createTextNode
 0001:0002ACD4       TdomDocument.createTreeWalker
 0001:00028BBC       TdomDocument.destroy
 0001:000295C8       TdomDocument.duplicateNode
 0001:00028C18       TdomDocument.expandEntRef
 0001:000293AC       TdomDocument.findNewReferenceNodes
 0001:0002A324       TdomDocument.freeAllNodes
 0001:0002A530       TdomDocument.freeTreeWalker
 0001:00029FE8       TdomDocument.getCodeAsString
 0001:0002A050       TdomDocument.getCodeAsWideString
 0001:0002A0B0       TdomDocument.getDoctype
 0001:0002A0F0       TdomDocument.getDocumentElement
 0001:0002A59C       TdomDocument.getElementById
 0001:0002A5A0       TdomDocument.getElementsByTagName
 0001:0002A600       TdomDocument.getElementsByTagNameNS
 0001:0002A674       TdomDocument.importNode
 0001:00029C40       TdomDocument.initDoc
 0001:00029CEC       TdomDocument.initDocNS
 0001:0002A680       TdomDocument.insertBefore
 0001:00029F70       TdomDocument.removeContentModel
 0001:0002A93C       TdomDocument.replaceChild
 0001:00029F88       TdomDocument.setContentModel
 0001:00029008       TdomDocument.setNodeValue
 0001:0002AD10       TdomDocument.validate
 0001:0002AFA0       TdomDocument.validateIDREFS
 0001:0002900C       TdomDocument.writeCode
 0001:000292E8       TdomDocument.writeCodeAsUTF16
 0001:000291F4       TdomDocument.writeCodeAsUTF8
 0001:00028A1C       TdomDocumentFragment.create
 0001:00028AA4       TdomDocumentFragment.setNodeValue
 0001:0002799C       TdomDocumentType.create
 0001:00027A88       TdomDocumentType.destroy
 0001:00027C28       TdomDocumentType.getEntities
 0001:00027C2C       TdomDocumentType.getInternalSubset
 0001:00027C40       TdomDocumentType.getName
 0001:00027C54       TdomDocumentType.getNotations
 0001:00027C58       TdomDocumentType.getPublicId
 0001:00027C6C       TdomDocumentType.getSystemId
 0001:00027C80       TdomDocumentType.setNodeValue
 0001:00027AD0       TdomDocumentType.validate2
 0001:00027AD4       TdomDocumentType.writeCode
 0001:0005CD04       TdomDtdAnalyzer.analyzeCM
 0001:0005CD18       TdomDtdAnalyzer.analyzeIntDTDStr
 0001:0005CC44       TdomDtdAnalyzer.create
 0001:0005CCC4       TdomDtdAnalyzer.destroy
 0001:00058B24       TdomDTDContentModelHandler.attributeDefinition
 0001:00058098       TdomDTDContentModelHandler.CDataNormalization
 0001:00058EA4       TdomDTDContentModelHandler.comment
 0001:00058F4C       TdomDTDContentModelHandler.conditionalSection
 0001:00058FF4       TdomDTDContentModelHandler.elementTypeDeclaration
 0001:00059344       TdomDTDContentModelHandler.endAttListDeclaration
 0001:000593EC       TdomDTDContentModelHandler.endDtd
 0001:0005948C       TdomDTDContentModelHandler.entityDeclaration
 0001:00057A70       TdomDTDContentModelHandler.insertChildrenContent
 0001:0005775C       TdomDTDContentModelHandler.insertMixedContent
 0001:00057E94       TdomDTDContentModelHandler.insertNotationOrEnumerationContent
 0001:000599D8       TdomDTDContentModelHandler.notationDeclaration
 0001:00059BCC       TdomDTDContentModelHandler.parameterEntityDeclaration
 0001:0005A0E0       TdomDTDContentModelHandler.parameterEntityRef
 0001:0005A2F8       TdomDTDContentModelHandler.processingInstruction
 0001:0005856C       TdomDTDContentModelHandler.ResolveCharRefsAndPERefs
 0001:0005A3A0       TdomDTDContentModelHandler.startAttListDeclaration
 0001:0005A450       TdomDTDContentModelHandler.startDtd
 0001:0005A4AC       TdomDTDContentModelHandler.textDeclaration
 0001:00024F80       TdomElement.create
 0001:00025080       TdomElement.createNS
 0001:00025308       TdomElement.destroy
 0001:00025508       TdomElement.getAttribute
 0001:0002575C       TdomElement.getAttributeNode
 0001:00025F18       TdomElement.getAttributeNodeNS
 0001:00025A88       TdomElement.getAttributeNS
 0001:00025504       TdomElement.getAttributes
 0001:00025A28       TdomElement.getElementsByTagName
 0001:000260F8       TdomElement.getElementsByTagNameNS
 0001:000254F0       TdomElement.getTagName
 0001:0002616C       TdomElement.hasAttribute
 0001:00026188       TdomElement.hasAttributeNS
 0001:000261C0       TdomElement.normalize
 0001:00025674       TdomElement.removeAttribute
 0001:0002597C       TdomElement.removeAttributeNode
 0001:00025E24       TdomElement.removeAttributeNS
 0001:00026C94       TdomElement.resolveEntityReferences
 0001:00025594       TdomElement.setAttribute
 0001:000257B8       TdomElement.setAttributeNode
 0001:00025F78       TdomElement.setAttributeNodeNS
 0001:00025B24       TdomElement.setAttributeNS
 0001:000254D0       TdomElement.setIsReadonly
 0001:0002539C       TdomElement.setNodeValue
 0001:000262E8       TdomElement.validate2
 0001:00026C40       TdomElement.validateIDREFS
 0001:000253A0       TdomElement.writeCode
 0001:0001FFC0       TdomElementsNodeList.create
 0001:00020014       TdomElementsNodeList.getLength
 0001:00020140       TdomElementsNodeList.indexOf
 0001:00020260       TdomElementsNodeList.item
 0001:0002036C       TdomElementsNodeListNS.create
 0001:000203C8       TdomElementsNodeListNS.getLength
 0001:00020480       TdomElementsNodeListNS.indexOf
 0001:00020574       TdomElementsNodeListNS.item
 0001:00021634       TdomEntitiesNamedNodeMap.removeNamedItem
 0001:00021690       TdomEntitiesNamedNodeMap.removeNamedItemNS
 0001:00021388       TdomEntitiesNamedNodeMap.resolveAfterAddition
 0001:00021518       TdomEntitiesNamedNodeMap.resolveAfterRemoval
 0001:00021588       TdomEntitiesNamedNodeMap.setNamedItem
 0001:00021660       TdomEntitiesNamedNodeMap.setNamedItemNS
 0001:000281AC       TdomEntity.appendChild
 0001:00027EB0       TdomEntity.create
 0001:000280B4       TdomEntity.getNotationName
 0001:000280CC       TdomEntity.insertBefore
 0001:0002813C       TdomEntity.replaceChild
 0001:000280C8       TdomEntity.setNodeValue
 0001:00028A00       TdomEntityReference.cloneNode
 0001:00028214       TdomEntityReference.create
 0001:00028438       TdomEntityReference.expand
 0001:000282C8       TdomEntityReference.getCorrespondingCMEntity
 0001:0002832C       TdomEntityReference.getRefersToPredefinedEntity
 0001:00028950       TdomEntityReference.refersToUnparsedEntity
 0001:00028A18       TdomEntityReference.resolveEntityReferences
 0001:000289FC       TdomEntityReference.setNodeValue
 0001:000286BC       TdomEntityReference.validate2
 0001:00028980       TdomEntityReference.writeCode
 0001:0001EA68       TDomImplementation.clear
 0001:0001E904       TDomImplementation.create
 0001:0001EFF8       TDomImplementation.createCMExternalObject
 0001:0001F020       TDomImplementation.createCMInternalObject
 0001:0001F048       TDomImplementation.createCMObject
 0001:0001F06C       TDomImplementation.createDocument
 0001:0001F180       TDomImplementation.createDocumentNS
 0001:0001E9EC       TDomImplementation.destroy
 0001:0001EBC0       TDomImplementation.freeCMExternalObject
 0001:0001EC48       TDomImplementation.freeCMInternalObject
 0001:0001ECD0       TDomImplementation.freeCMObject
 0001:0001ED64       TDomImplementation.freeDocument
 0001:0001EDEC       TDomImplementation.freeDocumentType
 0001:0001EE64       TDomImplementation.getCMExternalObjects
 0001:0001EE68       TDomImplementation.getCMInternalObjects
 0001:0001EE58       TDomImplementation.getCMObjects
 0001:0001F478       TDomImplementation.getDocumentClass
 0001:0001EE5C       TDomImplementation.getDocuments
 0001:0001EE60       TDomImplementation.getDocumentTypes
 0001:0001EE6C       TDomImplementation.hasFeature
 0001:0001F4EC       TDomImplementation.registerDocumentFormat
 0001:0001F5CC       TDomImplementation.supportsDocumentFormat
 0001:0001F60C       TDomImplementation.unregisterDocumentClass
 0001:0002B5DC       TdomNamedCMAttributeMap.appendNamedItem
 0001:0002B4CC       TdomNamedCMAttributeMap.create
 0001:0002B518       TdomNamedCMAttributeMap.destroy
 0001:0002B548       TdomNamedCMAttributeMap.getLength
 0001:0002B578       TdomNamedCMAttributeMap.getNamedItem
 0001:0002B550       TdomNamedCMAttributeMap.item
 0001:0002B6A0       TdomNamedCMAttributeMap.removeLastItem
 0001:0002B844       TdomNamedCMEntityMap.appendNamedItem
 0001:0002B708       TdomNamedCMEntityMap.create
 0001:0002B754       TdomNamedCMEntityMap.destroy
 0001:0002B784       TdomNamedCMEntityMap.getLength
 0001:0002B7B4       TdomNamedCMEntityMap.getNamedItem
 0001:0002B78C       TdomNamedCMEntityMap.item
 0001:0002B948       TdomNamedCMEntityMap.removeLastItem
 0001:0002B034       TdomNamedCMNodeMap.create
 0001:0002B13C       TdomNamedCMNodeMap.getNamedIndex
 0001:0002B1E0       TdomNamedCMNodeMap.getNamedItem
 0001:0002B08C       TdomNamedCMNodeMap.getOwnerNode
 0001:0002B090       TdomNamedCMNodeMap.removeItem
 0001:0002B430       TdomNamedCMNodeMap.removeNamedItem
 0001:0002B138       TdomNamedCMNodeMap.setIsReadonly
 0001:0002B28C       TdomNamedCMNodeMap.setNamedItem
 0001:00020914       TdomNamedNodeMap.create
 0001:00020A70       TdomNamedNodeMap.getNamedIndex
 0001:00020B4C       TdomNamedNodeMap.getNamedItem
 0001:00020FA0       TdomNamedNodeMap.getNamedItemNS
 0001:00020974       TdomNamedNodeMap.getNamespaceAware
 0001:00020970       TdomNamedNodeMap.getOwnerNode
 0001:000209C4       TdomNamedNodeMap.removeItem
 0001:00020EB0       TdomNamedNodeMap.removeNamedItem
 0001:00021298       TdomNamedNodeMap.removeNamedItemNS
 0001:00020A6C       TdomNamedNodeMap.setIsReadonly
 0001:00020C30       TdomNamedNodeMap.setNamedItem
 0001:00021064       TdomNamedNodeMap.setNamedItemNS
 0001:00020978       TdomNamedNodeMap.setNamespaceAware
 0001:0001DB34       TdomNameValueList.add
 0001:0001DBAC       TdomNameValueList.clear
 0001:0001D9B0       TdomNameValueList.create
 0001:0001DBC4       TdomNameValueList.Delete
 0001:0001DA04       TdomNameValueList.destroy
 0001:0001DBE4       TdomNameValueList.exchange
 0001:0001DA48       TdomNameValueList.getCapacity
 0001:0001DA3C       TdomNameValueList.getLength
 0001:0001DA54       TdomNameValueList.getNames
 0001:0001DAB4       TdomNameValueList.getValues
 0001:0001DC0C       TdomNameValueList.indexOf
 0001:0001DCF0       TdomNameValueList.indexOfName
 0001:0001DD44       TdomNameValueList.insert
 0001:0001DB14       TdomNameValueList.setCapacity
 0001:00021A48       TdomNode.addEntRefSubtree
 0001:00022614       TdomNode.appendChild
 0001:00021798       TdomNode.clear
 0001:000228F4       TdomNode.cloneNode
 0001:000216BC       TdomNode.create
 0001:00021760       TdomNode.destroy
 0001:00021C9C       TdomNode.getAttributes
 0001:000220E8       TdomNode.getChildNodes
 0001:00021CA8       TdomNode.getCode
 0001:00021CA4       TdomNode.getDocument
 0001:000220EC       TdomNode.getFirstChild
 0001:00022910       TdomNode.getFirstChildElement
 0001:000229A8       TdomNode.getFirstChildElementNS
 0001:00022108       TdomNode.getLastChild
 0001:00022A08       TdomNode.getLastChildElement
 0001:00022AA0       TdomNode.getLastChildElementNS
 0001:00022160       TdomNode.getNextSibling
 0001:00022B00       TdomNode.getNextSiblingElement
 0001:00022B98       TdomNode.getNextSiblingElementNS
 0001:00021C18       TdomNode.getNodeName
 0001:00021C98       TdomNode.getNodeType
 0001:00021C2C       TdomNode.getNodeValue
 0001:00022BF8       TdomNode.getParentElement
 0001:00022C90       TdomNode.getParentElementNS
 0001:00021CA0       TdomNode.getParentNode
 0001:00022124       TdomNode.getPreviousSibling
 0001:00022CF0       TdomNode.getPreviousSiblingElement
 0001:00022D88       TdomNode.getPreviousSiblingElementNS
 0001:00021D08       TdomNode.getTextContent
 0001:000228E4       TdomNode.hasChildNodes
 0001:00021994       TdomNode.hasEntRef
 0001:0002219C       TdomNode.insertBefore
 0001:00022DE8       TdomNode.isAncestor
 0001:00021828       TdomNode.makeChildrenReadonly
 0001:00022EB4       TdomNode.normalize
 0001:00021870       TdomNode.refersToExternalEntity
 0001:00021940       TdomNode.refersToUnparsedEntity
 0001:000227F4       TdomNode.removeChild
 0001:00021B28       TdomNode.removeEntRefSubtree
 0001:000223F4       TdomNode.replaceChild
 0001:00023050       TdomNode.resolveEntityReferences
 0001:000220E4       TdomNode.setIsReadonly
 0001:00021C40       TdomNode.setNodeValue
 0001:00021E4C       TdomNode.setPrefix
 0001:00022EEC       TdomNode.supports
 0001:00022FE0       TdomNode.validate2
 0001:00023018       TdomNode.validateIDREFS
 0001:00021E0C       TdomNode.writeCode
 0001:0001FBEC       TdomNodeIterator.create
 0001:0001FCDC       TdomNodeIterator.detach
 0001:0001FC88       TdomNodeIterator.findNewReferenceNode
 0001:0001FCE8       TdomNodeIterator.findNextNode
 0001:0001FD44       TdomNodeIterator.findPreviousNode
 0001:0001FD78       TdomNodeIterator.nextNode
 0001:0001FE60       TdomNodeIterator.previousNode
 0001:0001FF48       TdomNodeList.create
 0001:0001FF84       TdomNodeList.getLength
 0001:0001FF8C       TdomNodeList.indexOf
 0001:0001FF98       TdomNodeList.item
 0001:00027C94       TdomNotation.create
 0001:00027E78       TdomNotation.getPublicId
 0001:00027E8C       TdomNotation.getSystemId
 0001:00027E74       TdomNotation.setNodeValue
 0001:000276A0       TdomProcessingInstruction.create
 0001:0002776C       TdomProcessingInstruction.getData
 0001:00027758       TdomProcessingInstruction.getTarget
 0001:00027780       TdomProcessingInstruction.setData
 0001:00027754       TdomProcessingInstruction.validate2
 0001:000277D8       TdomProcessingInstruction.writeCode
 0001:00020650       TdomSpecialNodeList.create
 0001:00020694       TdomSpecialNodeList.getLength
 0001:000207B8       TdomSpecialNodeList.getNamedIndex
 0001:00020868       TdomSpecialNodeList.getNamedItem
 0001:000206D4       TdomSpecialNodeList.indexOf
 0001:00020740       TdomSpecialNodeList.item
 0001:0005212C       TdomStandardContentModelReader.parse
 0001:00056428       TdomStandardDocBuilder.CDATA
 0001:0005654C       TdomStandardDocBuilder.charRef
 0001:000562C8       TdomStandardDocBuilder.comment
 0001:00056284       TdomStandardDocBuilder.create
 0001:00056740       TdomStandardDocBuilder.doctype
 0001:00056958       TdomStandardDocBuilder.endDocument
 0001:000569F0       TdomStandardDocBuilder.endElement
 0001:00056AF8       TdomStandardDocBuilder.endPrefixMapping
 0001:00056B00       TdomStandardDocBuilder.entityRef
 0001:00056C00       TdomStandardDocBuilder.PCDATA
 0001:00056DBC       TdomStandardDocBuilder.processingInstruction
 0001:00056ECC       TdomStandardDocBuilder.skippedEntity
 0001:00056ED4       TdomStandardDocBuilder.startDocument
 0001:00056FF8       TdomStandardDocBuilder.startElement
 0001:000575C8       TdomStandardDocBuilder.startPrefixMapping
 0001:000575D0       TdomStandardDocBuilder.xmlDeclaration
 0001:00052E54       TdomStandardDocXMLReader.parse
 0001:00052904       TdomStandardDocXMLReader.writeCDATA
 0001:00052AD8       TdomStandardDocXMLReader.writeCharRef
 0001:000528E4       TdomStandardDocXMLReader.writeComment
 0001:00052B78       TdomStandardDocXMLReader.writeDoctype
 0001:00052A14       TdomStandardDocXMLReader.writeEmptyElement
 0001:000529F0       TdomStandardDocXMLReader.writeEndElement
 0001:00052AF8       TdomStandardDocXMLReader.writeEntityRef
 0001:00052920       TdomStandardDocXMLReader.writePCDATA
 0001:00052870       TdomStandardDocXMLReader.writeProcessingInstruction
 0001:00052944       TdomStandardDocXMLReader.writeStartElement
 0001:000525B8       TdomStandardDocXMLReader.writeXmlDeclaration
 0001:00055F90       TdomStandardErrorHandler.clearErrorList
 0001:00055F18       TdomStandardErrorHandler.create
 0001:00055F5C       TdomStandardErrorHandler.destroy
 0001:00055FCC       TdomStandardErrorHandler.error
 0001:000560B4       TdomStandardErrorHandler.fatalError
 0001:0005619C       TdomStandardErrorHandler.warning
 0001:0005C700       TdomStandardExtSubsetBuilder.conditionalSection
 0001:0005C580       TdomStandardExtSubsetBuilder.create
 0001:0005C5B8       TdomStandardExtSubsetBuilder.getPEFromCurrentCMObject
 0001:0005C8E0       TdomStandardExtSubsetBuilder.parameterEntityRef
 0001:0005C67C       TdomStandardExtSubsetBuilder.setReferenceNode
 0001:0005CAF8       TdomStandardExtSubsetBuilder.startDtd
 0001:0005CB20       TdomStandardExtSubsetBuilder.textDeclaration
 0001:000550FC       TdomStandardExtSubsetXMLReader.includeAsPE
 0001:0005517C       TdomStandardExtSubsetXMLReader.includeInLiteral
 0001:00055400       TdomStandardExtSubsetXMLReader.parse
 0001:00054ECC       TdomStandardExtSubsetXMLReader.writeConditionalSection
 0001:00054C98       TdomStandardExtSubsetXMLReader.writeTextDeclaration
 0001:0005B59C       TdomStandardIntSubsetBuilder.attributeDefinition
 0001:0005B6F0       TdomStandardIntSubsetBuilder.comment
 0001:0005B7E8       TdomStandardIntSubsetBuilder.conditionalSection
 0001:0005A554       TdomStandardIntSubsetBuilder.create
 0001:0005B838       TdomStandardIntSubsetBuilder.elementTypeDeclaration
 0001:0005BA98       TdomStandardIntSubsetBuilder.endAttListDeclaration
 0001:0005BB04       TdomStandardIntSubsetBuilder.endDtd
 0001:0005BB68       TdomStandardIntSubsetBuilder.entityDeclaration
 0001:0005A594       TdomStandardIntSubsetBuilder.getPEFromCurrentCMObject
 0001:0005AEE4       TdomStandardIntSubsetBuilder.insertChildrenContent
 0001:0005ABD0       TdomStandardIntSubsetBuilder.insertMixedContent
 0001:0005B308       TdomStandardIntSubsetBuilder.insertNotationOrEnumerationContent
 0001:0005BD1C       TdomStandardIntSubsetBuilder.notationDeclaration
 0001:0005BE2C       TdomStandardIntSubsetBuilder.parameterEntityDeclaration
 0001:0005C1B4       TdomStandardIntSubsetBuilder.parameterEntityRef
 0001:0005C2B0       TdomStandardIntSubsetBuilder.processingInstruction
 0001:0005A664       TdomStandardIntSubsetBuilder.resolveCharRefsAndPERefs
 0001:0005B518       TdomStandardIntSubsetBuilder.setReferenceNode
 0001:0005C3F0       TdomStandardIntSubsetBuilder.startAttListDeclaration
 0001:0005C524       TdomStandardIntSubsetBuilder.startDtd
 0001:0005C534       TdomStandardIntSubsetBuilder.textDeclaration
 0001:000538B0       TdomStandardIntSubsetXMLReader.FindNextAttDef
 0001:000545DC       TdomStandardIntSubsetXMLReader.parse
 0001:000541C8       TdomStandardIntSubsetXMLReader.writeAttributeDeclaration
 0001:00053D70       TdomStandardIntSubsetXMLReader.writeComment
 0001:00054064       TdomStandardIntSubsetXMLReader.writeElementDeclaration
 0001:00053E10       TdomStandardIntSubsetXMLReader.writeEntityDeclaration
 0001:000543B4       TdomStandardIntSubsetXMLReader.writeNotationDeclaration
 0001:00053D90       TdomStandardIntSubsetXMLReader.writeParameterEntityRef
 0001:00053CFC       TdomStandardIntSubsetXMLReader.writeProcessingInstruction
 0001:000472BC       TdomStandardLocator.create
 0001:00047348       TdomStandardLocator.evaluate
 0001:00047300       TdomStandardLocator.getPublicId
 0001:00047324       TdomStandardLocator.getSystemId
 0001:0004737C       TdomStandardLocator.pieceEnd
 0001:00047384       TdomStandardLocator.pieceStart
 0001:00047398       TdomStandardLocator.reset
 0001:00027128       TdomText.create
 0001:00027194       TdomText.getIsWhitespaceInElementContent
 0001:0002727C       TdomText.getLiteralValue
 0001:00027454       TdomText.splitText
 0001:000272CC       TdomText.validate2
 0001:00027324       TdomText.writeCode
 0001:0001F65C       TdomTreeWalker.create
 0001:0001F978       TdomTreeWalker.findFirstChild
 0001:0001FA20       TdomTreeWalker.findLastChild
 0001:0001FAB8       TdomTreeWalker.findNextNode
 0001:0001F734       TdomTreeWalker.findNextSibling
 0001:0001F91C       TdomTreeWalker.findParentNode
 0001:0001FB04       TdomTreeWalker.findPreviousNode
 0001:0001F828       TdomTreeWalker.findPreviousSibling
 0001:0001FB5C       TdomTreeWalker.firstChild
 0001:0001F6F0       TdomTreeWalker.getCurrentNode
 0001:0001FB74       TdomTreeWalker.lastChild
 0001:0001FBD4       TdomTreeWalker.nextNode
 0001:0001FBA4       TdomTreeWalker.nextSibling
 0001:0001FB44       TdomTreeWalker.parentNode
 0001:0001FBBC       TdomTreeWalker.previousNode
 0001:0001FB8C       TdomTreeWalker.previousSibling
 0001:0001F6F4       TdomTreeWalker.setCurrentNode
 0001:00008FC4       TDOMVendorList.Add
 0001:00008F30       TDOMVendorList.Count
 0001:00008F3C       TDOMVendorList.Find
 0001:00009118       TDOMVendorList.GetVendors
 0001:00009090       TDOMVendorList.Remove
 0001:0001DFBC       TdomWideStringStream.createFromString
 0001:0001E014       TdomWideStringStream.destroy
 0001:0001E044       TdomWideStringStream.getDataString
 0001:0001E3E0       TdomWideStringStream.getStringLength
 0001:0001E360       TdomWideStringStream.getStringPosition
 0001:0001E06C       TdomWideStringStream.read
 0001:0001E114       TdomWideStringStream.readString
 0001:0001E0D4       TdomWideStringStream.seek
 0001:0001E214       TdomWideStringStream.setCapacity
 0001:0001E284       TdomWideStringStream.setSize
 0001:0001E3D8       TdomWideStringStream.setStringLength
 0001:0001E348       TdomWideStringStream.setStringPosition
 0001:0001E094       TdomWideStringStream.write
 0001:0001E19C       TdomWideStringStream.writeString
 0001:0008C2E8       TDTDBaseTranslator.AfterConstruction
 0001:0008C304       TDTDBaseTranslator.Destroy
 0001:0008C7C0       TDTDImportTranslator.Expand
 0001:0008C48C       TDTDImportTranslator.ExtractDtdParts
 0001:0008CAD0       TDTDImportTranslator.Parse
 0001:0008D350       TDTDImportTranslator.ParseAttributeDefinition
 0001:0008DAE8       TDTDImportTranslator.ParseAttributeDefinitions
 0001:0008DE10       TDTDImportTranslator.ParseChildElements
 0001:0008CE20       TDTDImportTranslator.ParseElementDefinitions
 0001:0008D1E8       TDTDImportTranslator.ParseTokens
 0001:0008DB5C       TDTDImportTranslator.PreparseAttributeDefinitions
 0001:0008CC14       TDTDImportTranslator.PreParseChildElements
 0001:0008C334       TDTDImportTranslator.Translate
 0001:0002DCA0       testGtAposQuot
 0001:0002DDD4       testLtAmp
 0002:00000308       TEXTDECLSTART
 0001:00089C80       TForwardDecl.AfterConstruction
 0001:0008A60C       TIntfDecl.WriteDecl
 0001:0008A7F0       TIntfDecl.WriteListBinding
 0001:0008A718       TIntfDecl.WriteProperty
 0001:0008A588       TIntfForward.Generate
 0001:0008A4D8       TIntfSectionEntry.Generate
 0001:0008A534       TIntfSectionEntry.WriteDecl
 0001:00000428       TlsAlloc
 0002:00001014       tlsBuffer
 0001:00000430       TlsFree
 0001:00000438       TlsGetValue
 0002:00001004       TlsIndex
 0002:BF26B000       TlsLast
 0002:00000018       TlsProc
 0001:00000440       TlsSetValue
 0001:0000543C       TMSDOMAttr.GetMSAttribute
 0001:00005464       TMSDOMAttr.get_name
 0001:000054C4       TMSDOMAttr.get_ownerElement
 0001:0000550C       TMSDOMAttr.get_specified
 0001:0000556C       TMSDOMAttr.get_value
 0001:000055E4       TMSDOMAttr.set_value
 0001:00005144       TMSDOMCharacterData.appendData
 0001:0000519C       TMSDOMCharacterData.deleteData
 0001:0000511C       TMSDOMCharacterData.GetMSCharacterData
 0001:000051F8       TMSDOMCharacterData.get_data
 0001:00005258       TMSDOMCharacterData.get_length
 0001:000052BC       TMSDOMCharacterData.insertData
 0001:00005318       TMSDOMCharacterData.replaceData
 0001:0000537C       TMSDOMCharacterData.set_data
 0001:000053D4       TMSDOMCharacterData.substringData
 0001:000079AC       TMSDOMDocument.asyncLoadState
 0001:00006A6C       TMSDOMDocument.createAttribute
 0001:00006B20       TMSDOMDocument.createAttributeNS
 0001:00006BFC       TMSDOMDocument.createCDATASection
 0001:00006CB0       TMSDOMDocument.createComment
 0001:00006D64       TMSDOMDocument.createDocumentFragment
 0001:00006E14       TMSDOMDocument.createElement
 0001:00006EC8       TMSDOMDocument.createElementNS
 0001:00006FA4       TMSDOMDocument.createEntityReference
 0001:00007040       TMSDOMDocument.createProcessingInstruction
 0001:000070E0       TMSDOMDocument.createTextNode
 0001:00007374       TMSDOMDocument.getElementById
 0001:000073AC       TMSDOMDocument.getElementsByTagName
 0001:00007434       TMSDOMDocument.getElementsByTagNameNS
 0001:00006A44       TMSDOMDocument.GetMSDocument
 0001:0000767C       TMSDOMDocument.get_async
 0001:00007194       TMSDOMDocument.get_doctype
 0001:0000722C       TMSDOMDocument.get_documentElement
 0001:000072DC       TMSDOMDocument.get_domImplementation
 0001:00007E80       TMSDOMDocument.get_errorCode
 0001:00007F00       TMSDOMDocument.get_filepos
 0001:00007F80       TMSDOMDocument.get_line
 0001:00008000       TMSDOMDocument.get_linepos
 0001:00007748       TMSDOMDocument.get_preserveWhiteSpace
 0001:00008080       TMSDOMDocument.get_reason
 0001:000077B4       TMSDOMDocument.get_resolveExternals
 0001:00008110       TMSDOMDocument.get_srcText
 0001:000081A0       TMSDOMDocument.get_url
 0001:00007820       TMSDOMDocument.get_validate
 0001:00007A18       TMSDOMDocument.get_xml
 0001:000074B0       TMSDOMDocument.importNode
 0001:00007A88       TMSDOMDocument.load
 0001:00007B14       TMSDOMDocument.loadFromStream
 0001:00007CF0       TMSDOMDocument.loadxml
 0001:00007BCC       TMSDOMDocument.save
 0001:00007C44       TMSDOMDocument.saveToStream
 0001:000076E8       TMSDOMDocument.set_async
 0001:00007530       TMSDOMDocument.set_documentElement
 0001:00007D64       TMSDOMDocument.set_OnAsyncLoad
 0001:0000788C       TMSDOMDocument.set_preserveWhiteSpace
 0001:000078EC       TMSDOMDocument.set_resolveExternals
 0001:0000794C       TMSDOMDocument.set_validate
 0001:00006200       TMSDOMDocumentType.GetMSDocumentType
 0001:00006228       TMSDOMDocumentType.get_entities
 0001:000062D4       TMSDOMDocumentType.get_internalSubset
 0001:0000634C       TMSDOMDocumentType.get_name
 0001:000063BC       TMSDOMDocumentType.get_notations
 0001:00006468       TMSDOMDocumentType.get_publicId
 0001:000064DC       TMSDOMDocumentType.get_systemId
 0001:000056F8       TMSDOMElement.getAttribute
 0001:00005840       TMSDOMElement.getAttributeNode
 0001:000058F4       TMSDOMElement.getAttributeNodeNS
 0001:00005784       TMSDOMElement.getAttributeNS
 0001:000059C8       TMSDOMElement.getElementsByTagName
 0001:00005A50       TMSDOMElement.getElementsByTagNameNS
 0001:00005660       TMSDOMElement.GetMSElement
 0001:00005688       TMSDOMElement.get_tagName
 0001:00005ACC       TMSDOMElement.hasAttribute
 0001:00005B78       TMSDOMElement.hasAttributeNS
 0001:000060E0       TMSDOMElement.normalize
 0001:00005C00       TMSDOMElement.removeAttribute
 0001:00005C58       TMSDOMElement.removeAttributeNode
 0001:00005D48       TMSDOMElement.removeAttributeNS
 0001:00005DD8       TMSDOMElement.setAttribute
 0001:00005E5C       TMSDOMElement.setAttributeNode
 0001:00005F4C       TMSDOMElement.setAttributeNodeNS
 0001:00005FA4       TMSDOMElement.setAttributeNS
 0001:00006688       TMSDOMEntity.GetMSEntity
 0001:000066B0       TMSDOMEntity.get_notationName
 0001:00006720       TMSDOMEntity.get_publicId
 0001:000067A8       TMSDOMEntity.get_systemId
 0001:00006990       TMSDOMEventHandler.Create
 0001:000069CC       TMSDOMEventHandler.GetIDsOfNames
 0001:000069D8       TMSDOMEventHandler.GetTypeInfo
 0001:000069E4       TMSDOMEventHandler.GetTypeInfoCount
 0001:000069F0       TMSDOMEventHandler.Invoke
 0001:00003BD4       TMSDOMImplementation.Create
 0001:00003C50       TMSDOMImplementation.createDocument
 0001:00003CD4       TMSDOMImplementation.createDocumentType
 0001:00003D4C       TMSDOMImplementation.hasFeature
 0001:00008254       TMSDOMImplementationFactory.Description
 0001:00008230       TMSDOMImplementationFactory.DOMImplementation
 0001:00003A08       TMSDOMInterface.SafeCallException
 0001:00004D40       TMSDOMNamedNodeMap.Create
 0001:00004E44       TMSDOMNamedNodeMap.getNamedItem
 0001:00004EB4       TMSDOMNamedNodeMap.getNamedItemNS
 0001:00004DBC       TMSDOMNamedNodeMap.get_item
 0001:00004E2C       TMSDOMNamedNodeMap.get_length
 0001:00004F28       TMSDOMNamedNodeMap.removeNamedItem
 0001:00004F98       TMSDOMNamedNodeMap.removeNamedItemNS
 0001:0000500C       TMSDOMNamedNodeMap.setNamedItem
 0001:00005094       TMSDOMNamedNodeMap.setNamedItemNS
 0001:00003E70       TMSDOMNode.appendChild
 0001:00003F10       TMSDOMNode.cloneNode
 0001:00003DF4       TMSDOMNode.Create
 0001:000048D4       TMSDOMNode.GetXMLDOMNode
 0001:00003F80       TMSDOMNode.get_attributes
 0001:0000403C       TMSDOMNode.get_childNodes
 0001:000040D0       TMSDOMNode.get_firstChild
 0001:0000413C       TMSDOMNode.get_lastChild
 0001:000041A8       TMSDOMNode.get_localName
 0001:00004200       TMSDOMNode.get_namespaceURI
 0001:00004258       TMSDOMNode.get_nextSibling
 0001:000042C4       TMSDOMNode.get_nodeName
 0001:0000431C       TMSDOMNode.get_nodeType
 0001:0000436C       TMSDOMNode.get_nodeValue
 0001:000043F4       TMSDOMNode.get_ownerDocument
 0001:00004488       TMSDOMNode.get_parentNode
 0001:000044F4       TMSDOMNode.get_prefix
 0001:0000454C       TMSDOMNode.get_previousSibling
 0001:000049F0       TMSDOMNode.get_text
 0001:00004A90       TMSDOMNode.get_xml
 0001:000045B8       TMSDOMNode.hasChildNodes
 0001:0000460C       TMSDOMNode.insertBefore
 0001:000046CC       TMSDOMNode.normalize
 0001:00004700       TMSDOMNode.removeChild
 0001:00004788       TMSDOMNode.replaceChild
 0001:000048E8       TMSDOMNode.selectNode
 0001:0000496C       TMSDOMNode.selectNodes
 0001:00004824       TMSDOMNode.set_nodeValue
 0001:00004A48       TMSDOMNode.set_text
 0001:0000489C       TMSDOMNode.supports
 0001:00004AE8       TMSDOMNode.transformNode
 0001:00004B64       TMSDOMNode.transformNode
 0001:00004C04       TMSDOMNodeList.Create
 0001:00004C80       TMSDOMNodeList.get_item
 0001:00004CF0       TMSDOMNodeList.get_length
 0001:00006550       TMSDOMNotation.GetMSNotation
 0001:00006578       TMSDOMNotation.get_publicId
 0001:00006600       TMSDOMNotation.get_systemId
 0001:00006830       TMSDOMProcessingInstruction.GetMSProcessingInstruction
 0001:00006858       TMSDOMProcessingInstruction.get_data
 0001:000068C8       TMSDOMProcessingInstruction.get_target
 0001:00006938       TMSDOMProcessingInstruction.set_data
 0001:00006134       TMSDOMText.splitText
 0001:00062DF0       TOXDOMAttr.GetAttribute
 0001:00062E04       TOXDOMAttr.get_name
 0001:00062E20       TOXDOMAttr.get_ownerElement
 0001:00062E94       TOXDOMAttr.get_specified
 0001:00062EAC       TOXDOMAttr.get_value
 0001:00062EC8       TOXDOMAttr.set_value
 0001:00062CF0       TOXDOMCharacterData.appendData
 0001:00062D0C       TOXDOMCharacterData.deleteData
 0001:00062CDC       TOXDOMCharacterData.GetCharacterData
 0001:00062D2C       TOXDOMCharacterData.get_data
 0001:00062D48       TOXDOMCharacterData.get_length
 0001:00062D5C       TOXDOMCharacterData.insertData
 0001:00062D7C       TOXDOMCharacterData.replaceData
 0001:00062DA8       TOXDOMCharacterData.set_data
 0001:00062DC4       TOXDOMCharacterData.substringData
 0001:00064DE8       TOXDOMDocument.asyncLoadState
 0001:00063DA0       TOXDOMDocument.Create
 0001:00063E44       TOXDOMDocument.createAttribute
 0001:00063EB8       TOXDOMDocument.createAttributeNS
 0001:00063F2C       TOXDOMDocument.createCDATASection
 0001:00063F9C       TOXDOMDocument.createComment
 0001:0006400C       TOXDOMDocument.createDocumentFragment
 0001:0006407C       TOXDOMDocument.createElement
 0001:000640EC       TOXDOMDocument.createElementNS
 0001:00064160       TOXDOMDocument.createEntityReference
 0001:000641D0       TOXDOMDocument.createProcessingInstruction
 0001:00064244       TOXDOMDocument.createTextNode
 0001:00063DEC       TOXDOMDocument.Destroy
 0001:00063E30       TOXDOMDocument.GetDocument
 0001:00064424       TOXDOMDocument.getElementById
 0001:00064464       TOXDOMDocument.getElementsByTagName
 0001:000644C0       TOXDOMDocument.getElementsByTagNameNS
 0001:0006463C       TOXDOMDocument.get_async
 0001:000642B4       TOXDOMDocument.get_doctype
 0001:00064324       TOXDOMDocument.get_documentElement
 0001:000643D4       TOXDOMDocument.get_domImplementation
 0001:00064E94       TOXDOMDocument.get_Encoding
 0001:00064CF4       TOXDOMDocument.get_errorCode
 0001:00064CF8       TOXDOMDocument.get_filepos
 0001:00064CFC       TOXDOMDocument.get_line
 0001:00064D00       TOXDOMDocument.get_linepos
 0001:00064640       TOXDOMDocument.get_preserveWhiteSpace
 0001:00064D04       TOXDOMDocument.get_reason
 0001:00064644       TOXDOMDocument.get_resolveExternals
 0001:00064D50       TOXDOMDocument.get_srcText
 0001:00064F2C       TOXDOMDocument.get_Standalone
 0001:00064D9C       TOXDOMDocument.get_url
 0001:00064648       TOXDOMDocument.get_validate
 0001:00064FC4       TOXDOMDocument.get_Version
 0001:00064720       TOXDOMDocument.get_xml
 0001:00064520       TOXDOMDocument.importNode
 0001:0006494C       TOXDOMDocument.load
 0001:00064B18       TOXDOMDocument.loadFromStream
 0001:00064AC4       TOXDOMDocument.loadxml
 0001:00064B64       TOXDOMDocument.save
 0001:00064C60       TOXDOMDocument.saveToStream
 0001:0006464C       TOXDOMDocument.set_async
 0001:0006459C       TOXDOMDocument.set_documentElement
 0001:00064EE4       TOXDOMDocument.set_Encoding
 0001:00064E24       TOXDOMDocument.set_OnAsyncLoad
 0001:0006468C       TOXDOMDocument.set_preserveWhiteSpace
 0001:00064690       TOXDOMDocument.set_resolveExternals
 0001:00064F7C       TOXDOMDocument.set_Standalone
 0001:000646DC       TOXDOMDocument.set_validate
 0001:00065014       TOXDOMDocument.set_Version
 0001:00063584       TOXDOMDocumentType.Create
 0001:000635E4       TOXDOMDocumentType.Destroy
 0001:00063614       TOXDOMDocumentType.GetDocumentType
 0001:00063628       TOXDOMDocumentType.get_childNodes
 0001:00063678       TOXDOMDocumentType.get_entities
 0001:000636F8       TOXDOMDocumentType.get_internalSubset
 0001:00063748       TOXDOMDocumentType.get_name
 0001:00063798       TOXDOMDocumentType.get_notations
 0001:00063818       TOXDOMDocumentType.get_publicId
 0001:00063868       TOXDOMDocumentType.get_systemId
 0001:000638B8       TOXDOMDocumentType.hasChildNodes
 0001:00063934       TOXDOMDocumentTypeChildren.Create
 0001:00063970       TOXDOMDocumentTypeChildren.get_item
 0001:00063A84       TOXDOMDocumentTypeChildren.get_length
 0001:00062EE4       TOXDOMElement.CheckNamespaceAware
 0001:00062F78       TOXDOMElement.getAttribute
 0001:00062FD0       TOXDOMElement.getAttributeNode
 0001:00063058       TOXDOMElement.getAttributeNodeNS
 0001:000630E4       TOXDOMElement.getAttributeNS
 0001:00062F14       TOXDOMElement.GetElement
 0001:0006313C       TOXDOMElement.getElementsByTagName
 0001:00063198       TOXDOMElement.getElementsByTagNameNS
 0001:00062F28       TOXDOMElement.get_tagName
 0001:000631F8       TOXDOMElement.hasAttribute
 0001:0006324C       TOXDOMElement.hasAttributeNS
 0001:000634E0       TOXDOMElement.normalize
 0001:00063270       TOXDOMElement.removeAttribute
 0001:0006328C       TOXDOMElement.removeAttributeNode
 0001:00063324       TOXDOMElement.removeAttributeNS
 0001:00063344       TOXDOMElement.setAttribute
 0001:0006336C       TOXDOMElement.setAttributeNode
 0001:0006340C       TOXDOMElement.setAttributeNodeNS
 0001:000634AC       TOXDOMElement.setAttributeNS
 0001:00063BCC       TOXDOMEntity.GetEntity
 0001:00063BE0       TOXDOMEntity.get_notationName
 0001:00063C30       TOXDOMEntity.get_publicId
 0001:00063C80       TOXDOMEntity.get_systemId
 0001:00061520       TOXDOMImplementation.Create
 0001:00061568       TOXDOMImplementation.createDocument
 0001:00061630       TOXDOMImplementation.createDocumentType
 0001:000616AC       TOXDOMImplementation.Destroy
 0001:000616DC       TOXDOMImplementation.FreeDocument
 0001:000616E8       TOXDOMImplementation.GetDOMImpl
 0001:000616EC       TOXDOMImplementation.hasFeature
 0001:00061710       TOXDOMImplementation.InitParserAgent
 0001:00061824       TOXDOMImplementation.loadFromStream
 0001:000618FC       TOXDOMImplementation.loadxml
 0001:000619B4       TOXDOMImplementation.OnXMLDeclaration
 0001:00061D88       TOXDOMImplementation.ParseErrorHandler
 0001:000650A0       TOXDOMImplementationFactory.Description
 0001:0006505C       TOXDOMImplementationFactory.DOMImplementation
 0001:0006147C       TOXDOMInterface.SafeCallException
 0001:00062A08       TOXDOMNamedNodeMap.CheckNamespaceAware
 0001:000629C0       TOXDOMNamedNodeMap.Create
 0001:00062A84       TOXDOMNamedNodeMap.getNamedItem
 0001:00062AE4       TOXDOMNamedNodeMap.getNamedItemNS
 0001:00062A24       TOXDOMNamedNodeMap.get_item
 0001:00062A7C       TOXDOMNamedNodeMap.get_length
 0001:00062B48       TOXDOMNamedNodeMap.removeNamedItem
 0001:00062BA8       TOXDOMNamedNodeMap.removeNamedItemNS
 0001:00062C0C       TOXDOMNamedNodeMap.setNamedItem
 0001:00062C74       TOXDOMNamedNodeMap.setNamedItemNS
 0001:00061EA8       TOXDOMNode.appendChild
 0001:00061F1C       TOXDOMNode.cloneNode
 0001:00061E38       TOXDOMNode.Create
 0001:00061E7C       TOXDOMNode.Destroy
 0001:00062460       TOXDOMNode.GetDOMNode
 0001:00061F78       TOXDOMNode.get_attributes
 0001:00061FFC       TOXDOMNode.get_childNodes
 0001:00062074       TOXDOMNode.get_firstChild
 0001:000620C8       TOXDOMNode.get_lastChild
 0001:0006211C       TOXDOMNode.get_localName
 0001:00062168       TOXDOMNode.get_namespaceURI
 0001:000621B4       TOXDOMNode.get_nextSibling
 0001:00062208       TOXDOMNode.get_nodeName
 0001:00062254       TOXDOMNode.get_nodeType
 0001:000622A0       TOXDOMNode.get_nodeValue
 0001:000622EC       TOXDOMNode.get_ownerDocument
 0001:0006236C       TOXDOMNode.get_parentNode
 0001:000623C0       TOXDOMNode.get_prefix
 0001:0006240C       TOXDOMNode.get_previousSibling
 0001:0006273C       TOXDOMNode.get_text
 0001:0006281C       TOXDOMNode.get_xml
 0001:00062464       TOXDOMNode.hasChildNodes
 0001:000624AC       TOXDOMNode.insertBefore
 0001:00062514       TOXDOMNode.normalize
 0001:00062520       TOXDOMNode.removeChild
 0001:00062580       TOXDOMNode.replaceChild
 0001:00062654       TOXDOMNode.selectNode
 0001:000626C8       TOXDOMNode.selectNodes
 0001:000625E8       TOXDOMNode.set_nodeValue
 0001:00062788       TOXDOMNode.set_text
 0001:00062634       TOXDOMNode.supports
 0001:00062868       TOXDOMNode.transformNode
 0001:000628A4       TOXDOMNode.transformNode
 0001:000628E0       TOXDOMNodeList.Create
 0001:00062928       TOXDOMNodeList.get_item
 0001:00062980       TOXDOMNodeList.get_length
 0001:00063B18       TOXDOMNotation.GetNotation
 0001:00063B2C       TOXDOMNotation.get_publicId
 0001:00063B7C       TOXDOMNotation.get_systemId
 0001:00063CD0       TOXDOMProcessingInstruction.GetProcessingInstruction
 0001:00063CE4       TOXDOMProcessingInstruction.get_data
 0001:00063D34       TOXDOMProcessingInstruction.get_target
 0001:00063D84       TOXDOMProcessingInstruction.set_data
 0001:000634F4       TOXDOMText.splitText
 0001:00089D80       TPropertyContainer.AppendCode
 0001:00089DB4       TPropertyContainer.AppendCode
 0001:00089CDC       TPropertyContainer.Destroy
 0001:00089D24       TPropertyContainer.Generate
 0001:00089DD0       TPropertyContainer.InitCodeWriters
 0001:0008A044       TPropertyContainer.WriteCollAdd
 0001:00089FA0       TPropertyContainer.WriteCollectionMethods
 0001:0008A188       TPropertyContainer.WriteCollInsert
 0001:00089F9C       TPropertyContainer.WriteListBinding
 0001:00089EF4       TPropertyContainer.WriteMethods
 0001:0008A31C       TPropertyContainer.WriteProperties
 0001:0008A4D4       TPropertyContainer.WriteProperty
 0002:0000106C       TranslatorFactory
 0002:00001074       TranslatorFactory
 0002:00001064       TranslatorFactory
 0002:0000107C       TranslatorFactory
 0002:00001050       TranslatorList
 0001:0008BECC       Trim
 0001:00003AAC       TryObjectCreate
 0001:0001E614       TUTF16BEToUTF8Stream.convertWriteBuffer
 0001:00090C7C       TXDRImportTranslator.AddAttribute
 0001:00090ABC       TXDRImportTranslator.AddChildElement
 0001:00090DD0       TXDRImportTranslator.AddExtends
 0001:0008F1F8       TXDRImportTranslator.Parse
 0001:000901A8       TXDRImportTranslator.ParseAttributeDefinition
 0001:0008F760       TXDRImportTranslator.ParseElementDefinition
 0001:00090714       TXDRImportTranslator.ParseGroup
 0001:0008E464       TXDRImportTranslator.Translate
 0001:00076064       TXMLAnnotation.AfterConstruction
 0001:000760E0       TXMLAnnotation.CreateChildNode
 0001:00076310       TXMLAnnotation.GetAppInfoCollection
 0001:0007638C       TXMLAnnotation.GetDocumentationCollection
 0001:000762C4       TXMLAnnotation.HasAppInfo
 0001:000762E4       TXMLAnnotation.HasDocumentation
 0001:00078EAC       TXMLAnnotationCollection.Add
 0001:00078F14       TXMLAnnotationCollection.GetItem
 0001:00078FB8       TXMLAnnotationCollection.Insert
 0001:00076414       TXMLAnnotationItem.GetSource
 0001:00076440       TXMLAnnotationItem.SetSource
 0001:0007902C       TXMLAppInfoCollection.Add
 0001:00079094       TXMLAppInfoCollection.GetAppInfo
 0001:000791B8       TXMLAppInfoCollection.GetItem
 0001:0007925C       TXMLAppInfoCollection.Insert
 0001:00074CA0       TXMLAttributeDef.AfterConstruction
 0001:00074E04       TXMLAttributeDef.GetDefault
 0001:00074F00       TXMLAttributeDef.GetFixed
 0001:00074D0C       TXMLAttributeDef.GetRef
 0001:00074D78       TXMLAttributeDef.GetUse
 0001:00074CDC       TXMLAttributeDef.GlobalCollection
 0001:00074E30       TXMLAttributeDef.SetDefault
 0001:00074F28       TXMLAttributeDef.SetFixed
 0001:00074D70       TXMLAttributeDef.SetRef
 0001:00074D9C       TXMLAttributeDef.SetUse
 0001:00070CB8       TXMLAttributeDefList.GetAttributeDef
 0001:00077F70       TXMLAttributeDefs.Add
 0001:00077FF0       TXMLAttributeDefs.Add
 0001:00078084       TXMLAttributeDefs.Add
 0001:00077F1C       TXMLAttributeDefs.ChildListNotify
 0001:0007818C       TXMLAttributeDefs.Find
 0001:000781F8       TXMLAttributeDefs.GetItem
 0001:00078264       TXMLAttributeDefs.Insert
 0001:0007588C       TXMLAttributeGroup.AfterConstruction
 0001:00075910       TXMLAttributeGroup.GetAttributeDefs
 0001:000759F8       TXMLAttributeGroup.GetAttributeGroups
 0001:00075B1C       TXMLAttributeGroup.GetRef
 0001:00075AEC       TXMLAttributeGroup.GlobalCollection
 0001:00075B80       TXMLAttributeGroup.SetRef
 0001:00078904       TXMLAttributeGroups.Add
 0001:000789E0       TXMLAttributeGroups.Find
 0001:00078A4C       TXMLAttributeGroups.GetItem
 0001:0007896C       TXMLAttributeGroups.Insert
 0001:00072F28       TXMLBaseTypeIndicator.AfterConstruction
 0001:00072FA4       TXMLBaseTypeIndicator.GetMixed
 0001:00073044       TXMLBaseTypeIndicator.SetMixed
 0001:00086BC0       TXMLBindingAppInfo.GetBindingAppInfoURI
 0001:00086BE8       TXMLBindingAppInfo.GetBound
 0001:00086D00       TXMLBindingAppInfo.GetDataType
 0001:00086CA0       TXMLBindingAppInfo.GetDocElement
 0001:00086C30       TXMLBindingAppInfo.GetIdentifierName
 0001:00086B68       TXMLBindingAppInfo.GetPropReadOnly
 0001:00086D58       TXMLBindingAppInfo.GetRepeated
 0001:00086A64       TXMLBindingAppInfo.GetValue
 0001:00086B08       TXMLBindingAppInfo.HasValueFor
 0001:00086B14       TXMLBindingAppInfo.RemoveValue
 0001:00086BD4       TXMLBindingAppInfo.SetBindingAppInfoURI
 0001:00086C10       TXMLBindingAppInfo.SetBound
 0001:00086D30       TXMLBindingAppInfo.SetDataType
 0001:00086CD4       TXMLBindingAppInfo.SetDocElement
 0001:00086C6C       TXMLBindingAppInfo.SetIdentifierName
 0001:00086B98       TXMLBindingAppInfo.SetPropReadOnly
 0001:00086D88       TXMLBindingAppInfo.SetRepeated
 0001:00086A80       TXMLBindingAppInfo.SetValue
 0001:00086DB0       TXMLBindingInfo.Create
 0001:00086E90       TXMLBindingInfo.GetBindingAppInfo
 0001:000873A8       TXMLBindingInfo.GetBound
 0001:000870C4       TXMLBindingInfo.GetDocumentation
 0001:00087200       TXMLBindingInfo.GetIdentifierName
 0001:00087354       TXMLBindingInfo.GetSourceName
[...]
 0001:00083284       FindLocationHint
 0001:000833D8       CheckForXMLSchema
 0001:000834AC       TXMLDocument.GetSchemaRef
 0001:000834E0       TXMLDocument.GetDocumentObject
 0001:000834E4       TXMLDocument.GetPrologNode
 0001:00083694       TXMLDocument.GetPrologValue
 0001:00083858       TXMLDocument.InternalSetPrologValue
 0001:000839D4       TXMLDocument.SetPrologValue
 0001:00083BA8       TXMLDocument.GetEncoding
 0001:00083BC0       TXMLDocument.SetEncoding
 0001:00083C18       TXMLDocument.GetVersion
 0001:00083C30       TXMLDocument.SetVersion
 0001:00083C88       TXMLDocument.GetStandAlone
 0001:00083CA0       TXMLDocument.SetStandAlone
 0001:00083CF8       TXMLDocument.DoAfterClose
 0001:00083D18       TXMLDocument.DoAfterOpen
 0001:00083D38       TXMLDocument.DoBeforeClose
 0001:00083D58       TXMLDocument.DoBeforeOpen
 0001:00083D78       TXMLDocument.DoNodeChange
 0001:00083DD0       Finalization
 0001:00083E58       XMLDoc
 0001:00086370       CoCreateGuid
 0001:00086378       CreateGuid
 0001:00086380       MakeValidIdent
 0001:000863F4       TBindingOptions.Create
 0001:00086460       TBindingOptions.Destroy
 0001:000864B8       TBindingOptions.Assign
 0001:000865C8       TBindingOptions.AssignTo
 0001:000865F8       TBindingOptions.DoOptionChange
 0001:00086614       TBindingOptions.EnsureOption
 0001:000866DC       TBindingOptions.GetOption
 0001:00086788       TBindingOptions.GetOptionValue
 0001:000867E8       TBindingOptions.SetOption
 0001:000868B0       TBindingOptions.GetOptionData
 0001:000868D0       TBindingOptions.SetOptionData
 0001:000868F4       TBindingOptions.InitializeOptions
 0001:00086918       TBindingOptions.InitializeOptions
 0001:0008698C       TBindingOptions.Clear
 0001:000869EC       TBindingOptions.IsTrue
 0001:00086A64       TXMLBindingAppInfo.GetValue
 0001:00086A80       TXMLBindingAppInfo.SetValue
 0001:00086B08       TXMLBindingAppInfo.HasValueFor
 0001:00086B14       TXMLBindingAppInfo.RemoveValue
 0001:00086B68       TXMLBindingAppInfo.GetPropReadOnly
 0001:00086B98       TXMLBindingAppInfo.SetPropReadOnly
 0001:00086BC0       TXMLBindingAppInfo.GetBindingAppInfoURI
 0001:00086BD4       TXMLBindingAppInfo.SetBindingAppInfoURI
 0001:00086BE8       TXMLBindingAppInfo.GetBound
 0001:00086C10       TXMLBindingAppInfo.SetBound
 0001:00086C30       TXMLBindingAppInfo.GetIdentifierName
 0001:00086C6C       TXMLBindingAppInfo.SetIdentifierName
 0001:00086CA0       TXMLBindingAppInfo.GetDocElement
 0001:00086CD4       TXMLBindingAppInfo.SetDocElement
 0001:00086D00       TXMLBindingAppInfo.GetDataType
 0001:00086D30       TXMLBindingAppInfo.SetDataType
 0001:00086D58       TXMLBindingAppInfo.GetRepeated
 0001:00086D88       TXMLBindingAppInfo.SetRepeated
 0001:00086DB0       TXMLBindingInfo.Create
 0001:00086E04       TXMLBindingInfo.HasAppInfo
 0001:00086E90       TXMLBindingInfo.GetBindingAppInfo
 0001:00086F54       TXMLBindingInfo.RemoveAppInfo
 0001:00087048       TXMLBindingInfo.MakeIdentifier
 0001:000870C4       TXMLBindingInfo.GetDocumentation
 0001:000870DC       TXMLBindingInfo.SetDocumentation
 0001:00087200       TXMLBindingInfo.GetIdentifierName
 0001:000872A0       TXMLBindingInfo.SetIdentifierName
 0001:00087354       TXMLBindingInfo.GetSourceName
 0001:000873A8       TXMLBindingInfo.GetBound
 0001:00087438       TXMLBindingInfo.SetBound
 0001:000874D8       TXMLBindingInfo.SetDataType
 0001:000874DC       TXMLBindingInfo.SetBindingType
 0001:000874E0       TXMLDataTypeBinding.AfterConstruction
 0001:0008750C       TXMLDataTypeBinding.GetRepeated
 0001:000875A0       TXMLDataTypeBinding.SetRepeated
 0001:00087644       TXMLDataTypeBinding.TypeDef
 0001:00087658       TXMLSimpleTypeBinding.AfterConstruction
 0001:00087684       TXMLSimpleTypeBinding.SimpleTypeDef
 0001:00087698       TXMLSimpleTypeBinding.GetBindingType
 0001:0008769C       TXMLSimpleTypeBinding.GetDataType
 0001:00087758       TXMLSimpleTypeBinding.GetIdentifierName
 0001:00087870       TXMLSimpleTypeBinding.SetIdentifierName
 0001:000879D4       TXMLSimpleTypeBinding.GetSourceType
 0001:00087A60       TXMLComplexTypeBinding.AfterConstruction
 0001:00087A94       TXMLComplexTypeBinding.MakeIdentifier
 0001:00087B44       TXMLComplexTypeBinding.BaseBindingInfo
 0001:00087BC8       TXMLComplexTypeBinding.HasComplexBase
 0001:00087BEC       TXMLComplexTypeBinding.AncestorClass
 0001:00087D00       TXMLComplexTypeBinding.AncestorInterface
 0001:00087DF8       TXMLComplexTypeBinding.ClassIdent
 0001:00087EA8       TXMLComplexTypeBinding.ComplexTypeDef
 0001:00087EBC       TXMLComplexTypeBinding.GetDataType
 0001:00087ED0       TXMLComplexTypeBinding.GetDocElementName
 0001:00087F68       TXMLComplexTypeBinding.SetDocElementName
 0001:00088004       TXMLComplexTypeBinding.IsDocElement
 0001:00088058       TXMLComplexTypeBinding.GetSourceType
 0001:000880DC       TXMLComplexTypeBinding.GetBindingType
 0001:000880E0       TXMLComplexTypeBinding.PureCollection
 0001:0008817C       TXMLComplexTypeBinding.CollectionItemName
 0001:000881CC       TXMLDataTypeListBinding.AfterConstruction
 0001:00088268       TXMLDataTypeListBinding.AncestorClass
 0001:000882E0       TXMLDataTypeListBinding.AncestorInterface
 0001:00088358       TXMLDataTypeListBinding.ClassIdent
 0001:000883AC       TXMLDataTypeListBinding.CollectionItemName
 0001:00088420       TXMLDataTypeListBinding.GetIdentifierName
 0001:00088474       TXMLDataTypeListBinding.GetRepeated
 0001:00088478       TXMLDataTypeListBinding.ItemBindInfo
 0001:000884CC       TXMLComplexTypeBinding.CollectionItem
 0001:00088550       TXMLDataTypeListBinding.PureCollection
 0001:00088554       TXMLPropertyBinding.AfterConstruction
 0001:00088580       TXMLPropertyBinding.TypeBindInfo
 0001:000885D8       TXMLPropertyBinding.GetBound
 0001:00088654       TXMLPropertyBinding.ReadDataType
 0001:00088708       TXMLPropertyBinding.GetDataType
 0001:000887A4       TXMLPropertyBinding.SetDataType
 0001:00088854       TXMLPropertyBinding.GetPropReadOnly
 0001:00088890       TXMLPropertyBinding.SetPropReadOnly
 0001:00088934       TXMLPropertyBinding.GetSourceType
 0001:000889A0       TXMLPropertyBinding.GetBindingType
 0001:00088A60       TXMLPropertyBinding.SetBindingType
 0001:00088B64       TXMLPropertyBinding.IsListProp
 0001:00088BC8       TXMLPropertyBinding.GetSchemaItem
 0001:00088BDC       TCodeWriter.Create
 0001:00088C58       TCodeWriter.Changed
 0001:00088C68       TCodeWriter.PropGetPrefix
 0001:00088CE0       TCodeWriter.PropSetPrefix
 0001:00088D58       TCodeWriter.Generate
 0001:00088D5C       TCodeWriter.WriteLine
 0001:00088D64       TCodeWriter.Write
 0001:00088DFC       TCodeWriter.Write
 0001:00088E0C       TCodeWriter.WriteComment
 0001:00088E6C       TCodeWriter.WriteDeclComment
 0001:00088E78       TCodeWriter.WriteMethodBody
 0001:00088EF4       TCodeWriter.WriteFunction
 0001:00088F90       TCodeWriter.WriteFunction
 0001:000890B8       TCodeWriter.WriteGetMethod
 0001:000891A4       TCodeWriter.WriteSetMethod
 0001:0008927C       TCodeWriter.WriteDataProperty
 0001:000893B0       TCodeWriter.WriteProperty
 0001:00089558       TCodeWriter.WriteDataMember
 0001:000895A8       TCodeWriter.WriteAfterConstruction
 0001:00089648       TCodeWriter.WriteGetBindFunc
 0001:000896B4       TCodeWriter.WriteLoadBindFunc
 0001:0008972C       TCodeWriter.WriteNewBindFunc
 0001:00089784       TCodeWriter.WriteClassDecl
 0001:0008983C       TCodeWriter.WriteIntfDecl
 0001:00089894       TCodeWriter.WriteGuid
 0001:00089914       TCodeWriter.WriteCollCreate
 0001:000899A4       TCodeWriter.WriteCollGetItem
 0001:00089AC8       TCodeWriter.WriteCollItemInit
 0001:00089B50       TCodeWriter.WriteCollItemProp
 0001:00089C1C       TCodeWriter.WriteRegisterChildNode
 0001:00089C80       TForwardDecl.AfterConstruction
 0001:00089CDC       TPropertyContainer.Destroy
 0001:00089D24       TPropertyContainer.Generate
 0001:00089D80       TPropertyContainer.AppendCode
 0001:00089DB4       TPropertyContainer.AppendCode
 0001:00089DD0       TPropertyContainer.InitCodeWriters
 0001:00089EF4       TPropertyContainer.WriteMethods
 0001:00089F9C       TPropertyContainer.WriteListBinding
 0001:00089FA0       TPropertyContainer.WriteCollectionMethods
 0001:0008A044       TPropertyContainer.WriteCollAdd
 0001:0008A188       TPropertyContainer.WriteCollInsert
 0001:0008A31C       TPropertyContainer.WriteProperties
 0001:0008A4D4       TPropertyContainer.WriteProperty
 0001:0008A4D8       TIntfSectionEntry.Generate
 0001:0008A534       TIntfSectionEntry.WriteDecl
 0001:0008A588       TIntfForward.Generate
 0001:0008A60C       TIntfDecl.WriteDecl
 0001:0008A718       TIntfDecl.WriteProperty
 0001:0008A7F0       TIntfDecl.WriteListBinding
 0001:0008A860       TClassForward.Generate
 0001:0008A8E0       TClassDecl.WriteDecl
 0001:0008AA38       TClassDecl.WriteProperty
 0001:0008AB2C       TClassDecl.WriteProperties
 0001:0008AB64       TClassDecl.WriteListBinding
 0001:0008AB78       TXMLBindingManager.AfterConstruction
 0001:0008AC88       TXMLBindingManager.Destroy
 0001:0008ACC0       AddDataType
 0001:0008AEE4       CheckOrderDependencies
 0001:0008B018       TXMLBindingManager.GetBindableItems
 0001:0008B228       TXMLBindingManager.GetBindingInfo
 0001:0008B2E0       TXMLBindingManager.GetBindingInfo
 0001:0008B3C8       TXMLBindingManager.GetBindingInfo
 0001:0008B3FC       TXMLBindingManager.GetBindingInfo
 0001:0008B430       TXMLBindingManager.GetListBindingInfo
 0001:0008B464       TXMLBindingManager.SchemaTypeToNativeType
 0001:0008B548       TXMLBindingManager.DoIdentifierCheck
 0001:0008B55C       CreateCodeWriters
 0001:0008B5C4       FreeCodeWriters
 0001:0008B600       DoGenerate
 0001:0008B6A4       TXMLBindingManager.GenerateBinding
 0001:0008B840       TXMLBindingManager.GenerateBinding
 0001:0008B8BC       TXMLBindingManager.GetBindingAppInfoURI
 0001:0008B8D0       TXMLBindingManager.GetCodeGenOptions
 0001:0008B8D4       TXMLBindingManager.GetNativeTypeMap
 0001:0008B8D8       TXMLBindingManager.SetBindingAppInfoURI
 0001:0008B8EC       TXMLBindingManager.SetOnIdentifierCheck
 0001:0008B900       TXMLBindingManager.GetClassNameStr
 0001:0008B914       TXMLBindingManager.SetClassNameStr
 0001:0008B928       Finalization
 0001:0008B9F0       XMLBindGen
 0001:0008BB2C       LoadFile
 0001:0008BB8C       Join
 0001:0008BC48       Split
 0001:0008BD74       Head
 0001:0008BE38       Tail
 0001:0008BECC       Trim
 0001:0008C0A0       ReadName
 0001:0008C1C0       Replace
 0001:0008C270       UnQuote
 0001:0008C2E8       TDTDBaseTranslator.AfterConstruction
 0001:0008C304       TDTDBaseTranslator.Destroy
 0001:0008C334       TDTDImportTranslator.Translate
 0001:0008C48C       TDTDImportTranslator.ExtractDtdParts
 0001:0008C560       SubstituteEntities
 0001:0008C7C0       TDTDImportTranslator.Expand
 0001:0008CAD0       TDTDImportTranslator.Parse
 0001:0008CC14       TDTDImportTranslator.PreParseChildElements
 0001:0008CE20       TDTDImportTranslator.ParseElementDefinitions
 0001:0008D1E8       TDTDImportTranslator.ParseTokens
 0001:0008D350       TDTDImportTranslator.ParseAttributeDefinition
 0001:0008DAE8       TDTDImportTranslator.ParseAttributeDefinitions
 0001:0008DB5C       TDTDImportTranslator.PreparseAttributeDefinitions
 0001:0008DC94       RemoveSuffix
 0001:0008DE10       TDTDImportTranslator.ParseChildElements
 0001:0008E2AC       Finalization
 0001:0008E2F0       DTDSchema
 0001:0008E464       TXDRImportTranslator.Translate
 0001:0008E4E0       Split
 0001:0008E614       Tail
 0001:0008E6A8       Head
 0001:0008E76C       GetAttribute
 0001:0008E888       XdrTypeToXsdType
 0001:0008EFF4       DetermineOccurence
 0001:0008F1F8       TXDRImportTranslator.Parse
 0001:0008F760       TXDRImportTranslator.ParseElementDefinition
 0001:000901A8       TXDRImportTranslator.ParseAttributeDefinition
 0001:00090714       TXDRImportTranslator.ParseGroup
 0001:00090ABC       TXDRImportTranslator.AddChildElement
 0001:00090C7C       TXDRImportTranslator.AddAttribute
 0001:00090DD0       TXDRImportTranslator.AddExtends
 0001:00090E94       Finalization
 0001:00090ED8       XDRSchema
 0001:00091034       TXMLDataImporter.GetDataType
 0001:000911AC       TXMLDataImporter.IsComplexType
 0001:00091294       MakeTypeName
 0001:00091328       ProcessChildNodes
 0001:0009157C       ProcessAttributes
 0001:0009170C       TXMLDataImporter.AddComplexType
 0001:00091878       TXMLDataImporter.ValidateExistingType
 0001:00091EB8       TXMLDataImporter.Translate
 0001:000920C0       Finalization
 0001:00092104       XMLDataToSchema
 0001:000924D0       TXMLSchema1999TranslatorFactory.CanImportFile
 0001:000925E4       TXMLSchema1999Translator.CopyAttrNodes
 0001:00092828       TXMLSchema1999Translator.CopyChildNodes
 0001:00092A0C       TXMLSchema1999Translator.CopyComplexType
 0001:00092F04       TXMLSchema1999Translator.CopySimpleType
 0001:00093058       TXMLSchema1999Translator.Translate
 0001:000930F4       TXMLComplexTypeDef99.AfterConstruction
 0001:000931A4       TXMLSchemaDoc99.AfterConstruction
 0001:000931AC       TXMLSchemaDoc99.CheckSchemaVersion
 0001:000931B0       TXMLSchemaDoc99.GetChildNodeClass
 0001:00093238       TXMLSchemaDoc99.LoadData
 0001:000932C0       Finalization
 0001:00093304       XMLSchema99
 0001:000934B0       @GetPackageInfoTable
 0001:000934B8       @PackageLoad
 0001:000934C4       @PackageUnload
 0001:000934D0       xmlrtl
 0002:00000000       Module
 0002:00000018       TlsProc
 0002:00000028       MSXMLDOMDocumentCreate
 0002:0000002C       NodeClasses
 0002:0000005C       CLASS_DOMDocument26
 0002:0000006C       CLASS_DOMDocument30
 0002:0000007C       CLASS_DOMDocument40
 0002:0000008C       show_all
 0002:00000090       domDocumentFormatList
 0002:00000094       CR
 0002:00000098       LF
 0002:0000009C       CRLF
 0002:000000A0       SQ
 0002:000000A4       DQ
 0002:000000A8       SingleQuote
 0002:000000AC       DoubleQuote
 0002:000000B0       SPACE
 0002:000000B4       sQuote
 0002:000000B8       dQuote
 0002:000000BC       sQuote
 0002:000000C0       dQuote
 0002:000000C4       sQuote
 0002:000000C8       dQuote
 0002:000000CC       sQuote
 0002:000000D0       dQuote
 0002:000000D4       sQuote
 0002:000000D8       dQuote
 0002:000000DC       MaxCode
 0002:000000F4       MaxCode
 0002:0000010C       FirstByte
 0002:00000114       DOUBLESPACE
 0002:00000118       SPACE
 0002:0000011C       LT
 0002:00000120       SPACE
 0002:00000124       replace60
 0002:00000130       replace62
 0002:0000013C       replace38
 0002:00000148       replace39
 0002:00000154       replace34
 0002:00000160       sQuote
 0002:00000164       dQuote
 0002:00000168       sQuote
 0002:0000016C       dQuote
 0002:00000170       sQuote
 0002:00000174       dQuote
 0002:00000178       sQuote
 0002:0000017C       dQuote
 0002:00000180       sQuote
 0002:00000184       dQuote
 0002:00000188       DOUBLESPACE
 0002:0000018C       sQuote
 0002:00000190       dQuote
 0002:00000194       sQuote
 0002:00000198       dQuote
 0002:0000019C       sQuote
 0002:000001A0       dQuote
 0002:000001A4       AMP
 0002:000001A8       SEMICOLON
 0002:000001AC       AMP
 0002:000001B0       SEMICOLON
 0002:000001B4       TAB
 0002:000001B8       LF
 0002:000001BC       CR
 0002:000001C0       SPACE
 0002:000001C4       AMP
 0002:000001C8       SEMICOLON
 0002:000001CC       AMP
 0002:000001D0       SEMICOLON
 0002:000001D4       sQuote
 0002:000001D8       dQuote
 0002:000001DC       sQuote
 0002:000001E0       dQuote
 0002:000001E4       sQuote
 0002:000001E8       dQuote
 0002:000001EC       sQuote
 0002:000001F0       dQuote
 0002:000001F4       sQuote
 0002:000001F8       dQuote
 0002:000001FC       sQuote
 0002:00000200       dQuote
 0002:00000204       LT
 0002:00000208       GT
 0002:0000020C       QM
 0002:00000210       EM
 0002:00000214       MI
 0002:00000218       SL
 0002:0000021C       LB
 0002:00000220       CR
 0002:00000224       LF
 0002:00000228       MaxCode
 0002:00000240       chStart1
 0002:00000244       chStart2
 0002:00000248       chStart3a
 0002:0000024C       chStart3b
 0002:00000250       chStart4a
 0002:00000254       chStart4b
 0002:00000258       chStart5a
 0002:0000025C       chStart5b
 0002:00000260       chEnd1
 0002:00000264       chEnd2
 0002:00000268       LF
 0002:0000026C       SQ
 0002:00000270       DQ
 0002:00000274       sQuote
 0002:00000278       dQuote
 0002:0000027C       QM
 0002:00000280       SingleQuote
 0002:00000284       DoubleQuote
 0002:00000288       NUMBERSIGN
 0002:0000028C       SOLIDUS
 0002:00000290       PISTART
 0002:00000294       PIEND
 0002:00000298       XMLDECLSTART
 0002:0000029C       COMMENTSTART
 0002:000002A0       CDATASTART
 0002:000002A4       DOCTYPESTART
 0002:000002A8       QM
 0002:000002AC       SingleQuote
 0002:000002B0       DoubleQuote
 0002:000002B4       NUMBERSIGN
 0002:000002B8       SOLIDUS
 0002:000002BC       PISTART
 0002:000002C0       PIEND
 0002:000002C4       XMLDECLSTART
 0002:000002C8       COMMENTSTART
 0002:000002CC       CDATASTART
 0002:000002D0       DOCTYPESTART
 0002:000002D4       QM
 0002:000002D8       SingleQuote
 0002:000002DC       DoubleQuote
 0002:000002E0       PISTART
 0002:000002E4       COMMENTSTART
 0002:000002E8       ENTITYSTART
 0002:000002EC       ELEMENTSTART
 0002:000002F0       ATTLISTSTART
 0002:000002F4       NOTATIONSTART
 0002:000002F8       QM
 0002:000002FC       SingleQuote
 0002:00000300       DoubleQuote
 0002:00000304       PISTART
 0002:00000308       TEXTDECLSTART
 0002:0000030C       CONTSECTSTART
 0002:00000310       COMMENTSTART
 0002:00000314       ENTITYSTART
 0002:00000318       ELEMENTSTART
 0002:0000031C       ATTLISTSTART
 0002:00000320       NOTATIONSTART
 0002:00000324       TAB
 0002:00000328       LF
 0002:0000032C       CR
 0002:00000330       SPACE
 0002:00000334       LT
 0002:00000338       sQuote
 0002:0000033C       dQuote
 0002:00000340       SPACE
 0002:00000344       NodeClasses
 0002:00000378       NodeTypes
 0002:00000394       URLDownloadToCacheFile
 0002:00000398       NodeTypeNames
 0002:000003CC       BuiltInTypeNames
 0002:00000480       LegacyTypeNames
 0002:000004AC       XMLSchemaURI
 0002:000004B0       CompositorMap
 0002:000004B4       CompositorNames
 0002:000004C0       BaseTypeIndMap
 0002:000004D4       ExtRestTypeMap
 0002:000004E8       CompositorNames
 0002:000004F4       ChoiceTypeMap
 0002:000004FC       DefaultNodeIndent
 0002:00000500       AttrChangeTypeMap
 0002:00000504       AnsiEncodings
 0002:0000050C       UnicodeEncodings
 0002:00000518       NodeChangeMap
 0002:0000051C       NodeChangeMap
 0002:00000520       UnicodeEncodings
 0002:0000052C       NativeTypes
 0002:00000580       DefaultTypeMap
 0002:000005D0       DefaultCode
 0002:000005F8       IndexPart
 0002:00000600       IndexPart
 0002:00000608       IndexPart
 0002:00000610       DefaultPart
 0002:00001000       ModuleIsLib
 0002:00001001       ModuleIsPackage
 0002:00001004       TlsIndex
 0002:0000100C       HInstance
 0002:00001010       .1
 0002:00001014       tlsBuffer
 0002:00001018       .3
 0002:0000101C       .1
 0002:00001020       MSXML_DOM
 0002:00001024       .12
 0002:00001028       DefaultDOMVendor
 0002:0000102C       DOMVendors
 0002:00001030       .5
 0002:00001034       .012
 0002:00001038       OpenXMLFactory
 0002:0000103C       .12
 0002:00001040       GlobalOXDOM
 0002:00001044       UrlMonHandle
 0002:00001048       .3
 0002:0000104C       .3
 0002:00001050       TranslatorList
 0002:00001054       .84
 0002:00001058       .5
 0002:0000105C       .91
 0002:00001060       .3
 0002:00001064       TranslatorFactory
 0002:00001068       .2
 0002:0000106C       TranslatorFactory
 0002:00001070       .2
 0002:00001074       TranslatorFactory
 0002:00001078       .5
 0002:0000107C       TranslatorFactory


Bound resource files

xmlrtl.res
c:\TEMP\dtf6FF0.tmp


Program entry point at 0001:000934D0
