
 Start         Length     Name                   Class
 0001:00000000 0000D098H .text                   CODE
 0002:00000000 0000018CH .data                   DATA
 0002:0000018C 000001E5H .bss                    BSS


Detailed map of segments

 0001:00000000 00000256 C=CODE     S=.text    G=(none)   M=System   ACBP=A9
 0001:00000258 0000022C C=CODE     S=.text    G=(none)   M=SysInit  ACBP=A9
 0001:00000484 000000D6 C=CODE     S=.text    G=(none)   M=SysUtils ACBP=A9
 0001:0000055C 0000000E C=CODE     S=.text    G=(none)   M=SysConst ACBP=A9
 0001:0000056C 00000038 C=CODE     S=.text    G=(none)   M=Windows  ACBP=A9
 0001:000005A4 0000000E C=CODE     S=.text    G=(none)   M=Types    ACBP=A9
 0001:000005B4 0000026E C=CODE     S=.text    G=(none)   M=Classes  ACBP=A9
 0001:00000824 0000000E C=CODE     S=.text    G=(none)   M=ActiveX  ACBP=A9
 0001:00000834 00000038 C=CODE     S=.text    G=(none)   M=Messages ACBP=A9
 0001:0000086C 0000000E C=CODE     S=.text    G=(none)   M=TypInfo  ACBP=A9
 0001:0000087C 0000000E C=CODE     S=.text    G=(none)   M=Variants ACBP=A9
 0001:0000088C 0000000E C=CODE     S=.text    G=(none)   M=VarUtils ACBP=A9
 0001:0000089C 0000000E C=CODE     S=.text    G=(none)   M=RTLConsts ACBP=A9
 0001:000008AC 0000001E C=CODE     S=.text    G=(none)   M=Masks    ACBP=A9
 0001:000008CC 00000026 C=CODE     S=.text    G=(none)   M=Contnrs  ACBP=A9
 0001:000008F4 0000000E C=CODE     S=.text    G=(none)   M=Math     ACBP=A9
 0001:00000904 00000108 C=CODE     S=.text    G=(none)   M=WebConst ACBP=A9
 0001:00000A0C 00000070 C=CODE     S=.text    G=(none)   M=BrkrConst ACBP=A9
 0001:00000A7C 0000542F C=CODE     S=.text    G=(none)   M=HTTPApp  ACBP=A9
 0001:00005EAC 00000BA8 C=CODE     S=.text    G=(none)   M=CopyPrsr ACBP=A9
 0001:00006A54 00002900 C=CODE     S=.text    G=(none)   M=HTTPProd ACBP=A9
 0001:00009354 000004F4 C=CODE     S=.text    G=(none)   M=AutoDisp ACBP=A9
 0001:00009848 00000130 C=CODE     S=.text    G=(none)   M=WinSock  ACBP=A9
 0001:00009978 000027FB C=CODE     S=.text    G=(none)   M=Sockets  ACBP=A9
 0001:0000C174 00000E24 C=CODE     S=.text    G=(none)   M=WebCntxt ACBP=A9
 0001:0000CF98 000000FD C=CODE     S=.text    G=(none)   M=inet     ACBP=A9
 0002:00000000 00000028 C=DATA     S=.data    G=DGROUP   M=SysInit  ACBP=A9
 0002:00000028 0000004C C=DATA     S=.data    G=DGROUP   M=HTTPApp  ACBP=A9
 0002:00000074 00000048 C=DATA     S=.data    G=DGROUP   M=HTTPProd ACBP=A9
 0002:000000BC 00000074 C=DATA     S=.data    G=DGROUP   M=Sockets  ACBP=A9
 0002:00000130 00000004 C=DATA     S=.data    G=DGROUP   M=WebCntxt ACBP=A9
 0002:00001000 00000018 C=BSS      S=.bss     G=DGROUP   M=SysInit  ACBP=A9
 0002:00001018 00000004 C=BSS      S=.bss     G=DGROUP   M=Windows  ACBP=A9
 0002:0000101C 00000004 C=BSS      S=.bss     G=DGROUP   M=Messages ACBP=A9
 0002:00001020 00000004 C=BSS      S=.bss     G=DGROUP   M=WebConst ACBP=A9
 0002:00001024 00000004 C=BSS      S=.bss     G=DGROUP   M=BrkrConst ACBP=A9
 0002:00001028 00000008 C=BSS      S=.bss     G=DGROUP   M=HTTPApp  ACBP=A9
 0002:00001030 00000004 C=BSS      S=.bss     G=DGROUP   M=CopyPrsr ACBP=A9
 0002:00001034 00000004 C=BSS      S=.bss     G=DGROUP   M=HTTPProd ACBP=A9
 0002:00001038 00000004 C=BSS      S=.bss     G=DGROUP   M=AutoDisp ACBP=A9
 0002:0000103C 00000004 C=BSS      S=.bss     G=DGROUP   M=WinSock  ACBP=A9
 0002:00001040 00000194 C=BSS      S=.bss     G=DGROUP   M=Sockets  ACBP=A9
 0002:000011D4 00000010 C=BSS      S=.bss     G=DGROUP   M=WebCntxt ACBP=A9


  Address         Publics by Name

 0002:00001010       .1
 0002:0000101C       .1
 0002:00001020       .1
 0002:00001024       .1
 0002:0000103C       .1
 0002:00001030       .2
 0002:00001040       .21
 0002:00001028       .22
 0002:00001038       .3
 0002:00001018       .3
 0002:000011E0       .5
 0002:00001034       .61
 0001:0000D070       @GetPackageInfoTable
 0001:00000360       @GetTls
 0001:000003D0       @InitPkg
 0001:00000434       @PackageLoad
 0001:0000D078       @PackageLoad
 0001:00000440       @PackageUnload
 0001:0000D084       @PackageUnload
 0001:00009878       accept
 0001:00000290       AllocTlsBuffer
 0001:00009840       AutoDisp
 0001:00009880       bind
 0001:00000A74       BrkrConst
 0001:0000C0F8       Cleanup
 0001:00009888       connect
 0001:00009028       ContentFromScriptFile
 0001:00008F48       ContentFromScriptStream
 0001:00008BFC       ContentFromStream
 0001:00008EE0       ContentFromString
 0002:0000102C       ContentParsers
 0001:00006A4C       CopyPrsr
 0001:00005998       DayOfWeekStr
 0002:00000058       DaysOfWeek
 0002:0000009C       DesignerFileManager
 0001:00003F18       DispatchHandler
 0001:00005948       DosPathToUnixPath
 0001:00004F64       DoStripQuotes
 0001:00009208       EScriptError.Create
 0001:000092A0       EScriptError.Destroy
 0001:0000033C       ExitProcessTLS
 0001:00000314       ExitThreadTLS
 0001:00005068       ExtractHeaderFields
 0001:00005264       ExtractHTTPFields
 0001:00009848       FD_ISSET
 0001:00009860       FD_SET
 0001:00009870       FD_ZERO
 0001:00009810       Finalization
 0001:000092D0       Finalization
 0001:00005E2C       Finalization
 0001:0000CF60       Finalization
 0001:00006A1C       Finalization
 0001:00000A44       Finalization
 0001:00009940       Finalization
 0001:000009D4       Finalization
 0001:0000C12C       Finalization
 0001:00000834       Finalization
 0001:0000044C       Finalization
 0001:0000056C       Finalization
 0001:000090D4       FindComponentWebModuleContext
 0001:00008268       FindNamedModuleVariable
 0001:00000258       FreeLibrary
 0001:000098F8       gethostbyaddr
 0001:00009900       gethostbyname
 0001:00009918       gethostname
 0002:00000130       GetModuleFileNameProc
 0001:000083FC       GetModuleVariable
 0001:000084B8       GetModuleVariableCount
 0001:00004D20       GetMonth
 0001:00009908       getprotobyname
 0001:00009910       getservbyname
 0001:0000860C       GetTagID
 0001:00004D64       GetTime
 0001:0000029C       GetTlsSize
 0002:000011D4       GetWebContextProc
 0002:000011DC       GetWebEndUserProc
 0002:0000100C       HInstance
 0002:00000074       HTMLAlign
 0001:0000493C       HTMLDecode
 0001:00004810       HTMLEncode
 0002:00000084       HTMLVAlign
 0001:00009890       htons
 0001:00005E90       HTTPApp
 0001:000044F4       HTTPDecode
 0001:00004754       HTTPEncode
 0001:0000934C       HTTPProd
 0001:0000D090       inet
 0001:00009898       inet_addr
 0001:000098A0       inet_ntoa
 0001:000003A0       InitializeModule
 0001:000002E8       InitProcessTLS
 0001:000002A4       InitThreadTLS
 0001:000062CC       InternalSkipBlanks
 0001:000098A8       ioctlsocket
 0001:000098B0       listen
 0001:00000260       LocalAlloc
 0001:00000268       LocalFree
 0001:0000CA28       MakeWebPageInfoList
 0001:00000864       Messages
 0002:00000000       Module
 0002:00001000       ModuleIsLib
 0002:00001001       ModuleIsPackage
 0002:00000028       Months
 0001:00005960       MonthStr
 0001:000098B8       ntohs
 0001:00004DCC       ParseDate
 0001:000098C0       recv
 0001:000098C8       recvfrom
 0001:0000245C       RegisterContentParser
 0002:00000098       ScriptProducerClass
 0001:00008A9C       ScriptProducerContentFromStream
 0001:00008B58       ScriptProducerContentFromString
 0001:000098D0       select
 0001:000098D8       send
 0001:000098E0       sendto
 0002:000011D8       SetWebContextProc
 0001:000098E8       shutdown
 0001:000098F0       socket
 0001:0000C164       Sockets
 0001:0000C0B8       Startup
 0001:000052A8       StatusString
 0001:0000047C       SysInit
 0001:0000CEB8       TAbstractAdapterRequest.Create
 0001:0000CF00       TAbstractAdapterRequest.GetRequest
 0001:0000CF0C       TAbstractAdapterResponse.Create
 0001:0000CF54       TAbstractAdapterResponse.GetResponse
 0001:00005CF8       TAbstractContentParser.CanParse
 0001:00005CFC       TAbstractContentParser.Create
 0001:00009198       TAbstractScriptProducer.Create
 0001:0000CCEC       TAbstractWebContext.Create
 0001:0000CD34       TAbstractWebContext.Destroy
 0001:00005A18       TAbstractWebModuleFactory.GetWebPageInfo
 0001:00005A00       TAbstractWebPageInfo.GetFactory
 0001:00005A08       TAbstractWebPageInfo.GetIsLoginRequired
 0001:000059C0       TAbstractWebPageInfo.GetIsPublished
 0001:000059C4       TAbstractWebPageInfo.GetPageDescription
 0001:000059D8       TAbstractWebPageInfo.GetPageHREF
 0001:000059EC       TAbstractWebPageInfo.GetPageTitle
 0001:00005A0C       TAbstractWebPageInfo.GetViewAccess
 0001:00005A04       TAbstractWebPageInfo.SetFactory
 0001:00005A1C       TAbstractWebPageModuleFactory.Create
 0001:00005A68       TAbstractWebPageModuleFactory.Destroy
 0001:00005A98       TAbstractWebPageModuleFactory.GetWebPageInfo
 0002:000000A0       TagSymbols
 0001:00008638       TBasePageProducer.Content
 0001:00007F84       TBasePageProducer.ContentFromStream
 0001:00008060       TBasePageProducer.ContentFromString
 0001:00007F44       TBasePageProducer.Create
 0001:000086A4       TBasePageProducer.DoTagEvent
 0001:00008770       TBasePageProducer.GetLocateFileService
 0001:00008880       TBasePageProducer.GetProducerTemplateFileName
 0001:000087FC       TBasePageProducer.GetProducerTemplateStream
 0001:00008710       TBasePageProducer.GetScriptEngine
 0001:000085A0       TBasePageProducer.GetTagID
 0001:000088EC       TBasePageProducer.GetTemplateFileName
 0001:000087F8       TBasePageProducer.GetTemplateStream
 0001:00008560       TBasePageProducer.GetWebModuleContext
 0001:000080F8       TBasePageProducer.HandleScriptTag
 0001:000080BC       TBasePageProducer.HandleTag
 0001:000086CC       TBasePageProducer.ImplHandleTag
 0001:0000803C       TBasePageProducer.ServerScriptFromStream
 0001:00008724       TBasePageProducer.UseScriptEngine
 0001:0000AB00       TBaseSocket.Close
 0001:0000A9C0       TBaseSocket.Create
 0001:0000AA4C       TBaseSocket.Destroy
 0001:0000AFB0       TBaseSocket.DoCreateHandle
 0001:0000AFCC       TBaseSocket.DoDestroyHandle
 0001:0000AF94       TBaseSocket.DoHandleError
 0001:0000AFE0       TBaseSocket.DoReceive
 0001:0000B000       TBaseSocket.DoSend
 0001:0000B018       TBaseSocket.ErrorCheck
 0001:0000B030       TBaseSocket.Loaded
 0001:0000AB20       TBaseSocket.MapDomain
 0001:0000AB2C       TBaseSocket.MapSockType
 0001:0000AA78       TBaseSocket.Open
 0001:0000AB38       TBaseSocket.PeekBuf
 0001:0000AB5C       TBaseSocket.ReceiveBuf
 0001:0000ABA4       TBaseSocket.Receiveln
 0001:0000ACB0       TBaseSocket.Select
 0001:0000AE40       TBaseSocket.SendBuf
 0001:0000AE88       TBaseSocket.Sendln
 0001:0000AEF8       TBaseSocket.SendStream
 0001:0000B05C       TBaseSocket.SetActive
 0001:0000B0FC       TBaseSocket.SetBlockMode
 0001:0000B054       TBaseSocket.SetBytesReceived
 0001:0000B058       TBaseSocket.SetBytesSent
 0001:0000B08C       TBaseSocket.SetDomain
 0001:0000B0D4       TBaseSocket.SetProtocol
 0001:0000B0B0       TBaseSocket.SetSockType
 0001:0000AF44       TBaseSocket.WaitForData
 0001:0000B960       TClientSocketThread.Create
 0001:0000B9A4       TClientSocketThread.Destroy
 0001:0000B9D8       TClientSocketThread.Execute
 0001:0000BA88       TClientSocketThread.ExecuteSyncProc
 0001:0000BA98       TClientSocketThread.SyncProc
 0001:00005D34       TContentParser.CanParse
 0001:00005D38       TContentParser.Destroy
 0001:00005D70       TContentParser.GetContentFields
 0001:00005E0C       TContentParser.GetFiles
 0001:000029DC       TCookie.AssignTo
 0001:00002998       TCookie.Create
 0001:00002A44       TCookie.GetHeaderValue
 0001:00002CCC       TCookieCollection.Add
 0001:00002C84       TCookieCollection.Create
 0001:00002CD8       TCookieCollection.GetCookie
 0001:00002CEC       TCookieCollection.SetCookie
 0001:00005FE8       TCopyParser.CheckToken
 0001:000060B4       TCopyParser.CheckTokenSymbol
 0001:00006128       TCopyParser.CopySkipTo
 0001:00006230       TCopyParser.CopySkipToEOF
 0001:000061E0       TCopyParser.CopySkipToEOL
 0001:00006378       TCopyParser.CopySkipToToken
 0001:000064C4       TCopyParser.CopyTo
 0001:00006510       TCopyParser.CopyToEOF
 0001:000064FC       TCopyParser.CopyToEOL
 0001:00006524       TCopyParser.CopyTokenToOutput
 0001:000064E0       TCopyParser.CopyToToken
 0001:00005F2C       TCopyParser.Create
 0001:00005FAC       TCopyParser.Destroy
 0001:00006530       TCopyParser.Error
 0001:00006538       TCopyParser.ErrorFmt
 0001:00006594       TCopyParser.ErrorStr
 0001:000065D4       TCopyParser.NextToken
 0001:000066D0       TCopyParser.ReadBuffer
 0001:00006798       TCopyParser.SkipBlanks
 0001:000067FC       TCopyParser.SkipEOL
 0001:000065E0       TCopyParser.SkipTo
 0001:0000662C       TCopyParser.SkipToEOF
 0001:00006618       TCopyParser.SkipToEOL
 0001:000066C8       TCopyParser.SkipToken
 0001:00006640       TCopyParser.SkipToNextToken
 0001:000065FC       TCopyParser.SkipToToken
 0001:000067F0       TCopyParser.SourcePos
 0001:0000695C       TCopyParser.TokenComponentIdent
 0001:00006830       TCopyParser.TokenFloat
 0001:00006888       TCopyParser.TokenInt
 0001:000068D8       TCopyParser.TokenString
 0001:000068F8       TCopyParser.TokenSymbolIs
 0001:000069FC       TCopyParser.UpdateOutStream
 0001:00003050       TCustomContentProducer.Content
 0001:0000305C       TCustomContentProducer.ContentFromStream
 0001:00003070       TCustomContentProducer.ContentFromString
 0001:00003118       TCustomContentProducer.GetAppDispatcher
 0001:0000308C       TCustomContentProducer.GetDispatcher
 0001:00003008       TCustomContentProducer.Notification
 0001:000030D4       TCustomContentProducer.ProduceContent
 0001:000030E8       TCustomContentProducer.ProduceContentFromStream
 0001:00003100       TCustomContentProducer.ProduceContentFromString
 0001:00003084       TCustomContentProducer.SetAppDispatcher
 0001:00003030       TCustomContentProducer.SetDispatcher
 0001:0000B834       TCustomIpClient.Close
 0001:0000B86C       TCustomIpClient.Connect
 0001:0000B77C       TCustomIpClient.Create
 0001:0000B880       TCustomIpClient.Disconnect
 0001:0000B894       TCustomIpClient.DoConnect
 0001:0000B8B4       TCustomIpClient.DoDisconnect
 0001:0000B888       TCustomIpClient.GetThreadObject
 0001:0000B7D4       TCustomIpClient.Open
 0001:000088F8       TCustomPageProducer.Create
 0001:0000893C       TCustomPageProducer.Destroy
 0001:00009184       TCustomPageProducer.GetTemplateFileName
 0001:0000896C       TCustomPageProducer.GetTemplateStream
 0001:00008A78       TCustomPageProducer.HandleTag
 0001:00008A60       TCustomPageProducer.SetHTMLDoc
 0001:00008A34       TCustomPageProducer.SetHTMLFile
 0001:0000BE04       TCustomTcpServer.Accept
 0001:0000BDA8       TCustomTcpServer.Accept
 0001:0000BD70       TCustomTcpServer.Close
 0001:0000BC84       TCustomTcpServer.Create
 0001:0000BCFC       TCustomTcpServer.Destroy
 0001:0000BFE0       TCustomTcpServer.DoAccept
 0001:0000BF7C       TCustomTcpServer.GetServerSocketThread
 0001:0000BF5C       TCustomTcpServer.GetThread
 0001:0000C000       TCustomTcpServer.Listen
 0001:0000BD24       TCustomTcpServer.Open
 0001:0000C03C       TCustomTcpServer.SetServerBlockMode
 0001:0000BFB8       TCustomTcpServer.SetServerSocketThread
 0001:0000C080       TCustomTcpServer.WaitForConnection
 0001:000042C8       TCustomWebDispatcher.Access_Request
 0001:000042D0       TCustomWebDispatcher.Access_Response
 0001:00003E3C       TCustomWebDispatcher.ActionByName
 0001:00003AAC       TCustomWebDispatcher.Create
 0001:00003CB4       TCustomWebDispatcher.Destroy
 0001:00003FD8       TCustomWebDispatcher.DispatchAction
 0001:00003EC8       TCustomWebDispatcher.DoAfterDispatch
 0001:00003EF0       TCustomWebDispatcher.DoBeforeDispatch
 0001:000042D8       TCustomWebDispatcher.FinishContext
 0001:00004148       TCustomWebDispatcher.GetAction
 0001:000042C0       TCustomWebDispatcher.GetRequest
 0001:000042C4       TCustomWebDispatcher.GetResponse
 0001:00003CEC       TCustomWebDispatcher.HandleException
 0001:000042A4       TCustomWebDispatcher.HandleRequest
 0001:000042DC       TCustomWebDispatcher.InitContext
 0001:000042F0       TCustomWebDispatcher.InitModule
 0001:00004154       TCustomWebDispatcher.Notification
 0001:000042B0       TCustomWebDispatcher.SetActions
 0001:00005A9C       TDefaultWebAppServices.FindRequestHandler
 0001:00005BEC       TDefaultWebAppServices.FindWebDispatcher
 0001:00005B5C       TDefaultWebAppServices.FinishContext
 0001:00005C8C       TDefaultWebAppServices.GetExceptionHandler
 0001:00005AE0       TDefaultWebAppServices.GetRequestHandler
 0001:00005B40       TDefaultWebAppServices.HandleRequest
 0001:00005B48       TDefaultWebAppServices.InitContext
 0001:00005B60       TDefaultWebAppServices.InvokeDispatcher
 0001:00005E04       TEmptyRequestFiles.GetCount
 0001:00005E08       TEmptyRequestFiles.GetItem
 0001:00007C34       THTMLTableAttributes.AssignTo
 0001:00007BE0       THTMLTableAttributes.Create
 0001:00007C90       THTMLTableAttributes.RestoreDefaults
 0001:00007CC4       THTMLTableAttributes.SetAlign
 0001:00007CE4       THTMLTableAttributes.SetBGColor
 0001:00007CD4       THTMLTableAttributes.SetBorder
 0001:00007D54       THTMLTableAttributes.SetCellPadding
 0001:00007D44       THTMLTableAttributes.SetCellSpacing
 0001:00007D64       THTMLTableAttributes.SetWidth
 0001:00007D74       THTMLTableElementAttributes.AssignTo
 0001:00007DBC       THTMLTableElementAttributes.RestoreDefaults
 0001:00007DE0       THTMLTableElementAttributes.SetAlign
 0001:00007DF0       THTMLTableElementAttributes.SetBGColor
 0001:00007E50       THTMLTableElementAttributes.SetVAlign
 0001:00007E60       THTMLTableHeaderAttributes.AssignTo
 0001:00007EB4       THTMLTableHeaderAttributes.RestoreDefaults
 0001:00007EE0       THTMLTableHeaderAttributes.SetCaption
 0001:00007B90       THTMLTagAttributes.Changed
 0001:00007B54       THTMLTagAttributes.Create
 0001:00007BA4       THTMLTagAttributes.RestoreDefaults
 0001:00007BB8       THTMLTagAttributes.SetCustom
 0001:0000B4C8       TIpSocket.Bind
 0001:0000B120       TIpSocket.Create
 0001:0000B180       TIpSocket.GetSocketAddr
 0001:0000B3A4       TIpSocket.LocalDomainName
 0001:0000B474       TIpSocket.LocalHostAddr
 0001:0000B42C       TIpSocket.LocalHostName
 0001:0000B270       TIpSocket.LookupHostAddr
 0001:0000B224       TIpSocket.LookupHostName
 0001:0000B348       TIpSocket.LookupPort
 0001:0000B384       TIpSocket.LookupProtocol
 0001:0000B508       TIpSocket.ReceiveFrom
 0001:0000B564       TIpSocket.SendTo
 0001:0000B5CC       TIpSocket.SetLocalHost
 0001:0000B638       TIpSocket.SetLocalPort
 0001:0000B6A4       TIpSocket.SetRemoteHost
 0001:0000B710       TIpSocket.SetRemotePort
 0001:000081EC       TLocalWebModuleContext.Create
 0001:0000832C       TLocalWebModuleContext.FindNamedVariable
 0001:00008338       TLocalWebModuleContext.FindVariable
 0001:00008340       TLocalWebModuleContext.FindVariableContainer
 0001:000084AC       TLocalWebModuleContext.GetVariable
 0001:00008554       TLocalWebModuleContext.GetVariableCount
 0001:00008240       TLocalWebModuleContext.QueryInterface
 0001:00008228       TLocalWebModuleContext._AddRef
 0001:00008234       TLocalWebModuleContext._Release
 0001:00000270       TlsAlloc
 0002:00001014       tlsBuffer
 0001:00000278       TlsFree
 0001:00000280       TlsGetValue
 0002:00001004       TlsIndex
 0002:BF4A1004       TlsLast
 0002:00000018       TlsProc
 0001:00000288       TlsSetValue
 0001:000058DC       TranslateChar
 0001:0000B8D4       TRawSocket.Create
 0001:0000BBC8       TServerSocketThread.AddClientSocketThread
 0001:0000BB34       TServerSocketThread.ClearThreadPool
 0001:0000BA9C       TServerSocketThread.Create
 0001:0000BC1C       TServerSocketThread.CreateThread
 0001:0000BAF4       TServerSocketThread.Destroy
 0001:0000BB70       TServerSocketThread.Execute
 0001:0000BC2C       TServerSocketThread.FetchClientSocketThread
 0001:0000BC78       TServerSocketThread.RemoveClientSocketThread
 0001:0000BBC4       TServerSocketThread.SetThreadCacheSize
 0001:0000B914       TUdpSocket.Create
 0001:00003188       TWebActionItem.AssignTo
 0001:0000311C       TWebActionItem.Create
 0001:00003158       TWebActionItem.Destroy
 0001:0000326C       TWebActionItem.DispatchAction
 0001:000033A8       TWebActionItem.GetDisplayName
 0001:00003678       TWebActionItem.GetMask
 0001:0000364C       TWebActionItem.GetPathInfo
 0001:00003624       TWebActionItem.ProducerPathInfo
 0001:000033BC       TWebActionItem.SetDefault
 0001:00003434       TWebActionItem.SetDisplayName
 0001:00003414       TWebActionItem.SetEnabled
 0001:00003424       TWebActionItem.SetMethodType
 0001:0000351C       TWebActionItem.SetOnAction
 0001:00003538       TWebActionItem.SetPathInfo
 0001:00003600       TWebActionItem.SetProducer
 0001:00003744       TWebActionItem.SetProducerContent
 0001:000037B0       TWebActionItems.Add
 0001:00003768       TWebActionItems.Create
 0001:000037BC       TWebActionItems.GetActionItem
 0001:000037D8       TWebActionItems.GetAttr
 0001:000037D0       TWebActionItems.GetAttrCount
 0001:0000384C       TWebActionItems.GetItemAttr
 0001:00003998       TWebActionItems.GetOwner
 0001:0000399C       TWebActionItems.SetActionItem
 0001:000039BC       TWebActionItems.SetItemName
 0001:00003AA8       TWebActionItems.Update
 0001:0000C584       TWebContext.Create
 0001:0000C5EC       TWebContext.Destroy
 0001:0000CBA0       TWebContext.FindApplicationModule
 0001:0000C790       TWebContext.FindDefaultPageInfo
 0001:0000C804       TWebContext.FindModuleClass
 0001:0000C830       TWebContext.FindModuleName
 0001:0000C630       TWebContext.FindPage
 0001:0000C6BC       TWebContext.FindPageInfo
 0001:0000C8F8       TWebContext.FindVariableContainer
 0001:0000C8D0       TWebContext.GetAdapterRequest
 0001:0000C8E4       TWebContext.GetAdapterResponse
 0001:0000CC9C       TWebContext.GetDispatchedPageName
 0001:0000C860       TWebContext.GetEndUser
 0001:0000CABC       TWebContext.GetPageCount
 0001:0000CB2C       TWebContext.GetPageInfo
 0001:0000CCB0       TWebContext.GetRequestedPageName
 0001:0000CC00       TWebContext.GetSession
 0001:0000C85C       TWebContext.GetWebModules
 0001:0000C8C8       TWebContext.GetWebRequest
 0001:0000C8CC       TWebContext.GetWebResponse
 0001:0000CC04       TWebContext.SetAdapterRequest
 0001:0000CC50       TWebContext.SetAdapterResponse
 0001:0000CCC4       TWebContext.SetDispatchedPageName
 0001:0000CCD8       TWebContext.SetRequestedPageName
 0001:0000957C       TWebDispatch.AssignTo
 0001:000094EC       TWebDispatch.Create
 0001:00009540       TWebDispatch.Destroy
 0001:0000960C       TWebDispatch.GetMask
 0001:000095F8       TWebDispatch.GetPathInfo
 0001:00009570       TWebDispatch.SetPathInfo
 0001:0000439C       TWebModule.Create
 0001:0000CD6C       TWebPageInfoWrapper.Create
 0001:0000CE0C       TWebPageInfoWrapper.GetHasViewAccess
 0001:0000CDEC       TWebPageInfoWrapper.GetLoginRequired
 0001:0000CDA4       TWebPageInfoWrapper.GetPageDescription
 0001:0000CDCC       TWebPageInfoWrapper.GetPageHREF
 0001:0000CDE0       TWebPageInfoWrapper.GetPageIsPublished
 0001:0000CDF8       TWebPageInfoWrapper.GetPageName
 0001:0000CDB8       TWebPageInfoWrapper.GetPageTitle
 0001:00009618       TWebPathInfo.Create
 0001:00009668       TWebPathInfo.Destroy
 0001:00009698       TWebPathInfo.GetMask
 0001:000097B0       TWebPathInfo.GetPathInfo
 0001:000097DC       TWebPathInfo.SetPathInfo
 0001:0000246C       TWebRequest.Create
 0001:000025AC       TWebRequest.Destroy
 0001:00002630       TWebRequest.ExtractContentFields
 0001:00002738       TWebRequest.ExtractCookieFields
 0001:000025F4       TWebRequest.ExtractFields
 0001:000027E0       TWebRequest.ExtractQueryFields
 0001:00002888       TWebRequest.GetContentFields
 0001:00002934       TWebRequest.GetContentParser
 0001:00002898       TWebRequest.GetCookieFields
 0001:00002920       TWebRequest.GetFiles
 0001:000028F0       TWebRequest.GetInternalPathInfo
 0001:00002908       TWebRequest.GetInternalScriptName
 0001:000028C4       TWebRequest.GetQueryFields
 0001:000024A8       TWebRequest.UpdateMethodType
 0001:00002DB0       TWebResponse.AddCustomHeaders
 0001:00002D0C       TWebResponse.Create
 0001:00002D70       TWebResponse.Destroy
 0001:00002E68       TWebResponse.GetCustomHeader
 0001:00002E84       TWebResponse.Sent
 0001:00002E88       TWebResponse.SetContentStream
 0001:00002F0C       TWebResponse.SetCookieField
 0001:00002FEC       TWebResponse.SetCustomHeader
 0001:00002FF8       TWebResponse.SetCustomHeaders
 0001:000003AC       UninitializeModule
 0001:00005930       UnixPathToDosPath
 0001:0000CF90       WebCntxt
 0001:00000A04       WebConst
 0001:0000C570       WebContext
 0001:0000059C       Windows
 0001:00009970       WinSock
 0001:00009930       WSACleanup
 0002:00001044       WSAData
 0001:00009920       WSAGetLastError
 0001:00009928       WSAStartup
 0002:000000BC       Xlat_Domain
 0002:0000011C       Xlat_SocketType
 0001:00009938       __WSAFDIsSet


  Address         Publics by Value

 0002:BF4A1004       TlsLast
 0001:00000258       FreeLibrary
 0001:00000260       LocalAlloc
 0001:00000268       LocalFree
 0001:00000270       TlsAlloc
 0001:00000278       TlsFree
 0001:00000280       TlsGetValue
 0001:00000288       TlsSetValue
 0001:00000290       AllocTlsBuffer
 0001:0000029C       GetTlsSize
 0001:000002A4       InitThreadTLS
 0001:000002E8       InitProcessTLS
 0001:00000314       ExitThreadTLS
 0001:0000033C       ExitProcessTLS
 0001:00000360       @GetTls
 0001:000003A0       InitializeModule
 0001:000003AC       UninitializeModule
 0001:000003D0       @InitPkg
 0001:00000434       @PackageLoad
 0001:00000440       @PackageUnload
 0001:0000044C       Finalization
 0001:0000047C       SysInit
 0001:0000056C       Finalization
 0001:0000059C       Windows
 0001:00000834       Finalization
 0001:00000864       Messages
 0001:000009D4       Finalization
 0001:00000A04       WebConst
 0001:00000A44       Finalization
 0001:00000A74       BrkrConst
 0001:0000245C       RegisterContentParser
 0001:0000246C       TWebRequest.Create
 0001:000024A8       TWebRequest.UpdateMethodType
 0001:000025AC       TWebRequest.Destroy
 0001:000025F4       TWebRequest.ExtractFields
 0001:00002630       TWebRequest.ExtractContentFields
 0001:00002738       TWebRequest.ExtractCookieFields
 0001:000027E0       TWebRequest.ExtractQueryFields
 0001:00002888       TWebRequest.GetContentFields
 0001:00002898       TWebRequest.GetCookieFields
 0001:000028C4       TWebRequest.GetQueryFields
 0001:000028F0       TWebRequest.GetInternalPathInfo
 0001:00002908       TWebRequest.GetInternalScriptName
 0001:00002920       TWebRequest.GetFiles
 0001:00002934       TWebRequest.GetContentParser
 0001:00002998       TCookie.Create
 0001:000029DC       TCookie.AssignTo
 0001:00002A44       TCookie.GetHeaderValue
 0001:00002C84       TCookieCollection.Create
 0001:00002CCC       TCookieCollection.Add
 0001:00002CD8       TCookieCollection.GetCookie
 0001:00002CEC       TCookieCollection.SetCookie
 0001:00002D0C       TWebResponse.Create
 0001:00002D70       TWebResponse.Destroy
 0001:00002DB0       TWebResponse.AddCustomHeaders
 0001:00002E68       TWebResponse.GetCustomHeader
 0001:00002E84       TWebResponse.Sent
 0001:00002E88       TWebResponse.SetContentStream
 0001:00002F0C       TWebResponse.SetCookieField
 0001:00002FEC       TWebResponse.SetCustomHeader
 0001:00002FF8       TWebResponse.SetCustomHeaders
 0001:00003008       TCustomContentProducer.Notification
 0001:00003030       TCustomContentProducer.SetDispatcher
 0001:00003050       TCustomContentProducer.Content
 0001:0000305C       TCustomContentProducer.ContentFromStream
 0001:00003070       TCustomContentProducer.ContentFromString
 0001:00003084       TCustomContentProducer.SetAppDispatcher
 0001:0000308C       TCustomContentProducer.GetDispatcher
 0001:000030D4       TCustomContentProducer.ProduceContent
 0001:000030E8       TCustomContentProducer.ProduceContentFromStream
 0001:00003100       TCustomContentProducer.ProduceContentFromString
 0001:00003118       TCustomContentProducer.GetAppDispatcher
 0001:0000311C       TWebActionItem.Create
 0001:00003158       TWebActionItem.Destroy
 0001:00003188       TWebActionItem.AssignTo
 0001:0000326C       TWebActionItem.DispatchAction
 0001:000033A8       TWebActionItem.GetDisplayName
 0001:000033BC       TWebActionItem.SetDefault
 0001:00003414       TWebActionItem.SetEnabled
 0001:00003424       TWebActionItem.SetMethodType
 0001:00003434       TWebActionItem.SetDisplayName
 0001:0000351C       TWebActionItem.SetOnAction
 0001:00003538       TWebActionItem.SetPathInfo
 0001:00003600       TWebActionItem.SetProducer
 0001:00003624       TWebActionItem.ProducerPathInfo
 0001:0000364C       TWebActionItem.GetPathInfo
 0001:00003678       TWebActionItem.GetMask
 0001:00003744       TWebActionItem.SetProducerContent
 0001:00003768       TWebActionItems.Create
 0001:000037B0       TWebActionItems.Add
 0001:000037BC       TWebActionItems.GetActionItem
 0001:000037D0       TWebActionItems.GetAttrCount
 0001:000037D8       TWebActionItems.GetAttr
 0001:0000384C       TWebActionItems.GetItemAttr
 0001:00003998       TWebActionItems.GetOwner
 0001:0000399C       TWebActionItems.SetActionItem
 0001:000039BC       TWebActionItems.SetItemName
 0001:00003AA8       TWebActionItems.Update
 0001:00003AAC       TCustomWebDispatcher.Create
 0001:00003CB4       TCustomWebDispatcher.Destroy
 0001:00003CEC       TCustomWebDispatcher.HandleException
 0001:00003E3C       TCustomWebDispatcher.ActionByName
 0001:00003EC8       TCustomWebDispatcher.DoAfterDispatch
 0001:00003EF0       TCustomWebDispatcher.DoBeforeDispatch
 0001:00003F18       DispatchHandler
 0001:00003FD8       TCustomWebDispatcher.DispatchAction
 0001:00004148       TCustomWebDispatcher.GetAction
 0001:00004154       TCustomWebDispatcher.Notification
 0001:000042A4       TCustomWebDispatcher.HandleRequest
 0001:000042B0       TCustomWebDispatcher.SetActions
 0001:000042C0       TCustomWebDispatcher.GetRequest
 0001:000042C4       TCustomWebDispatcher.GetResponse
 0001:000042C8       TCustomWebDispatcher.Access_Request
 0001:000042D0       TCustomWebDispatcher.Access_Response
 0001:000042D8       TCustomWebDispatcher.FinishContext
 0001:000042DC       TCustomWebDispatcher.InitContext
 0001:000042F0       TCustomWebDispatcher.InitModule
 0001:0000439C       TWebModule.Create
 0001:000044F4       HTTPDecode
 0001:00004754       HTTPEncode
 0001:00004810       HTMLEncode
 0001:0000493C       HTMLDecode
 0001:00004D20       GetMonth
 0001:00004D64       GetTime
 0001:00004DCC       ParseDate
 0001:00004F64       DoStripQuotes
 0001:00005068       ExtractHeaderFields
 0001:00005264       ExtractHTTPFields
 0001:000052A8       StatusString
 0001:000058DC       TranslateChar
 0001:00005930       UnixPathToDosPath
 0001:00005948       DosPathToUnixPath
 0001:00005960       MonthStr
 0001:00005998       DayOfWeekStr
 0001:000059C0       TAbstractWebPageInfo.GetIsPublished
 0001:000059C4       TAbstractWebPageInfo.GetPageDescription
 0001:000059D8       TAbstractWebPageInfo.GetPageHREF
 0001:000059EC       TAbstractWebPageInfo.GetPageTitle
 0001:00005A00       TAbstractWebPageInfo.GetFactory
 0001:00005A04       TAbstractWebPageInfo.SetFactory
 0001:00005A08       TAbstractWebPageInfo.GetIsLoginRequired
 0001:00005A0C       TAbstractWebPageInfo.GetViewAccess
 0001:00005A18       TAbstractWebModuleFactory.GetWebPageInfo
 0001:00005A1C       TAbstractWebPageModuleFactory.Create
 0001:00005A68       TAbstractWebPageModuleFactory.Destroy
 0001:00005A98       TAbstractWebPageModuleFactory.GetWebPageInfo
 0001:00005A9C       TDefaultWebAppServices.FindRequestHandler
 0001:00005AE0       TDefaultWebAppServices.GetRequestHandler
 0001:00005B40       TDefaultWebAppServices.HandleRequest
 0001:00005B48       TDefaultWebAppServices.InitContext
 0001:00005B5C       TDefaultWebAppServices.FinishContext
 0001:00005B60       TDefaultWebAppServices.InvokeDispatcher
 0001:00005BEC       TDefaultWebAppServices.FindWebDispatcher
 0001:00005C8C       TDefaultWebAppServices.GetExceptionHandler
 0001:00005CF8       TAbstractContentParser.CanParse
 0001:00005CFC       TAbstractContentParser.Create
 0001:00005D34       TContentParser.CanParse
 0001:00005D38       TContentParser.Destroy
 0001:00005D70       TContentParser.GetContentFields
 0001:00005E04       TEmptyRequestFiles.GetCount
 0001:00005E08       TEmptyRequestFiles.GetItem
 0001:00005E0C       TContentParser.GetFiles
 0001:00005E2C       Finalization
 0001:00005E90       HTTPApp
 0001:00005F2C       TCopyParser.Create
 0001:00005FAC       TCopyParser.Destroy
 0001:00005FE8       TCopyParser.CheckToken
 0001:000060B4       TCopyParser.CheckTokenSymbol
 0001:00006128       TCopyParser.CopySkipTo
 0001:000061E0       TCopyParser.CopySkipToEOL
 0001:00006230       TCopyParser.CopySkipToEOF
 0001:000062CC       InternalSkipBlanks
 0001:00006378       TCopyParser.CopySkipToToken
 0001:000064C4       TCopyParser.CopyTo
 0001:000064E0       TCopyParser.CopyToToken
 0001:000064FC       TCopyParser.CopyToEOL
 0001:00006510       TCopyParser.CopyToEOF
 0001:00006524       TCopyParser.CopyTokenToOutput
 0001:00006530       TCopyParser.Error
 0001:00006538       TCopyParser.ErrorFmt
 0001:00006594       TCopyParser.ErrorStr
 0001:000065D4       TCopyParser.NextToken
 0001:000065E0       TCopyParser.SkipTo
 0001:000065FC       TCopyParser.SkipToToken
 0001:00006618       TCopyParser.SkipToEOL
 0001:0000662C       TCopyParser.SkipToEOF
 0001:00006640       TCopyParser.SkipToNextToken
 0001:000066C8       TCopyParser.SkipToken
 0001:000066D0       TCopyParser.ReadBuffer
 0001:00006798       TCopyParser.SkipBlanks
 0001:000067F0       TCopyParser.SourcePos
 0001:000067FC       TCopyParser.SkipEOL
 0001:00006830       TCopyParser.TokenFloat
 0001:00006888       TCopyParser.TokenInt
 0001:000068D8       TCopyParser.TokenString
 0001:000068F8       TCopyParser.TokenSymbolIs
 0001:0000695C       TCopyParser.TokenComponentIdent
 0001:000069FC       TCopyParser.UpdateOutStream
 0001:00006A1C       Finalization
 0001:00006A4C       CopyPrsr
 0001:00007B54       THTMLTagAttributes.Create
 0001:00007B90       THTMLTagAttributes.Changed
 0001:00007BA4       THTMLTagAttributes.RestoreDefaults
 0001:00007BB8       THTMLTagAttributes.SetCustom
 0001:00007BE0       THTMLTableAttributes.Create
 0001:00007C34       THTMLTableAttributes.AssignTo
 0001:00007C90       THTMLTableAttributes.RestoreDefaults
 0001:00007CC4       THTMLTableAttributes.SetAlign
 0001:00007CD4       THTMLTableAttributes.SetBorder
 0001:00007CE4       THTMLTableAttributes.SetBGColor
 0001:00007D44       THTMLTableAttributes.SetCellSpacing
 0001:00007D54       THTMLTableAttributes.SetCellPadding
 0001:00007D64       THTMLTableAttributes.SetWidth
 0001:00007D74       THTMLTableElementAttributes.AssignTo
 0001:00007DBC       THTMLTableElementAttributes.RestoreDefaults
 0001:00007DE0       THTMLTableElementAttributes.SetAlign
 0001:00007DF0       THTMLTableElementAttributes.SetBGColor
 0001:00007E50       THTMLTableElementAttributes.SetVAlign
 0001:00007E60       THTMLTableHeaderAttributes.AssignTo
 0001:00007EB4       THTMLTableHeaderAttributes.RestoreDefaults
 0001:00007EE0       THTMLTableHeaderAttributes.SetCaption
 0001:00007F44       TBasePageProducer.Create
 0001:00007F84       TBasePageProducer.ContentFromStream
 0001:0000803C       TBasePageProducer.ServerScriptFromStream
 0001:00008060       TBasePageProducer.ContentFromString
 0001:000080BC       TBasePageProducer.HandleTag
 0001:000080F8       TBasePageProducer.HandleScriptTag
 0001:000081EC       TLocalWebModuleContext.Create
 0001:00008228       TLocalWebModuleContext._AddRef
 0001:00008234       TLocalWebModuleContext._Release
 0001:00008240       TLocalWebModuleContext.QueryInterface
 0001:00008268       FindNamedModuleVariable
 0001:0000832C       TLocalWebModuleContext.FindNamedVariable
 0001:00008338       TLocalWebModuleContext.FindVariable
 0001:00008340       TLocalWebModuleContext.FindVariableContainer
 0001:000083FC       GetModuleVariable
 0001:000084AC       TLocalWebModuleContext.GetVariable
 0001:000084B8       GetModuleVariableCount
 0001:00008554       TLocalWebModuleContext.GetVariableCount
 0001:00008560       TBasePageProducer.GetWebModuleContext
 0001:000085A0       TBasePageProducer.GetTagID
 0001:0000860C       GetTagID
 0001:00008638       TBasePageProducer.Content
 0001:000086A4       TBasePageProducer.DoTagEvent
 0001:000086CC       TBasePageProducer.ImplHandleTag
 0001:00008710       TBasePageProducer.GetScriptEngine
 0001:00008724       TBasePageProducer.UseScriptEngine
 0001:00008770       TBasePageProducer.GetLocateFileService
 0001:000087F8       TBasePageProducer.GetTemplateStream
 0001:000087FC       TBasePageProducer.GetProducerTemplateStream
 0001:00008880       TBasePageProducer.GetProducerTemplateFileName
 0001:000088EC       TBasePageProducer.GetTemplateFileName
 0001:000088F8       TCustomPageProducer.Create
 0001:0000893C       TCustomPageProducer.Destroy
 0001:0000896C       TCustomPageProducer.GetTemplateStream
 0001:00008A34       TCustomPageProducer.SetHTMLFile
 0001:00008A60       TCustomPageProducer.SetHTMLDoc
 0001:00008A78       TCustomPageProducer.HandleTag
 0001:00008A9C       ScriptProducerContentFromStream
 0001:00008B58       ScriptProducerContentFromString
 0001:00008BFC       ContentFromStream
 0001:00008EE0       ContentFromString
 0001:00008F48       ContentFromScriptStream
 0001:00009028       ContentFromScriptFile
 0001:000090D4       FindComponentWebModuleContext
 0001:00009184       TCustomPageProducer.GetTemplateFileName
 0001:00009198       TAbstractScriptProducer.Create
 0001:00009208       EScriptError.Create
 0001:000092A0       EScriptError.Destroy
 0001:000092D0       Finalization
 0001:0000934C       HTTPProd
 0001:000094EC       TWebDispatch.Create
 0001:00009540       TWebDispatch.Destroy
 0001:00009570       TWebDispatch.SetPathInfo
 0001:0000957C       TWebDispatch.AssignTo
 0001:000095F8       TWebDispatch.GetPathInfo
 0001:0000960C       TWebDispatch.GetMask
 0001:00009618       TWebPathInfo.Create
 0001:00009668       TWebPathInfo.Destroy
 0001:00009698       TWebPathInfo.GetMask
 0001:000097B0       TWebPathInfo.GetPathInfo
 0001:000097DC       TWebPathInfo.SetPathInfo
 0001:00009810       Finalization
 0001:00009840       AutoDisp
 0001:00009848       FD_ISSET
 0001:00009860       FD_SET
 0001:00009870       FD_ZERO
 0001:00009878       accept
 0001:00009880       bind
 0001:00009888       connect
 0001:00009890       htons
 0001:00009898       inet_addr
 0001:000098A0       inet_ntoa
 0001:000098A8       ioctlsocket
 0001:000098B0       listen
 0001:000098B8       ntohs
 0001:000098C0       recv
 0001:000098C8       recvfrom
 0001:000098D0       select
 0001:000098D8       send
 0001:000098E0       sendto
 0001:000098E8       shutdown
 0001:000098F0       socket
 0001:000098F8       gethostbyaddr
 0001:00009900       gethostbyname
 0001:00009908       getprotobyname
 0001:00009910       getservbyname
 0001:00009918       gethostname
 0001:00009920       WSAGetLastError
 0001:00009928       WSAStartup
 0001:00009930       WSACleanup
 0001:00009938       __WSAFDIsSet
 0001:00009940       Finalization
 0001:00009970       WinSock
 0001:0000A9C0       TBaseSocket.Create
 0001:0000AA4C       TBaseSocket.Destroy
 0001:0000AA78       TBaseSocket.Open
 0001:0000AB00       TBaseSocket.Close
 0001:0000AB20       TBaseSocket.MapDomain
 0001:0000AB2C       TBaseSocket.MapSockType
 0001:0000AB38       TBaseSocket.PeekBuf
 0001:0000AB5C       TBaseSocket.ReceiveBuf
 0001:0000ABA4       TBaseSocket.Receiveln
 0001:0000ACB0       TBaseSocket.Select
 0001:0000AE40       TBaseSocket.SendBuf
 0001:0000AE88       TBaseSocket.Sendln
 0001:0000AEF8       TBaseSocket.SendStream
 0001:0000AF44       TBaseSocket.WaitForData
 0001:0000AF94       TBaseSocket.DoHandleError
 0001:0000AFB0       TBaseSocket.DoCreateHandle
 0001:0000AFCC       TBaseSocket.DoDestroyHandle
 0001:0000AFE0       TBaseSocket.DoReceive
 0001:0000B000       TBaseSocket.DoSend
 0001:0000B018       TBaseSocket.ErrorCheck
 0001:0000B030       TBaseSocket.Loaded
 0001:0000B054       TBaseSocket.SetBytesReceived
 0001:0000B058       TBaseSocket.SetBytesSent
 0001:0000B05C       TBaseSocket.SetActive
 0001:0000B08C       TBaseSocket.SetDomain
 0001:0000B0B0       TBaseSocket.SetSockType
 0001:0000B0D4       TBaseSocket.SetProtocol
 0001:0000B0FC       TBaseSocket.SetBlockMode
 0001:0000B120       TIpSocket.Create
 0001:0000B180       TIpSocket.GetSocketAddr
 0001:0000B224       TIpSocket.LookupHostName
 0001:0000B270       TIpSocket.LookupHostAddr
 0001:0000B348       TIpSocket.LookupPort
 0001:0000B384       TIpSocket.LookupProtocol
 0001:0000B3A4       TIpSocket.LocalDomainName
 0001:0000B42C       TIpSocket.LocalHostName
 0001:0000B474       TIpSocket.LocalHostAddr
 0001:0000B4C8       TIpSocket.Bind
 0001:0000B508       TIpSocket.ReceiveFrom
 0001:0000B564       TIpSocket.SendTo
 0001:0000B5CC       TIpSocket.SetLocalHost
 0001:0000B638       TIpSocket.SetLocalPort
 0001:0000B6A4       TIpSocket.SetRemoteHost
 0001:0000B710       TIpSocket.SetRemotePort
 0001:0000B77C       TCustomIpClient.Create
 0001:0000B7D4       TCustomIpClient.Open
 0001:0000B834       TCustomIpClient.Close
 0001:0000B86C       TCustomIpClient.Connect
 0001:0000B880       TCustomIpClient.Disconnect
 0001:0000B888       TCustomIpClient.GetThreadObject
 0001:0000B894       TCustomIpClient.DoConnect
 0001:0000B8B4       TCustomIpClient.DoDisconnect
 0001:0000B8D4       TRawSocket.Create
 0001:0000B914       TUdpSocket.Create
 0001:0000B960       TClientSocketThread.Create
 0001:0000B9A4       TClientSocketThread.Destroy
 0001:0000B9D8       TClientSocketThread.Execute
 0001:0000BA88       TClientSocketThread.ExecuteSyncProc
 0001:0000BA98       TClientSocketThread.SyncProc
 0001:0000BA9C       TServerSocketThread.Create
 0001:0000BAF4       TServerSocketThread.Destroy
 0001:0000BB34       TServerSocketThread.ClearThreadPool
 0001:0000BB70       TServerSocketThread.Execute
 0001:0000BBC4       TServerSocketThread.SetThreadCacheSize
 0001:0000BBC8       TServerSocketThread.AddClientSocketThread
 0001:0000BC1C       TServerSocketThread.CreateThread
 0001:0000BC2C       TServerSocketThread.FetchClientSocketThread
 0001:0000BC78       TServerSocketThread.RemoveClientSocketThread
 0001:0000BC84       TCustomTcpServer.Create
 0001:0000BCFC       TCustomTcpServer.Destroy
 0001:0000BD24       TCustomTcpServer.Open
 0001:0000BD70       TCustomTcpServer.Close
 0001:0000BDA8       TCustomTcpServer.Accept
 0001:0000BE04       TCustomTcpServer.Accept
 0001:0000BF5C       TCustomTcpServer.GetThread
 0001:0000BF7C       TCustomTcpServer.GetServerSocketThread
 0001:0000BFB8       TCustomTcpServer.SetServerSocketThread
 0001:0000BFE0       TCustomTcpServer.DoAccept
 0001:0000C000       TCustomTcpServer.Listen
 0001:0000C03C       TCustomTcpServer.SetServerBlockMode
 0001:0000C080       TCustomTcpServer.WaitForConnection
 0001:0000C0B8       Startup
 0001:0000C0F8       Cleanup
 0001:0000C12C       Finalization
 0001:0000C164       Sockets
 0001:0000C570       WebContext
 0001:0000C584       TWebContext.Create
 0001:0000C5EC       TWebContext.Destroy
 0001:0000C630       TWebContext.FindPage
 0001:0000C6BC       TWebContext.FindPageInfo
 0001:0000C790       TWebContext.FindDefaultPageInfo
 0001:0000C804       TWebContext.FindModuleClass
 0001:0000C830       TWebContext.FindModuleName
 0001:0000C85C       TWebContext.GetWebModules
 0001:0000C860       TWebContext.GetEndUser
 0001:0000C8C8       TWebContext.GetWebRequest
 0001:0000C8CC       TWebContext.GetWebResponse
 0001:0000C8D0       TWebContext.GetAdapterRequest
 0001:0000C8E4       TWebContext.GetAdapterResponse
 0001:0000C8F8       TWebContext.FindVariableContainer
 0001:0000CA28       MakeWebPageInfoList
 0001:0000CABC       TWebContext.GetPageCount
 0001:0000CB2C       TWebContext.GetPageInfo
 0001:0000CBA0       TWebContext.FindApplicationModule
 0001:0000CC00       TWebContext.GetSession
 0001:0000CC04       TWebContext.SetAdapterRequest
 0001:0000CC50       TWebContext.SetAdapterResponse
 0001:0000CC9C       TWebContext.GetDispatchedPageName
 0001:0000CCB0       TWebContext.GetRequestedPageName
 0001:0000CCC4       TWebContext.SetDispatchedPageName
 0001:0000CCD8       TWebContext.SetRequestedPageName
 0001:0000CCEC       TAbstractWebContext.Create
 0001:0000CD34       TAbstractWebContext.Destroy
 0001:0000CD6C       TWebPageInfoWrapper.Create
 0001:0000CDA4       TWebPageInfoWrapper.GetPageDescription
 0001:0000CDB8       TWebPageInfoWrapper.GetPageTitle
 0001:0000CDCC       TWebPageInfoWrapper.GetPageHREF
 0001:0000CDE0       TWebPageInfoWrapper.GetPageIsPublished
 0001:0000CDEC       TWebPageInfoWrapper.GetLoginRequired
 0001:0000CDF8       TWebPageInfoWrapper.GetPageName
 0001:0000CE0C       TWebPageInfoWrapper.GetHasViewAccess
 0001:0000CEB8       TAbstractAdapterRequest.Create
 0001:0000CF00       TAbstractAdapterRequest.GetRequest
 0001:0000CF0C       TAbstractAdapterResponse.Create
 0001:0000CF54       TAbstractAdapterResponse.GetResponse
 0001:0000CF60       Finalization
 0001:0000CF90       WebCntxt
 0001:0000D070       @GetPackageInfoTable
 0001:0000D078       @PackageLoad
 0001:0000D084       @PackageUnload
 0001:0000D090       inet
 0002:00000000       Module
 0002:00000018       TlsProc
 0002:00000028       Months
 0002:00000058       DaysOfWeek
 0002:00000074       HTMLAlign
 0002:00000084       HTMLVAlign
 0002:00000098       ScriptProducerClass
 0002:0000009C       DesignerFileManager
 0002:000000A0       TagSymbols
 0002:000000BC       Xlat_Domain
 0002:0000011C       Xlat_SocketType
 0002:00000130       GetModuleFileNameProc
 0002:00001000       ModuleIsLib
 0002:00001001       ModuleIsPackage
 0002:00001004       TlsIndex
 0002:0000100C       HInstance
 0002:00001010       .1
 0002:00001014       tlsBuffer
 0002:00001018       .3
 0002:0000101C       .1
 0002:00001020       .1
 0002:00001024       .1
 0002:00001028       .22
 0002:0000102C       ContentParsers
 0002:00001030       .2
 0002:00001034       .61
 0002:00001038       .3
 0002:0000103C       .1
 0002:00001040       .21
 0002:00001044       WSAData
 0002:000011D4       GetWebContextProc
 0002:000011D8       SetWebContextProc
 0002:000011DC       GetWebEndUserProc
 0002:000011E0       .5


Bound resource files

inet.RES
c:\TEMP\dtf6FEA.tmp


Program entry point at 0001:0000D090
