
 Start         Length     Name                   Class
 0001:00000000 00002678H .text                   CODE
 0002:00000000 00000028H .data                   DATA
 0002:00000028 00000051H .bss                    BSS


Detailed map of segments

 0001:00000000 00000096 C=CODE     S=.text    G=(none)   M=System   ACBP=A9
 0001:00000098 000001EC C=CODE     S=.text    G=(none)   M=SysInit  ACBP=A9
 0001:00000284 00000038 C=CODE     S=.text    G=(none)   M=Windows  ACBP=A9
 0001:000002BC 0000000E C=CODE     S=.text    G=(none)   M=Types    ACBP=A9
 0001:000002CC 00000038 C=CODE     S=.text    G=(none)   M=Messages ACBP=A9
 0001:00000304 0000000E C=CODE     S=.text    G=(none)   M=SysUtils ACBP=A9
 0001:00000314 0000000E C=CODE     S=.text    G=(none)   M=SysConst ACBP=A9
 0001:00000324 00000056 C=CODE     S=.text    G=(none)   M=Classes  ACBP=A9
 0001:0000037C 0000000E C=CODE     S=.text    G=(none)   M=ActiveX  ACBP=A9
 0001:0000038C 0000000E C=CODE     S=.text    G=(none)   M=TypInfo  ACBP=A9
 0001:0000039C 0000000E C=CODE     S=.text    G=(none)   M=Variants ACBP=A9
 0001:000003AC 0000000E C=CODE     S=.text    G=(none)   M=VarUtils ACBP=A9
 0001:000003BC 0000000E C=CODE     S=.text    G=(none)   M=RTLConsts ACBP=A9
 0001:000003CC 00000016 C=CODE     S=.text    G=(none)   M=Graphics ACBP=A9
 0001:000003E4 0000000E C=CODE     S=.text    G=(none)   M=Consts   ACBP=A9
 0001:000003F4 000001DE C=CODE     S=.text    G=(none)   M=Controls ACBP=A9
 0001:000005D4 0000000E C=CODE     S=.text    G=(none)   M=ActnList ACBP=A9
 0001:000005E4 0000000E C=CODE     S=.text    G=(none)   M=Contnrs  ACBP=A9
 0001:000005F4 0000000E C=CODE     S=.text    G=(none)   M=Math     ACBP=A9
 0001:00000604 0000000E C=CODE     S=.text    G=(none)   M=ImgList  ACBP=A9
 0001:00000614 00000038 C=CODE     S=.text    G=(none)   M=CommCtrl ACBP=A9
 0001:0000064C 0000000E C=CODE     S=.text    G=(none)   M=Forms    ACBP=A9
 0001:0000065C 0000000E C=CODE     S=.text    G=(none)   M=HelpIntfs ACBP=A9
 0001:0000066C 0000000E C=CODE     S=.text    G=(none)   M=MultiMon ACBP=A9
 0001:0000067C 00000038 C=CODE     S=.text    G=(none)   M=Imm      ACBP=A9
 0001:000006B4 0000000E C=CODE     S=.text    G=(none)   M=Menus    ACBP=A9
 0001:000006C4 0000000E C=CODE     S=.text    G=(none)   M=WinHelpViewer ACBP=A9
 0001:000006D4 0000000E C=CODE     S=.text    G=(none)   M=StdActns ACBP=A9
 0001:000006E4 0000000E C=CODE     S=.text    G=(none)   M=Dialogs  ACBP=A9
 0001:000006F4 00000038 C=CODE     S=.text    G=(none)   M=ShlObj   ACBP=A9
 0001:0000072C 00000038 C=CODE     S=.text    G=(none)   M=UrlMon   ACBP=A9
 0001:00000764 00000038 C=CODE     S=.text    G=(none)   M=WinInet  ACBP=A9
 0001:0000079C 00000038 C=CODE     S=.text    G=(none)   M=RegStr   ACBP=A9
 0001:000007D4 00000038 C=CODE     S=.text    G=(none)   M=ShellAPI ACBP=A9
 0001:0000080C 0000000E C=CODE     S=.text    G=(none)   M=Printers ACBP=A9
 0001:0000081C 00000038 C=CODE     S=.text    G=(none)   M=WinSpool ACBP=A9
 0001:00000854 0000000E C=CODE     S=.text    G=(none)   M=StdCtrls ACBP=A9
 0001:00000864 00000038 C=CODE     S=.text    G=(none)   M=CommDlg  ACBP=A9
 0001:0000089C 00000038 C=CODE     S=.text    G=(none)   M=Dlgs     ACBP=A9
 0001:000008D4 00000046 C=CODE     S=.text    G=(none)   M=ExtCtrls ACBP=A9
 0001:0000091C 0000000E C=CODE     S=.text    G=(none)   M=StrUtils ACBP=A9
 0001:0000092C 0000000E C=CODE     S=.text    G=(none)   M=Clipbrd  ACBP=A9
 0001:0000093C 0000000E C=CODE     S=.text    G=(none)   M=FlatSB   ACBP=A9
 0001:0000094C 000000AE C=CODE     S=.text    G=(none)   M=TeeProcs ACBP=A9
 0001:000009FC 0000000E C=CODE     S=.text    G=(none)   M=TeCanvas ACBP=A9
 0001:00000A0C 0000000E C=CODE     S=.text    G=(none)   M=TeeConst ACBP=A9
 0001:00000A1C 0000006E C=CODE     S=.text    G=(none)   M=TeEngine ACBP=A9
 0001:00000A8C 000000AE C=CODE     S=.text    G=(none)   M=Chart    ACBP=A9
 0001:00000B3C 0000000E C=CODE     S=.text    G=(none)   M=TeeFunci ACBP=A9
 0001:00000B4C 00000086 C=CODE     S=.text    G=(none)   M=QuickRpt ACBP=A9
 0001:00000BD4 0000000E C=CODE     S=.text    G=(none)   M=QRExpBld ACBP=A9
 0001:00000BE4 0000000E C=CODE     S=.text    G=(none)   M=QR3Const ACBP=A9
 0001:00000BF4 0000000E C=CODE     S=.text    G=(none)   M=QRExpr   ACBP=A9
 0001:00000C04 0000000E C=CODE     S=.text    G=(none)   M=DBTables ACBP=A9
 0001:00000C14 0000000E C=CODE     S=.text    G=(none)   M=SMINTF   ACBP=A9
 0001:00000C24 0000000E C=CODE     S=.text    G=(none)   M=BDE      ACBP=A9
 0001:00000C34 0000000E C=CODE     S=.text    G=(none)   M=DBCommon ACBP=A9
 0001:00000C44 0000000E C=CODE     S=.text    G=(none)   M=SqlTimSt ACBP=A9
 0001:00000C54 0000000E C=CODE     S=.text    G=(none)   M=DBConsts ACBP=A9
 0001:00000C64 0000000E C=CODE     S=.text    G=(none)   M=DateUtils ACBP=A9
 0001:00000C74 0000000E C=CODE     S=.text    G=(none)   M=DB       ACBP=A9
 0001:00000C84 0000000E C=CODE     S=.text    G=(none)   M=FMTBcd   ACBP=A9
 0001:00000C94 0000000E C=CODE     S=.text    G=(none)   M=MaskUtils ACBP=A9
 0001:00000CA4 0000000E C=CODE     S=.text    G=(none)   M=ComObj   ACBP=A9
 0001:00000CB4 0000000E C=CODE     S=.text    G=(none)   M=ComConst ACBP=A9
 0001:00000CC4 0000000E C=CODE     S=.text    G=(none)   M=bdeconst ACBP=A9
 0001:00000CD4 0000000E C=CODE     S=.text    G=(none)   M=QREnvEd  ACBP=A9
 0001:00000CE4 0000000E C=CODE     S=.text    G=(none)   M=Buttons  ACBP=A9
 0001:00000CF4 0000000E C=CODE     S=.text    G=(none)   M=Grids    ACBP=A9
 0001:00000D04 0000000E C=CODE     S=.text    G=(none)   M=Mask     ACBP=A9
 0001:00000D14 0000000E C=CODE     S=.text    G=(none)   M=QRExtra  ACBP=A9
 0001:00000D24 0000000E C=CODE     S=.text    G=(none)   M=QRPrev   ACBP=A9
 0001:00000D34 0000000E C=CODE     S=.text    G=(none)   M=ToolWin  ACBP=A9
 0001:00000D44 0000000E C=CODE     S=.text    G=(none)   M=ComCtrls ACBP=A9
 0001:00000D54 0000000E C=CODE     S=.text    G=(none)   M=ListActns ACBP=A9
 0001:00000D64 00000038 C=CODE     S=.text    G=(none)   M=RichEdit ACBP=A9
 0001:00000D9C 0000000E C=CODE     S=.text    G=(none)   M=ExtActns ACBP=A9
 0001:00000DAC 0000000E C=CODE     S=.text    G=(none)   M=Registry ACBP=A9
 0001:00000DBC 0000000E C=CODE     S=.text    G=(none)   M=IniFiles ACBP=A9
 0001:00000DCC 0000000E C=CODE     S=.text    G=(none)   M=ExtDlgs  ACBP=A9
 0001:00000DDC 0000000E C=CODE     S=.text    G=(none)   M=Mapi     ACBP=A9
 0001:00000DEC 0000000E C=CODE     S=.text    G=(none)   M=ComStrs  ACBP=A9
 0001:00000DFC 00000026 C=CODE     S=.text    G=(none)   M=QRPrntr  ACBP=A9
 0001:00000E24 0000000E C=CODE     S=.text    G=(none)   M=QRPrgres ACBP=A9
 0001:00000E34 0000000E C=CODE     S=.text    G=(none)   M=QRPrnSu  ACBP=A9
 0001:00000E44 0000000E C=CODE     S=.text    G=(none)   M=QRCtrls  ACBP=A9
 0001:00000E54 0000000E C=CODE     S=.text    G=(none)   M=QRExprEd ACBP=A9
 0001:00000E64 0000000E C=CODE     S=.text    G=(none)   M=QRLablEd ACBP=A9
 0001:00000E74 0000000E C=CODE     S=.text    G=(none)   M=QRCompEd ACBP=A9
 0001:00000E84 0000000E C=CODE     S=.text    G=(none)   M=QRAbout  ACBP=A9
 0001:00000E94 0000000E C=CODE     S=.text    G=(none)   M=OleCtrls ACBP=A9
 0001:00000EA4 0000000E C=CODE     S=.text    G=(none)   M=AxCtrls  ACBP=A9
 0001:00000EB4 0000000E C=CODE     S=.text    G=(none)   M=StdVCL   ACBP=A9
 0001:00000EC4 0000000E C=CODE     S=.text    G=(none)   M=OleConst ACBP=A9
 0001:00000ED4 0000004E C=CODE     S=.text    G=(none)   M=DbChart  ACBP=A9
 0001:00000F24 0000141C C=CODE     S=.text    G=(none)   M=QRTEE    ACBP=A9
 0001:00002340 00000335 C=CODE     S=.text    G=(none)   M=teeqr    ACBP=A9
 0002:00000000 00000028 C=DATA     S=.data    G=DGROUP   M=SysInit  ACBP=A9
 0002:00001000 00000018 C=BSS      S=.bss     G=DGROUP   M=SysInit  ACBP=A9
 0002:00001018 00000004 C=BSS      S=.bss     G=DGROUP   M=Windows  ACBP=A9
 0002:0000101C 00000004 C=BSS      S=.bss     G=DGROUP   M=Messages ACBP=A9
 0002:00001020 00000004 C=BSS      S=.bss     G=DGROUP   M=CommCtrl ACBP=A9
 0002:00001024 00000004 C=BSS      S=.bss     G=DGROUP   M=Imm      ACBP=A9
 0002:00001028 00000004 C=BSS      S=.bss     G=DGROUP   M=ShlObj   ACBP=A9
 0002:0000102C 00000004 C=BSS      S=.bss     G=DGROUP   M=UrlMon   ACBP=A9
 0002:00001030 00000004 C=BSS      S=.bss     G=DGROUP   M=WinInet  ACBP=A9
 0002:00001034 00000004 C=BSS      S=.bss     G=DGROUP   M=RegStr   ACBP=A9
 0002:00001038 00000004 C=BSS      S=.bss     G=DGROUP   M=ShellAPI ACBP=A9
 0002:0000103C 00000004 C=BSS      S=.bss     G=DGROUP   M=WinSpool ACBP=A9
 0002:00001040 00000004 C=BSS      S=.bss     G=DGROUP   M=CommDlg  ACBP=A9
 0002:00001044 00000004 C=BSS      S=.bss     G=DGROUP   M=Dlgs     ACBP=A9
 0002:00001048 00000004 C=BSS      S=.bss     G=DGROUP   M=RichEdit ACBP=A9
 0002:0000104C 00000004 C=BSS      S=.bss     G=DGROUP   M=QRTEE    ACBP=A9


  Address         Publics by Name

 0002:00001044       .1
 0002:00001038       .1
 0002:0000101C       .1
 0002:00001020       .1
 0002:00001034       .1
 0002:00001010       .1
 0002:00001024       .1
 0002:00001030       .1
 0002:0000102C       .1
 0002:00001040       .1
 0002:00001048       .1
 0002:00001028       .1
 0002:0000103C       .3
 0002:0000104C       .3
 0002:00001018       .3
 0001:00002650       @GetPackageInfoTable
 0001:000001D0       @InitPkg
 0001:00000234       @PackageLoad
 0001:00002658       @PackageLoad
 0001:00002664       @PackageUnload
 0001:00000240       @PackageUnload
 0001:000000D0       AllocTlsBuffer
 0001:00000644       CommCtrl
 0001:00000894       CommDlg
 0001:000008CC       Dlgs
 0001:0000017C       ExitProcessTLS
 0001:00000154       ExitThreadTLS
 0001:00000284       Finalization
 0001:00000864       Finalization
 0001:0000072C       Finalization
 0001:000002CC       Finalization
 0001:000022FC       Finalization
 0001:00000614       Finalization
 0001:0000067C       Finalization
 0001:000006F4       Finalization
 0001:00000D64       Finalization
 0001:0000081C       Finalization
 0001:0000024C       Finalization
 0001:00000764       Finalization
 0001:0000079C       Finalization
 0001:000007D4       Finalization
 0001:0000089C       Finalization
 0001:00000098       FreeLibrary
 0001:000000DC       GetTlsSize
 0002:0000100C       HInstance
 0001:000006AC       Imm
 0001:000001A0       InitializeModule
 0001:00000128       InitProcessTLS
 0001:000000E4       InitThreadTLS
 0001:000000A0       LocalAlloc
 0001:000000A8       LocalFree
 0001:000002FC       Messages
 0002:00000000       Module
 0002:00001000       ModuleIsLib
 0002:00001001       ModuleIsPackage
 0001:0000232C       QRTEE
 0001:000007CC       RegStr
 0001:00000D94       RichEdit
 0001:00000804       ShellAPI
 0001:00000724       ShlObj
 0001:0000027C       SysInit
 0001:00002670       teeqr
 0001:000000B0       TlsAlloc
 0002:00001014       tlsBuffer
 0001:000000B8       TlsFree
 0001:000000C0       TlsGetValue
 0002:00001004       TlsIndex
 0002:BF52C000       TlsLast
 0002:00000018       TlsProc
 0001:000000C8       TlsSetValue
 0001:00001F30       TQRChart.Create
 0001:000022DC       TQRChart.GetChart
 0001:000022B4       TQRChart.Paint
 0001:000020A8       TQRChart.Print
 0001:00002060       TQRChart.ReadState
 0001:00002090       TQRChart.SetPrintMethod
 0001:00001D34       TQRDBChart.Create
 0001:00001DAC       TQRDBChart.GetRectangle
 0001:00001F20       TQRDBChart.Invalidate
 0001:00001E2C       TQRDBChart.Paint
 0001:000001AC       UninitializeModule
 0001:0000075C       UrlMon
 0001:000002B4       Windows
 0001:00000794       WinInet
 0001:0000084C       WinSpool


  Address         Publics by Value

 0002:BF52C000       TlsLast
 0001:00000098       FreeLibrary
 0001:000000A0       LocalAlloc
 0001:000000A8       LocalFree
 0001:000000B0       TlsAlloc
 0001:000000B8       TlsFree
 0001:000000C0       TlsGetValue
 0001:000000C8       TlsSetValue
 0001:000000D0       AllocTlsBuffer
 0001:000000DC       GetTlsSize
 0001:000000E4       InitThreadTLS
 0001:00000128       InitProcessTLS
 0001:00000154       ExitThreadTLS
 0001:0000017C       ExitProcessTLS
 0001:000001A0       InitializeModule
 0001:000001AC       UninitializeModule
 0001:000001D0       @InitPkg
 0001:00000234       @PackageLoad
 0001:00000240       @PackageUnload
 0001:0000024C       Finalization
 0001:0000027C       SysInit
 0001:00000284       Finalization
 0001:000002B4       Windows
 0001:000002CC       Finalization
 0001:000002FC       Messages
 0001:00000614       Finalization
 0001:00000644       CommCtrl
 0001:0000067C       Finalization
 0001:000006AC       Imm
 0001:000006F4       Finalization
 0001:00000724       ShlObj
 0001:0000072C       Finalization
 0001:0000075C       UrlMon
 0001:00000764       Finalization
 0001:00000794       WinInet
 0001:0000079C       Finalization
 0001:000007CC       RegStr
 0001:000007D4       Finalization
 0001:00000804       ShellAPI
 0001:0000081C       Finalization
 0001:0000084C       WinSpool
 0001:00000864       Finalization
 0001:00000894       CommDlg
 0001:0000089C       Finalization
 0001:000008CC       Dlgs
 0001:00000D64       Finalization
 0001:00000D94       RichEdit
 0001:00001D34       TQRDBChart.Create
 0001:00001DAC       TQRDBChart.GetRectangle
 0001:00001E2C       TQRDBChart.Paint
 0001:00001F20       TQRDBChart.Invalidate
 0001:00001F30       TQRChart.Create
 0001:00002060       TQRChart.ReadState
 0001:00002090       TQRChart.SetPrintMethod
 0001:000020A8       TQRChart.Print
 0001:000022B4       TQRChart.Paint
 0001:000022DC       TQRChart.GetChart
 0001:000022FC       Finalization
 0001:0000232C       QRTEE
 0001:00002650       @GetPackageInfoTable
 0001:00002658       @PackageLoad
 0001:00002664       @PackageUnload
 0001:00002670       teeqr
 0002:00000000       Module
 0002:00000018       TlsProc
 0002:00001000       ModuleIsLib
 0002:00001001       ModuleIsPackage
 0002:00001004       TlsIndex
 0002:0000100C       HInstance
 0002:00001010       .1
 0002:00001014       tlsBuffer
 0002:00001018       .3
 0002:0000101C       .1
 0002:00001020       .1
 0002:00001024       .1
 0002:00001028       .1
 0002:0000102C       .1
 0002:00001030       .1
 0002:00001034       .1
 0002:00001038       .1
 0002:0000103C       .3
 0002:00001040       .1
 0002:00001044       .1
 0002:00001048       .1
 0002:0000104C       .3


Bound resource files

teeqr.res
C:\TEMP\dtf2B3F.tmp


Program entry point at 0001:00002670
