
 Start         Length     Name                   Class
 0001:00000000 000198D8H .text                   CODE
 0002:00000000 00001DECH .data                   DATA
 0002:00001DEC 00000051H .bss                    BSS


Detailed map of segments

 0001:00000000 000000FE C=CODE     S=.text    G=(none)   M=System   ACBP=A9
 0001:00000100 000001EC C=CODE     S=.text    G=(none)   M=SysInit  ACBP=A9
 0001:000002EC 00000038 C=CODE     S=.text    G=(none)   M=Windows  ACBP=A9
 0001:00000324 0000000E C=CODE     S=.text    G=(none)   M=Types    ACBP=A9
 0001:00000334 0000000E C=CODE     S=.text    G=(none)   M=ActiveX  ACBP=A9
 0001:00000344 00000038 C=CODE     S=.text    G=(none)   M=Messages ACBP=A9
 0001:0000037C 00000066 C=CODE     S=.text    G=(none)   M=Classes  ACBP=A9
 0001:000003E4 0000000E C=CODE     S=.text    G=(none)   M=TypInfo  ACBP=A9
 0001:000003F4 0000000E C=CODE     S=.text    G=(none)   M=SysUtils ACBP=A9
 0001:00000404 0000000E C=CODE     S=.text    G=(none)   M=SysConst ACBP=A9
 0001:00000414 0000000E C=CODE     S=.text    G=(none)   M=Variants ACBP=A9
 0001:00000424 0000000E C=CODE     S=.text    G=(none)   M=VarUtils ACBP=A9
 0001:00000434 0000000E C=CODE     S=.text    G=(none)   M=RTLConsts ACBP=A9
 0001:00000444 0000000E C=CODE     S=.text    G=(none)   M=Graphics ACBP=A9
 0001:00000454 0000000E C=CODE     S=.text    G=(none)   M=Consts   ACBP=A9
 0001:00000464 0000004E C=CODE     S=.text    G=(none)   M=OleServer ACBP=A9
 0001:000004B4 0000001E C=CODE     S=.text    G=(none)   M=ComObj   ACBP=A9
 0001:000004D4 0000000E C=CODE     S=.text    G=(none)   M=ComConst ACBP=A9
 0001:000004E4 00000186 C=CODE     S=.text    G=(none)   M=Controls ACBP=A9
 0001:0000066C 0000000E C=CODE     S=.text    G=(none)   M=ActnList ACBP=A9
 0001:0000067C 0000000E C=CODE     S=.text    G=(none)   M=Contnrs  ACBP=A9
 0001:0000068C 0000000E C=CODE     S=.text    G=(none)   M=Math     ACBP=A9
 0001:0000069C 0000000E C=CODE     S=.text    G=(none)   M=ImgList  ACBP=A9
 0001:000006AC 00000038 C=CODE     S=.text    G=(none)   M=CommCtrl ACBP=A9
 0001:000006E4 0000000E C=CODE     S=.text    G=(none)   M=Forms    ACBP=A9
 0001:000006F4 0000000E C=CODE     S=.text    G=(none)   M=HelpIntfs ACBP=A9
 0001:00000704 0000000E C=CODE     S=.text    G=(none)   M=MultiMon ACBP=A9
 0001:00000714 00000038 C=CODE     S=.text    G=(none)   M=Imm      ACBP=A9
 0001:0000074C 0000000E C=CODE     S=.text    G=(none)   M=Menus    ACBP=A9
 0001:0000075C 0000000E C=CODE     S=.text    G=(none)   M=WinHelpViewer ACBP=A9
 0001:0000076C 0000000E C=CODE     S=.text    G=(none)   M=StdActns ACBP=A9
 0001:0000077C 0000000E C=CODE     S=.text    G=(none)   M=Dialogs  ACBP=A9
 0001:0000078C 00000038 C=CODE     S=.text    G=(none)   M=ShlObj   ACBP=A9
 0001:000007C4 00000038 C=CODE     S=.text    G=(none)   M=UrlMon   ACBP=A9
 0001:000007FC 00000038 C=CODE     S=.text    G=(none)   M=WinInet  ACBP=A9
 0001:00000834 00000038 C=CODE     S=.text    G=(none)   M=RegStr   ACBP=A9
 0001:0000086C 00000038 C=CODE     S=.text    G=(none)   M=ShellAPI ACBP=A9
 0001:000008A4 0000000E C=CODE     S=.text    G=(none)   M=Printers ACBP=A9
 0001:000008B4 00000038 C=CODE     S=.text    G=(none)   M=WinSpool ACBP=A9
 0001:000008EC 0000000E C=CODE     S=.text    G=(none)   M=StdCtrls ACBP=A9
 0001:000008FC 00000038 C=CODE     S=.text    G=(none)   M=CommDlg  ACBP=A9
 0001:00000934 00000038 C=CODE     S=.text    G=(none)   M=Dlgs     ACBP=A9
 0001:0000096C 0000000E C=CODE     S=.text    G=(none)   M=ExtCtrls ACBP=A9
 0001:0000097C 0000000E C=CODE     S=.text    G=(none)   M=StrUtils ACBP=A9
 0001:0000098C 0000000E C=CODE     S=.text    G=(none)   M=Clipbrd  ACBP=A9
 0001:0000099C 0000000E C=CODE     S=.text    G=(none)   M=FlatSB   ACBP=A9
 0001:000009AC 0000000E C=CODE     S=.text    G=(none)   M=OleConst ACBP=A9
 0001:000009BC 000000CE C=CODE     S=.text    G=(none)   M=OleCtrls ACBP=A9
 0001:00000A8C 0000000E C=CODE     S=.text    G=(none)   M=AxCtrls  ACBP=A9
 0001:00000A9C 0000000E C=CODE     S=.text    G=(none)   M=StdVCL   ACBP=A9
 0001:00000AAC 000081C4 C=CODE     S=.text    G=(none)   M=SHDocVw  ACBP=A9
 0001:00008C70 00010A90 C=CODE     S=.text    G=(none)   M=MSHTML   ACBP=A9
 0001:00019700 000001D5 C=CODE     S=.text    G=(none)   M=vclie    ACBP=A9
 0002:00000000 00000028 C=DATA     S=.data    G=DGROUP   M=SysInit  ACBP=A9
 0002:00000028 000003B4 C=DATA     S=.data    G=DGROUP   M=SHDocVw  ACBP=A9
 0002:000003DC 00001A0C C=DATA     S=.data    G=DGROUP   M=MSHTML   ACBP=A9
 0002:00002000 00000018 C=BSS      S=.bss     G=DGROUP   M=SysInit  ACBP=A9
 0002:00002018 00000004 C=BSS      S=.bss     G=DGROUP   M=Windows  ACBP=A9
 0002:0000201C 00000004 C=BSS      S=.bss     G=DGROUP   M=Messages ACBP=A9
 0002:00002020 00000004 C=BSS      S=.bss     G=DGROUP   M=CommCtrl ACBP=A9
 0002:00002024 00000004 C=BSS      S=.bss     G=DGROUP   M=Imm      ACBP=A9
 0002:00002028 00000004 C=BSS      S=.bss     G=DGROUP   M=ShlObj   ACBP=A9
 0002:0000202C 00000004 C=BSS      S=.bss     G=DGROUP   M=UrlMon   ACBP=A9
 0002:00002030 00000004 C=BSS      S=.bss     G=DGROUP   M=WinInet  ACBP=A9
 0002:00002034 00000004 C=BSS      S=.bss     G=DGROUP   M=RegStr   ACBP=A9
 0002:00002038 00000004 C=BSS      S=.bss     G=DGROUP   M=ShellAPI ACBP=A9
 0002:0000203C 00000004 C=BSS      S=.bss     G=DGROUP   M=WinSpool ACBP=A9
 0002:00002040 00000004 C=BSS      S=.bss     G=DGROUP   M=CommDlg  ACBP=A9
 0002:00002044 00000004 C=BSS      S=.bss     G=DGROUP   M=Dlgs     ACBP=A9
 0002:00002048 00000004 C=BSS      S=.bss     G=DGROUP   M=SHDocVw  ACBP=A9
 0002:0000204C 00000004 C=BSS      S=.bss     G=DGROUP   M=MSHTML   ACBP=A9


  Address         Publics by Name

 0002:00002030       .1
 0002:00002034       .1
 0002:0000201C       .1
 0002:00002024       .1
 0002:00002038       .1
 0002:00002010       .1
 0002:00002040       .1
 0002:00002028       .1
 0002:00002020       .1
 0002:0000202C       .1
 0002:00002044       .1
 0002:0000204C       .111
 0002:00002018       .3
 0002:0000203C       .3
 0002:00002048       .41
 0001:000198B0       @GetPackageInfoTable
 0001:00000238       @InitPkg
 0001:000198B8       @PackageLoad
 0001:0000029C       @PackageLoad
 0001:000002A8       @PackageUnload
 0001:000198C4       @PackageUnload
 0001:00000138       AllocTlsBuffer
 0002:00000298       CControlData
 0002:000001FC       CControlData
 0002:00001D94       CControlData
 0002:00001D8C       CEventDispIDs
 0002:000001B8       CEventDispIDs
 0002:00000250       CEventDispIDs
 0002:0000137C       CLASS_CEventObj
 0002:000012EC       CLASS_CMimeTypes
 0002:0000130C       CLASS_COpsProfile
 0002:000012FC       CLASS_CPlugins
 0002:00000158       CLASS_CScriptErrorList
 0002:0000061C       CLASS_DOMChildrenCollection
 0002:0000077C       CLASS_HTCAttachBehavior
 0002:000006FC       CLASS_HTCDefaultDispatch
 0002:0000079C       CLASS_HTCDescBehavior
 0002:0000075C       CLASS_HTCEventBehavior
 0002:0000073C       CLASS_HTCMethodBehavior
 0002:0000071C       CLASS_HTCPropertyBehavior
 0002:00000B2C       CLASS_HTMLAnchorElement
 0002:00001CBC       CLASS_HTMLAppBehavior
 0002:0000161C       CLASS_HTMLAreaElement
 0002:000015AC       CLASS_HTMLAreasCollection
 0002:000005FC       CLASS_HTMLAttributeCollection
 0002:000011CC       CLASS_HTMLBaseElement
 0002:0000123C       CLASS_HTMLBaseFontElement
 0002:00001ADC       CLASS_HTMLBGsound
 0002:00000C6C       CLASS_HTMLBlockElement
 0002:00000AAC       CLASS_HTMLBody
 0002:00000D2C       CLASS_HTMLBRElement
 0002:0000108C       CLASS_HTMLButtonElement
 0002:0000167C       CLASS_HTMLCommentElement
 0002:0000051C       CLASS_HTMLCurrentStyle
 0002:00000CCC       CLASS_HTMLDDElement
 0002:00001C8C       CLASS_HTMLDialog
 0002:00000C9C       CLASS_HTMLDivElement
 0002:000019FC       CLASS_HTMLDivPosition
 0002:00000D5C       CLASS_HTMLDListElement
 0002:0000149C       CLASS_HTMLDocument
 0002:000014CC       CLASS_HTMLDocumentFragment
 0002:0000059C       CLASS_HTMLDOMAttribute
 0002:000005BC       CLASS_HTMLDOMTextNode
 0002:00000CFC       CLASS_HTMLDTElement
 0002:00000DEC       CLASS_HTMLElementCollection
 0002:0000153C       CLASS_HTMLEmbed
 0002:00001A1C       CLASS_HTMLFieldSetElement
 0002:0000052C       CLASS_HTMLFiltersCollection
 0002:00000ADC       CLASS_HTMLFontElement
 0002:0000095C       CLASS_HTMLFormElement
 0002:0000193C       CLASS_HTMLFrameBase
 0002:0000196C       CLASS_HTMLFrameElement
 0002:00001AAC       CLASS_HTMLFrameSetSite
 0002:000007EC       CLASS_HTMLGenericElement
 0002:0000116C       CLASS_HTMLHeadElement
 0002:00000E1C       CLASS_HTMLHeaderElement
 0002:000012DC       CLASS_HTMLHistory
 0002:00000D8C       CLASS_HTMLHRElement
 0002:0000114C       CLASS_HTMLHtmlElement
 0002:000019AC       CLASS_HTMLIFrame
 0002:00000A6C       CLASS_HTMLImageElementFactory
 0002:00000A5C       CLASS_HTMLImg
 0002:00001CFC       CLASS_HTMLInputButtonElement
 0002:0000100C       CLASS_HTMLInputElement
 0002:00001D3C       CLASS_HTMLInputFileElement
 0002:00001D7C       CLASS_htmlInputImage
 0002:00001D1C       CLASS_HTMLInputTextElement
 0002:000011EC       CLASS_HTMLIsIndexElement
 0002:00000B7C       CLASS_HTMLLabelElement
 0002:00001A3C       CLASS_HTMLLegendElement
 0002:00000C3C       CLASS_HTMLLIElement
 0002:000008CC       CLASS_HTMLLinkElement
 0002:00000BAC       CLASS_HTMLListElement
 0002:0000132C       CLASS_HTMLLocation
 0002:000015CC       CLASS_HTMLMapElement
 0002:000010DC       CLASS_HTMLMarqueeElement
 0002:000011AC       CLASS_HTMLMetaElement
 0002:0000131C       CLASS_HTMLNavigator
 0002:0000120C       CLASS_HTMLNextIdElement
 0002:000018AC       CLASS_HTMLNoShowElement
 0002:0000190C       CLASS_HTMLObjectElement
 0002:00000C0C       CLASS_HTMLOListElement
 0002:00001D5C       CLASS_HTMLOptionButtonElement
 0002:00000ECC       CLASS_HTMLOptionElement
 0002:00000EDC       CLASS_HTMLOptionElementFactory
 0002:00000DBC       CLASS_HTMLParaElement
 0002:000016BC       CLASS_HTMLPhraseElement
 0002:0000105C       CLASS_HTMLRichtextElement
 0002:000004EC       CLASS_HTMLRuleStyle
 0002:0000140C       CLASS_HTMLScreen
 0002:0000187C       CLASS_HTMLScriptElement
 0002:00000E7C       CLASS_HTMLSelectElement
 0002:000016DC       CLASS_HTMLSpanElement
 0002:00001A6C       CLASS_HTMLSpanFlow
 0002:000004CC       CLASS_HTMLStyle
 0002:00001B5C       CLASS_HTMLStyleElement
 0002:00001B7C       CLASS_HTMLStyleFontFace
 0002:0000085C       CLASS_HTMLStyleSheet
 0002:0000081C       CLASS_HTMLStyleSheetRule
 0002:0000082C       CLASS_HTMLStyleSheetRulesCollection
 0002:0000086C       CLASS_HTMLStyleSheetsCollection
 0002:000017AC       CLASS_HTMLTable
 0002:0000164C       CLASS_HTMLTableCaption
 0002:0000182C       CLASS_HTMLTableCell
 0002:000017CC       CLASS_HTMLTableCol
 0002:0000180C       CLASS_HTMLTableRow
 0002:000017EC       CLASS_HTMLTableSection
 0002:0000103C       CLASS_HTMLTextAreaElement
 0002:000009BC       CLASS_HTMLTextElement
 0002:0000118C       CLASS_HTMLTitleElement
 0002:00000BDC       CLASS_HTMLUListElement
 0002:0000126C       CLASS_HTMLUnknownElement
 0002:000007BC       CLASS_HTMLUrnCollection
 0002:0000142C       CLASS_HTMLWindow2
 0002:0000144C       CLASS_HTMLWindowProxy
 0002:000000A8       CLASS_InternetExplorer
 0002:00001CCC       CLASS_OldHTMLDocument
 0002:00001CDC       CLASS_OldHTMLFormElement
 0002:0000150C       CLASS_Scriptlet
 0002:000001A8       CLASS_SearchAssistantOC
 0002:000000B8       CLASS_ShellBrowserWindow
 0002:00000138       CLASS_ShellFavoritesNameSpace
 0002:00000108       CLASS_ShellUIHelper
 0002:000000E8       CLASS_ShellWindows
 0002:00001C7C       CLASS_ThreadDialogProcParam
 0002:00000098       CLASS_WebBrowser
 0002:00000088       CLASS_WebBrowser_V1
 0001:00016EF0       CoCEventObj.Create
 0001:00016F54       CoCEventObj.CreateRemote
 0001:00016A7C       CoCMimeTypes.Create
 0001:00016AE0       CoCMimeTypes.CreateRemote
 0001:00016C44       CoCOpsProfile.Create
 0001:00016CA8       CoCOpsProfile.CreateRemote
 0001:00016B60       CoCPlugins.Create
 0001:00016BC4       CoCPlugins.CreateRemote
 0001:00008A70       CoCScriptErrorList.Create
 0001:00008AD4       CoCScriptErrorList.CreateRemote
 0001:00013A64       CoDOMChildrenCollection.Create
 0001:00013AC8       CoDOMChildrenCollection.CreateRemote
 0001:00013ED8       CoHTCAttachBehavior.Create
 0001:00013F3C       CoHTCAttachBehavior.CreateRemote
 0001:00013B48       CoHTCDefaultDispatch.Create
 0001:00013BAC       CoHTCDefaultDispatch.CreateRemote
 0001:00013FBC       CoHTCDescBehavior.Create
 0001:00014020       CoHTCDescBehavior.CreateRemote
 0001:00013DF4       CoHTCEventBehavior.Create
 0001:00013E58       CoHTCEventBehavior.CreateRemote
 0001:00013D10       CoHTCMethodBehavior.Create
 0001:00013D74       CoHTCMethodBehavior.CreateRemote
 0001:00013C2C       CoHTCPropertyBehavior.Create
 0001:00013C90       CoHTCPropertyBehavior.CreateRemote
 0001:00014C34       CoHTMLAnchorElement.Create
 0001:00014C98       CoHTMLAnchorElement.CreateRemote
 0001:00018FA8       CoHTMLAppBehavior.Create
 0001:0001900C       CoHTMLAppBehavior.CreateRemote
 0001:00017880       CoHTMLAreaElement.Create
 0001:000178E4       CoHTMLAreaElement.CreateRemote
 0001:000176B8       CoHTMLAreasCollection.Create
 0001:0001771C       CoHTMLAreasCollection.CreateRemote
 0001:00013980       CoHTMLAttributeCollection.Create
 0001:000139E4       CoHTMLAttributeCollection.CreateRemote
 0001:00016524       CoHTMLBaseElement.Create
 0001:00016588       CoHTMLBaseElement.CreateRemote
 0001:000167D0       CoHTMLBaseFontElement.Create
 0001:00016834       CoHTMLBaseFontElement.CreateRemote
 0001:00018B34       CoHTMLBGsound.Create
 0001:00018B98       CoHTMLBGsound.CreateRemote
 0001:0001518C       CoHTMLBlockElement.Create
 0001:000151F0       CoHTMLBlockElement.CreateRemote
 0001:00014A6C       CoHTMLBody.Create
 0001:00014AD0       CoHTMLBody.CreateRemote
 0001:0001551C       CoHTMLBRElement.Create
 0001:00015580       CoHTMLBRElement.CreateRemote
 0001:00015FCC       CoHTMLButtonElement.Create
 0001:00016030       CoHTMLButtonElement.CreateRemote
 0001:00017A48       CoHTMLCommentElement.Create
 0001:00017AAC       CoHTMLCommentElement.CreateRemote
 0001:000135F0       CoHTMLCurrentStyle.Create
 0001:00013654       CoHTMLCurrentStyle.CreateRemote
 0001:00015354       CoHTMLDDElement.Create
 0001:000153B8       CoHTMLDDElement.CreateRemote
 0001:00018EC4       CoHTMLDialog.Create
 0001:00018F28       CoHTMLDialog.CreateRemote
 0001:00015270       CoHTMLDivElement.Create
 0001:000152D4       CoHTMLDivElement.CreateRemote
 0001:000186C0       CoHTMLDivPosition.Create
 0001:00018724       CoHTMLDivPosition.CreateRemote
 0001:00015600       CoHTMLDListElement.Create
 0001:00015664       CoHTMLDListElement.CreateRemote
 0001:00017280       CoHTMLDocument.Create
 0001:000172E4       CoHTMLDocument.CreateRemote
 0001:00017364       CoHTMLDocumentFragment.Create
 0001:000173C8       CoHTMLDocumentFragment.CreateRemote
 0001:000137B8       CoHTMLDOMAttribute.Create
 0001:0001381C       CoHTMLDOMAttribute.CreateRemote
 0001:0001389C       CoHTMLDOMTextNode.Create
 0001:00013900       CoHTMLDOMTextNode.CreateRemote
 0001:00015438       CoHTMLDTElement.Create
 0001:0001549C       CoHTMLDTElement.CreateRemote
 0001:000158AC       CoHTMLElementCollection.Create
 0001:00015910       CoHTMLElementCollection.CreateRemote
 0001:000175D4       CoHTMLEmbed.Create
 0001:00017638       CoHTMLEmbed.CreateRemote
 0001:000187A4       CoHTMLFieldSetElement.Create
 0001:00018808       CoHTMLFieldSetElement.CreateRemote
 0001:000136D4       CoHTMLFiltersCollection.Create
 0001:00013738       CoHTMLFiltersCollection.CreateRemote
 0001:00014B50       CoHTMLFontElement.Create
 0001:00014BB4       CoHTMLFontElement.CreateRemote
 0001:000146DC       CoHTMLFormElement.Create
 0001:00014740       CoHTMLFormElement.CreateRemote
 0001:00018414       CoHTMLFrameBase.Create
 0001:00018478       CoHTMLFrameBase.CreateRemote
 0001:000184F8       CoHTMLFrameElement.Create
 0001:0001855C       CoHTMLFrameElement.CreateRemote
 0001:00018A50       CoHTMLFrameSetSite.Create
 0001:00018AB4       CoHTMLFrameSetSite.CreateRemote
 0001:00014184       CoHTMLGenericElement.Create
 0001:000141E8       CoHTMLGenericElement.CreateRemote
 0001:00016278       CoHTMLHeadElement.Create
 0001:000162DC       CoHTMLHeadElement.CreateRemote
 0001:00015990       CoHTMLHeaderElement.Create
 0001:000159F4       CoHTMLHeaderElement.CreateRemote
 0001:00016998       CoHTMLHistory.Create
 0001:000169FC       CoHTMLHistory.CreateRemote
 0001:000156E4       CoHTMLHRElement.Create
 0001:00015748       CoHTMLHRElement.CreateRemote
 0001:00016194       CoHTMLHtmlElement.Create
 0001:000161F8       CoHTMLHtmlElement.CreateRemote
 0001:000185DC       CoHTMLIFrame.Create
 0001:00018640       CoHTMLIFrame.CreateRemote
 0001:00014988       CoHTMLImageElementFactory.Create
 0001:000149EC       CoHTMLImageElementFactory.CreateRemote
 0001:000148A4       CoHTMLImg.Create
 0001:00014908       CoHTMLImg.CreateRemote
 0001:00019254       CoHTMLInputButtonElement.Create
 0001:000192B8       CoHTMLInputButtonElement.CreateRemote
 0001:00015D20       CoHTMLInputElement.Create
 0001:00015D84       CoHTMLInputElement.CreateRemote
 0001:0001941C       CoHTMLInputFileElement.Create
 0001:00019480       CoHTMLInputFileElement.CreateRemote
 0001:000195E4       CohtmlInputImage.Create
 0001:00019648       CohtmlInputImage.CreateRemote
 0001:00019338       CoHTMLInputTextElement.Create
 0001:0001939C       CoHTMLInputTextElement.CreateRemote
 0001:00016608       CoHTMLIsIndexElement.Create
 0001:0001666C       CoHTMLIsIndexElement.CreateRemote
 0001:00014D18       CoHTMLLabelElement.Create
 0001:00014D7C       CoHTMLLabelElement.CreateRemote
 0001:00018888       CoHTMLLegendElement.Create
 0001:000188EC       CoHTMLLegendElement.CreateRemote
 0001:000150A8       CoHTMLLIElement.Create
 0001:0001510C       CoHTMLLIElement.CreateRemote
 0001:000145F8       CoHTMLLinkElement.Create
 0001:0001465C       CoHTMLLinkElement.CreateRemote
 0001:00014DFC       CoHTMLListElement.Create
 0001:00014E60       CoHTMLListElement.CreateRemote
 0001:00016E0C       CoHTMLLocation.Create
 0001:00016E70       CoHTMLLocation.CreateRemote
 0001:0001779C       CoHTMLMapElement.Create
 0001:00017800       CoHTMLMapElement.CreateRemote
 0001:000160B0       CoHTMLMarqueeElement.Create
 0001:00016114       CoHTMLMarqueeElement.CreateRemote
 0001:00016440       CoHTMLMetaElement.Create
 0001:000164A4       CoHTMLMetaElement.CreateRemote
 0001:00016D28       CoHTMLNavigator.Create
 0001:00016D8C       CoHTMLNavigator.CreateRemote
 0001:000166EC       CoHTMLNextIdElement.Create
 0001:00016750       CoHTMLNextIdElement.CreateRemote
 0001:0001824C       CoHTMLNoShowElement.Create
 0001:000182B0       CoHTMLNoShowElement.CreateRemote
 0001:00018330       CoHTMLObjectElement.Create
 0001:00018394       CoHTMLObjectElement.CreateRemote
 0001:00014FC4       CoHTMLOListElement.Create
 0001:00015028       CoHTMLOListElement.CreateRemote
 0001:00019500       CoHTMLOptionButtonElement.Create
 0001:00019564       CoHTMLOptionButtonElement.CreateRemote
 0001:00015B58       CoHTMLOptionElement.Create
 0001:00015BBC       CoHTMLOptionElement.CreateRemote
 0001:00015C3C       CoHTMLOptionElementFactory.Create
 0001:00015CA0       CoHTMLOptionElementFactory.CreateRemote
 0001:000157C8       CoHTMLParaElement.Create
 0001:0001582C       CoHTMLParaElement.CreateRemote
 0001:00017B2C       CoHTMLPhraseElement.Create
 0001:00017B90       CoHTMLPhraseElement.CreateRemote
 0001:00015EE8       CoHTMLRichtextElement.Create
 0001:00015F4C       CoHTMLRichtextElement.CreateRemote
 0001:0001350C       CoHTMLRuleStyle.Create
 0001:00013570       CoHTMLRuleStyle.CreateRemote
 0001:00016FD4       CoHTMLScreen.Create
 0001:00017038       CoHTMLScreen.CreateRemote
 0001:00018168       CoHTMLScriptElement.Create
 0001:000181CC       CoHTMLScriptElement.CreateRemote
 0001:00015A74       CoHTMLSelectElement.Create
 0001:00015AD8       CoHTMLSelectElement.CreateRemote
 0001:00017C10       CoHTMLSpanElement.Create
 0001:00017C74       CoHTMLSpanElement.CreateRemote
 0001:0001896C       CoHTMLSpanFlow.Create
 0001:000189D0       CoHTMLSpanFlow.CreateRemote
 0001:00013428       CoHTMLStyle.Create
 0001:0001348C       CoHTMLStyle.CreateRemote
 0001:00018C18       CoHTMLStyleElement.Create
 0001:00018C7C       CoHTMLStyleElement.CreateRemote
 0001:00018CFC       CoHTMLStyleFontFace.Create
 0001:00018D60       CoHTMLStyleFontFace.CreateRemote
 0001:00014430       CoHTMLStyleSheet.Create
 0001:00014494       CoHTMLStyleSheet.CreateRemote
 0001:00014268       CoHTMLStyleSheetRule.Create
 0001:000142CC       CoHTMLStyleSheetRule.CreateRemote
 0001:0001434C       CoHTMLStyleSheetRulesCollection.Create
 0001:000143B0       CoHTMLStyleSheetRulesCollection.CreateRemote
 0001:00014514       CoHTMLStyleSheetsCollection.Create
 0001:00014578       CoHTMLStyleSheetsCollection.CreateRemote
 0001:00017CF4       CoHTMLTable.Create
 0001:00017D58       CoHTMLTable.CreateRemote
 0001:00017964       CoHTMLTableCaption.Create
 0001:000179C8       CoHTMLTableCaption.CreateRemote
 0001:00018084       CoHTMLTableCell.Create
 0001:000180E8       CoHTMLTableCell.CreateRemote
 0001:00017DD8       CoHTMLTableCol.Create
 0001:00017E3C       CoHTMLTableCol.CreateRemote
 0001:00017FA0       CoHTMLTableRow.Create
 0001:00018004       CoHTMLTableRow.CreateRemote
 0001:00017EBC       CoHTMLTableSection.Create
 0001:00017F20       CoHTMLTableSection.CreateRemote
 0001:00015E04       CoHTMLTextAreaElement.Create
 0001:00015E68       CoHTMLTextAreaElement.CreateRemote
 0001:000147C0       CoHTMLTextElement.Create
 0001:00014824       CoHTMLTextElement.CreateRemote
 0001:0001635C       CoHTMLTitleElement.Create
 0001:000163C0       CoHTMLTitleElement.CreateRemote
 0001:00014EE0       CoHTMLUListElement.Create
 0001:00014F44       CoHTMLUListElement.CreateRemote
 0001:000168B4       CoHTMLUnknownElement.Create
 0001:00016918       CoHTMLUnknownElement.CreateRemote
 0001:000140A0       CoHTMLUrnCollection.Create
 0001:00014104       CoHTMLUrnCollection.CreateRemote
 0001:000170B8       CoHTMLWindow2.Create
 0001:0001711C       CoHTMLWindow2.CreateRemote
 0001:0001719C       CoHTMLWindowProxy.Create
 0001:00017200       CoHTMLWindowProxy.CreateRemote
 0001:00004E80       CoInternetExplorer.Create
 0001:00004EE4       CoInternetExplorer.CreateRemote
 0001:000006DC       CommCtrl
 0001:0000092C       CommDlg
 0001:0001908C       CoOldHTMLDocument.Create
 0001:000190F0       CoOldHTMLDocument.CreateRemote
 0001:00019170       CoOldHTMLFormElement.Create
 0001:000191D4       CoOldHTMLFormElement.CreateRemote
 0001:00008B54       CoSearchAssistantOC.Create
 0001:00008BB8       CoSearchAssistantOC.CreateRemote
 0001:00007110       CoShellBrowserWindow.Create
 0001:00007174       CoShellBrowserWindow.CreateRemote
 0001:00008364       CoShellFavoritesNameSpace.Create
 0001:000083C8       CoShellFavoritesNameSpace.CreateRemote
 0001:00007954       CoShellUIHelper.Create
 0001:000079B8       CoShellUIHelper.CreateRemote
 0001:000071F4       CoShellWindows.Create
 0001:00007258       CoShellWindows.CreateRemote
 0001:00018DE0       CoThreadDialogProcParam.Create
 0001:00018E44       CoThreadDialogProcParam.CreateRemote
 0002:000002EC       CServerData
 0002:000003A0       CServerData
 0002:00000328       CServerData
 0002:00000364       CServerData
 0002:0000136C       DIID_DispCEventObj
 0002:0000060C       DIID_DispDOMChildrenCollection
 0002:0000076C       DIID_DispHTCAttachBehavior
 0002:000006EC       DIID_DispHTCDefaultDispatch
 0002:0000078C       DIID_DispHTCDescBehavior
 0002:0000074C       DIID_DispHTCEventBehavior
 0002:0000072C       DIID_DispHTCMethodBehavior
 0002:0000070C       DIID_DispHTCPropertyBehavior
 0002:00000B1C       DIID_DispHTMLAnchorElement
 0002:00001CAC       DIID_DispHTMLAppBehavior
 0002:0000160C       DIID_DispHTMLAreaElement
 0002:0000159C       DIID_DispHTMLAreasCollection
 0002:000005EC       DIID_DispHTMLAttributeCollection
 0002:000011BC       DIID_DispHTMLBaseElement
 0002:0000122C       DIID_DispHTMLBaseFontElement
 0002:00001ACC       DIID_DispHTMLBGsound
 0002:00000C5C       DIID_DispHTMLBlockElement
 0002:00000A9C       DIID_DispHTMLBody
 0002:00000D1C       DIID_DispHTMLBRElement
 0002:0000107C       DIID_DispHTMLButtonElement
 0002:0000166C       DIID_DispHTMLCommentElement
 0002:0000050C       DIID_DispHTMLCurrentStyle
 0002:00000CBC       DIID_DispHTMLDDElement
 0002:00000C8C       DIID_DispHTMLDivElement
 0002:000019EC       DIID_DispHTMLDivPosition
 0002:00000D4C       DIID_DispHTMLDListElement
 0002:0000148C       DIID_DispHTMLDocument
 0002:000014BC       DIID_DispHTMLDocumentFragment
 0002:0000058C       DIID_DispHTMLDOMAttribute
 0002:000005AC       DIID_DispHTMLDOMTextNode
 0002:00000CEC       DIID_DispHTMLDTElement
 0002:00000DDC       DIID_DispHTMLElementCollection
 0002:0000152C       DIID_DispHTMLEmbed
 0002:00001A0C       DIID_DispHTMLFieldSetElement
 0002:00000ACC       DIID_DispHTMLFontElement
 0002:0000094C       DIID_DispHTMLFormElement
 0002:0000192C       DIID_DispHTMLFrameBase
 0002:0000195C       DIID_DispHTMLFrameElement
 0002:00001A9C       DIID_DispHTMLFrameSetSite
 0002:000007DC       DIID_DispHTMLGenericElement
 0002:0000115C       DIID_DispHTMLHeadElement
 0002:00000E0C       DIID_DispHTMLHeaderElement
 0002:00000D7C       DIID_DispHTMLHRElement
 0002:0000113C       DIID_DispHTMLHtmlElement
 0002:0000199C       DIID_DispHTMLIFrame
 0002:00000A4C       DIID_DispHTMLImg
 0002:00000FFC       DIID_DispHTMLInputElement
 0002:000011DC       DIID_DispHTMLIsIndexElement
 0002:00000B6C       DIID_DispHTMLLabelElement
 0002:00001A2C       DIID_DispHTMLLegendElement
 0002:00000C2C       DIID_DispHTMLLIElement
 0002:000008BC       DIID_DispHTMLLinkElement
 0002:00000B9C       DIID_DispHTMLListElement
 0002:000015BC       DIID_DispHTMLMapElement
 0002:000010CC       DIID_DispHTMLMarqueeElement
 0002:0000119C       DIID_DispHTMLMetaElement
 0002:000011FC       DIID_DispHTMLNextIdElement
 0002:0000189C       DIID_DispHTMLNoShowElement
 0002:000018FC       DIID_DispHTMLObjectElement
 0002:00000BFC       DIID_DispHTMLOListElement
 0002:00000EBC       DIID_DispHTMLOptionElement
 0002:00000DAC       DIID_DispHTMLParaElement
 0002:000016AC       DIID_DispHTMLPhraseElement
 0002:0000104C       DIID_DispHTMLRichtextElement
 0002:000004DC       DIID_DispHTMLRuleStyle
 0002:0000186C       DIID_DispHTMLScriptElement
 0002:00000E6C       DIID_DispHTMLSelectElement
 0002:000016CC       DIID_DispHTMLSpanElement
 0002:00001A5C       DIID_DispHTMLSpanFlow
 0002:000004BC       DIID_DispHTMLStyle
 0002:00001B4C       DIID_DispHTMLStyleElement
 0002:0000179C       DIID_DispHTMLTable
 0002:0000163C       DIID_DispHTMLTableCaption
 0002:0000181C       DIID_DispHTMLTableCell
 0002:000017BC       DIID_DispHTMLTableCol
 0002:000017FC       DIID_DispHTMLTableRow
 0002:000017DC       DIID_DispHTMLTableSection
 0002:0000102C       DIID_DispHTMLTextAreaElement
 0002:000009AC       DIID_DispHTMLTextElement
 0002:0000117C       DIID_DispHTMLTitleElement
 0002:00000BCC       DIID_DispHTMLUListElement
 0002:0000125C       DIID_DispHTMLUnknownElement
 0002:0000141C       DIID_DispHTMLWindow2
 0002:0000143C       DIID_DispHTMLWindowProxy
 0002:00001CEC       DIID_DispIHTMLInputButtonElement
 0002:00001D2C       DIID_DispIHTMLInputFileElement
 0002:00001D6C       DIID_DispIHTMLInputImage
 0002:00001D0C       DIID_DispIHTMLInputTextElement
 0002:00001D4C       DIID_DispIHTMLOptionButtonElement
 0002:000000C8       DIID_DShellWindowsEvents
 0002:000014DC       DIID_DWebBridgeEvents
 0002:00000048       DIID_DWebBrowserEvents
 0002:00000078       DIID_DWebBrowserEvents2
 0002:00000AFC       DIID_HTMLAnchorEvents
 0002:00000AEC       DIID_HTMLAnchorEvents2
 0002:000015EC       DIID_HTMLAreaEvents
 0002:000015DC       DIID_HTMLAreaEvents2
 0002:00000EFC       DIID_HTMLButtonElementEvents
 0002:00000EEC       DIID_HTMLButtonElementEvents2
 0002:0000097C       DIID_HTMLControlElementEvents
 0002:0000096C       DIID_HTMLControlElementEvents2
 0002:0000146C       DIID_HTMLDocumentEvents
 0002:0000145C       DIID_HTMLDocumentEvents2
 0002:0000063C       DIID_HTMLElementEvents
 0002:0000062C       DIID_HTMLElementEvents2
 0002:0000091C       DIID_HTMLFormElementEvents
 0002:0000090C       DIID_HTMLFormElementEvents2
 0002:00000A1C       DIID_HTMLImgEvents
 0002:00000A0C       DIID_HTMLImgEvents2
 0002:00000F6C       DIID_HTMLInputFileElementEvents
 0002:00000F2C       DIID_HTMLInputFileElementEvents2
 0002:00000F7C       DIID_HTMLInputImageEvents
 0002:00000F3C       DIID_HTMLInputImageEvents2
 0002:00000F4C       DIID_HTMLInputTextElementEvents
 0002:00000F0C       DIID_HTMLInputTextElementEvents2
 0002:00000B4C       DIID_HTMLLabelEvents
 0002:00000B3C       DIID_HTMLLabelEvents2
 0002:0000088C       DIID_HTMLLinkElementEvents
 0002:0000087C       DIID_HTMLLinkElementEvents2
 0002:0000155C       DIID_HTMLMapEvents
 0002:0000154C       DIID_HTMLMapEvents2
 0002:000010AC       DIID_HTMLMarqueeElementEvents
 0002:0000109C       DIID_HTMLMarqueeElementEvents2
 0002:000018CC       DIID_HTMLObjectElementEvents
 0002:000018BC       DIID_HTMLObjectElementEvents2
 0002:00000F5C       DIID_HTMLOptionButtonElementEvents
 0002:00000F1C       DIID_HTMLOptionButtonElementEvents2
 0002:0000184C       DIID_HTMLScriptEvents
 0002:0000183C       DIID_HTMLScriptEvents2
 0002:00000E3C       DIID_HTMLSelectElementEvents
 0002:00000E2C       DIID_HTMLSelectElementEvents2
 0002:00001B2C       DIID_HTMLStyleElementEvents
 0002:00001B1C       DIID_HTMLStyleElementEvents2
 0002:000016FC       DIID_HTMLTableEvents
 0002:000016EC       DIID_HTMLTableEvents2
 0002:000009DC       DIID_HTMLTextContainerEvents
 0002:000009CC       DIID_HTMLTextContainerEvents2
 0002:0000139C       DIID_HTMLWindowEvents
 0002:0000138C       DIID_HTMLWindowEvents2
 0002:00000198       DIID__SearchAssistantEvents
 0002:00000118       DIID__ShellFavoritesNameSpaceEvents
 0001:00000964       Dlgs
 0001:00004118       DoCreate
 0001:00017464       DoCreate
 0001:00003A24       DoCreate
 0001:000001E4       ExitProcessTLS
 0001:000001BC       ExitThreadTLS
 0001:00000934       Finalization
 0001:000008FC       Finalization
 0001:000008B4       Finalization
 0001:00000834       Finalization
 0001:000007FC       Finalization
 0001:000007C4       Finalization
 0001:0000078C       Finalization
 0001:00000714       Finalization
 0001:000006AC       Finalization
 0001:00000344       Finalization
 0001:000002EC       Finalization
 0001:000002B4       Finalization
 0001:00008C38       Finalization
 0001:0000086C       Finalization
 0001:000196C8       Finalization
 0001:00000100       FreeLibrary
 0001:00000144       GetTlsSize
 0002:0000200C       HInstance
 0002:00001BBC       IID_IActiveIMMApp
 0002:00001BFC       IID_ICSSFilter
 0002:00001B8C       IID_ICSSFilterSite
 0002:0000043C       IID_IElementBehavior
 0002:0000044C       IID_IElementBehaviorFactory
 0002:0000046C       IID_IElementBehaviorRender
 0002:0000042C       IID_IElementBehaviorSite
 0002:0000045C       IID_IElementBehaviorSiteOM
 0002:0000047C       IID_IElementBehaviorSiteRender
 0002:00001BEC       IID_IEnumInputContext
 0002:00001BCC       IID_IEnumRegisterWordA
 0002:00001BDC       IID_IEnumRegisterWordW
 0002:000006CC       IID_IHTCAttachBehavior
 0002:0000068C       IID_IHTCDefaultDispatch
 0002:000006DC       IID_IHTCDescBehavior
 0002:000006BC       IID_IHTCEventBehavior
 0002:000006AC       IID_IHTCMethodBehavior
 0002:0000069C       IID_IHTCPropertyBehavior
 0002:00000B0C       IID_IHTMLAnchorElement
 0002:00001C9C       IID_IHTMLAppBehavior
 0002:000015FC       IID_IHTMLAreaElement
 0002:0000156C       IID_IHTMLAreasCollection
 0002:0000157C       IID_IHTMLAreasCollection2
 0002:000005CC       IID_IHTMLAttributeCollection
 0002:0000110C       IID_IHTMLBaseElement
 0002:0000121C       IID_IHTMLBaseFontElement
 0002:00001ABC       IID_IHTMLBGsound
 0002:00000C4C       IID_IHTMLBlockElement
 0002:00000A7C       IID_IHTMLBodyElement
 0002:00000A8C       IID_IHTMLBodyElement2
 0002:0000133C       IID_IHTMLBookmarkCollection
 0002:00000D0C       IID_IHTMLBRElement
 0002:0000106C       IID_IHTMLButtonElement
 0002:0000165C       IID_IHTMLCommentElement
 0002:0000098C       IID_IHTMLControlElement
 0002:000009FC       IID_IHTMLControlRange
 0002:000004FC       IID_IHTMLCurrentStyle
 0002:0000067C       IID_IHTMLDatabinding
 0002:0000134C       IID_IHTMLDataTransfer
 0002:00000CAC       IID_IHTMLDDElement
 0002:00001C4C       IID_IHTMLDialog
 0002:00001C5C       IID_IHTMLDialog2
 0002:00000C7C       IID_IHTMLDivElement
 0002:000019BC       IID_IHTMLDivPosition
 0002:00000D3C       IID_IHTMLDListElement
 0002:000013AC       IID_IHTMLDocument
 0002:000013BC       IID_IHTMLDocument2
 0002:0000147C       IID_IHTMLDocument3
 0002:000014AC       IID_IHTMLDocumentFragment
 0002:0000056C       IID_IHTMLDOMAttribute
 0002:000005DC       IID_IHTMLDOMChildrenCollection
 0002:0000055C       IID_IHTMLDOMNode
 0002:0000057C       IID_IHTMLDOMTextNode
 0002:00000CDC       IID_IHTMLDTElement
 0002:000003FC       IID_IHTMLElement
 0002:0000065C       IID_IHTMLElement2
 0002:0000064C       IID_IHTMLElementCollection
 0002:00000DCC       IID_IHTMLElementCollection2
 0002:0000151C       IID_IHTMLEmbedElement
 0002:000003EC       IID_IHTMLEventObj
 0002:0000135C       IID_IHTMLEventObj2
 0002:000019CC       IID_IHTMLFieldSetElement
 0002:0000041C       IID_IHTMLFiltersCollection
 0002:00000ABC       IID_IHTMLFontElement
 0002:00001AEC       IID_IHTMLFontNamesCollection
 0002:00001AFC       IID_IHTMLFontSizesCollection
 0002:0000092C       IID_IHTMLFormElement
 0002:0000093C       IID_IHTMLFormElement2
 0002:0000191C       IID_IHTMLFrameBase
 0002:0000194C       IID_IHTMLFrameElement
 0002:000013CC       IID_IHTMLFramesCollection2
 0002:00001A7C       IID_IHTMLFrameSetElement
 0002:00001A8C       IID_IHTMLFrameSetElement2
 0002:000007CC       IID_IHTMLGenericElement
 0002:00000DFC       IID_IHTMLHeaderElement
 0002:00000D6C       IID_IHTMLHRElement
 0002:0000197C       IID_IHTMLIFrameElement
 0002:0000198C       IID_IHTMLIFrameElement2
 0002:00000A3C       IID_IHTMLImageElementFactory
 0002:00000A2C       IID_IHTMLImgElement
 0002:00000F9C       IID_IHTMLInputButtonElement
 0002:00000F8C       IID_IHTMLInputElement
 0002:00000FCC       IID_IHTMLInputFileElement
 0002:00000FAC       IID_IHTMLInputHiddenElement
 0002:00000FEC       IID_IHTMLInputImage
 0002:00000FBC       IID_IHTMLInputTextElement
 0002:0000111C       IID_IHTMLIsIndexElement
 0002:00000B5C       IID_IHTMLLabelElement
 0002:000019DC       IID_IHTMLLegendElement
 0002:00000C1C       IID_IHTMLLIElement
 0002:0000089C       IID_IHTMLLinkElement
 0002:000008AC       IID_IHTMLLinkElement2
 0002:00000B8C       IID_IHTMLListElement
 0002:000012CC       IID_IHTMLLocation
 0002:0000158C       IID_IHTMLMapElement
 0002:000010BC       IID_IHTMLMarqueeElement
 0002:000010FC       IID_IHTMLMetaElement
 0002:0000128C       IID_IHTMLMimeTypesCollection
 0002:00001C6C       IID_IHTMLModelessInit
 0002:0000112C       IID_IHTMLNextIdElement
 0002:0000188C       IID_IHTMLNoShowElement
 0002:000018DC       IID_IHTMLObjectElement
 0002:000018EC       IID_IHTMLObjectElement2
 0002:00000BEC       IID_IHTMLOListElement
 0002:000012AC       IID_IHTMLOpsProfile
 0002:00000FDC       IID_IHTMLOptionButtonElement
 0002:00000E9C       IID_IHTMLOptionElement
 0002:00000EAC       IID_IHTMLOptionElementFactory
 0002:00001B0C       IID_IHTMLOptionsHolder
 0002:00000D9C       IID_IHTMLParaElement
 0002:0000168C       IID_IHTMLPhraseElement
 0002:0000129C       IID_IHTMLPluginsCollection
 0002:0000053C       IID_IHTMLRect
 0002:0000054C       IID_IHTMLRectCollection
 0002:0000049C       IID_IHTMLRuleStyle
 0002:000004AC       IID_IHTMLRuleStyle2
 0002:000013EC       IID_IHTMLScreen
 0002:0000185C       IID_IHTMLScriptElement
 0002:00000E4C       IID_IHTMLSelectElement
 0002:00000E5C       IID_IHTMLSelectElement2
 0002:00000E8C       IID_IHTMLSelectionObject
 0002:0000169C       IID_IHTMLSpanElement
 0002:00001A4C       IID_IHTMLSpanFlow
 0002:0000040C       IID_IHTMLStyle
 0002:0000048C       IID_IHTMLStyle2
 0002:00001B3C       IID_IHTMLStyleElement
 0002:00001B6C       IID_IHTMLStyleFontFace
 0002:0000084C       IID_IHTMLStyleSheet
 0002:000007FC       IID_IHTMLStyleSheetRule
 0002:0000080C       IID_IHTMLStyleSheetRulesCollection
 0002:0000083C       IID_IHTMLStyleSheetsCollection
 0002:0000171C       IID_IHTMLTable
 0002:0000172C       IID_IHTMLTable2
 0002:0000162C       IID_IHTMLTableCaption
 0002:0000178C       IID_IHTMLTableCell
 0002:0000173C       IID_IHTMLTableCol
 0002:0000175C       IID_IHTMLTableRow
 0002:0000176C       IID_IHTMLTableRow2
 0002:0000177C       IID_IHTMLTableRowMetrics
 0002:0000170C       IID_IHTMLTableSection
 0002:0000174C       IID_IHTMLTableSection2
 0002:0000101C       IID_IHTMLTextAreaElement
 0002:000009EC       IID_IHTMLTextContainer
 0002:0000099C       IID_IHTMLTextElement
 0002:000008EC       IID_IHTMLTextRangeMetrics
 0002:000008FC       IID_IHTMLTextRangeMetrics2
 0002:000010EC       IID_IHTMLTitleElement
 0002:000008DC       IID_IHTMLTxtRange
 0002:00000BBC       IID_IHTMLUListElement
 0002:0000066C       IID_IHTMLUniqueName
 0002:0000124C       IID_IHTMLUnknownElement
 0002:000007AC       IID_IHTMLUrnCollection
 0002:000013DC       IID_IHTMLWindow2
 0002:000013FC       IID_IHTMLWindow3
 0002:00001BAC       IID_IMarkupContainer
 0002:00001B9C       IID_IMarkupPointer
 0002:00001C1C       IID_IMarkupServices
 0002:00001C2C       IID_IMarkupTextFrags
 0002:0000127C       IID_IOmHistory
 0002:000012BC       IID_IOmNavigator
 0002:00000148       IID_IScriptErrorList
 0002:00000168       IID_ISearch
 0002:00000188       IID_ISearchAssistantOC
 0002:00000178       IID_ISearches
 0002:00001C0C       IID_ISecureUrlHost
 0002:00000128       IID_IShellFavoritesNameSpace
 0002:000000F8       IID_IShellUIHelper
 0002:000000D8       IID_IShellWindows
 0002:000014FC       IID_IWBScriptControl
 0002:000014EC       IID_IWebBridge
 0002:00000038       IID_IWebBrowser
 0002:00000068       IID_IWebBrowser2
 0002:00000058       IID_IWebBrowserApp
 0002:00001C3C       IID_IXMLGenericParse
 0001:00000744       Imm
 0001:00000208       InitializeModule
 0001:00000190       InitProcessTLS
 0001:0000014C       InitThreadTLS
 0002:000003DC       LIBID_MSHTML
 0002:00000028       LIBID_SHDocVw
 0001:00000108       LocalAlloc
 0001:00000110       LocalFree
 0001:00000374       Messages
 0002:00000000       Module
 0002:00002000       ModuleIsLib
 0002:00002001       ModuleIsPackage
 0001:000196F8       MSHTML
 0001:00000864       RegStr
 0001:00008C68       SHDocVw
 0001:0000089C       ShellAPI
 0001:000007BC       ShlObj
 0001:000002E4       SysInit
 0001:00006AD4       TInternetExplorer.ClientToWindow
 0001:00004F70       TInternetExplorer.Connect
 0001:00004FE8       TInternetExplorer.ConnectTo
 0001:0000509C       TInternetExplorer.Create
 0001:000050D4       TInternetExplorer.Destroy
 0001:0000504C       TInternetExplorer.Disconnect
 0001:00006F14       TInternetExplorer.ExecWB
 0001:00006F7C       TInternetExplorer.ExecWB
 0001:00006EAC       TInternetExplorer.ExecWB
 0001:00005074       TInternetExplorer.GetDefaultInterface
 0001:00006BB8       TInternetExplorer.GetProperty
 0001:00006464       TInternetExplorer.Get_AddressBar
 0001:00005458       TInternetExplorer.Get_Application
 0001:00005A0C       TInternetExplorer.Get_Busy
 0001:00005510       TInternetExplorer.Get_Container
 0001:0000556C       TInternetExplorer.Get_Document
 0001:00005B30       TInternetExplorer.Get_FullName
 0001:00005F98       TInternetExplorer.Get_FullScreen
 0001:000058A0       TInternetExplorer.Get_Height
 0001:00005ACC       TInternetExplorer.Get_HWND
 0001:00005684       TInternetExplorer.Get_Left
 0001:00005954       TInternetExplorer.Get_LocationName
 0001:000059B0       TInternetExplorer.Get_LocationURL
 0001:00005EDC       TInternetExplorer.Get_MenuBar
 0001:00005A6C       TInternetExplorer.Get_Name
 0001:000060B8       TInternetExplorer.Get_Offline
 0001:000054B4       TInternetExplorer.Get_Parent
 0001:00005B90       TInternetExplorer.Get_Path
 0001:00006054       TInternetExplorer.Get_ReadyState
 0001:00006230       TInternetExplorer.Get_RegisterAsBrowser
 0001:000062EC       TInternetExplorer.Get_RegisterAsDropTarget
 0001:00006520       TInternetExplorer.Get_Resizable
 0001:00006174       TInternetExplorer.Get_Silent
 0001:00005CAC       TInternetExplorer.Get_StatusBar
 0001:00005D68       TInternetExplorer.Get_StatusText
 0001:000063A8       TInternetExplorer.Get_TheaterMode
 0001:00005E20       TInternetExplorer.Get_ToolBar
 0001:00005738       TInternetExplorer.Get_Top
 0001:000055C8       TInternetExplorer.Get_TopLevelContainer
 0001:00005628       TInternetExplorer.Get_Type_
 0001:00005BF0       TInternetExplorer.Get_Visible
 0001:000057EC       TInternetExplorer.Get_Width
 0001:000065DC       TInternetExplorer.GoBack
 0001:0000662C       TInternetExplorer.GoForward
 0001:0000667C       TInternetExplorer.GoHome
 0001:000066CC       TInternetExplorer.GoSearch
 0001:00004F64       TInternetExplorer.InitServerData
 0001:000050FC       TInternetExplorer.InvokeEvent
 0001:000067F4       TInternetExplorer.Navigate
 0001:00006860       TInternetExplorer.Navigate
 0001:000068CC       TInternetExplorer.Navigate
 0001:0000671C       TInternetExplorer.Navigate
 0001:00006788       TInternetExplorer.Navigate
 0001:00006DD8       TInternetExplorer.Navigate2
 0001:00006D6C       TInternetExplorer.Navigate2
 0001:00006CFC       TInternetExplorer.Navigate2
 0001:00006C8C       TInternetExplorer.Navigate2
 0001:00006C1C       TInternetExplorer.Navigate2
 0001:00006B30       TInternetExplorer.PutProperty
 0001:00006E44       TInternetExplorer.QueryStatusWB
 0001:00006A80       TInternetExplorer.Quit
 0001:00006934       TInternetExplorer.Refresh
 0001:00006984       TInternetExplorer.Refresh2
 0001:000069DC       TInternetExplorer.Refresh2
 0001:000064C8       TInternetExplorer.Set_AddressBar
 0001:00005FFC       TInternetExplorer.Set_FullScreen
 0001:00005900       TInternetExplorer.Set_Height
 0001:000056E4       TInternetExplorer.Set_Left
 0001:00005F40       TInternetExplorer.Set_MenuBar
 0001:0000611C       TInternetExplorer.Set_Offline
 0001:00006294       TInternetExplorer.Set_RegisterAsBrowser
 0001:00006350       TInternetExplorer.Set_RegisterAsDropTarget
 0001:00006584       TInternetExplorer.Set_Resizable
 0001:000061D8       TInternetExplorer.Set_Silent
 0001:00005D10       TInternetExplorer.Set_StatusBar
 0001:00005DC8       TInternetExplorer.Set_StatusText
 0001:0000640C       TInternetExplorer.Set_TheaterMode
 0001:00005E84       TInternetExplorer.Set_ToolBar
 0001:00005798       TInternetExplorer.Set_Top
 0001:00005C54       TInternetExplorer.Set_Visible
 0001:0000584C       TInternetExplorer.Set_Width
 0001:000070AC       TInternetExplorer.ShowBrowserBar
 0001:00007048       TInternetExplorer.ShowBrowserBar
 0001:00006FE4       TInternetExplorer.ShowBrowserBar
 0001:00006A30       TInternetExplorer.Stop
 0001:00000118       TlsAlloc
 0002:00002014       tlsBuffer
 0001:00000120       TlsFree
 0001:00000128       TlsGetValue
 0002:00002004       TlsIndex
 0002:BF805000       TlsLast
 0002:00000018       TlsProc
 0001:00000130       TlsSetValue
 0001:00017584       TScriptlet.AboutBox
 0001:000174E8       TScriptlet.CreateControl
 0001:00017508       TScriptlet.GetControlInterface
 0001:00017528       TScriptlet.Get_event
 0001:00017448       TScriptlet.InitControlData
 0001:00008454       TShellFavoritesNameSpace.Connect
 0001:000084C8       TShellFavoritesNameSpace.ConnectTo
 0001:00008568       TShellFavoritesNameSpace.Create
 0001:0000895C       TShellFavoritesNameSpace.CreateSubscriptionForSelection
 0001:000089BC       TShellFavoritesNameSpace.DeleteSubscriptionForSelection
 0001:000085A0       TShellFavoritesNameSpace.Destroy
 0001:00008528       TShellFavoritesNameSpace.Disconnect
 0001:00008868       TShellFavoritesNameSpace.Export
 0001:00008548       TShellFavoritesNameSpace.GetDefaultInterface
 0001:00008628       TShellFavoritesNameSpace.Get_FOfflinePackInstalled
 0001:00008818       TShellFavoritesNameSpace.Import
 0001:00008448       TShellFavoritesNameSpace.InitServerData
 0001:000088B8       TShellFavoritesNameSpace.InvokeContextMenuCommand
 0001:000085C8       TShellFavoritesNameSpace.InvokeEvent
 0001:000086D8       TShellFavoritesNameSpace.MoveSelectionDown
 0001:0000890C       TShellFavoritesNameSpace.MoveSelectionTo
 0001:00008688       TShellFavoritesNameSpace.MoveSelectionUp
 0001:00008778       TShellFavoritesNameSpace.NewFolder
 0001:00008728       TShellFavoritesNameSpace.ResetSort
 0001:00008A1C       TShellFavoritesNameSpace.SetRoot
 0001:000087C8       TShellFavoritesNameSpace.Synchronize
 0001:00007D3C       TShellUIHelper.AddChannel
 0001:00007D90       TShellUIHelper.AddDesktopComponent
 0001:00007EE8       TShellUIHelper.AddDesktopComponent
 0001:00007E78       TShellUIHelper.AddDesktopComponent
 0001:00007E04       TShellUIHelper.AddDesktopComponent
 0001:00007F58       TShellUIHelper.AddDesktopComponent
 0001:00007CE0       TShellUIHelper.AddFavorite
 0001:00007C84       TShellUIHelper.AddFavorite
 0001:000082AC       TShellUIHelper.AutoCompleteAttach
 0001:00008254       TShellUIHelper.AutoCompleteAttach
 0001:00008140       TShellUIHelper.AutoCompleteSaveForm
 0001:000080E8       TShellUIHelper.AutoCompleteSaveForm
 0001:00008194       TShellUIHelper.AutoScan
 0001:000081F4       TShellUIHelper.AutoScan
 0001:00007A44       TShellUIHelper.Connect
 0001:00007AAC       TShellUIHelper.ConnectTo
 0001:00007B34       TShellUIHelper.Create
 0001:00007B6C       TShellUIHelper.Destroy
 0001:00007B00       TShellUIHelper.Disconnect
 0001:00007B14       TShellUIHelper.GetDefaultInterface
 0001:0000808C       TShellUIHelper.ImportExportFavorites
 0001:00007A38       TShellUIHelper.InitServerData
 0001:00007FC4       TShellUIHelper.IsSubscribed
 0001:0000802C       TShellUIHelper.NavigateAndFind
 0001:00007C34       TShellUIHelper.RefreshOfflineDesktop
 0001:00007B94       TShellUIHelper.ResetFirstBootMode
 0001:00007BE4       TShellUIHelper.ResetSafeMode
 0001:00008300       TShellUIHelper.ShowBrowserUI
 0001:000072E4       TShellWindows.Connect
 0001:00007358       TShellWindows.ConnectTo
 0001:000073F8       TShellWindows.Create
 0001:00007430       TShellWindows.Destroy
 0001:000073B8       TShellWindows.Disconnect
 0001:00007834       TShellWindows.FindWindow
 0001:000073D8       TShellWindows.GetDefaultInterface
 0001:000074A8       TShellWindows.Get_Count
 0001:000072D8       TShellWindows.InitServerData
 0001:00007458       TShellWindows.InvokeEvent
 0001:00007508       TShellWindows.Item
 0001:00007574       TShellWindows.Item
 0001:000077D8       TShellWindows.OnActivated
 0001:000078A4       TShellWindows.OnCreated
 0001:0000777C       TShellWindows.OnNavigate
 0001:00007900       TShellWindows.ProcessAttachDetach
 0001:0000765C       TShellWindows.Register
 0001:000076C0       TShellWindows.RegisterPending
 0001:00007728       TShellWindows.Revoke
 0001:00007600       TShellWindows._NewEnum
 0001:00004844       TWebBrowser.ClientToWindow
 0001:0000419C       TWebBrowser.CreateControl
 0001:00004C1C       TWebBrowser.ExecWB
 0001:00004CEC       TWebBrowser.ExecWB
 0001:00004C84       TWebBrowser.ExecWB
 0001:000041BC       TWebBrowser.GetControlInterface
 0001:00004928       TWebBrowser.GetProperty
 0001:000041DC       TWebBrowser.Get_Application
 0001:00004294       TWebBrowser.Get_Container
 0001:000042F0       TWebBrowser.Get_Document
 0001:00004238       TWebBrowser.Get_Parent
 0001:0000434C       TWebBrowser.GoBack
 0001:0000439C       TWebBrowser.GoForward
 0001:000043EC       TWebBrowser.GoHome
 0001:0000443C       TWebBrowser.GoSearch
 0001:000040FC       TWebBrowser.InitControlData
 0001:0000463C       TWebBrowser.Navigate
 0001:0000448C       TWebBrowser.Navigate
 0001:000045D0       TWebBrowser.Navigate
 0001:00004564       TWebBrowser.Navigate
 0001:000044F8       TWebBrowser.Navigate
 0001:0000498C       TWebBrowser.Navigate2
 0001:000049FC       TWebBrowser.Navigate2
 0001:00004A6C       TWebBrowser.Navigate2
 0001:00004ADC       TWebBrowser.Navigate2
 0001:00004B48       TWebBrowser.Navigate2
 0001:000048A0       TWebBrowser.PutProperty
 0001:00004BB4       TWebBrowser.QueryStatusWB
 0001:000047F0       TWebBrowser.Quit
 0001:000046A4       TWebBrowser.Refresh
 0001:000046F4       TWebBrowser.Refresh2
 0001:0000474C       TWebBrowser.Refresh2
 0001:00004D54       TWebBrowser.ShowBrowserBar
 0001:00004DB8       TWebBrowser.ShowBrowserBar
 0001:00004E1C       TWebBrowser.ShowBrowserBar
 0001:000047A0       TWebBrowser.Stop
 0001:00003AA8       TWebBrowser_V1.CreateControl
 0001:00003AC8       TWebBrowser_V1.GetControlInterface
 0001:00003AE8       TWebBrowser_V1.Get_Application
 0001:00003BA0       TWebBrowser_V1.Get_Container
 0001:00003BFC       TWebBrowser_V1.Get_Document
 0001:00003B44       TWebBrowser_V1.Get_Parent
 0001:00003C58       TWebBrowser_V1.GoBack
 0001:00003CA8       TWebBrowser_V1.GoForward
 0001:00003CF8       TWebBrowser_V1.GoHome
 0001:00003D48       TWebBrowser_V1.GoSearch
 0001:00003A08       TWebBrowser_V1.InitControlData
 0001:00003D98       TWebBrowser_V1.Navigate
 0001:00003F48       TWebBrowser_V1.Navigate
 0001:00003E04       TWebBrowser_V1.Navigate
 0001:00003E70       TWebBrowser_V1.Navigate
 0001:00003EDC       TWebBrowser_V1.Navigate
 0001:00003FB0       TWebBrowser_V1.Refresh
 0001:00004000       TWebBrowser_V1.Refresh2
 0001:00004058       TWebBrowser_V1.Refresh2
 0001:000040AC       TWebBrowser_V1.Stop
 0001:00000214       UninitializeModule
 0001:000007F4       UrlMon
 0001:000198D0       vclie
 0001:0000031C       Windows
 0001:0000082C       WinInet
 0001:000008E4       WinSpool


  Address         Publics by Value

 0002:BF805000       TlsLast
 0001:00000100       FreeLibrary
 0001:00000108       LocalAlloc
 0001:00000110       LocalFree
 0001:00000118       TlsAlloc
 0001:00000120       TlsFree
 0001:00000128       TlsGetValue
 0001:00000130       TlsSetValue
 0001:00000138       AllocTlsBuffer
 0001:00000144       GetTlsSize
 0001:0000014C       InitThreadTLS
 0001:00000190       InitProcessTLS
 0001:000001BC       ExitThreadTLS
 0001:000001E4       ExitProcessTLS
 0001:00000208       InitializeModule
 0001:00000214       UninitializeModule
 0001:00000238       @InitPkg
 0001:0000029C       @PackageLoad
 0001:000002A8       @PackageUnload
 0001:000002B4       Finalization
 0001:000002E4       SysInit
 0001:000002EC       Finalization
 0001:0000031C       Windows
 0001:00000344       Finalization
 0001:00000374       Messages
 0001:000006AC       Finalization
 0001:000006DC       CommCtrl
 0001:00000714       Finalization
 0001:00000744       Imm
 0001:0000078C       Finalization
 0001:000007BC       ShlObj
 0001:000007C4       Finalization
 0001:000007F4       UrlMon
 0001:000007FC       Finalization
 0001:0000082C       WinInet
 0001:00000834       Finalization
 0001:00000864       RegStr
 0001:0000086C       Finalization
 0001:0000089C       ShellAPI
 0001:000008B4       Finalization
 0001:000008E4       WinSpool
 0001:000008FC       Finalization
 0001:0000092C       CommDlg
 0001:00000934       Finalization
 0001:00000964       Dlgs
 0001:00003A08       TWebBrowser_V1.InitControlData
 0001:00003A24       DoCreate
 0001:00003AA8       TWebBrowser_V1.CreateControl
 0001:00003AC8       TWebBrowser_V1.GetControlInterface
 0001:00003AE8       TWebBrowser_V1.Get_Application
 0001:00003B44       TWebBrowser_V1.Get_Parent
 0001:00003BA0       TWebBrowser_V1.Get_Container
 0001:00003BFC       TWebBrowser_V1.Get_Document
 0001:00003C58       TWebBrowser_V1.GoBack
 0001:00003CA8       TWebBrowser_V1.GoForward
 0001:00003CF8       TWebBrowser_V1.GoHome
 0001:00003D48       TWebBrowser_V1.GoSearch
 0001:00003D98       TWebBrowser_V1.Navigate
 0001:00003E04       TWebBrowser_V1.Navigate
 0001:00003E70       TWebBrowser_V1.Navigate
 0001:00003EDC       TWebBrowser_V1.Navigate
 0001:00003F48       TWebBrowser_V1.Navigate
 0001:00003FB0       TWebBrowser_V1.Refresh
 0001:00004000       TWebBrowser_V1.Refresh2
 0001:00004058       TWebBrowser_V1.Refresh2
 0001:000040AC       TWebBrowser_V1.Stop
 0001:000040FC       TWebBrowser.InitControlData
 0001:00004118       DoCreate
 0001:0000419C       TWebBrowser.CreateControl
 0001:000041BC       TWebBrowser.GetControlInterface
 0001:000041DC       TWebBrowser.Get_Application
 0001:00004238       TWebBrowser.Get_Parent
 0001:00004294       TWebBrowser.Get_Container
 0001:000042F0       TWebBrowser.Get_Document
 0001:0000434C       TWebBrowser.GoBack
 0001:0000439C       TWebBrowser.GoForward
 0001:000043EC       TWebBrowser.GoHome
 0001:0000443C       TWebBrowser.GoSearch
 0001:0000448C       TWebBrowser.Navigate
 0001:000044F8       TWebBrowser.Navigate
 0001:00004564       TWebBrowser.Navigate
 0001:000045D0       TWebBrowser.Navigate
 0001:0000463C       TWebBrowser.Navigate
 0001:000046A4       TWebBrowser.Refresh
 0001:000046F4       TWebBrowser.Refresh2
 0001:0000474C       TWebBrowser.Refresh2
 0001:000047A0       TWebBrowser.Stop
 0001:000047F0       TWebBrowser.Quit
 0001:00004844       TWebBrowser.ClientToWindow
 0001:000048A0       TWebBrowser.PutProperty
 0001:00004928       TWebBrowser.GetProperty
 0001:0000498C       TWebBrowser.Navigate2
 0001:000049FC       TWebBrowser.Navigate2
 0001:00004A6C       TWebBrowser.Navigate2
 0001:00004ADC       TWebBrowser.Navigate2
 0001:00004B48       TWebBrowser.Navigate2
 0001:00004BB4       TWebBrowser.QueryStatusWB
 0001:00004C1C       TWebBrowser.ExecWB
 0001:00004C84       TWebBrowser.ExecWB
 0001:00004CEC       TWebBrowser.ExecWB
 0001:00004D54       TWebBrowser.ShowBrowserBar
 0001:00004DB8       TWebBrowser.ShowBrowserBar
 0001:00004E1C       TWebBrowser.ShowBrowserBar
 0001:00004E80       CoInternetExplorer.Create
 0001:00004EE4       CoInternetExplorer.CreateRemote
 0001:00004F64       TInternetExplorer.InitServerData
 0001:00004F70       TInternetExplorer.Connect
 0001:00004FE8       TInternetExplorer.ConnectTo
 0001:0000504C       TInternetExplorer.Disconnect
 0001:00005074       TInternetExplorer.GetDefaultInterface
 0001:0000509C       TInternetExplorer.Create
 0001:000050D4       TInternetExplorer.Destroy
 0001:000050FC       TInternetExplorer.InvokeEvent
 0001:00005458       TInternetExplorer.Get_Application
 0001:000054B4       TInternetExplorer.Get_Parent
 0001:00005510       TInternetExplorer.Get_Container
 0001:0000556C       TInternetExplorer.Get_Document
 0001:000055C8       TInternetExplorer.Get_TopLevelContainer
 0001:00005628       TInternetExplorer.Get_Type_
 0001:00005684       TInternetExplorer.Get_Left
 0001:000056E4       TInternetExplorer.Set_Left
 0001:00005738       TInternetExplorer.Get_Top
 0001:00005798       TInternetExplorer.Set_Top
 0001:000057EC       TInternetExplorer.Get_Width
 0001:0000584C       TInternetExplorer.Set_Width
 0001:000058A0       TInternetExplorer.Get_Height
 0001:00005900       TInternetExplorer.Set_Height
 0001:00005954       TInternetExplorer.Get_LocationName
 0001:000059B0       TInternetExplorer.Get_LocationURL
 0001:00005A0C       TInternetExplorer.Get_Busy
 0001:00005A6C       TInternetExplorer.Get_Name
 0001:00005ACC       TInternetExplorer.Get_HWND
 0001:00005B30       TInternetExplorer.Get_FullName
 0001:00005B90       TInternetExplorer.Get_Path
 0001:00005BF0       TInternetExplorer.Get_Visible
 0001:00005C54       TInternetExplorer.Set_Visible
 0001:00005CAC       TInternetExplorer.Get_StatusBar
 0001:00005D10       TInternetExplorer.Set_StatusBar
 0001:00005D68       TInternetExplorer.Get_StatusText
 0001:00005DC8       TInternetExplorer.Set_StatusText
 0001:00005E20       TInternetExplorer.Get_ToolBar
 0001:00005E84       TInternetExplorer.Set_ToolBar
 0001:00005EDC       TInternetExplorer.Get_MenuBar
 0001:00005F40       TInternetExplorer.Set_MenuBar
 0001:00005F98       TInternetExplorer.Get_FullScreen
 0001:00005FFC       TInternetExplorer.Set_FullScreen
 0001:00006054       TInternetExplorer.Get_ReadyState
 0001:000060B8       TInternetExplorer.Get_Offline
 0001:0000611C       TInternetExplorer.Set_Offline
 0001:00006174       TInternetExplorer.Get_Silent
 0001:000061D8       TInternetExplorer.Set_Silent
 0001:00006230       TInternetExplorer.Get_RegisterAsBrowser
 0001:00006294       TInternetExplorer.Set_RegisterAsBrowser
 0001:000062EC       TInternetExplorer.Get_RegisterAsDropTarget
 0001:00006350       TInternetExplorer.Set_RegisterAsDropTarget
 0001:000063A8       TInternetExplorer.Get_TheaterMode
 0001:0000640C       TInternetExplorer.Set_TheaterMode
 0001:00006464       TInternetExplorer.Get_AddressBar
 0001:000064C8       TInternetExplorer.Set_AddressBar
 0001:00006520       TInternetExplorer.Get_Resizable
 0001:00006584       TInternetExplorer.Set_Resizable
 0001:000065DC       TInternetExplorer.GoBack
 0001:0000662C       TInternetExplorer.GoForward
 0001:0000667C       TInternetExplorer.GoHome
 0001:000066CC       TInternetExplorer.GoSearch
 0001:0000671C       TInternetExplorer.Navigate
 0001:00006788       TInternetExplorer.Navigate
 0001:000067F4       TInternetExplorer.Navigate
 0001:00006860       TInternetExplorer.Navigate
 0001:000068CC       TInternetExplorer.Navigate
 0001:00006934       TInternetExplorer.Refresh
 0001:00006984       TInternetExplorer.Refresh2
 0001:000069DC       TInternetExplorer.Refresh2
 0001:00006A30       TInternetExplorer.Stop
 0001:00006A80       TInternetExplorer.Quit
 0001:00006AD4       TInternetExplorer.ClientToWindow
 0001:00006B30       TInternetExplorer.PutProperty
 0001:00006BB8       TInternetExplorer.GetProperty
 0001:00006C1C       TInternetExplorer.Navigate2
 0001:00006C8C       TInternetExplorer.Navigate2
 0001:00006CFC       TInternetExplorer.Navigate2
 0001:00006D6C       TInternetExplorer.Navigate2
 0001:00006DD8       TInternetExplorer.Navigate2
 0001:00006E44       TInternetExplorer.QueryStatusWB
 0001:00006EAC       TInternetExplorer.ExecWB
 0001:00006F14       TInternetExplorer.ExecWB
 0001:00006F7C       TInternetExplorer.ExecWB
 0001:00006FE4       TInternetExplorer.ShowBrowserBar
 0001:00007048       TInternetExplorer.ShowBrowserBar
 0001:000070AC       TInternetExplorer.ShowBrowserBar
 0001:00007110       CoShellBrowserWindow.Create
 0001:00007174       CoShellBrowserWindow.CreateRemote
 0001:000071F4       CoShellWindows.Create
 0001:00007258       CoShellWindows.CreateRemote
 0001:000072D8       TShellWindows.InitServerData
 0001:000072E4       TShellWindows.Connect
 0001:00007358       TShellWindows.ConnectTo
 0001:000073B8       TShellWindows.Disconnect
 0001:000073D8       TShellWindows.GetDefaultInterface
 0001:000073F8       TShellWindows.Create
 0001:00007430       TShellWindows.Destroy
 0001:00007458       TShellWindows.InvokeEvent
 0001:000074A8       TShellWindows.Get_Count
 0001:00007508       TShellWindows.Item
 0001:00007574       TShellWindows.Item
 0001:00007600       TShellWindows._NewEnum
 0001:0000765C       TShellWindows.Register
 0001:000076C0       TShellWindows.RegisterPending
 0001:00007728       TShellWindows.Revoke
 0001:0000777C       TShellWindows.OnNavigate
 0001:000077D8       TShellWindows.OnActivated
 0001:00007834       TShellWindows.FindWindow
 0001:000078A4       TShellWindows.OnCreated
 0001:00007900       TShellWindows.ProcessAttachDetach
 0001:00007954       CoShellUIHelper.Create
 0001:000079B8       CoShellUIHelper.CreateRemote
 0001:00007A38       TShellUIHelper.InitServerData
 0001:00007A44       TShellUIHelper.Connect
 0001:00007AAC       TShellUIHelper.ConnectTo
 0001:00007B00       TShellUIHelper.Disconnect
 0001:00007B14       TShellUIHelper.GetDefaultInterface
 0001:00007B34       TShellUIHelper.Create
 0001:00007B6C       TShellUIHelper.Destroy
 0001:00007B94       TShellUIHelper.ResetFirstBootMode
 0001:00007BE4       TShellUIHelper.ResetSafeMode
 0001:00007C34       TShellUIHelper.RefreshOfflineDesktop
 0001:00007C84       TShellUIHelper.AddFavorite
 0001:00007CE0       TShellUIHelper.AddFavorite
 0001:00007D3C       TShellUIHelper.AddChannel
 0001:00007D90       TShellUIHelper.AddDesktopComponent
 0001:00007E04       TShellUIHelper.AddDesktopComponent
 0001:00007E78       TShellUIHelper.AddDesktopComponent
 0001:00007EE8       TShellUIHelper.AddDesktopComponent
 0001:00007F58       TShellUIHelper.AddDesktopComponent
 0001:00007FC4       TShellUIHelper.IsSubscribed
 0001:0000802C       TShellUIHelper.NavigateAndFind
 0001:0000808C       TShellUIHelper.ImportExportFavorites
 0001:000080E8       TShellUIHelper.AutoCompleteSaveForm
 0001:00008140       TShellUIHelper.AutoCompleteSaveForm
 0001:00008194       TShellUIHelper.AutoScan
 0001:000081F4       TShellUIHelper.AutoScan
 0001:00008254       TShellUIHelper.AutoCompleteAttach
 0001:000082AC       TShellUIHelper.AutoCompleteAttach
 0001:00008300       TShellUIHelper.ShowBrowserUI
 0001:00008364       CoShellFavoritesNameSpace.Create
 0001:000083C8       CoShellFavoritesNameSpace.CreateRemote
 0001:00008448       TShellFavoritesNameSpace.InitServerData
 0001:00008454       TShellFavoritesNameSpace.Connect
 0001:000084C8       TShellFavoritesNameSpace.ConnectTo
 0001:00008528       TShellFavoritesNameSpace.Disconnect
 0001:00008548       TShellFavoritesNameSpace.GetDefaultInterface
 0001:00008568       TShellFavoritesNameSpace.Create
 0001:000085A0       TShellFavoritesNameSpace.Destroy
 0001:000085C8       TShellFavoritesNameSpace.InvokeEvent
 0001:00008628       TShellFavoritesNameSpace.Get_FOfflinePackInstalled
 0001:00008688       TShellFavoritesNameSpace.MoveSelectionUp
 0001:000086D8       TShellFavoritesNameSpace.MoveSelectionDown
 0001:00008728       TShellFavoritesNameSpace.ResetSort
 0001:00008778       TShellFavoritesNameSpace.NewFolder
 0001:000087C8       TShellFavoritesNameSpace.Synchronize
 0001:00008818       TShellFavoritesNameSpace.Import
 0001:00008868       TShellFavoritesNameSpace.Export
 0001:000088B8       TShellFavoritesNameSpace.InvokeContextMenuCommand
 0001:0000890C       TShellFavoritesNameSpace.MoveSelectionTo
 0001:0000895C       TShellFavoritesNameSpace.CreateSubscriptionForSelection
 0001:000089BC       TShellFavoritesNameSpace.DeleteSubscriptionForSelection
 0001:00008A1C       TShellFavoritesNameSpace.SetRoot
 0001:00008A70       CoCScriptErrorList.Create
 0001:00008AD4       CoCScriptErrorList.CreateRemote
 0001:00008B54       CoSearchAssistantOC.Create
 0001:00008BB8       CoSearchAssistantOC.CreateRemote
 0001:00008C38       Finalization
 0001:00008C68       SHDocVw
 0001:00013428       CoHTMLStyle.Create
 0001:0001348C       CoHTMLStyle.CreateRemote
 0001:0001350C       CoHTMLRuleStyle.Create
 0001:00013570       CoHTMLRuleStyle.CreateRemote
 0001:000135F0       CoHTMLCurrentStyle.Create
 0001:00013654       CoHTMLCurrentStyle.CreateRemote
 0001:000136D4       CoHTMLFiltersCollection.Create
 0001:00013738       CoHTMLFiltersCollection.CreateRemote
 0001:000137B8       CoHTMLDOMAttribute.Create
 0001:0001381C       CoHTMLDOMAttribute.CreateRemote
 0001:0001389C       CoHTMLDOMTextNode.Create
 0001:00013900       CoHTMLDOMTextNode.CreateRemote
 0001:00013980       CoHTMLAttributeCollection.Create
 0001:000139E4       CoHTMLAttributeCollection.CreateRemote
 0001:00013A64       CoDOMChildrenCollection.Create
 0001:00013AC8       CoDOMChildrenCollection.CreateRemote
 0001:00013B48       CoHTCDefaultDispatch.Create
 0001:00013BAC       CoHTCDefaultDispatch.CreateRemote
 0001:00013C2C       CoHTCPropertyBehavior.Create
 0001:00013C90       CoHTCPropertyBehavior.CreateRemote
 0001:00013D10       CoHTCMethodBehavior.Create
 0001:00013D74       CoHTCMethodBehavior.CreateRemote
 0001:00013DF4       CoHTCEventBehavior.Create
 0001:00013E58       CoHTCEventBehavior.CreateRemote
 0001:00013ED8       CoHTCAttachBehavior.Create
 0001:00013F3C       CoHTCAttachBehavior.CreateRemote
 0001:00013FBC       CoHTCDescBehavior.Create
 0001:00014020       CoHTCDescBehavior.CreateRemote
 0001:000140A0       CoHTMLUrnCollection.Create
 0001:00014104       CoHTMLUrnCollection.CreateRemote
 0001:00014184       CoHTMLGenericElement.Create
 0001:000141E8       CoHTMLGenericElement.CreateRemote
 0001:00014268       CoHTMLStyleSheetRule.Create
 0001:000142CC       CoHTMLStyleSheetRule.CreateRemote
 0001:0001434C       CoHTMLStyleSheetRulesCollection.Create
 0001:000143B0       CoHTMLStyleSheetRulesCollection.CreateRemote
 0001:00014430       CoHTMLStyleSheet.Create
 0001:00014494       CoHTMLStyleSheet.CreateRemote
 0001:00014514       CoHTMLStyleSheetsCollection.Create
 0001:00014578       CoHTMLStyleSheetsCollection.CreateRemote
 0001:000145F8       CoHTMLLinkElement.Create
 0001:0001465C       CoHTMLLinkElement.CreateRemote
 0001:000146DC       CoHTMLFormElement.Create
 0001:00014740       CoHTMLFormElement.CreateRemote
 0001:000147C0       CoHTMLTextElement.Create
 0001:00014824       CoHTMLTextElement.CreateRemote
 0001:000148A4       CoHTMLImg.Create
 0001:00014908       CoHTMLImg.CreateRemote
 0001:00014988       CoHTMLImageElementFactory.Create
 0001:000149EC       CoHTMLImageElementFactory.CreateRemote
 0001:00014A6C       CoHTMLBody.Create
 0001:00014AD0       CoHTMLBody.CreateRemote
 0001:00014B50       CoHTMLFontElement.Create
 0001:00014BB4       CoHTMLFontElement.CreateRemote
 0001:00014C34       CoHTMLAnchorElement.Create
 0001:00014C98       CoHTMLAnchorElement.CreateRemote
 0001:00014D18       CoHTMLLabelElement.Create
 0001:00014D7C       CoHTMLLabelElement.CreateRemote
 0001:00014DFC       CoHTMLListElement.Create
 0001:00014E60       CoHTMLListElement.CreateRemote
 0001:00014EE0       CoHTMLUListElement.Create
 0001:00014F44       CoHTMLUListElement.CreateRemote
 0001:00014FC4       CoHTMLOListElement.Create
 0001:00015028       CoHTMLOListElement.CreateRemote
 0001:000150A8       CoHTMLLIElement.Create
 0001:0001510C       CoHTMLLIElement.CreateRemote
 0001:0001518C       CoHTMLBlockElement.Create
 0001:000151F0       CoHTMLBlockElement.CreateRemote
 0001:00015270       CoHTMLDivElement.Create
 0001:000152D4       CoHTMLDivElement.CreateRemote
 0001:00015354       CoHTMLDDElement.Create
 0001:000153B8       CoHTMLDDElement.CreateRemote
 0001:00015438       CoHTMLDTElement.Create
 0001:0001549C       CoHTMLDTElement.CreateRemote
 0001:0001551C       CoHTMLBRElement.Create
 0001:00015580       CoHTMLBRElement.CreateRemote
 0001:00015600       CoHTMLDListElement.Create
 0001:00015664       CoHTMLDListElement.CreateRemote
 0001:000156E4       CoHTMLHRElement.Create
 0001:00015748       CoHTMLHRElement.CreateRemote
 0001:000157C8       CoHTMLParaElement.Create
 0001:0001582C       CoHTMLParaElement.CreateRemote
 0001:000158AC       CoHTMLElementCollection.Create
 0001:00015910       CoHTMLElementCollection.CreateRemote
 0001:00015990       CoHTMLHeaderElement.Create
 0001:000159F4       CoHTMLHeaderElement.CreateRemote
 0001:00015A74       CoHTMLSelectElement.Create
 0001:00015AD8       CoHTMLSelectElement.CreateRemote
 0001:00015B58       CoHTMLOptionElement.Create
 0001:00015BBC       CoHTMLOptionElement.CreateRemote
 0001:00015C3C       CoHTMLOptionElementFactory.Create
 0001:00015CA0       CoHTMLOptionElementFactory.CreateRemote
 0001:00015D20       CoHTMLInputElement.Create
 0001:00015D84       CoHTMLInputElement.CreateRemote
 0001:00015E04       CoHTMLTextAreaElement.Create
 0001:00015E68       CoHTMLTextAreaElement.CreateRemote
 0001:00015EE8       CoHTMLRichtextElement.Create
 0001:00015F4C       CoHTMLRichtextElement.CreateRemote
 0001:00015FCC       CoHTMLButtonElement.Create
 0001:00016030       CoHTMLButtonElement.CreateRemote
 0001:000160B0       CoHTMLMarqueeElement.Create
 0001:00016114       CoHTMLMarqueeElement.CreateRemote
 0001:00016194       CoHTMLHtmlElement.Create
 0001:000161F8       CoHTMLHtmlElement.CreateRemote
 0001:00016278       CoHTMLHeadElement.Create
 0001:000162DC       CoHTMLHeadElement.CreateRemote
 0001:0001635C       CoHTMLTitleElement.Create
 0001:000163C0       CoHTMLTitleElement.CreateRemote
 0001:00016440       CoHTMLMetaElement.Create
 0001:000164A4       CoHTMLMetaElement.CreateRemote
 0001:00016524       CoHTMLBaseElement.Create
 0001:00016588       CoHTMLBaseElement.CreateRemote
 0001:00016608       CoHTMLIsIndexElement.Create
 0001:0001666C       CoHTMLIsIndexElement.CreateRemote
 0001:000166EC       CoHTMLNextIdElement.Create
 0001:00016750       CoHTMLNextIdElement.CreateRemote
 0001:000167D0       CoHTMLBaseFontElement.Create
 0001:00016834       CoHTMLBaseFontElement.CreateRemote
 0001:000168B4       CoHTMLUnknownElement.Create
 0001:00016918       CoHTMLUnknownElement.CreateRemote
 0001:00016998       CoHTMLHistory.Create
 0001:000169FC       CoHTMLHistory.CreateRemote
 0001:00016A7C       CoCMimeTypes.Create
 0001:00016AE0       CoCMimeTypes.CreateRemote
 0001:00016B60       CoCPlugins.Create
 0001:00016BC4       CoCPlugins.CreateRemote
 0001:00016C44       CoCOpsProfile.Create
 0001:00016CA8       CoCOpsProfile.CreateRemote
 0001:00016D28       CoHTMLNavigator.Create
 0001:00016D8C       CoHTMLNavigator.CreateRemote
 0001:00016E0C       CoHTMLLocation.Create
 0001:00016E70       CoHTMLLocation.CreateRemote
 0001:00016EF0       CoCEventObj.Create
 0001:00016F54       CoCEventObj.CreateRemote
 0001:00016FD4       CoHTMLScreen.Create
 0001:00017038       CoHTMLScreen.CreateRemote
 0001:000170B8       CoHTMLWindow2.Create
 0001:0001711C       CoHTMLWindow2.CreateRemote
 0001:0001719C       CoHTMLWindowProxy.Create
 0001:00017200       CoHTMLWindowProxy.CreateRemote
 0001:00017280       CoHTMLDocument.Create
 0001:000172E4       CoHTMLDocument.CreateRemote
 0001:00017364       CoHTMLDocumentFragment.Create
 0001:000173C8       CoHTMLDocumentFragment.CreateRemote
 0001:00017448       TScriptlet.InitControlData
 0001:00017464       DoCreate
 0001:000174E8       TScriptlet.CreateControl
 0001:00017508       TScriptlet.GetControlInterface
 0001:00017528       TScriptlet.Get_event
 0001:00017584       TScriptlet.AboutBox
 0001:000175D4       CoHTMLEmbed.Create
 0001:00017638       CoHTMLEmbed.CreateRemote
 0001:000176B8       CoHTMLAreasCollection.Create
 0001:0001771C       CoHTMLAreasCollection.CreateRemote
 0001:0001779C       CoHTMLMapElement.Create
 0001:00017800       CoHTMLMapElement.CreateRemote
 0001:00017880       CoHTMLAreaElement.Create
 0001:000178E4       CoHTMLAreaElement.CreateRemote
 0001:00017964       CoHTMLTableCaption.Create
 0001:000179C8       CoHTMLTableCaption.CreateRemote
 0001:00017A48       CoHTMLCommentElement.Create
 0001:00017AAC       CoHTMLCommentElement.CreateRemote
 0001:00017B2C       CoHTMLPhraseElement.Create
 0001:00017B90       CoHTMLPhraseElement.CreateRemote
 0001:00017C10       CoHTMLSpanElement.Create
 0001:00017C74       CoHTMLSpanElement.CreateRemote
 0001:00017CF4       CoHTMLTable.Create
 0001:00017D58       CoHTMLTable.CreateRemote
 0001:00017DD8       CoHTMLTableCol.Create
 0001:00017E3C       CoHTMLTableCol.CreateRemote
 0001:00017EBC       CoHTMLTableSection.Create
 0001:00017F20       CoHTMLTableSection.CreateRemote
 0001:00017FA0       CoHTMLTableRow.Create
 0001:00018004       CoHTMLTableRow.CreateRemote
 0001:00018084       CoHTMLTableCell.Create
 0001:000180E8       CoHTMLTableCell.CreateRemote
 0001:00018168       CoHTMLScriptElement.Create
 0001:000181CC       CoHTMLScriptElement.CreateRemote
 0001:0001824C       CoHTMLNoShowElement.Create
 0001:000182B0       CoHTMLNoShowElement.CreateRemote
 0001:00018330       CoHTMLObjectElement.Create
 0001:00018394       CoHTMLObjectElement.CreateRemote
 0001:00018414       CoHTMLFrameBase.Create
 0001:00018478       CoHTMLFrameBase.CreateRemote
 0001:000184F8       CoHTMLFrameElement.Create
 0001:0001855C       CoHTMLFrameElement.CreateRemote
 0001:000185DC       CoHTMLIFrame.Create
 0001:00018640       CoHTMLIFrame.CreateRemote
 0001:000186C0       CoHTMLDivPosition.Create
 0001:00018724       CoHTMLDivPosition.CreateRemote
 0001:000187A4       CoHTMLFieldSetElement.Create
 0001:00018808       CoHTMLFieldSetElement.CreateRemote
 0001:00018888       CoHTMLLegendElement.Create
 0001:000188EC       CoHTMLLegendElement.CreateRemote
 0001:0001896C       CoHTMLSpanFlow.Create
 0001:000189D0       CoHTMLSpanFlow.CreateRemote
 0001:00018A50       CoHTMLFrameSetSite.Create
 0001:00018AB4       CoHTMLFrameSetSite.CreateRemote
 0001:00018B34       CoHTMLBGsound.Create
 0001:00018B98       CoHTMLBGsound.CreateRemote
 0001:00018C18       CoHTMLStyleElement.Create
 0001:00018C7C       CoHTMLStyleElement.CreateRemote
 0001:00018CFC       CoHTMLStyleFontFace.Create
 0001:00018D60       CoHTMLStyleFontFace.CreateRemote
 0001:00018DE0       CoThreadDialogProcParam.Create
 0001:00018E44       CoThreadDialogProcParam.CreateRemote
 0001:00018EC4       CoHTMLDialog.Create
 0001:00018F28       CoHTMLDialog.CreateRemote
 0001:00018FA8       CoHTMLAppBehavior.Create
 0001:0001900C       CoHTMLAppBehavior.CreateRemote
 0001:0001908C       CoOldHTMLDocument.Create
 0001:000190F0       CoOldHTMLDocument.CreateRemote
 0001:00019170       CoOldHTMLFormElement.Create
 0001:000191D4       CoOldHTMLFormElement.CreateRemote
 0001:00019254       CoHTMLInputButtonElement.Create
 0001:000192B8       CoHTMLInputButtonElement.CreateRemote
 0001:00019338       CoHTMLInputTextElement.Create
 0001:0001939C       CoHTMLInputTextElement.CreateRemote
 0001:0001941C       CoHTMLInputFileElement.Create
 0001:00019480       CoHTMLInputFileElement.CreateRemote
 0001:00019500       CoHTMLOptionButtonElement.Create
 0001:00019564       CoHTMLOptionButtonElement.CreateRemote
 0001:000195E4       CohtmlInputImage.Create
 0001:00019648       CohtmlInputImage.CreateRemote
 0001:000196C8       Finalization
 0001:000196F8       MSHTML
 0001:000198B0       @GetPackageInfoTable
 0001:000198B8       @PackageLoad
 0001:000198C4       @PackageUnload
 0001:000198D0       vclie
 0002:00000000       Module
 0002:00000018       TlsProc
 0002:00000028       LIBID_SHDocVw
 0002:00000038       IID_IWebBrowser
 0002:00000048       DIID_DWebBrowserEvents
 0002:00000058       IID_IWebBrowserApp
 0002:00000068       IID_IWebBrowser2
 0002:00000078       DIID_DWebBrowserEvents2
 0002:00000088       CLASS_WebBrowser_V1
 0002:00000098       CLASS_WebBrowser
 0002:000000A8       CLASS_InternetExplorer
 0002:000000B8       CLASS_ShellBrowserWindow
 0002:000000C8       DIID_DShellWindowsEvents
 0002:000000D8       IID_IShellWindows
 0002:000000E8       CLASS_ShellWindows
 0002:000000F8       IID_IShellUIHelper
 0002:00000108       CLASS_ShellUIHelper
 0002:00000118       DIID__ShellFavoritesNameSpaceEvents
 0002:00000128       IID_IShellFavoritesNameSpace
 0002:00000138       CLASS_ShellFavoritesNameSpace
 0002:00000148       IID_IScriptErrorList
 0002:00000158       CLASS_CScriptErrorList
 0002:00000168       IID_ISearch
 0002:00000178       IID_ISearches
 0002:00000188       IID_ISearchAssistantOC
 0002:00000198       DIID__SearchAssistantEvents
 0002:000001A8       CLASS_SearchAssistantOC
 0002:000001B8       CEventDispIDs
 0002:000001FC       CControlData
 0002:00000250       CEventDispIDs
 0002:00000298       CControlData
 0002:000002EC       CServerData
 0002:00000328       CServerData
 0002:00000364       CServerData
 0002:000003A0       CServerData
 0002:000003DC       LIBID_MSHTML
 0002:000003EC       IID_IHTMLEventObj
 0002:000003FC       IID_IHTMLElement
 0002:0000040C       IID_IHTMLStyle
 0002:0000041C       IID_IHTMLFiltersCollection
 0002:0000042C       IID_IElementBehaviorSite
 0002:0000043C       IID_IElementBehavior
 0002:0000044C       IID_IElementBehaviorFactory
 0002:0000045C       IID_IElementBehaviorSiteOM
 0002:0000046C       IID_IElementBehaviorRender
 0002:0000047C       IID_IElementBehaviorSiteRender
 0002:0000048C       IID_IHTMLStyle2
 0002:0000049C       IID_IHTMLRuleStyle
 0002:000004AC       IID_IHTMLRuleStyle2
 0002:000004BC       DIID_DispHTMLStyle
 0002:000004CC       CLASS_HTMLStyle
 0002:000004DC       DIID_DispHTMLRuleStyle
 0002:000004EC       CLASS_HTMLRuleStyle
 0002:000004FC       IID_IHTMLCurrentStyle
 0002:0000050C       DIID_DispHTMLCurrentStyle
 0002:0000051C       CLASS_HTMLCurrentStyle
 0002:0000052C       CLASS_HTMLFiltersCollection
 0002:0000053C       IID_IHTMLRect
 0002:0000054C       IID_IHTMLRectCollection
 0002:0000055C       IID_IHTMLDOMNode
 0002:0000056C       IID_IHTMLDOMAttribute
 0002:0000057C       IID_IHTMLDOMTextNode
 0002:0000058C       DIID_DispHTMLDOMAttribute
 0002:0000059C       CLASS_HTMLDOMAttribute
 0002:000005AC       DIID_DispHTMLDOMTextNode
 0002:000005BC       CLASS_HTMLDOMTextNode
 0002:000005CC       IID_IHTMLAttributeCollection
 0002:000005DC       IID_IHTMLDOMChildrenCollection
 0002:000005EC       DIID_DispHTMLAttributeCollection
 0002:000005FC       CLASS_HTMLAttributeCollection
 0002:0000060C       DIID_DispDOMChildrenCollection
 0002:0000061C       CLASS_DOMChildrenCollection
 0002:0000062C       DIID_HTMLElementEvents2
 0002:0000063C       DIID_HTMLElementEvents
 0002:0000064C       IID_IHTMLElementCollection
 0002:0000065C       IID_IHTMLElement2
 0002:0000066C       IID_IHTMLUniqueName
 0002:0000067C       IID_IHTMLDatabinding
 0002:0000068C       IID_IHTCDefaultDispatch
 0002:0000069C       IID_IHTCPropertyBehavior
 0002:000006AC       IID_IHTCMethodBehavior
 0002:000006BC       IID_IHTCEventBehavior
 0002:000006CC       IID_IHTCAttachBehavior
 0002:000006DC       IID_IHTCDescBehavior
 0002:000006EC       DIID_DispHTCDefaultDispatch
 0002:000006FC       CLASS_HTCDefaultDispatch
 0002:0000070C       DIID_DispHTCPropertyBehavior
 0002:0000071C       CLASS_HTCPropertyBehavior
 0002:0000072C       DIID_DispHTCMethodBehavior
 0002:0000073C       CLASS_HTCMethodBehavior
 0002:0000074C       DIID_DispHTCEventBehavior
 0002:0000075C       CLASS_HTCEventBehavior
 0002:0000076C       DIID_DispHTCAttachBehavior
 0002:0000077C       CLASS_HTCAttachBehavior
 0002:0000078C       DIID_DispHTCDescBehavior
 0002:0000079C       CLASS_HTCDescBehavior
 0002:000007AC       IID_IHTMLUrnCollection
 0002:000007BC       CLASS_HTMLUrnCollection
 0002:000007CC       IID_IHTMLGenericElement
 0002:000007DC       DIID_DispHTMLGenericElement
 0002:000007EC       CLASS_HTMLGenericElement
 0002:000007FC       IID_IHTMLStyleSheetRule
 0002:0000080C       IID_IHTMLStyleSheetRulesCollection
 0002:0000081C       CLASS_HTMLStyleSheetRule
 0002:0000082C       CLASS_HTMLStyleSheetRulesCollection
 0002:0000083C       IID_IHTMLStyleSheetsCollection
 0002:0000084C       IID_IHTMLStyleSheet
 0002:0000085C       CLASS_HTMLStyleSheet
 0002:0000086C       CLASS_HTMLStyleSheetsCollection
 0002:0000087C       DIID_HTMLLinkElementEvents2
 0002:0000088C       DIID_HTMLLinkElementEvents
 0002:0000089C       IID_IHTMLLinkElement
 0002:000008AC       IID_IHTMLLinkElement2
 0002:000008BC       DIID_DispHTMLLinkElement
 0002:000008CC       CLASS_HTMLLinkElement
 0002:000008DC       IID_IHTMLTxtRange
 0002:000008EC       IID_IHTMLTextRangeMetrics
 0002:000008FC       IID_IHTMLTextRangeMetrics2
 0002:0000090C       DIID_HTMLFormElementEvents2
 0002:0000091C       DIID_HTMLFormElementEvents
 0002:0000092C       IID_IHTMLFormElement
 0002:0000093C       IID_IHTMLFormElement2
 0002:0000094C       DIID_DispHTMLFormElement
 0002:0000095C       CLASS_HTMLFormElement
 0002:0000096C       DIID_HTMLControlElementEvents2
 0002:0000097C       DIID_HTMLControlElementEvents
 0002:0000098C       IID_IHTMLControlElement
 0002:0000099C       IID_IHTMLTextElement
 0002:000009AC       DIID_DispHTMLTextElement
 0002:000009BC       CLASS_HTMLTextElement
 0002:000009CC       DIID_HTMLTextContainerEvents2
 0002:000009DC       DIID_HTMLTextContainerEvents
 0002:000009EC       IID_IHTMLTextContainer
 0002:000009FC       IID_IHTMLControlRange
 0002:00000A0C       DIID_HTMLImgEvents2
 0002:00000A1C       DIID_HTMLImgEvents
 0002:00000A2C       IID_IHTMLImgElement
 0002:00000A3C       IID_IHTMLImageElementFactory
 0002:00000A4C       DIID_DispHTMLImg
 0002:00000A5C       CLASS_HTMLImg
 0002:00000A6C       CLASS_HTMLImageElementFactory
 0002:00000A7C       IID_IHTMLBodyElement
 0002:00000A8C       IID_IHTMLBodyElement2
 0002:00000A9C       DIID_DispHTMLBody
 0002:00000AAC       CLASS_HTMLBody
 0002:00000ABC       IID_IHTMLFontElement
 0002:00000ACC       DIID_DispHTMLFontElement
 0002:00000ADC       CLASS_HTMLFontElement
 0002:00000AEC       DIID_HTMLAnchorEvents2
 0002:00000AFC       DIID_HTMLAnchorEvents
 0002:00000B0C       IID_IHTMLAnchorElement
 0002:00000B1C       DIID_DispHTMLAnchorElement
 0002:00000B2C       CLASS_HTMLAnchorElement
 0002:00000B3C       DIID_HTMLLabelEvents2
 0002:00000B4C       DIID_HTMLLabelEvents
 0002:00000B5C       IID_IHTMLLabelElement
 0002:00000B6C       DIID_DispHTMLLabelElement
 0002:00000B7C       CLASS_HTMLLabelElement
 0002:00000B8C       IID_IHTMLListElement
 0002:00000B9C       DIID_DispHTMLListElement
 0002:00000BAC       CLASS_HTMLListElement
 0002:00000BBC       IID_IHTMLUListElement
 0002:00000BCC       DIID_DispHTMLUListElement
 0002:00000BDC       CLASS_HTMLUListElement
 0002:00000BEC       IID_IHTMLOListElement
 0002:00000BFC       DIID_DispHTMLOListElement
 0002:00000C0C       CLASS_HTMLOListElement
 0002:00000C1C       IID_IHTMLLIElement
 0002:00000C2C       DIID_DispHTMLLIElement
 0002:00000C3C       CLASS_HTMLLIElement
 0002:00000C4C       IID_IHTMLBlockElement
 0002:00000C5C       DIID_DispHTMLBlockElement
 0002:00000C6C       CLASS_HTMLBlockElement
 0002:00000C7C       IID_IHTMLDivElement
 0002:00000C8C       DIID_DispHTMLDivElement
 0002:00000C9C       CLASS_HTMLDivElement
 0002:00000CAC       IID_IHTMLDDElement
 0002:00000CBC       DIID_DispHTMLDDElement
 0002:00000CCC       CLASS_HTMLDDElement
 0002:00000CDC       IID_IHTMLDTElement
 0002:00000CEC       DIID_DispHTMLDTElement
 0002:00000CFC       CLASS_HTMLDTElement
 0002:00000D0C       IID_IHTMLBRElement
 0002:00000D1C       DIID_DispHTMLBRElement
 0002:00000D2C       CLASS_HTMLBRElement
 0002:00000D3C       IID_IHTMLDListElement
 0002:00000D4C       DIID_DispHTMLDListElement
 0002:00000D5C       CLASS_HTMLDListElement
 0002:00000D6C       IID_IHTMLHRElement
 0002:00000D7C       DIID_DispHTMLHRElement
 0002:00000D8C       CLASS_HTMLHRElement
 0002:00000D9C       IID_IHTMLParaElement
 0002:00000DAC       DIID_DispHTMLParaElement
 0002:00000DBC       CLASS_HTMLParaElement
 0002:00000DCC       IID_IHTMLElementCollection2
 0002:00000DDC       DIID_DispHTMLElementCollection
 0002:00000DEC       CLASS_HTMLElementCollection
 0002:00000DFC       IID_IHTMLHeaderElement
 0002:00000E0C       DIID_DispHTMLHeaderElement
 0002:00000E1C       CLASS_HTMLHeaderElement
 0002:00000E2C       DIID_HTMLSelectElementEvents2
 0002:00000E3C       DIID_HTMLSelectElementEvents
 0002:00000E4C       IID_IHTMLSelectElement
 0002:00000E5C       IID_IHTMLSelectElement2
 0002:00000E6C       DIID_DispHTMLSelectElement
 0002:00000E7C       CLASS_HTMLSelectElement
 0002:00000E8C       IID_IHTMLSelectionObject
 0002:00000E9C       IID_IHTMLOptionElement
 0002:00000EAC       IID_IHTMLOptionElementFactory
 0002:00000EBC       DIID_DispHTMLOptionElement
 0002:00000ECC       CLASS_HTMLOptionElement
 0002:00000EDC       CLASS_HTMLOptionElementFactory
 0002:00000EEC       DIID_HTMLButtonElementEvents2
 0002:00000EFC       DIID_HTMLButtonElementEvents
 0002:00000F0C       DIID_HTMLInputTextElementEvents2
 0002:00000F1C       DIID_HTMLOptionButtonElementEvents2
 0002:00000F2C       DIID_HTMLInputFileElementEvents2
 0002:00000F3C       DIID_HTMLInputImageEvents2
 0002:00000F4C       DIID_HTMLInputTextElementEvents
 0002:00000F5C       DIID_HTMLOptionButtonElementEvents
 0002:00000F6C       DIID_HTMLInputFileElementEvents
 0002:00000F7C       DIID_HTMLInputImageEvents
 0002:00000F8C       IID_IHTMLInputElement
 0002:00000F9C       IID_IHTMLInputButtonElement
 0002:00000FAC       IID_IHTMLInputHiddenElement
 0002:00000FBC       IID_IHTMLInputTextElement
 0002:00000FCC       IID_IHTMLInputFileElement
 0002:00000FDC       IID_IHTMLOptionButtonElement
 0002:00000FEC       IID_IHTMLInputImage
 0002:00000FFC       DIID_DispHTMLInputElement
 0002:0000100C       CLASS_HTMLInputElement
 0002:0000101C       IID_IHTMLTextAreaElement
 0002:0000102C       DIID_DispHTMLTextAreaElement
 0002:0000103C       CLASS_HTMLTextAreaElement
 0002:0000104C       DIID_DispHTMLRichtextElement
 0002:0000105C       CLASS_HTMLRichtextElement
 0002:0000106C       IID_IHTMLButtonElement
 0002:0000107C       DIID_DispHTMLButtonElement
 0002:0000108C       CLASS_HTMLButtonElement
 0002:0000109C       DIID_HTMLMarqueeElementEvents2
 0002:000010AC       DIID_HTMLMarqueeElementEvents
 0002:000010BC       IID_IHTMLMarqueeElement
 0002:000010CC       DIID_DispHTMLMarqueeElement
 0002:000010DC       CLASS_HTMLMarqueeElement
 0002:000010EC       IID_IHTMLTitleElement
 0002:000010FC       IID_IHTMLMetaElement
 0002:0000110C       IID_IHTMLBaseElement
 0002:0000111C       IID_IHTMLIsIndexElement
 0002:0000112C       IID_IHTMLNextIdElement
 0002:0000113C       DIID_DispHTMLHtmlElement
 0002:0000114C       CLASS_HTMLHtmlElement
 0002:0000115C       DIID_DispHTMLHeadElement
 0002:0000116C       CLASS_HTMLHeadElement
 0002:0000117C       DIID_DispHTMLTitleElement
 0002:0000118C       CLASS_HTMLTitleElement
 0002:0000119C       DIID_DispHTMLMetaElement
 0002:000011AC       CLASS_HTMLMetaElement
 0002:000011BC       DIID_DispHTMLBaseElement
 0002:000011CC       CLASS_HTMLBaseElement
 0002:000011DC       DIID_DispHTMLIsIndexElement
 0002:000011EC       CLASS_HTMLIsIndexElement
 0002:000011FC       DIID_DispHTMLNextIdElement
 0002:0000120C       CLASS_HTMLNextIdElement
 0002:0000121C       IID_IHTMLBaseFontElement
 0002:0000122C       DIID_DispHTMLBaseFontElement
 0002:0000123C       CLASS_HTMLBaseFontElement
 0002:0000124C       IID_IHTMLUnknownElement
 0002:0000125C       DIID_DispHTMLUnknownElement
 0002:0000126C       CLASS_HTMLUnknownElement
 0002:0000127C       IID_IOmHistory
 0002:0000128C       IID_IHTMLMimeTypesCollection
 0002:0000129C       IID_IHTMLPluginsCollection
 0002:000012AC       IID_IHTMLOpsProfile
 0002:000012BC       IID_IOmNavigator
 0002:000012CC       IID_IHTMLLocation
 0002:000012DC       CLASS_HTMLHistory
 0002:000012EC       CLASS_CMimeTypes
 0002:000012FC       CLASS_CPlugins
 0002:0000130C       CLASS_COpsProfile
 0002:0000131C       CLASS_HTMLNavigator
 0002:0000132C       CLASS_HTMLLocation
 0002:0000133C       IID_IHTMLBookmarkCollection
 0002:0000134C       IID_IHTMLDataTransfer
 0002:0000135C       IID_IHTMLEventObj2
 0002:0000136C       DIID_DispCEventObj
 0002:0000137C       CLASS_CEventObj
 0002:0000138C       DIID_HTMLWindowEvents2
 0002:0000139C       DIID_HTMLWindowEvents
 0002:000013AC       IID_IHTMLDocument
 0002:000013BC       IID_IHTMLDocument2
 0002:000013CC       IID_IHTMLFramesCollection2
 0002:000013DC       IID_IHTMLWindow2
 0002:000013EC       IID_IHTMLScreen
 0002:000013FC       IID_IHTMLWindow3
 0002:0000140C       CLASS_HTMLScreen
 0002:0000141C       DIID_DispHTMLWindow2
 0002:0000142C       CLASS_HTMLWindow2
 0002:0000143C       DIID_DispHTMLWindowProxy
 0002:0000144C       CLASS_HTMLWindowProxy
 0002:0000145C       DIID_HTMLDocumentEvents2
 0002:0000146C       DIID_HTMLDocumentEvents
 0002:0000147C       IID_IHTMLDocument3
 0002:0000148C       DIID_DispHTMLDocument
 0002:0000149C       CLASS_HTMLDocument
 0002:000014AC       IID_IHTMLDocumentFragment
 0002:000014BC       DIID_DispHTMLDocumentFragment
 0002:000014CC       CLASS_HTMLDocumentFragment
 0002:000014DC       DIID_DWebBridgeEvents
 0002:000014EC       IID_IWebBridge
 0002:000014FC       IID_IWBScriptControl
 0002:0000150C       CLASS_Scriptlet
 0002:0000151C       IID_IHTMLEmbedElement
 0002:0000152C       DIID_DispHTMLEmbed
 0002:0000153C       CLASS_HTMLEmbed
 0002:0000154C       DIID_HTMLMapEvents2
 0002:0000155C       DIID_HTMLMapEvents
 0002:0000156C       IID_IHTMLAreasCollection
 0002:0000157C       IID_IHTMLAreasCollection2
 0002:0000158C       IID_IHTMLMapElement
 0002:0000159C       DIID_DispHTMLAreasCollection
 0002:000015AC       CLASS_HTMLAreasCollection
 0002:000015BC       DIID_DispHTMLMapElement
 0002:000015CC       CLASS_HTMLMapElement
 0002:000015DC       DIID_HTMLAreaEvents2
 0002:000015EC       DIID_HTMLAreaEvents
 0002:000015FC       IID_IHTMLAreaElement
 0002:0000160C       DIID_DispHTMLAreaElement
 0002:0000161C       CLASS_HTMLAreaElement
 0002:0000162C       IID_IHTMLTableCaption
 0002:0000163C       DIID_DispHTMLTableCaption
 0002:0000164C       CLASS_HTMLTableCaption
 0002:0000165C       IID_IHTMLCommentElement
 0002:0000166C       DIID_DispHTMLCommentElement
 0002:0000167C       CLASS_HTMLCommentElement
 0002:0000168C       IID_IHTMLPhraseElement
 0002:0000169C       IID_IHTMLSpanElement
 0002:000016AC       DIID_DispHTMLPhraseElement
 0002:000016BC       CLASS_HTMLPhraseElement
 0002:000016CC       DIID_DispHTMLSpanElement
 0002:000016DC       CLASS_HTMLSpanElement
 0002:000016EC       DIID_HTMLTableEvents2
 0002:000016FC       DIID_HTMLTableEvents
 0002:0000170C       IID_IHTMLTableSection
 0002:0000171C       IID_IHTMLTable
 0002:0000172C       IID_IHTMLTable2
 0002:0000173C       IID_IHTMLTableCol
 0002:0000174C       IID_IHTMLTableSection2
 0002:0000175C       IID_IHTMLTableRow
 0002:0000176C       IID_IHTMLTableRow2
 0002:0000177C       IID_IHTMLTableRowMetrics
 0002:0000178C       IID_IHTMLTableCell
 0002:0000179C       DIID_DispHTMLTable
 0002:000017AC       CLASS_HTMLTable
 0002:000017BC       DIID_DispHTMLTableCol
 0002:000017CC       CLASS_HTMLTableCol
 0002:000017DC       DIID_DispHTMLTableSection
 0002:000017EC       CLASS_HTMLTableSection
 0002:000017FC       DIID_DispHTMLTableRow
 0002:0000180C       CLASS_HTMLTableRow
 0002:0000181C       DIID_DispHTMLTableCell
 0002:0000182C       CLASS_HTMLTableCell
 0002:0000183C       DIID_HTMLScriptEvents2
 0002:0000184C       DIID_HTMLScriptEvents
 0002:0000185C       IID_IHTMLScriptElement
 0002:0000186C       DIID_DispHTMLScriptElement
 0002:0000187C       CLASS_HTMLScriptElement
 0002:0000188C       IID_IHTMLNoShowElement
 0002:0000189C       DIID_DispHTMLNoShowElement
 0002:000018AC       CLASS_HTMLNoShowElement
 0002:000018BC       DIID_HTMLObjectElementEvents2
 0002:000018CC       DIID_HTMLObjectElementEvents
 0002:000018DC       IID_IHTMLObjectElement
 0002:000018EC       IID_IHTMLObjectElement2
 0002:000018FC       DIID_DispHTMLObjectElement
 0002:0000190C       CLASS_HTMLObjectElement
 0002:0000191C       IID_IHTMLFrameBase
 0002:0000192C       DIID_DispHTMLFrameBase
 0002:0000193C       CLASS_HTMLFrameBase
 0002:0000194C       IID_IHTMLFrameElement
 0002:0000195C       DIID_DispHTMLFrameElement
 0002:0000196C       CLASS_HTMLFrameElement
 0002:0000197C       IID_IHTMLIFrameElement
 0002:0000198C       IID_IHTMLIFrameElement2
 0002:0000199C       DIID_DispHTMLIFrame
 0002:000019AC       CLASS_HTMLIFrame
 0002:000019BC       IID_IHTMLDivPosition
 0002:000019CC       IID_IHTMLFieldSetElement
 0002:000019DC       IID_IHTMLLegendElement
 0002:000019EC       DIID_DispHTMLDivPosition
 0002:000019FC       CLASS_HTMLDivPosition
 0002:00001A0C       DIID_DispHTMLFieldSetElement
 0002:00001A1C       CLASS_HTMLFieldSetElement
 0002:00001A2C       DIID_DispHTMLLegendElement
 0002:00001A3C       CLASS_HTMLLegendElement
 0002:00001A4C       IID_IHTMLSpanFlow
 0002:00001A5C       DIID_DispHTMLSpanFlow
 0002:00001A6C       CLASS_HTMLSpanFlow
 0002:00001A7C       IID_IHTMLFrameSetElement
 0002:00001A8C       IID_IHTMLFrameSetElement2
 0002:00001A9C       DIID_DispHTMLFrameSetSite
 0002:00001AAC       CLASS_HTMLFrameSetSite
 0002:00001ABC       IID_IHTMLBGsound
 0002:00001ACC       DIID_DispHTMLBGsound
 0002:00001ADC       CLASS_HTMLBGsound
 0002:00001AEC       IID_IHTMLFontNamesCollection
 0002:00001AFC       IID_IHTMLFontSizesCollection
 0002:00001B0C       IID_IHTMLOptionsHolder
 0002:00001B1C       DIID_HTMLStyleElementEvents2
 0002:00001B2C       DIID_HTMLStyleElementEvents
 0002:00001B3C       IID_IHTMLStyleElement
 0002:00001B4C       DIID_DispHTMLStyleElement
 0002:00001B5C       CLASS_HTMLStyleElement
 0002:00001B6C       IID_IHTMLStyleFontFace
 0002:00001B7C       CLASS_HTMLStyleFontFace
 0002:00001B8C       IID_ICSSFilterSite
 0002:00001B9C       IID_IMarkupPointer
 0002:00001BAC       IID_IMarkupContainer
 0002:00001BBC       IID_IActiveIMMApp
 0002:00001BCC       IID_IEnumRegisterWordA
 0002:00001BDC       IID_IEnumRegisterWordW
 0002:00001BEC       IID_IEnumInputContext
 0002:00001BFC       IID_ICSSFilter
 0002:00001C0C       IID_ISecureUrlHost
 0002:00001C1C       IID_IMarkupServices
 0002:00001C2C       IID_IMarkupTextFrags
 0002:00001C3C       IID_IXMLGenericParse
 0002:00001C4C       IID_IHTMLDialog
 0002:00001C5C       IID_IHTMLDialog2
 0002:00001C6C       IID_IHTMLModelessInit
 0002:00001C7C       CLASS_ThreadDialogProcParam
 0002:00001C8C       CLASS_HTMLDialog
 0002:00001C9C       IID_IHTMLAppBehavior
 0002:00001CAC       DIID_DispHTMLAppBehavior
 0002:00001CBC       CLASS_HTMLAppBehavior
 0002:00001CCC       CLASS_OldHTMLDocument
 0002:00001CDC       CLASS_OldHTMLFormElement
 0002:00001CEC       DIID_DispIHTMLInputButtonElement
 0002:00001CFC       CLASS_HTMLInputButtonElement
 0002:00001D0C       DIID_DispIHTMLInputTextElement
 0002:00001D1C       CLASS_HTMLInputTextElement
 0002:00001D2C       DIID_DispIHTMLInputFileElement
 0002:00001D3C       CLASS_HTMLInputFileElement
 0002:00001D4C       DIID_DispIHTMLOptionButtonElement
 0002:00001D5C       CLASS_HTMLOptionButtonElement
 0002:00001D6C       DIID_DispIHTMLInputImage
 0002:00001D7C       CLASS_htmlInputImage
 0002:00001D8C       CEventDispIDs
 0002:00001D94       CControlData
 0002:00002000       ModuleIsLib
 0002:00002001       ModuleIsPackage
 0002:00002004       TlsIndex
 0002:0000200C       HInstance
 0002:00002010       .1
 0002:00002014       tlsBuffer
 0002:00002018       .3
 0002:0000201C       .1
 0002:00002020       .1
 0002:00002024       .1
 0002:00002028       .1
 0002:0000202C       .1
 0002:00002030       .1
 0002:00002034       .1
 0002:00002038       .1
 0002:0000203C       .3
 0002:00002040       .1
 0002:00002044       .1
 0002:00002048       .41
 0002:0000204C       .111


Bound resource files

vclie.res
shdocvw.dcr
C:\TEMP\dtf2ADE.tmp


Program entry point at 0001:000198D0
