
 Start         Length     Name                   Class
 0001:00000000 00061D20H .text                   CODE
 0002:00000000 00000918H .data                   DATA
 0002:00000918 000000A1H .bss                    BSS


Detailed map of segments

 0001:00000000 00000396 C=CODE     S=.text    G=(none)   M=System   ACBP=A9
 0001:00000398 000001EC C=CODE     S=.text    G=(none)   M=SysInit  ACBP=A9
 0001:00000584 0000032E C=CODE     S=.text    G=(none)   M=Classes  ACBP=A9
 0001:000008B4 0000002E C=CODE     S=.text    G=(none)   M=ActiveX  ACBP=A9
 0001:000008E4 00000038 C=CODE     S=.text    G=(none)   M=Messages ACBP=A9
 0001:0000091C 00000048 C=CODE     S=.text    G=(none)   M=Windows  ACBP=A9
 0001:00000964 0000000E C=CODE     S=.text    G=(none)   M=Types    ACBP=A9
 0001:00000974 00000016 C=CODE     S=.text    G=(none)   M=TypInfo  ACBP=A9
 0001:0000098C 00000126 C=CODE     S=.text    G=(none)   M=SysUtils ACBP=A9
 0001:00000AB4 0000000E C=CODE     S=.text    G=(none)   M=SysConst ACBP=A9
 0001:00000AC4 0000003E C=CODE     S=.text    G=(none)   M=Variants ACBP=A9
 0001:00000B04 0000000E C=CODE     S=.text    G=(none)   M=VarUtils ACBP=A9
 0001:00000B14 0000000E C=CODE     S=.text    G=(none)   M=RTLConsts ACBP=A9
 0001:00000B24 000000B6 C=CODE     S=.text    G=(none)   M=HTTPApp  ACBP=A9
 0001:00000BDC 0000005E C=CODE     S=.text    G=(none)   M=Contnrs  ACBP=A9
 0001:00000C3C 00000016 C=CODE     S=.text    G=(none)   M=Math     ACBP=A9
 0001:00000C54 0000000E C=CODE     S=.text    G=(none)   M=Masks    ACBP=A9
 0001:00000C64 0000000E C=CODE     S=.text    G=(none)   M=BrkrConst ACBP=A9
 0001:00000C74 0000000E C=CODE     S=.text    G=(none)   M=WebConst ACBP=A9
 0001:00000C84 00000076 C=CODE     S=.text    G=(none)   M=HTTPProd ACBP=A9
 0001:00000CFC 0000003E C=CODE     S=.text    G=(none)   M=CopyPrsr ACBP=A9
 0001:00000D3C 000000FE C=CODE     S=.text    G=(none)   M=WebComp  ACBP=A9
 0001:00000E3C 0000003E C=CODE     S=.text    G=(none)   M=WebCntxt ACBP=A9
 0001:00000E7C 0000000E C=CODE     S=.text    G=(none)   M=WbmConst ACBP=A9
 0001:00000E8C 00000F0C C=CODE     S=.text    G=(none)   M=WebContnrs ACBP=A9
 0001:00001D98 000000A6 C=CODE     S=.text    G=(none)   M=ComObj   ACBP=A9
 0001:00001E40 0000000E C=CODE     S=.text    G=(none)   M=ComConst ACBP=A9
 0001:00001E50 00002045 C=CODE     S=.text    G=(none)   M=SiteComp ACBP=A9
 0001:00003E98 0000000E C=CODE     S=.text    G=(none)   M=StdVCL   ACBP=A9
 0001:00003EA8 0000015C C=CODE     S=.text    G=(none)   M=AscrLib  ACBP=A9
 0001:00004004 00000016 C=CODE     S=.text    G=(none)   M=Graphics ACBP=A9
 0001:0000401C 0000000E C=CODE     S=.text    G=(none)   M=Consts   ACBP=A9
 0001:0000402C 000039A0 C=CODE     S=.text    G=(none)   M=WebScript_TLB ACBP=A9
 0001:000079CC 00006D48 C=CODE     S=.text    G=(none)   M=AutoAdap ACBP=A9
 0001:0000E714 000002F8 C=CODE     S=.text    G=(none)   M=SiteConst ACBP=A9
 0001:0000EA0C 000017F3 C=CODE     S=.text    G=(none)   M=WebAuto  ACBP=A9
 0001:00010200 0000718C C=CODE     S=.text    G=(none)   M=WebScript ACBP=A9
 0001:0001738C 0000000E C=CODE     S=.text    G=(none)   M=SyncObjs ACBP=A9
 0001:0001739C 00000016 C=CODE     S=.text    G=(none)   M=DateUtils ACBP=A9
 0001:000173B4 00001EA8 C=CODE     S=.text    G=(none)   M=SessColn ACBP=A9
 0001:0001925C 00001098 C=CODE     S=.text    G=(none)   M=WebSess  ACBP=A9
 0001:0001A2F4 00003C90 C=CODE     S=.text    G=(none)   M=AdaptReq ACBP=A9
 0001:0001DF84 00006788 C=CODE     S=.text    G=(none)   M=WebDisp  ACBP=A9
 0001:0002470C 00003398 C=CODE     S=.text    G=(none)   M=WebModu  ACBP=A9
 0001:00027AA4 00000BF8 C=CODE     S=.text    G=(none)   M=WebFact  ACBP=A9
 0001:0002869C 0000015E C=CODE     S=.text    G=(none)   M=DB       ACBP=A9
 0001:000287FC 0000000E C=CODE     S=.text    G=(none)   M=FMTBcd   ACBP=A9
 0001:0002880C 0000000E C=CODE     S=.text    G=(none)   M=DBConsts ACBP=A9
 0001:0002881C 0000000E C=CODE     S=.text    G=(none)   M=SqlTimSt ACBP=A9
 0001:0002882C 0000000E C=CODE     S=.text    G=(none)   M=MaskUtils ACBP=A9
 0001:0002883C 0000015E C=CODE     S=.text    G=(none)   M=MidItems ACBP=A9
 0001:0002899C 0000000E C=CODE     S=.text    G=(none)   M=MidComp  ACBP=A9
 0001:000289AC 0000000E C=CODE     S=.text    G=(none)   M=MidProd  ACBP=A9
 0001:000289BC 0000002E C=CODE     S=.text    G=(none)   M=CompProd ACBP=A9
 0001:000289EC 0000000E C=CODE     S=.text    G=(none)   M=XMLBrokr ACBP=A9
 0001:000289FC 0000000E C=CODE     S=.text    G=(none)   M=AutoDisp ACBP=A9
 0001:00028A0C 0000000E C=CODE     S=.text    G=(none)   M=Midas    ACBP=A9
 0001:00028A1C 0000000E C=CODE     S=.text    G=(none)   M=Provider ACBP=A9
 0001:00028A2C 0000000E C=CODE     S=.text    G=(none)   M=DSIntf   ACBP=A9
 0001:00028A3C 0000000E C=CODE     S=.text    G=(none)   M=DBCommon ACBP=A9
 0001:00028A4C 0000000E C=CODE     S=.text    G=(none)   M=MidConst ACBP=A9
 0001:00028A5C 0000000E C=CODE     S=.text    G=(none)   M=DBClient ACBP=A9
 0001:00028A6C 0000000E C=CODE     S=.text    G=(none)   M=DataBkr  ACBP=A9
 0001:00028A7C 0000000E C=CODE     S=.text    G=(none)   M=DBWeb    ACBP=A9
 0001:00028A8C 0000001E C=CODE     S=.text    G=(none)   M=PagItems ACBP=A9
 0001:00028AAC 0000000E C=CODE     S=.text    G=(none)   M=ScrptMgr ACBP=A9
 0001:00028ABC 00017158 C=CODE     S=.text    G=(none)   M=WebAdapt ACBP=A9
 0001:0003FC14 000109F0 C=CODE     S=.text    G=(none)   M=WebForm  ACBP=A9
 0001:00050604 0000000E C=CODE     S=.text    G=(none)   M=DSProd   ACBP=A9
 0001:00050614 00001B78 C=CODE     S=.text    G=(none)   M=SiteProd ACBP=A9
 0001:0005218C 00000450 C=CODE     S=.text    G=(none)   M=ReqFiles ACBP=A9
 0001:000525DC 00000D34 C=CODE     S=.text    G=(none)   M=HTTPParse ACBP=A9
 0001:00053310 00000BF0 C=CODE     S=.text    G=(none)   M=ReqMulti ACBP=A9
 0001:00053F00 0000A320 C=CODE     S=.text    G=(none)   M=DBAdapt  ACBP=A9
 0001:0005E220 00000016 C=CODE     S=.text    G=(none)   M=jpeg     ACBP=A9
 0001:0005E238 0000000E C=CODE     S=.text    G=(none)   M=JConsts  ACBP=A9
 0001:0005E248 0000137F C=CODE     S=.text    G=(none)   M=DBAdaptImg ACBP=A9
 0001:0005F5C8 00001364 C=CODE     S=.text    G=(none)   M=WebUsers ACBP=A9
 0001:0006092C 0000008E C=CODE     S=.text    G=(none)   M=XMLDoc   ACBP=A9
 0001:000609BC 0000000E C=CODE     S=.text    G=(none)   M=XMLIntf  ACBP=A9
 0001:000609CC 0000000E C=CODE     S=.text    G=(none)   M=xmldom   ACBP=A9
 0001:000609DC 0000000E C=CODE     S=.text    G=(none)   M=msxmldom ACBP=A9
 0001:000609EC 0000000E C=CODE     S=.text    G=(none)   M=msxml    ACBP=A9
 0001:000609FC 0000000E C=CODE     S=.text    G=(none)   M=XMLSchema ACBP=A9
 0001:00060A0C 0000000E C=CODE     S=.text    G=(none)   M=XMLSchemaTags ACBP=A9
 0001:00060A1C 0000101C C=CODE     S=.text    G=(none)   M=XSLProd  ACBP=A9
 0001:00061A38 000002E5 C=CODE     S=.text    G=(none)   M=websnap  ACBP=A9
 0002:00000000 00000028 C=DATA     S=.data    G=DGROUP   M=SysInit  ACBP=A9
 0002:00000028 0000006C C=DATA     S=.data    G=DGROUP   M=SiteComp ACBP=A9
 0002:00000094 00000060 C=DATA     S=.data    G=DGROUP   M=AscrLib  ACBP=A9
 0002:000000F4 000003B0 C=DATA     S=.data    G=DGROUP   M=WebScript_TLB ACBP=A9
 0002:000004A4 00000028 C=DATA     S=.data    G=DGROUP   M=WebScript ACBP=A9
 0002:000004CC 000001FC C=DATA     S=.data    G=DGROUP   M=HTTPParse ACBP=A9
 0002:000006C8 00000010 C=DATA     S=.data    G=DGROUP   M=DBAdapt  ACBP=A9
 0002:00001000 00000018 C=BSS      S=.bss     G=DGROUP   M=SysInit  ACBP=A9
 0002:00001018 00000004 C=BSS      S=.bss     G=DGROUP   M=Messages ACBP=A9
 0002:0000101C 00000004 C=BSS      S=.bss     G=DGROUP   M=Windows  ACBP=A9
 0002:00001020 00000004 C=BSS      S=.bss     G=DGROUP   M=WebContnrs ACBP=A9
 0002:00001024 00000004 C=BSS      S=.bss     G=DGROUP   M=SiteComp ACBP=A9
 0002:00001028 00000004 C=BSS      S=.bss     G=DGROUP   M=AscrLib  ACBP=A9
 0002:0000102C 00000004 C=BSS      S=.bss     G=DGROUP   M=WebScript_TLB ACBP=A9
 0002:00001030 00000004 C=BSS      S=.bss     G=DGROUP   M=AutoAdap ACBP=A9
 0002:00001034 00000004 C=BSS      S=.bss     G=DGROUP   M=SiteConst ACBP=A9
 0002:00001038 0000000C C=BSS      S=.bss     G=DGROUP   M=WebAuto  ACBP=A9
 0002:00001044 0000000C C=BSS      S=.bss     G=DGROUP   M=WebScript ACBP=A9
 0002:00001050 00000008 C=BSS      S=.bss     G=DGROUP   M=SessColn ACBP=A9
 0002:00001058 00000004 C=BSS      S=.bss     G=DGROUP   M=WebSess  ACBP=A9
 0002:0000105C 00000004 C=BSS      S=.bss     G=DGROUP   M=AdaptReq ACBP=A9
 0002:00001060 00000008 C=BSS      S=.bss     G=DGROUP   M=WebDisp  ACBP=A9
 0002:00001068 00000004 C=BSS      S=.bss     G=DGROUP   M=WebModu  ACBP=A9
 0002:0000106C 00000004 C=BSS      S=.bss     G=DGROUP   M=WebFact  ACBP=A9
 0002:00001070 00000008 C=BSS      S=.bss     G=DGROUP   M=WebAdapt ACBP=A9
 0002:00001078 00000004 C=BSS      S=.bss     G=DGROUP   M=WebForm  ACBP=A9
 0002:0000107C 00000004 C=BSS      S=.bss     G=DGROUP   M=SiteProd ACBP=A9
 0002:00001080 00000004 C=BSS      S=.bss     G=DGROUP   M=ReqFiles ACBP=A9
 0002:00001084 00000004 C=BSS      S=.bss     G=DGROUP   M=HTTPParse ACBP=A9
 0002:00001088 00000004 C=BSS      S=.bss     G=DGROUP   M=ReqMulti ACBP=A9
 0002:0000108C 00000008 C=BSS      S=.bss     G=DGROUP   M=DBAdapt  ACBP=A9
 0002:00001094 00000004 C=BSS      S=.bss     G=DGROUP   M=DBAdaptImg ACBP=A9
 0002:00001098 00000004 C=BSS      S=.bss     G=DGROUP   M=WebUsers ACBP=A9
 0002:0000109C 00000004 C=BSS      S=.bss     G=DGROUP   M=XSLProd  ACBP=A9


  Address         Publics by Name

 0002:0000103C       .01
 0002:00001024       .01
 0002:0000104C       .04
 0002:00001034       .1
 0002:00001010       .1
 0002:00001028       .1
 0002:00001018       .1
 0002:00001078       .13
 0002:00001090       .13
 0002:00001084       .2
 0002:00001088       .2
 0002:00001074       .28
 0002:00001094       .3
 0002:0000101C       .3
 0002:00001080       .4
 0002:00001020       .4
 0002:0000109C       .4
 0002:0000105C       .41
 0002:0000107C       .5
 0002:00001058       .5
 0002:00001068       .61
 0002:00001054       .7
 0002:00001030       .72
 0002:00001098       .8
 0002:00001060       .81
 0002:0000106C       .9
 0002:0000102C       .92
 0001:00061CF8       @GetPackageInfoTable
 0001:000004D0       @InitPkg
 0001:00000534       @PackageLoad
 0001:00061D00       @PackageLoad
 0001:00000540       @PackageUnload
 0001:00061D0C       @PackageUnload
 0001:0004C1B4       ActionFieldValue
 0001:0003D550       ActionFieldValueAsBoolean
 0001:0003A978       ActionFieldValueAsString
 0002:0000005C       AdapterActionHTMLElementTypeNames
 0002:0000004C       AdapterDisplayHTMLElementTypeNames
 0002:0000006C       AdapterDisplayViewModeTypeNames
 0002:00000028       AdapterInputHTMLElementTypeNames
 0001:00021210       AdapterRequestParamsAsStrings
 0001:0001DF7C       AdaptReq
 0001:0001542C       Add
 0001:0005A640       Add
 0001:00037E70       AddDefaultActions
 0001:00058A38       AddDefaultDataSetActions
 0001:000589D0       AddDefaultDataSetFields
 0001:00037D70       AddDefaultFields
 0001:0003F014       AddDefaultPagedAdapterActions
 0001:0005B8D4       AddLocateParamsString
 0001:000204F8       AddNameValue
 0001:0004D62C       AddToCondition
 0001:00047124       AddToCondition
 0001:0001BC4C       AddValues
 0001:000003D0       AllocTlsBuffer
 0001:0004C328       AnchorClickEvent
 0001:00003FFC       AscrLib
 0001:000364F0       AsEditText
 0001:0000E590       AutoAdap
 0001:0005A2C4       CalcAdapterMode
 0001:00045718       CalcDefaultAdapterActionElementType
 0001:00045664       CalcDefaultAdapterDisplayElementType
 0001:000455B0       CalcDefaultAdapterInputElementType
 0001:000457CC       CalcDefaultAdapterViewModeType
 0001:000458F0       CalcDisplayFieldHTMLElementType
 0001:00045898       CalcDisplayFieldViewMode
 0001:0004D674       CalcImageProducerDisplayType
 0002:000004CC       CharValue
 0001:0004AA40       CheckBoxGroupFunction
 0001:000440CC       ChildTableIndent
 0002:00000454       CLASS_AdapterActionArrayWrapper
 0002:000001A4       CLASS_AdapterActionWrapper
 0002:00000144       CLASS_AdapterErrorsWrapper
 0002:000002C4       CLASS_AdapterErrorWrapper
 0002:000003F4       CLASS_AdapterFieldValuesWrapper
 0002:00000184       CLASS_AdapterFieldWrapper
 0002:00000414       CLASS_AdapterHiddenFieldsWrapper
 0002:00000434       CLASS_AdapterHiddenFieldWrapper
 0002:000003C4       CLASS_AdapterImageWrapper
 0002:00000164       CLASS_AdapterRecordsWrapper
 0002:000001E4       CLASS_AdapterRecordWrapper
 0002:00000384       CLASS_AdapterValuesListWrapper
 0002:00000394       CLASS_AdapterWrapper
 0002:000003D4       CLASS_ApplicationWrapper
 0002:000001B4       CLASS_ComponentsWrapper
 0002:00000364       CLASS_EndUserWrapper
 0002:000001C4       CLASS_EnumVariantWrapper
 0002:00000224       CLASS_HTMLItemsWrapper
 0002:00000494       CLASS_ImageProducerWrapper
 0002:00000284       CLASS_ModulesWrapper
 0002:00000264       CLASS_ModuleWrapper
 0002:000002E4       CLASS_PagesWrapper
 0002:00000244       CLASS_PageWrapper
 0002:000002A4       CLASS_ProducerWrapper
 0002:00000474       CLASS_RequestWrapper
 0002:00000204       CLASS_ResponseWrapper
 0002:00000344       CLASS_SessionIDWrapper
 0002:00000324       CLASS_SessionWrapper
 0001:000076E8       CoAdapterActionArrayWrapper.Create
 0001:0000774C       CoAdapterActionArrayWrapper.CreateRemote
 0001:00006350       CoAdapterActionWrapper.Create
 0001:000063B4       CoAdapterActionWrapper.CreateRemote
 0001:000060A4       CoAdapterErrorsWrapper.Create
 0001:00006108       CoAdapterErrorsWrapper.CreateRemote
 0001:00006C38       CoAdapterErrorWrapper.Create
 0001:00006C9C       CoAdapterErrorWrapper.CreateRemote
 0001:0000743C       CoAdapterFieldValuesWrapper.Create
 0001:000074A0       CoAdapterFieldValuesWrapper.CreateRemote
 0001:0000626C       CoAdapterFieldWrapper.Create
 0001:000062D0       CoAdapterFieldWrapper.CreateRemote
 0001:00007520       CoAdapterHiddenFieldsWrapper.Create
 0001:00007584       CoAdapterHiddenFieldsWrapper.CreateRemote
 0001:00007604       CoAdapterHiddenFieldWrapper.Create
 0001:00007668       CoAdapterHiddenFieldWrapper.CreateRemote
 0001:00007274       CoAdapterImageWrapper.Create
 0001:000072D8       CoAdapterImageWrapper.CreateRemote
 0001:00006188       CoAdapterRecordsWrapper.Create
 0001:000061EC       CoAdapterRecordsWrapper.CreateRemote
 0001:000065FC       CoAdapterRecordWrapper.Create
 0001:00006660       CoAdapterRecordWrapper.CreateRemote
 0001:000070AC       CoAdapterValuesListWrapper.Create
 0001:00007110       CoAdapterValuesListWrapper.CreateRemote
 0001:00007190       CoAdapterWrapper.Create
 0001:000071F4       CoAdapterWrapper.CreateRemote
 0001:00007358       CoApplicationWrapper.Create
 0001:000073BC       CoApplicationWrapper.CreateRemote
 0001:00006434       CoComponentsWrapper.Create
 0001:00006498       CoComponentsWrapper.CreateRemote
 0001:00006FC8       CoEndUserWrapper.Create
 0001:0000702C       CoEndUserWrapper.CreateRemote
 0001:00006518       CoEnumVariantWrapper.Create
 0001:0000657C       CoEnumVariantWrapper.CreateRemote
 0001:000067C4       CoHTMLItemsWrapper.Create
 0001:00006828       CoHTMLItemsWrapper.CreateRemote
 0001:000078B0       CoImageProducerWrapper.Create
 0001:00007914       CoImageProducerWrapper.CreateRemote
 0001:00006A70       CoModulesWrapper.Create
 0001:00006AD4       CoModulesWrapper.CreateRemote
 0001:0000698C       CoModuleWrapper.Create
 0001:000069F0       CoModuleWrapper.CreateRemote
 0001:0004FF24       ContainerWarnings
 0001:0005E7FC       ConvertBitmapToJpeg
 0001:0004C194       ConvertDisplayType
 0001:000458D8       ConvertDisplayType
 0001:00045ACC       ConvertDisplayType
 0001:0004B4B0       ConvertInputType
 0001:00045880       ConvertViewModeType
 0001:00006D1C       CoPagesWrapper.Create
 0001:00006D80       CoPagesWrapper.CreateRemote
 0001:000068A8       CoPageWrapper.Create
 0001:0000690C       CoPageWrapper.CreateRemote
 0001:00006B54       CoProducerWrapper.Create
 0001:00006BB8       CoProducerWrapper.CreateRemote
 0001:000077CC       CoRequestWrapper.Create
 0001:00007830       CoRequestWrapper.CreateRemote
 0001:000066E0       CoResponseWrapper.Create
 0001:00006744       CoResponseWrapper.CreateRemote
 0001:00006EE4       CoSessionIDWrapper.Create
 0001:00006F48       CoSessionIDWrapper.CreateRemote
 0001:00006E00       CoSessionWrapper.Create
 0001:00006E64       CoSessionWrapper.CreateRemote
 0001:00034BA8       CrunchFieldName
 0002:0000108C       DataSetAdapterImageFieldClass
 0002:000006C8       DataSetAdapterModeNames
 0001:0005E218       DBAdapt
 0001:0005F5B0       DBAdaptImg
 0001:0005C1D0       DeleteRow
 0001:00020858       DispatchPageName
 0001:000012A8       DoWrite
 0001:0003EF18       EAdapterException.CreateID
 0001:0003ECC8       EAdapterFieldException.Create
 0001:000148BC       ECannotCreateScriptEngine.Create
 0001:00020594       EncodeParamNameValues
 0001:00020304       EncodeParamsAsHTTPQuery
 0002:00000088       ExecuteScript
 0001:0000047C       ExitProcessTLS
 0001:00000454       ExitThreadTLS
 0001:00022630       ExpandScriptException
 0001:0001D90C       ExtractAdapterName
 0001:00053A70       ExtractContentDispositionFields
 0001:00015E34       ExtractIncludeFile
 0001:0002063C       ExtractParamNameValues
 0001:0001D854       ExtractRecordIndex
 0001:0001FFB0       ExtractStringValue
 0001:0001B988       ExtractStringValue
 0002:00001040       FactoryList
 0001:0000091C       Failed
 0001:0000F334       FFactoryList
 0001:00044020       FieldIndent
 0001:0005F580       Finalization
 0001:0005E1D0       Finalization
 0001:00001D60       Finalization
 0001:000101A0       Finalization
 0001:00053EBC       Finalization
 0001:00003DC4       Finalization
 0001:0003FB60       Finalization
 0001:0001DF4C       Finalization
 0001:000608F4       Finalization
 0001:00003FCC       Finalization
 0001:0000054C       Finalization
 0001:000532D8       Finalization
 0001:000008E4       Finalization
 0001:000525A4       Finalization
 0001:0000E9D4       Finalization
 0001:0000092C       Finalization
 0001:0000E560       Finalization
 0001:000171E8       Finalization
 0001:00061A00       Finalization
 0001:0001A2BC       Finalization
 0001:000505CC       Finalization
 0001:000246C8       Finalization
 0001:00052154       Finalization
 0001:000191FC       Finalization
 0001:00027A6C       Finalization
 0001:00007994       Finalization
 0001:00028664       Finalization
 0001:00039870       Find
 0001:00043F90       FindAdapter
 0001:0003804C       FindAdapterAction
 0001:0000C3B0       FindAdapterDispatcher
 0001:000274BC       FindAdapterDispatcher
 0001:00037F7C       FindAdapterField
 0001:00034DA4       FindAdapterInParent
 0001:0001D804       FindAdapterRecordStrings
 0001:0001D7A4       FindAdapterStrings
 0001:0000C178       FindApplicationModuleOfObject
 0001:000536D8       FindBoundaries
 0001:00021778       FindDefaultAppModulePageName
 0001:000217C0       FindDefaultAppPageName
 0001:0001B8DC       FindDefaultComponentOwnerPageName
 0001:00025C14       FindNamedModuleVariable
 0001:00044178       FindVariablesContainer
 0001:00044208       FindVariablesContainerInParent
 0001:0004C624       FormAction
 0001:00048880       FormatActionField
 0001:0004D084       FormatAnchor
 0001:0004D390       FormatButton
 0001:0004E130       FormatButton
 0001:0004EC00       FormatCommand
 0001:0004B9D4       FormatDisplayControl
 0001:00048D2C       FormatField
 0001:000487F0       FormatField
 0001:00048DBC       FormatHiddenFields
 0001:00044BC0       FormatHiddenFields
 0001:00044C8C       FormatHiddenRecordFields
 0001:0004716C       FormatHideFieldConditions
 0001:0004C9BC       FormatImage
 0001:0004C6B0       FormatImageEvent
 0001:0004C7F8       FormatImageEvents
 0001:0004B8B8       FormatInputControl
 0001:0004C440       FormatList
 0001:00050F7C       FormatStyles
 0001:0004BA40       FormatToggleOnAccess
 0001:00000398       FreeLibrary
 0001:00003C3C       FullyQualifiedFieldName
 0001:00003A70       FullyQualifiedName
 0001:00035F14       GetActionFieldValues
 0001:000592DC       GetActionFieldValues
 0001:0005ED04       GetActionFieldValues
 0001:00038210       GetActionHandleResponse
 0001:00038374       GetActionRespondWith
 0001:000443C8       GetAdapterModeOfAdapterInParent
 0001:000202D4       GetAdapterRequestHTTPPath
 0001:0005B868       GetAdapterRequestParamsIntf
 0001:00038A60       GetAdapterRequestParamsIntf
 0001:00052C3C       GetHashCode
 0002:00000090       GetHTMLSampleImage
 0001:00051E2C       GetLocateFileService
 0001:0001CCD8       GetModes
 0001:00025CE0       GetModuleVariable
 0001:00025DA8       GetModuleVariableCount
 0001:00049630       GetRequirements
 0001:000003DC       GetTlsSize
 0001:00003D34       GetWebEndUser
 0002:000004A4       GlobalScriptVariableNames
 0002:0000100C       HInstance
 0001:00053308       HTTPParse
 0002:0000008C       IDEFileManager
 0002:000000A4       IID_IActiveScript
 0002:000000C4       IID_IActiveScriptError
 0002:000000D4       IID_IActiveScriptParse
 0002:000000B4       IID_IActiveScriptSite
 0002:000000E4       IID_IActiveScriptSiteWindow
 0002:00000444       IID_IAdapterActionArrayWrapper
 0002:00000194       IID_IAdapterActionWrapper
 0002:00000134       IID_IAdapterErrorsWrapper
 0002:000002B4       IID_IAdapterErrorWrapper
 0002:000003E4       IID_IAdapterFieldValuesWrapper
 0002:00000174       IID_IAdapterFieldWrapper
 0002:00000404       IID_IAdapterHiddenFieldsWrapper
 0002:00000424       IID_IAdapterHiddenFieldWrapper
 0002:000003B4       IID_IAdapterImageWrapper
 0002:00000154       IID_IAdapterRecordsWrapper
 0002:000001D4       IID_IAdapterRecordWrapper
 0002:00000374       IID_IAdapterValuesListWrapper
 0002:00000304       IID_IAdapterWrapper
 0002:000003A4       IID_IApplicationWrapper
 0002:00000114       IID_IBaseAdapterWrapper
 0002:000002F4       IID_IBaseRecordsAdapterWrapper
 0002:00000124       IID_IComponentsWrapper
 0002:00000104       IID_IComponentWrapper
 0002:00000354       IID_IEndUserWrapper
 0002:00000214       IID_IHTMLItemsWrapper
 0002:00000484       IID_IImageProducerWrapper
 0002:00000274       IID_IModulesWrapper
 0002:00000254       IID_IModuleWrapper
 0002:000002D4       IID_IPagesWrapper
 0002:00000234       IID_IPageWrapper
 0002:00000294       IID_IProducerWrapper
 0002:00000464       IID_IRequestWrapper
 0002:000001F4       IID_IResponseWrapper
 0002:00000334       IID_ISessionIDWrapper
 0002:00000314       IID_ISessionWrapper
 0001:00015D70       IncludeTypeOfString
 0002:0000007C       InetFileTypes
 0001:000004A0       InitializeModule
 0001:00000428       InitProcessTLS
 0001:00010140       InitScriptComServer
 0001:000003E4       InitThreadTLS
 0001:0004C924       InMultirecordView
 0002:00000084       InternetEnvOptions
 0001:00023174       InvokeRequestHandler
 0001:000533CC       IsMultipartForm
 0001:00017D88       ItemHasExpired
 0002:00000094       LIBID_ActiveScriptLib
 0002:000000F4       LIBID_WebScript
 0001:0003BCC4       ListApplicationActions
 0001:0003BC94       ListApplicationFields
 0001:000587BC       ListDataSetActions
 0001:00058608       ListDataSetFields
 0001:0003B078       ListEndUserActions
 0001:0003B01C       ListEndUserFields
 0001:000395F0       ListIsClear
 0001:0003EF90       ListPagedAdapterActions
 0001:0004A39C       ListValuesFunction
 0001:000003A0       LocalAlloc
 0001:000003A8       LocalFree
 0001:0002043C       LocalHTTPEnc
 0001:00052D50       LookupToken
 0001:00044340       MakeAdapterHTMLName
 0001:000442AC       MakeAdapterItemVariableName
 0001:00044304       MakeAdapterItemVariableValue
 0001:00034C80       MakeAdapterRequestIdentifier
 0001:0004421C       MakeAdapterVariableName
 0001:00034C24       MakeValidAdapterFieldName
 0001:00000914       Messages
 0002:00000000       Module
 0002:00001000       ModuleIsLib
 0002:00001001       ModuleIsPackage
 0001:0001D780       NewStrings
 0001:00015B2C       NotBlank
 0002:00001070       NotifyPossibleHTMLChange
 0001:00020794       PageNameOfRequest
 0001:00053BC0       ParseContentDisposition
 0001:000539C4       ParseContentType
 0001:0004A568       RadioGroupFunction
 0001:0001BA80       RaiseActionCantRedirectToBlankURL
 0001:0001B9D8       RaiseActionDoesNotProvideResponse
 0001:000344C8       RaiseActionExecutionNotPermitted
 0001:00034580       RaiseAdapterModificationNotPermitted
 0001:00020228       RaiseAdapterRequestNotHandled
 0001:000126C0       RaiseCannotCreateScriptEngine
 0001:0001BA2C       RaiseCantResponseToUnknownHTTPMethod
 0001:0002003C       RaiseDispatchBlankPageNameException
 0001:0003446C       RaiseFieldModificationNotPermitted
 0001:00034524       RaiseFieldViewNotPermitted
 0001:000347A4       RaiseFileUploadNotSupported
 0001:00034818       RaiseImageNotProvided
 0001:000126E0       RaiseIncludePageNotFound
 0001:000346BC       RaiseMultipleFilesException
 0001:00034648       RaiseMultipleValuesException
 0001:00060F9C       RaiseNoXMLData
 0001:00060F54       RaiseNoXMLDocument
 0001:0000F354       RaiseObjectDoesNotSupportScripting
 0001:00020090       RaisePageAccessDenied
 0001:000200E4       RaisePageDoesNotProvideContent
 0001:0001274C       RaisePageDoesNotSupportInclusion
 0001:00020150       RaisePageDoesNotSupportRedirect
 0001:000201BC       RaisePageNotFound
 0001:00034730       RaiseRequiredFileException
 0001:000345D4       RaiseRequiredValueException
 0001:00034400       RaiseVariableIsNotAContainer
 0001:00025BA8       RaiseVariableIsNotAContainer
 0001:00060F3C       RaiseXSLPageProducerError
 0001:000209C4       RedirectToPageName
 0001:00020000       RegisterAdapterRequestIdentifier
 0002:00001064       RegisteredRequestIdentifiers
 0001:000525D4       ReqFiles
 0001:00053EEC       ReqMulti
 0001:0001C954       RespondWithPage
 0001:00060098       RightsAsStrings
 0001:00044A8C       RowHeader
 0001:0001FEC8       SafeRedirect
 0002:00001038       ScriptComServer
 0002:00000080       ScriptDebugger
 0002:00001048       ScriptObjectFactories
 0002:00001044       ScriptSiteClass
 0001:0004A02C       SelOptionsFunction
 0001:00019238       SessColn
 0002:00001050       Sessions
 0001:00003E80       SiteComp
 0001:0000EA04       SiteConst
 0001:00052184       SiteProd
 0001:00053978       SkipLine
 0001:00023550       StoreValues
 0002:000005CC       SymbolTable
 0001:0000057C       SysInit
 0001:00044928       TableHeader
 0001:0003E22C       TAbstractFieldValuesAdapter.GetField
 0001:0003E238       TAbstractFieldValuesAdapter.GetValueIndex
 0001:0003E180       TAbstractFieldValuesAdapter.ImplCanAddFieldClass
 0001:0003E220       TAbstractFieldValuesAdapter.ImplEndIterator
 0001:0003E1BC       TAbstractFieldValuesAdapter.ImplGetFieldsList
 0001:0003E1F8       TAbstractFieldValuesAdapter.ImplGetScriptObject
 0001:0003E224       TAbstractFieldValuesAdapter.ImplNextIteration
 0001:0003E228       TAbstractFieldValuesAdapter.ImplStartIterator
 0001:00001120       TAbstractNamedVariants.Add
 0001:00001150       TAbstractNamedVariants.AddNamedVariants
 0001:00001148       TAbstractNamedVariants.Append
 0001:00001214       TAbstractNamedVariants.Assign
 0001:00001284       TAbstractNamedVariants.BeginUpdate
 0001:0000129C       TAbstractNamedVariants.CompareStrings
 0001:00001300       TAbstractNamedVariants.DefineProperties
 0001:00001354       TAbstractNamedVariants.Destroy
 0001:0000137C       TAbstractNamedVariants.EndUpdate
 0001:00001390       TAbstractNamedVariants.Equals
 0001:00001470       TAbstractNamedVariants.Error
 0001:0000149C       TAbstractNamedVariants.Exchange
 0001:00001594       TAbstractNamedVariants.GetCapacity
 0001:000018C0       TAbstractNamedVariants.GetName
 0001:0000159C       TAbstractNamedVariants.GetValue
 0001:00001924       TAbstractNamedVariants.GetVariant
 0001:000015C8       TAbstractNamedVariants.IndexOfName
 0001:00001654       TAbstractNamedVariants.Move
 0001:00001980       TAbstractNamedVariants.PutVariant
 0001:00001718       TAbstractNamedVariants.ReadData
 0001:000017E4       TAbstractNamedVariants.SetCapacity
 0001:000017E8       TAbstractNamedVariants.SetUpdateState
 0001:000017EC       TAbstractNamedVariants.SetValue
 0001:00001820       TAbstractNamedVariants.WriteData
 0001:0000F464       TAbstractScriptComServerObject.CountFactory
 0001:0000F468       TAbstractScriptComServerObject.CountObject
 0001:0000F46C       TAbstractScriptComServerObject.GetHelpFileName
 0001:0000F478       TAbstractScriptComServerObject.GetServerFileName
 0001:0000F484       TAbstractScriptComServerObject.GetServerKey
 0001:0000F490       TAbstractScriptComServerObject.GetServerName
 0001:0000F49C       TAbstractScriptComServerObject.GetStartSuspended
 0001:0000F4A0       TAbstractScriptComServerObject.GetTypeLib
 0001:0000F500       TAbstractScriptComServerObject.HaveTypeLib
 0001:0000F54C       TAbstractScriptComServerObject.RegisterScriptClass
 0001:0000F598       TAbstractScriptComServerObject.SetHelpFileName
 0001:000153B0       TAbstractScriptObjectFactory.AddGlobalObjects
 0001:000153B4       TAbstractScriptObjectFactory.Create
 0001:000153F8       TAbstractScriptObjectFactory.Destroy
 0001:00013414       TAbstractScriptSite.Create
 0001:00013490       TAbstractScriptSite.GetDocVersionString
 0001:000134A8       TAbstractScriptSite.GetItemInfo
 0001:0001355C       TAbstractScriptSite.GetLCID
 0001:000135B0       TAbstractScriptSite.GetWebModuleContext
 0001:00013568       TAbstractScriptSite.OnEnterScript
 0001:00013574       TAbstractScriptSite.OnLeaveScript
 0001:00013580       TAbstractScriptSite.OnScriptError
 0001:00013598       TAbstractScriptSite.OnScriptTerminate
 0001:000135A4       TAbstractScriptSite.OnStateChange
 0001:0001D0E0       TActionFieldValueImpl.Create
 0001:0001D1D4       TActionFieldValueImpl.Destroy
 0001:0001D20C       TActionFieldValueImpl.GetFieldName
 0001:0001D220       TActionFieldValueImpl.GetFile
 0001:0001D240       TActionFieldValueImpl.GetFileCount
 0001:0001D248       TActionFieldValueImpl.GetValue
 0001:0001D2A8       TActionFieldValueImpl.GetValueCount
 0001:0001C060       TActionFieldValuesImpl.AddValue
 0001:0001BF8C       TActionFieldValuesImpl.Create
 0001:0001C254       TActionFieldValuesImpl.CreateOrigValue
 0001:0001C228       TActionFieldValuesImpl.CreateOrigValue
 0001:0001C0BC       TActionFieldValuesImpl.CreateValue
 0001:0001C1FC       TActionFieldValuesImpl.CreateValue
 0001:0001C3F4       TActionFieldValuesImpl.Destroy
 0001:0001D684       TActionFieldValuesImpl.ExpandRecordKeys
 0001:0001C03C       TActionFieldValuesImpl.GetFieldCount
 0001:0001C044       TActionFieldValuesImpl.GetFieldName
 0001:0001C3DC       TActionFieldValuesImpl.GetOrigValue
 0001:0001D6F0       TActionFieldValuesImpl.GetRecordKeyCount
 0001:0001D704       TActionFieldValuesImpl.GetRecordKeyName
 0001:0001D720       TActionFieldValuesImpl.GetRecordKeyValue
 0001:0001C3C4       TActionFieldValuesImpl.GetValue
 0001:0001C0B0       TActionFieldValuesImpl.IndexOfField
 0001:0001C3AC       TActionFieldValuesImpl.OrigValueOfField
 0001:0001C394       TActionFieldValuesImpl.ValueOfField
 0001:0000CA7C       TActionLink.Create
 0001:0000C9E0       TActionLink.GetAdapterItemRequestParams
 0001:0000CB38       TActionLink.GetComponent
 0001:0000CB10       TActionLink.GetFailurePage
 0001:0000CB24       TActionLink.GetSuccessPage
 0001:0000A7E0       TAdapterActionArrayWrapper.Create
 0001:0000A85C       TAdapterActionArrayWrapper.Get_NewEnum
 0001:0001D95C       TAdapterActionFieldValuesList.Create
 0001:0001DE08       TAdapterActionFieldValuesList.Destroy
 0001:0001DE38       TAdapterActionFieldValuesList.GetCurrentFieldValuesList
 0001:0001DE74       TAdapterActionFieldValuesList.LocateActionFieldValuesOfAdapter
 0001:0002795C       TAdapterActionName.AssignTo
 0001:0002799C       TAdapterActionName.Create
 0001:000279D4       TAdapterActionName.GetAction
 0001:00027A50       TAdapterActionName.SetAdapter
 0001:00039220       TAdapterActions.AdapterCanAddClass
 0001:00039178       TAdapterActions.ImplCanAddClass
 0001:000391CC       TAdapterActions.ImplGetWebComponentNodeName
 0001:000391F0       TAdapterActions.SetWebParent
 0001:0004F80C       TAdapterActionsListHelper.Create
 0001:0004FBEC       TAdapterActionsListHelper.CreateDefaultActions
 0001:0004F8AC       TAdapterActionsListHelper.FindAction
 0001:0004F9C8       TAdapterActionsListHelper.GetActionsList
 0001:0004F850       TAdapterActionsListHelper.GetAddAllFieldsItem
 0001:0004F864       TAdapterActionsListHelper.GetAddFieldsDlgCaption
 0001:0004F878       TAdapterActionsListHelper.GetAddFieldsItem
 0001:0004F88C       TAdapterActionsListHelper.GetNewFieldPrefix
 0001:0004F988       TAdapterActionsListHelper.GetVisibleActions
 0001:0004FBD4       TAdapterActionsListHelper.IsActionInUse
 0001:0004FDAC       TAdapterActionsListHelper.SetAddDefaultActions
 0001:0000C46C       TAdapterActionWrapper.Get_Array_
 0001:0000C518       TAdapterActionWrapper.Get_AsFieldValue
 0001:0000C5C4       TAdapterActionWrapper.Get_AsHREF
 0001:0000C670       TAdapterActionWrapper.Get_CanExecute
 0001:0000C6F4       TAdapterActionWrapper.Get_DisplayLabel
 0001:0000C794       TAdapterActionWrapper.Get_DisplayStyle
 0001:0000C838       TAdapterActionWrapper.Get_Enabled
 0001:0000C8BC       TAdapterActionWrapper.Get_Visible
 0001:0000C940       TAdapterActionWrapper.LinkToPage
 0001:0003C0F4       TAdapterApplicationField.GetAdapter
 0001:0003C09C       TAdapterApplicationTitleField.GetDefaultFieldName
 0001:0003C0C0       TAdapterApplicationTitleField.ImplGetValue
 0001:0000A620       TAdapterComponentsWrapper.FindObject
 0001:0000A698       TAdapterComponentsWrapper.Get_NewEnum
 0001:00046650       TAdapterControlGroup.AdapterChange
 0001:00046800       TAdapterControlGroup.AddNotify
 0001:0004680C       TAdapterControlGroup.Create
 0001:00045FF8       TAdapterControlGroup.CreateDefaultFields
 0001:000465AC       TAdapterControlGroup.Destroy
 0001:000461F8       TAdapterControlGroup.FindField
 0001:000462D4       TAdapterControlGroup.GetAdapter
 0001:000468FC       TAdapterControlGroup.GetAdapterModeOfAdapter
 0001:00046988       TAdapterControlGroup.GetAdapterModeOfDisplay
 0001:00046754       TAdapterControlGroup.GetAdapterVariableName
 0001:0005036C       TAdapterControlGroup.GetControlRequirements
 0001:00046860       TAdapterControlGroup.GetDesigntimeWarnings
 0001:000463C8       TAdapterControlGroup.GetFieldsList
 0001:00045FB8       TAdapterControlGroup.GetVisibleFields
 0001:00050374       TAdapterControlGroup.ImplGetControlRequirements
 0001:000461E0       TAdapterControlGroup.IsFieldInUse
 0001:000463A0       TAdapterControlGroup.Notification
 0001:00046648       TAdapterControlGroup.NotifyAdapterChange
 0001:00046854       TAdapterControlGroup.RemoveNotify
 0001:000462D8       TAdapterControlGroup.SetAdapter
 0001:0004699C       TAdapterControlGroup.SetAddDefaultFields
 0001:00047688       TAdapterDataDisplay.Create
 0001:000472D8       TAdapterDataDisplay.FieldConditions
 0001:00046C78       TAdapterDataDisplay.FindAssociatedField
 0001:00046D00       TAdapterDataDisplay.FormatCaption
 0001:00047340       TAdapterDataDisplay.FormatColumnData
 0001:00047364       TAdapterDataDisplay.FormatColumnHeading
 0001:00050218       TAdapterDataDisplay.GetAdapterModeOfAdapter
 0001:00046C10       TAdapterDataDisplay.GetAdapterVariableName
 0001:00046B08       TAdapterDataDisplay.GetCaption
 0001:00046EA8       TAdapterDataDisplay.GetControlRequirements
 0001:0004701C       TAdapterDataDisplay.GetDesigntimeWarnings
 0001:000469D0       TAdapterDataDisplay.GetFieldName
 0001:00047014       TAdapterDataDisplay.GetVariablesContainer
 0001:00046F34       TAdapterDataDisplay.ImplContent
 0001:0004737C       TAdapterDataDisplay.ImplFormatColumnData
 0001:00047504       TAdapterDataDisplay.ImplFormatColumnHeading
 0001:00046EB0       TAdapterDataDisplay.ImplGetControlRequirements
 0001:00046C74       TAdapterDataDisplay.ImplRestoreDefaults
 0001:00046C08       TAdapterDataDisplay.RestoreDefaults
 0001:00046B78       TAdapterDataDisplay.SetCaption
 0001:000469E4       TAdapterDataDisplay.SetFieldName
 0001:00039584       TAdapterDefaultActions.ClearDefaultComponents
 0001:000394C8       TAdapterDefaultActions.Destroy
 0001:00039524       TAdapterDefaultActions.GetAddAllFieldsItem
 0001:00039538       TAdapterDefaultActions.GetAddFieldsDlgCaption
 0001:0003954C       TAdapterDefaultActions.GetAddFieldsItem
 0001:00039598       TAdapterDefaultActions.GetDefaultWebComponents
 0001:00039560       TAdapterDefaultActions.GetNewFieldPrefix
 0001:000394F8       TAdapterDefaultActions.GetVariablesInUse
 0001:0003959C       TAdapterDefaultActions.SetDefaultWebComponents
 0001:000394AC       TAdapterDefaultFields.ClearDefaultComponents
 0001:000393F0       TAdapterDefaultFields.Destroy
 0001:0003944C       TAdapterDefaultFields.GetAddAllFieldsItem
 0001:00039460       TAdapterDefaultFields.GetAddFieldsDlgCaption
 0001:00039474       TAdapterDefaultFields.GetAddFieldsItem
 0001:000394C0       TAdapterDefaultFields.GetDefaultWebComponents
 0001:00039488       TAdapterDefaultFields.GetNewFieldPrefix
 0001:00039420       TAdapterDefaultFields.GetVariablesInUse
 0001:000394C4       TAdapterDefaultFields.SetDefaultWebComponents
 0001:00023744       TAdapterDispatchParams.Create
 0001:000239A4       TAdapterDispatchParams.Destroy
 0001:000239D4       TAdapterDispatchParams.GetFailurePage
 0001:000239E8       TAdapterDispatchParams.GetHandler
 0001:00023AAC       TAdapterDispatchParams.GetObjectIdentifier
 0001:00023AC0       TAdapterDispatchParams.GetParams
 0001:00023AC4       TAdapterDispatchParams.GetRequestIdentifier
 0001:00023AD8       TAdapterDispatchParams.GetSuccessPage
 0001:0004F55C       TAdapterDisplayReferenceGroup.AdapterChange
 0001:0004F46C       TAdapterDisplayReferenceGroup.Create
 0001:0004F6E0       TAdapterDisplayReferenceGroup.Destroy
 0001:0004F804       TAdapterDisplayReferenceGroup.DisplayComponentChange
 0001:0004F77C       TAdapterDisplayReferenceGroup.GetAdapterDisplayCharacteristics
 0001:0004F4B0       TAdapterDisplayReferenceGroup.GetDesigntimeWarnings
 0001:0004F554       TAdapterDisplayReferenceGroup.NotifyAdapterChange
 0001:0004F54C       TAdapterDisplayReferenceGroup.OnDisplayComponentChange
 0001:0004F61C       TAdapterDisplayReferenceGroup.SetWebDisplayComponent
 0001:0003C188       TAdapterEndUserDisplayNameField.GetDefaultFieldName
 0001:0003C1B0       TAdapterEndUserDisplayNameField.ImplGetValue
 0001:0003C220       TAdapterEndUserField.GetAdapter
 0001:0003C128       TAdapterEndUserLoggedInField.GetDefaultFieldName
 0001:0003C150       TAdapterEndUserLoggedInField.ImplGetValue
 0001:00039E7C       TAdapterError.Create
 0001:00039EC4       TAdapterError.GetErrorText
 0001:00039F90       TAdapterError.GetField
 0001:0003A044       TAdapterError.GetID
 0001:0000B284       TAdapterErrorEnumerator.Create
 0001:0000B2E8       TAdapterErrorEnumerator.GetCurrent
 0001:00039C98       TAdapterErrorsList.AddError
 0001:00039B98       TAdapterErrorsList.AddError
 0001:00039C30       TAdapterErrorsList.AddError
 0001:00039AF4       TAdapterErrorsList.AddError
 0001:00039CD8       TAdapterErrorsList.Create
 0001:00039D50       TAdapterErrorsList.Destroy
 0001:00039E30       TAdapterErrorsList.GetFieldName
 0001:00039E4C       TAdapterErrorsList.GetID
 0001:00039E60       TAdapterErrorsList.GetMessage
 0001:00039CC0       TAdapterErrorsList.ImplClearErrors
 0001:00039D44       TAdapterErrorsList.ImplDefineLabel
 0001:00039D90       TAdapterErrorsList.ImplGetError
 0001:00039DBC       TAdapterErrorsList.ImplGetErrorCount
 0001:00039DC8       TAdapterErrorsList.ImplGetObjectErrors
 0001:00039E18       TAdapterErrorsList.ImplHasObjectErrors
 0001:0000A8E0       TAdapterErrorsWrapper.Create
 0001:0000A918       TAdapterErrorsWrapper.DefineLabel
 0001:0000AAA0       TAdapterErrorsWrapper.FieldErrors
 0001:0000AA14       TAdapterErrorsWrapper.Get_NewEnum
 0001:0000CBAC       TAdapterErrorWrapper.Create
 0001:0000CBF0       TAdapterErrorWrapper.Get_Field
 0001:0000CC80       TAdapterErrorWrapper.Get_ID
 0001:0000CCC0       TAdapterErrorWrapper.Get_Message
 0001:0000B1A8       TAdapterFieldRecordEnumerator.Create
 0001:0000B268       TAdapterFieldRecordEnumerator.GetCurrent
 0001:00039354       TAdapterFields.AdapterCanAddClass
 0001:000392BC       TAdapterFields.ImplCanAddClass
 0001:00039300       TAdapterFields.ImplGetWebComponentNodeName
 0001:00039324       TAdapterFields.SetWebParent
 0001:0000DF2C       TAdapterFieldValuesWrapper.FindObject
 0001:0000DFA4       TAdapterFieldValuesWrapper.Get_Records
 0001:0000E004       TAdapterFieldValuesWrapper.Get_Value
 0001:0000E108       TAdapterFieldValuesWrapper.HasValue
 0001:0000B8B0       TAdapterFieldWrapper.AsEditText
 0001:0000BC3C       TAdapterFieldWrapper.Get_CanModify
 0001:0000BCC0       TAdapterFieldWrapper.Get_CanView
 0001:0000B6AC       TAdapterFieldWrapper.Get_DisplayLabel
 0001:0000BAF4       TAdapterFieldWrapper.Get_DisplayStyle
 0001:0000B4FC       TAdapterFieldWrapper.Get_DisplayText
 0001:0000B5AC       TAdapterFieldWrapper.Get_DisplayWidth
 0001:0000B74C       TAdapterFieldWrapper.Get_EditText
 0001:0000BA38       TAdapterFieldWrapper.Get_Image
 0001:0000B7BC       TAdapterFieldWrapper.Get_InputName
 0001:0000BB98       TAdapterFieldWrapper.Get_InputStyle
 0001:0000B62C       TAdapterFieldWrapper.Get_MaxLength
 0001:0000C070       TAdapterFieldWrapper.Get_Required
 0001:0000BDF0       TAdapterFieldWrapper.Get_Value
 0001:0000BD44       TAdapterFieldWrapper.Get_Values
 0001:0000B934       TAdapterFieldWrapper.Get_ValuesList
 0001:0000BFCC       TAdapterFieldWrapper.Get_ViewMode
 0001:0000C0F4       TAdapterFieldWrapper.Get_Visible
 0001:0000BEBC       TAdapterFieldWrapper.IsEqual
 0001:000476CC       TAdapterFormLayout.Create
 0001:00048494       TAdapterFormLayout.EndButtons
 0001:00047FD4       TAdapterFormLayout.EndField
 0001:000484C0       TAdapterFormLayout.EndFields
 0001:00048304       TAdapterFormLayout.EndLayout
 0001:000481F0       TAdapterFormLayout.EndRow
 0001:0004826C       TAdapterFormLayout.EndTable
 0001:00050410       TAdapterFormLayout.GetAdapterFormLayout
 0001:000485F4       TAdapterFormLayout.GetChildTableIndent
 0001:000484EC       TAdapterFormLayout.GetFieldIndent
 0001:0004859C       TAdapterFormLayout.GetTableIndent
 0001:0004779C       TAdapterFormLayout.ImplLayoutButton
 0001:00047958       TAdapterFormLayout.ImplLayoutField
 0001:00047A70       TAdapterFormLayout.ImplLayoutLabelAndField
 0001:00047DD0       TAdapterFormLayout.ImplLayoutTable
 0001:00048074       TAdapterFormLayout.NextColumn
 0001:000483FC       TAdapterFormLayout.StartButtons
 0001:00047F3C       TAdapterFormLayout.StartFields
 0001:00048178       TAdapterFormLayout.StartRow
 0001:0004837C       TAdapterFormLayout.StartTable
 0001:0003EBB4       TAdapterHiddenField.Create
 0001:0003EBFC       TAdapterHiddenField.GetName
 0001:0003EC18       TAdapterHiddenField.GetValue
 0001:0000B398       TAdapterHiddenFieldsEnumerator.Create
 0001:0000B3FC       TAdapterHiddenFieldsEnumerator.GetCurrent
 0001:0003EABC       TAdapterHiddenFieldsList.Add
 0001:0003EAD8       TAdapterHiddenFieldsList.Clear
 0001:0003EAF0       TAdapterHiddenFieldsList.Create
 0001:0003EB44       TAdapterHiddenFieldsList.Destroy
 0001:0003EA70       TAdapterHiddenFieldsList.EndIterator
 0001:0003EA74       TAdapterHiddenFieldsList.GetCurrentIntf
 0001:0003EB7C       TAdapterHiddenFieldsList.GetField
 0001:0003EBA8       TAdapterHiddenFieldsList.GetFieldCount
 0001:0003EA8C       TAdapterHiddenFieldsList.NextIteration
 0001:0003EAA4       TAdapterHiddenFieldsList.StartIterator
 0001:0000ABF4       TAdapterHiddenFieldsWrapper.Create
 0001:0000AC2C       TAdapterHiddenFieldsWrapper.Get_NewEnum
 0001:0000ACB8       TAdapterHiddenFieldsWrapper.WriteFields
 0001:0000CD20       TAdapterHiddenFieldWrapper.Create
 0001:0000CD64       TAdapterHiddenFieldWrapper.Get_Name
 0001:0000CDC4       TAdapterHiddenFieldWrapper.Get_Value
 0001:0000D574       TAdapterImageWrapper.Create
 0001:0000D5F0       TAdapterImageWrapper.Get_AsHREF
 0001:00023AEC       TAdapterItemRequestParams.Create
 0001:00023B30       TAdapterItemRequestParams.Destroy
 0001:00023B60       TAdapterItemRequestParams.GetFailurePage
 0001:00023B74       TAdapterItemRequestParams.GetParamValues
 0001:00023B78       TAdapterItemRequestParams.GetSuccessPage
 0001:00023B8C       TAdapterItemRequestParams.SetFailurePage
 0001:00023BA0       TAdapterItemRequestParams.SetSuccessPage
 0001:0003EF5C       TAdapterLoginField.GetAdapter
 0001:0001CDB0       TAdapterModes.Create
 0001:0001CFA4       TAdapterModes.Destroy
 0001:0001CEA8       TAdapterModes.FindAdapterMode
 0001:0001CE20       TAdapterModes.GetAdapterCount
 0001:0001CE48       TAdapterModes.GetAdapterMode
 0001:0001CE2C       TAdapterModes.GetAdapterName
 0001:0003BEE4       TAdapterNamedDisplayField.Create
 0001:0003BF4C       TAdapterNamedDisplayField.GetDisplayStyle
 0001:0003BF7C       TAdapterNamedDisplayField.GetDisplayStyleType
 0001:0003BF84       TAdapterNamedDisplayField.GetInputStyle
 0001:0003BF78       TAdapterNamedDisplayField.GetInputStyleType
 0001:0003C030       TAdapterNamedDisplayField.GetViewMode
 0001:0003C020       TAdapterNamedDisplayField.GetViewModeType
 0001:0003BF24       TAdapterNamedDisplayField.ImplGetDisplayLabel
 0001:0003BF80       TAdapterNamedDisplayField.ImplGetDisplayWidth
 0001:0003BFB0       TAdapterNamedDisplayField.ImplGetRequired
 0001:0003C05C       TAdapterNamedDisplayField.IsDisplayLabelStored
 0001:0003BFB8       TAdapterNamedDisplayField.SetDisplayLabel
 0001:00037590       TAdapterNamedField.AsFormatted
 0001:00037BA0       TAdapterNamedField.CheckModifyAccess
 0001:00037C34       TAdapterNamedField.CheckViewAccess
 0001:00037358       TAdapterNamedField.FullyQualifyInputName
 0001:000378F8       TAdapterNamedField.GetActionOrigValue
 0001:000379AC       TAdapterNamedField.GetActionValue
 0001:000376BC       TAdapterNamedField.GetAdapter
 0001:00037684       TAdapterNamedField.GetDefaultDisplayLabel
 0001:000376E8       TAdapterNamedField.GetDefaultFieldName
 0001:00037668       TAdapterNamedField.GetDisplayLabel
 0001:0003767C       TAdapterNamedField.GetDisplayWidth
 0001:00037B84       TAdapterNamedField.GetEchoActionFieldValue
 0001:00037344       TAdapterNamedField.GetInputName
 0001:000376B0       TAdapterNamedField.GetMaxLength
 0001:00037CC8       TAdapterNamedField.GetRequired
 0001:000376FC       TAdapterNamedField.GetScriptObject
 0001:00037570       TAdapterNamedField.GetValue
 0001:00037330       TAdapterNamedField.GetVariableName
 0001:00037CD0       TAdapterNamedField.GetVisible
 0001:00037738       TAdapterNamedField.HasModifyAccess
 0001:00037740       TAdapterNamedField.HasViewAccess
 0001:000375A4       TAdapterNamedField.ImplAsFormatted
 0001:00037698       TAdapterNamedField.ImplGetDisplayLabel
 0001:000376AC       TAdapterNamedField.ImplGetDisplayWidth
 0001:00037B8C       TAdapterNamedField.ImplGetEchoActionFieldValue
 0001:000373D0       TAdapterNamedField.ImplGetInputName
 0001:000376B8       TAdapterNamedField.ImplGetMaxLength
 0001:00037CD8       TAdapterNamedField.ImplGetRequired
 0001:00037710       TAdapterNamedField.ImplGetScriptObject
 0001:00037584       TAdapterNamedField.ImplGetValue
 0001:00037CE0       TAdapterNamedField.ImplGetVariableName
 0001:00037CDC       TAdapterNamedField.ImplGetVisible
 0001:00037748       TAdapterNamedField.ImplHasModifyAccess
 0001:00037820       TAdapterNamedField.ImplHasViewAccess
 0001:00037B90       TAdapterNamedField.ImplSetEchoActionFieldValue
 0001:00037D08       TAdapterNamedField.ImplSetFieldName
 0001:0003FB2C       TAdapterNamedField.IsFieldNameStored
 0001:000376D4       TAdapterNamedField.ParentChanged
 0001:00037B94       TAdapterNamedField.SetEchoActionFieldValue
 0001:00037660       TAdapterNamedField.SetFieldName
 0001:0003F6F4       TAdapterNextPageAction.GetDefaultActionName
 0001:0003F71C       TAdapterNextPageAction.GetDefaultDisplayLabel
 0001:0003F744       TAdapterNextPageAction.GetNewPage
 0001:0003A8F4       TAdapterNextPageField.Destroy
 0001:0003A928       TAdapterNextPageField.GetAdapterValuesList
 0001:0003A924       TAdapterNextPageField.GetInputStyleType
 0001:0003AB34       TAdapterNextPageField.ImplGetEchoActionFieldValue
 0001:0003A9FC       TAdapterNextPageField.ImplGetValue
 0001:0003AB3C       TAdapterNextPageField.ImplSetEchoActionFieldValue
 0001:0003AABC       TAdapterNextPageField.UpdateValue
 0001:0003ED34       TAdapterObjectErrorsList.Create
 0001:0003EE14       TAdapterObjectErrorsList.ImplDefineLabel
 0001:0003EE20       TAdapterObjectErrorsList.ImplGetError
 0001:0003EE40       TAdapterObjectErrorsList.ImplGetErrorCount
 0001:0003A8E0       TAdapterPasswordField.GetInputStyleType
 0001:0003A8E4       TAdapterPasswordField.ImplGetValue
 0001:0003FA18       TAdapterPrevPageAction.GetDefaultActionName
 0001:0003FA8C       TAdapterPrevPageAction.GetDefaultDisplayLabel
 0001:0003FA40       TAdapterPrevPageAction.GetNewPage
 0001:0000B0AC       TAdapterRecordEnumerator.Create
 0001:0000B18C       TAdapterRecordEnumerator.GetCurrent
 0001:0005B098       TAdapterRecordKeysWrapper.Count
 0001:0005B0A4       TAdapterRecordKeysWrapper.Create
 0001:0005B120       TAdapterRecordKeysWrapper.GetName
 0001:0005B13C       TAdapterRecordKeysWrapper.GetValue
 0001:0000A71C       TAdapterRecordsWrapper.Create
 0001:0000A754       TAdapterRecordsWrapper.Get_NewEnum
 0001:0000B4AC       TAdapterRecordWrapper.Create
 0001:0001BB04       TAdapterRequestParamsImpl.AssignTo
 0001:0001BB14       TAdapterRequestParamsImpl.Create
 0001:0001BB9C       TAdapterRequestParamsImpl.GetParamCount
 0001:0001BBA8       TAdapterRequestParamsImpl.GetParamName
 0001:0001BBC4       TAdapterRequestParamsImpl.GetParamValue
 0001:0001BC24       TAdapterRequestParamsImpl.IndexOfParam
 0001:0001BC30       TAdapterRequestParamsImpl.ValueOfParam
 0001:00039804       TAdapterSubComponent.CanAddClass
 0001:0003986C       TAdapterSubComponent.EndIterator
 0001:00039930       TAdapterSubComponent.FindNamedVariable
 0001:0003994C       TAdapterSubComponent.FindVariable
 0001:00039954       TAdapterSubComponent.FindVariableContainer
 0001:000399D4       TAdapterSubComponent.GetAdapter
 0001:000399E0       TAdapterSubComponent.GetCurrentObject
 0001:000399EC       TAdapterSubComponent.GetDefaultWebComponents
 0001:0003980C       TAdapterSubComponent.GetParentComponent
 0001:000399F0       TAdapterSubComponent.GetVariable
 0001:00039A08       TAdapterSubComponent.GetVariableCount
 0001:0003981C       TAdapterSubComponent.GetVariablesInUse
 0001:00039A1C       TAdapterSubComponent.GetWebComponentNodeName
 0001:00039824       TAdapterSubComponent.HasParent
 0001:00039834       TAdapterSubComponent.ImplCanAddClass
 0001:00039A30       TAdapterSubComponent.ImplGetWebComponentNodeName
 0001:00039A3C       TAdapterSubComponent.NextIteration
 0001:00039A58       TAdapterSubComponent.NotifyAdapterChange
 0001:00039838       TAdapterSubComponent.ReadState
 0001:00039AD0       TAdapterSubComponent.SetDefaultWebComponents
 0001:00039854       TAdapterSubComponent.SetParentComponent
 0001:00039868       TAdapterSubComponent.SetWebParent
 0001:00039AD4       TAdapterSubComponent.StartIterator
 0001:0000AECC       TAdapterSubComponentWrapper.Create
 0001:0000AE68       TAdapterSubComponentWrapper.Create
 0001:0000AF1C       TAdapterSubComponentWrapper.Destroy
 0001:0000AF50       TAdapterSubComponentWrapper.GetComponent
 0001:0000AFC4       TAdapterSubComponentWrapper.Get_Name
 0001:0000B088       TAdapterSubComponentWrapper.Notification
 0001:00037008       TAdapterUpdateField.CheckValueChange
 0001:000372C0       TAdapterUpdateField.ConvertValue
 0001:0003728C       TAdapterUpdateField.ConvertValueCount
 0001:0003723C       TAdapterUpdateField.ConvertValues
 0001:00036C9C       TAdapterUpdateField.Create
 0001:00036EF8       TAdapterUpdateField.DoOnValidateValue
 0001:00036D0C       TAdapterUpdateField.GetAdapterValuesList
 0001:00036D94       TAdapterUpdateField.GetInputStyleType
 0001:00037314       TAdapterUpdateField.GetValueCount
 0001:0003731C       TAdapterUpdateField.GetValues
 0001:00036DB4       TAdapterUpdateField.ImplAsFormatted
 0001:00037060       TAdapterUpdateField.ImplCheckValueChange
 0001:00036CDC       TAdapterUpdateField.ImplGetDisplayLabel
 0001:00036D04       TAdapterUpdateField.ImplGetDisplayWidth
 0001:00036DA4       TAdapterUpdateField.ImplGetEchoActionFieldValue
 0001:00036C74       TAdapterUpdateField.ImplGetVariableName
 0001:00036DAC       TAdapterUpdateField.ImplSetEchoActionFieldValue
 0001:000375F8       TAdapterUpdateField.ImplSetFieldName
 0001:00036E48       TAdapterUpdateField.ImplUpdateValue
 0001:00036E70       TAdapterUpdateField.ImplValidateValue
 0001:00037310       TAdapterUpdateField.IsMultiValueField
 0001:00036D24       TAdapterUpdateField.Notification
 0001:00036D60       TAdapterUpdateField.SetValuesList
 0001:00036F60       TAdapterUpdateField.UpdateValue
 0001:00036FB4       TAdapterUpdateField.ValidateValue
 0001:0003A8D0       TAdapterUserNameField.ImplGetValue
 0001:0000CE24       TAdapterValuesListWrapper.FindObject
 0001:0000CE9C       TAdapterValuesListWrapper.Get_Image
 0001:0000CF58       TAdapterValuesListWrapper.Get_Records
 0001:0000CFB8       TAdapterValuesListWrapper.Get_Value
 0001:0000D084       TAdapterValuesListWrapper.Get_ValueName
 0001:0000D124       TAdapterValuesListWrapper.ImageOfValue
 0001:0000D1F4       TAdapterValuesListWrapper.NameOfValue
 0001:0000A15C       TAdapterWrapper.FindObject
 0001:0000A1D4       TAdapterWrapper.Get_CanModify
 0001:0000A258       TAdapterWrapper.Get_CanView
 0001:0000A2DC       TAdapterWrapper.Get_Errors
 0001:0000A384       TAdapterWrapper.Get_HiddenFields
 0001:0000A43C       TAdapterWrapper.Get_HiddenRecordFields
 0001:0000A4F4       TAdapterWrapper.Get_Mode
 0001:0000A594       TAdapterWrapper.Set_Mode
 0001:000387EC       TBaseAdapterAction.CheckExecuteAccess
 0001:00038840       TBaseAdapterAction.CreateRequestContext
 0001:00038ACC       TBaseAdapterAction.DoAfterExecuteActionRequest
 0001:00038BA8       TBaseAdapterAction.DoAfterGetExecuteActionResponse
 0001:00038C84       TBaseAdapterAction.DoBeforeExecuteActionRequest
 0001:00038D7C       TBaseAdapterAction.DoBeforeGetExecuteActionResponse
 0001:00038F50       TBaseAdapterAction.EndIterator
 0001:0003811C       TBaseAdapterAction.ExecuteActionRequest
 0001:000384CC       TBaseAdapterAction.GetActionName
 0001:000385C0       TBaseAdapterAction.GetAdapter
 0001:00034C94       TBaseAdapterAction.GetAdapterItemRequestParams
 0001:000386B4       TBaseAdapterAction.GetDefaultActionName
 0001:000386A0       TBaseAdapterAction.GetDefaultDisplayLabel
 0001:000385F8       TBaseAdapterAction.GetDisplayLabel
 0001:00038ECC       TBaseAdapterAction.GetDisplayStyle
 0001:00038EF8       TBaseAdapterAction.GetDisplayStyleType
 0001:00038534       TBaseAdapterAction.GetErrors
 0001:0003827C       TBaseAdapterAction.GetExecuteActionResponse
 0001:00038EA4       TBaseAdapterAction.GetFailureOptions
 0001:00038EFC       TBaseAdapterAction.GetInputStyle
 0001:00038FA0       TBaseAdapterAction.GetIsAdapterActionList
 0001:00038F98       TBaseAdapterAction.GetItemCount
 0001:0003FB48       TBaseAdapterAction.GetIteratorIndex
 0001:000386C8       TBaseAdapterAction.GetScriptObject
 0001:00038E90       TBaseAdapterAction.GetSuccessOptions
 0001:0003850C       TBaseAdapterAction.GetVariableName
 0001:00038F14       TBaseAdapterAction.GetViewMode
 0001:00038F40       TBaseAdapterAction.GetViewModeType
 0001:00038F44       TBaseAdapterAction.GetVisible
 0001:0003888C       TBaseAdapterAction.HandleRequest
 0001:00038708       TBaseAdapterAction.HasExecuteAccess
 0001:000388DC       TBaseAdapterAction.ImplCreateRequestContext
 0001:00038F58       TBaseAdapterAction.ImplEndIterator
 0001:000384A4       TBaseAdapterAction.ImplExecuteActionRequest
 0001:000384E4       TBaseAdapterAction.ImplGetActionName
 0001:00034D0C       TBaseAdapterAction.ImplGetAdapterItemRequestParams
 0001:00038610       TBaseAdapterAction.ImplGetDisplayLabel
 0001:000383E0       TBaseAdapterAction.ImplGetExecuteActionResponse
 0001:00038EC0       TBaseAdapterAction.ImplGetFailureOptions
 0001:00038FA8       TBaseAdapterAction.ImplGetIsAdapterActionList
 0001:0003FB50       TBaseAdapterAction.ImplGetIteratorIndex
 0001:000386E0       TBaseAdapterAction.ImplGetScriptObject
 0001:00038EB8       TBaseAdapterAction.ImplGetSuccessOptions
 0001:00038520       TBaseAdapterAction.ImplGetVariableName
 0001:00038F4C       TBaseAdapterAction.ImplGetVisible
 0001:00038970       TBaseAdapterAction.ImplHandleRequest
 0001:00038714       TBaseAdapterAction.ImplHasExecuteAccess
 0001:0003FB54       TBaseAdapterAction.ImplInIterator
 0001:00038FAC       TBaseAdapterAction.ImplIsDefaultAction
 0001:00038F64       TBaseAdapterAction.ImplNextIteration
 0001:00038F7C       TBaseAdapterAction.ImplStartIterator
 0001:00038508       TBaseAdapterAction.ImplWebEnabled
 0001:0003FB58       TBaseAdapterAction.InIterator
 0001:00038FB0       TBaseAdapterAction.IsDefaultAction
 0001:00038368       TBaseAdapterAction.IsDisplayLabelStored
 0001:00038F88       TBaseAdapterAction.NextIteration
 0001:000385E4       TBaseAdapterAction.ParentChanged
 0001:00038638       TBaseAdapterAction.SetDisplayLabel
 0001:00038F90       TBaseAdapterAction.StartIterator
 0001:000384FC       TBaseAdapterAction.WebEnabled
 0001:0003EE58       TBaseAdapterErrorsList.AddError
 0001:0003EE50       TBaseAdapterErrorsList.AddError
 0001:0003EE4C       TBaseAdapterErrorsList.AddError
 0001:0003EE60       TBaseAdapterErrorsList.AddError
 0001:0003EE64       TBaseAdapterErrorsList.ClearErrors
 0001:0003EE6C       TBaseAdapterErrorsList.DefineLabel
 0001:0003EE7C       TBaseAdapterErrorsList.EndIterator
 0001:0003EE80       TBaseAdapterErrorsList.GetCurrentIntf
 0001:0003EE98       TBaseAdapterErrorsList.GetError
 0001:0003EEB0       TBaseAdapterErrorsList.GetErrorCount
 0001:0003EEB8       TBaseAdapterErrorsList.GetObjectErrors
 0001:0003EEC0       TBaseAdapterErrorsList.HasObjectErrors
 0001:0003EEC8       TBaseAdapterErrorsList.ImplClearErrors
 0001:0003EECC       TBaseAdapterErrorsList.ImplDefineLabel
 0001:0003EED0       TBaseAdapterErrorsList.ImplGetError
 0001:0003EEDC       TBaseAdapterErrorsList.ImplGetErrorCount
 0001:0003EEE0       TBaseAdapterErrorsList.ImplGetObjectErrors
 0001:0003EEE4       TBaseAdapterErrorsList.ImplHasObjectErrors
 0001:0003EEE8       TBaseAdapterErrorsList.NextIteration
 0001:0003EF00       TBaseAdapterErrorsList.StartIterator
 0001:0003CC70       TBaseAdapterMultiValueField.Create
 0001:0003CCBC       TBaseAdapterMultiValueField.Destroy
 0001:0003CCF0       TBaseAdapterMultiValueField.EndValueIterator
 0001:0003CD34       TBaseAdapterMultiValueField.GetCurrentValue
 0001:0003CC5C       TBaseAdapterMultiValueField.GetFieldValuesAdapter
 0001:0003CD4C       TBaseAdapterMultiValueField.GetValueCount
 0001:0003CD7C       TBaseAdapterMultiValueField.GetValues
 0001:0003CD50       TBaseAdapterMultiValueField.HasValue
 0001:0003CD5C       TBaseAdapterMultiValueField.ImplGetCurrentValue
 0001:0003CC68       TBaseAdapterMultiValueField.ImplGetFieldValuesAdapter
 0001:0003CD78       TBaseAdapterMultiValueField.ImplHasValue
 0001:0003CCF4       TBaseAdapterMultiValueField.NextValueIteration
 0001:0003CD14       TBaseAdapterMultiValueField.StartValueIterator
 0001:00051A50       TBaseAdapterPageProducer.CanAddClass
 0001:00051AD0       TBaseAdapterPageProducer.ContentFromStream
 0001:00051838       TBaseAdapterPageProducer.Create
 0001:00050F6C       TBaseAdapterPageProducer.CreatePageElements
 0001:000510D4       TBaseAdapterPageProducer.DeclareScriptFunctions
 0001:00051168       TBaseAdapterPageProducer.DeclareScriptVariables
 0001:00050FE8       TBaseAdapterPageProducer.DeclareStyles
 0001:00051240       TBaseAdapterPageProducer.DeclareWarnings
 0001:0005189C       TBaseAdapterPageProducer.Destroy
 0001:00051CA4       TBaseAdapterPageProducer.DoAfterGetContent
 0001:00051CC4       TBaseAdapterPageProducer.DoBeforeGetContent
 0001:00050D24       TBaseAdapterPageProducer.DoTagEvent
 0001:000515C8       TBaseAdapterPageProducer.GeneratePageElements
 0001:00051CE4       TBaseAdapterPageProducer.GetContentOptions
 0001:000518CC       TBaseAdapterPageProducer.GetDefaultTemplate
 0001:000519A8       TBaseAdapterPageProducer.GetRequiredTags
 0001:00052038       TBaseAdapterPageProducer.GetScriptEngines
 0001:00052078       TBaseAdapterPageProducer.GetTemplateFileType
 0001:00052068       TBaseAdapterPageProducer.GetXMLData
 0001:0005206C       TBaseAdapterPageProducer.GetXSLData
 0001:00050EFC       TBaseAdapterPageProducer.HandleScriptTag
 0001:00052070       TBaseAdapterPageProducer.HasHTMLBrowserView
 0001:00052060       TBaseAdapterPageProducer.HasScriptView
 0001:00052064       TBaseAdapterPageProducer.HasXMLBrowserView
 0001:00052074       TBaseAdapterPageProducer.HasXSLBrowserView
 0001:00051A58       TBaseAdapterPageProducer.ImplCanAddClass
 0001:00051C94       TBaseAdapterPageProducer.LockContent
 0001:00051A88       TBaseAdapterPageProducer.SetStyles
 0001:00051AA0       TBaseAdapterPageProducer.SetStylesFile
 0001:00052030       TBaseAdapterPageProducer.SetWebContentOptions
 0001:00051C9C       TBaseAdapterPageProducer.UnlockContent
 0001:0000D2A8       TBaseAdapterWrapper.Get_Actions
 0001:0000D354       TBaseAdapterWrapper.Get_ClassName_
 0001:0000D3B8       TBaseAdapterWrapper.Get_Fields
 0001:0000D464       TBaseAdapterWrapper.Get_Name_
 0001:00058E18       TBaseDataSetAdapterField.CheckOrigValue
 0001:00058E94       TBaseDataSetAdapterField.CheckValueChange
 0001:0005900C       TBaseDataSetAdapterField.Create
 0001:00058C88       TBaseDataSetAdapterField.FindField
 0001:0005DE68       TBaseDataSetAdapterField.FullyQualifyInputName
 0001:00058D9C       TBaseDataSetAdapterField.GetAdapter
 0001:00058B84       TBaseDataSetAdapterField.GetDataSet
 0001:00058BA4       TBaseDataSetAdapterField.GetDataSetFieldValue
 0001:00058D44       TBaseDataSetAdapterField.GetDisplayStyle
 0001:00058F98       TBaseDataSetAdapterField.GetDisplayStyleType
 0001:00058D70       TBaseDataSetAdapterField.GetInputStyle
 0001:00058F9C       TBaseDataSetAdapterField.GetInputStyleType
 0001:0005DE90       TBaseDataSetAdapterField.GetKeyName
 0001:00058DF4       TBaseDataSetAdapterField.GetKeyParams
 0001:00058CD0       TBaseDataSetAdapterField.GetReadOnly
 0001:00058FE0       TBaseDataSetAdapterField.GetViewMode
 0001:00058FA0       TBaseDataSetAdapterField.GetViewModeType
 0001:00058B04       TBaseDataSetAdapterField.ImplAsFormatted
 0001:00058E6C       TBaseDataSetAdapterField.ImplCheckOrigValue
 0001:00058EEC       TBaseDataSetAdapterField.ImplCheckValueChange
 0001:00058C48       TBaseDataSetAdapterField.ImplGetDisplayLabel
 0001:00058C70       TBaseDataSetAdapterField.ImplGetDisplayWidth
 0001:00059060       TBaseDataSetAdapterField.ImplGetRequired
 0001:00058BB8       TBaseDataSetAdapterField.ImplGetValue
 0001:00059070       TBaseDataSetAdapterField.ImplGetVisible
 0001:00058CE4       TBaseDataSetAdapterField.ImplSetFieldName
 0001:00058F1C       TBaseDataSetAdapterField.ImplUpdateValue
 0001:000590A8       TBaseDataSetAdapterField.Notification
 0001:0005E1B8       TBaseDataSetAdapterField.PrepareDataSet
 0001:00058DD0       TBaseDataSetAdapterField.SetDataSetField
 0001:00058F44       TBaseDataSetAdapterField.UpdateValue
 0001:0005DEBC       TBaseDataSetAdapterInputField.ImplGetEchoActionFieldValue
 0001:0005DEC4       TBaseDataSetAdapterInputField.ImplSetEchoActionFieldValue
 0001:0005DF20       TBaseDataSetAdapterInputField.ImplValidateValue
 0001:0005DFF4       TBaseDataSetAdapterInputField.TestValueChange
 0001:0005DECC       TBaseDataSetAdapterInputField.ValidateValue
 0001:0003B340       TBaseEndUserAdapter.CanExecuteLoginForm
 0001:0003B368       TBaseEndUserAdapter.CanExecuteLogout
 0001:0003B320       TBaseEndUserAdapter.CanProduceLoginPage
 0001:0003B834       TBaseEndUserAdapter.DoOnHasRights
 0001:0003B520       TBaseEndUserAdapter.ExecuteLogin
 0001:0003B314       TBaseEndUserAdapter.ExecuteLoginForm
 0001:0003B51C       TBaseEndUserAdapter.ExecuteLogout
 0001:0003B148       TBaseEndUserAdapter.GetDisplayName
 0001:0003B54C       TBaseEndUserAdapter.GetDisplayNameValue
 0001:0003B548       TBaseEndUserAdapter.GetEndUserAdapter
 0001:0003B20C       TBaseEndUserAdapter.GetLoggedIn
 0001:0003B558       TBaseEndUserAdapter.GetLoggedInValue
 0001:0003B2C4       TBaseEndUserAdapter.GetLoginFormAction
 0001:0003B2EC       TBaseEndUserAdapter.GetLogoutAction
 0001:0003BA4C       TBaseEndUserAdapter.GetUserID
 0001:0003B780       TBaseEndUserAdapter.HasExecuteRights
 0001:0003B678       TBaseEndUserAdapter.HasModifyRights
 0001:0003B6CC       TBaseEndUserAdapter.HasViewRights
 0001:0003B0E0       TBaseEndUserAdapter.ImplCanAddActionClass
 0001:0003B114       TBaseEndUserAdapter.ImplCanAddFieldClass
 0001:0003B0D0       TBaseEndUserAdapter.ImplGetActionsList
 0001:0003B160       TBaseEndUserAdapter.ImplGetDisplayName
 0001:0003B614       TBaseEndUserAdapter.ImplGetEndUserAdapter
 0001:0003B0D8       TBaseEndUserAdapter.ImplGetFieldsList
 0001:0003B218       TBaseEndUserAdapter.ImplGetLoggedIn
 0001:0003B2CC       TBaseEndUserAdapter.ImplGetLoginFormAction
 0001:0003B2F8       TBaseEndUserAdapter.ImplGetLogoutAction
 0001:0003B7D4       TBaseEndUserAdapter.ImplHasExecuteRights
 0001:0003B720       TBaseEndUserAdapter.ImplHasModifyRights
 0001:0003B618       TBaseEndUserAdapter.ImplHasViewRights
 0001:0003B5B8       TBaseEndUserAdapter.ImplLogIn
 0001:0003B380       TBaseEndUserAdapter.ImplProduceLoginPage
 0001:0003B55C       TBaseEndUserAdapter.LogIn
 0001:0003B374       TBaseEndUserAdapter.ProduceLoginPage
 0001:0003B994       TBaseEndUserAdapter.UserList
 0001:0000D504       TBaseRecordsAdapterWrapper.Get_Records
 0001:00023540       TBaseRequestHandler.HandleRequest
 0001:00023548       TBaseRequestHandler.ImplHandleRequest
 0001:0002354C       TBaseRequestHandler.SetAppDispatcher
 0001:00013618       TBaseScriptSite.AddNamedComponentIntf
 0001:000135BC       TBaseScriptSite.AddNamedIntf
 0001:000136A4       TBaseScriptSite.Create
 0001:000138EC       TBaseScriptSite.Destroy
 0001:0001391C       TBaseScriptSite.FindNamedItemIntf
 0001:00013954       TBaseScriptSite.GetNamedItemCount
 0001:00013960       TBaseScriptSite.GetNamedItemName
 0001:00013778       TBaseScriptSite.RunExpression
 0001:0003C428       TBaseValuesListAdapter.GetListImage
 0001:0003C440       TBaseValuesListAdapter.GetListImageOfValue
 0001:0003C258       TBaseValuesListAdapter.GetListName
 0001:0003C394       TBaseValuesListAdapter.GetListNameOfValue
 0001:0003C280       TBaseValuesListAdapter.GetListValue
 0001:0003C254       TBaseValuesListAdapter.GetNameFieldClass
 0001:0003C27C       TBaseValuesListAdapter.GetValueFieldClass
 0001:0003C2A4       TBaseValuesListAdapter.ImplCanAddFieldClass
 0001:0003C388       TBaseValuesListAdapter.ImplEndIterator
 0001:0003C2F4       TBaseValuesListAdapter.ImplGetFieldsList
 0001:0003C4A0       TBaseValuesListAdapter.ImplGetListImage
 0001:0003C4AC       TBaseValuesListAdapter.ImplGetListImageOfValue
 0001:0003C270       TBaseValuesListAdapter.ImplGetListName
 0001:0003C3F4       TBaseValuesListAdapter.ImplGetListNameOfValue
 0001:0003C298       TBaseValuesListAdapter.ImplGetListValue
 0001:0003C360       TBaseValuesListAdapter.ImplGetScriptObject
 0001:0003C38C       TBaseValuesListAdapter.ImplNextIteration
 0001:0003C390       TBaseValuesListAdapter.ImplStartIterator
 0001:0003C4E0       TBaseValuesListField.GetAdapter
 0001:000280E4       TBaseWebModuleFactory.Create
 0001:00028134       TBaseWebModuleFactory.GetCacheMode
 0001:00028138       TBaseWebModuleFactory.GetComponentClass
 0001:0002813C       TBaseWebModuleFactory.GetCreateMode
 0001:00028140       TBaseWebModuleFactory.GetIsAppModule
 0001:00028144       TBaseWebModuleFactory.GetModule
 0001:00028150       TBaseWebModuleFactory.GetModuleName
 0001:00028194       TBaseWebModuleFactory.PreventDestruction
 0001:00028374       TBaseWebPageInfo.Create
 0001:000283F0       TBaseWebPageInfo.GetIsLoginRequired
 0001:000283E8       TBaseWebPageInfo.GetIsPublished
 0001:0002840C       TBaseWebPageInfo.GetPageDescription
 0001:00028420       TBaseWebPageInfo.GetPageFile
 0001:00028434       TBaseWebPageInfo.GetPageHREF
 0001:000284D0       TBaseWebPageInfo.GetPageName
 0001:000283F8       TBaseWebPageInfo.GetPageTitle
 0001:000285F8       TBaseWebPageInfo.GetViewAccess
 0001:000284E4       TBaseWebPageInfo.SetFactory
 0001:0002819C       TBaseWebPageModuleFactory.Create
 0001:000281F8       TBaseWebPageModuleFactory.GetCacheMode
 0001:000281FC       TBaseWebPageModuleFactory.GetComponentClass
 0001:00028200       TBaseWebPageModuleFactory.GetCreateMode
 0001:00028204       TBaseWebPageModuleFactory.GetIsAppModule
 0001:000281EC       TBaseWebPageModuleFactory.GetModule
 0001:00028208       TBaseWebPageModuleFactory.GetModuleName
 0001:0002824C       TBaseWebPageModuleFactory.PreventDestruction
 0001:0001C444       TBasicActionRequestImpl.Create
 0001:0001C58C       TBasicActionRequestImpl.Destroy
 0001:0001C5BC       TBasicActionRequestImpl.GetActionName
 0001:0001C5D0       TBasicActionRequestImpl.GetFailurePage
 0001:0001C5E4       TBasicActionRequestImpl.GetHandled
 0001:0001C5E8       TBasicActionRequestImpl.GetSuccessPage
 0001:0001C5FC       TBasicActionRequestImpl.SetHandled
 0001:0001C844       TBasicActionResponseImpl.Create
 0001:0001CBA8       TBasicActionResponseImpl.FailureRedirect
 0001:0001C888       TBasicActionResponseImpl.GetExecuteStatus
 0001:0001CCB0       TBasicActionResponseImpl.GetFailurePage
 0001:0001C88C       TBasicActionResponseImpl.GetHandled
 0001:0001CADC       TBasicActionResponseImpl.GetRedirectOptions
 0001:0001C890       TBasicActionResponseImpl.GetRespondWith
 0001:0001CCC4       TBasicActionResponseImpl.GetSuccessPage
 0001:0001CA0C       TBasicActionResponseImpl.HandleResponse
 0001:0001C91C       TBasicActionResponseImpl.RespondWithComponentPage
 0001:0001CAF0       TBasicActionResponseImpl.RespondWithFailurePage
 0001:0001C924       TBasicActionResponseImpl.RespondWithPage
 0001:0001CB4C       TBasicActionResponseImpl.RespondWithSuccessPage
 0001:0001C93C       TBasicActionResponseImpl.RespondWithURL
 0001:0001C894       TBasicActionResponseImpl.SetExecuteStatus
 0001:0001C918       TBasicActionResponseImpl.SetHandled
 0001:0001CAE4       TBasicActionResponseImpl.SetRedirectOptions
 0001:0001CC2C       TBasicActionResponseImpl.SuccessRedirect
 0001:0001CFD4       TBasicImageRequestImpl.Create
 0001:0001D064       TBasicImageRequestImpl.Destroy
 0001:0001D094       TBasicImageRequestImpl.GetImageName
 0001:0001D0A8       TBasicImageResponseImpl.Create
 0001:0001005C       TComponentsEnumerator.Create
 0001:000100C4       TComponentsEnumerator.GetCurrent
 0001:0004F31C       TControlRequirements.Create
 0001:0004F414       TControlRequirements.DefineFunction
 0001:0004F368       TControlRequirements.DefineVariable
 0001:0004F420       TControlRequirements.Destroy
 0001:0004F458       TControlRequirements.IsFunctionDefined
 0001:000503F8       TControlRequirements.IsVariableDefined
 0001:0004F464       TControlRequirements.RequiresMultipartForm
 0001:00014450       TCurrentWebPageInfo.Create
 0001:0001484C       TCurrentWebPageInfo.GetHasViewAccess
 0001:0001462C       TCurrentWebPageInfo.GetLoginRequired
 0001:000144CC       TCurrentWebPageInfo.GetPageDescription
 0001:00014544       TCurrentWebPageInfo.GetPageHREF
 0001:000145BC       TCurrentWebPageInfo.GetPageIsPublished
 0001:00014714       TCurrentWebPageInfo.GetPageName
 0001:0001469C       TCurrentWebPageInfo.GetPageTitle
 0001:00014790       TCurrentWebPageInfo.WebPageInfo
 0001:000369B8       TCustomAdapter.AddAdapterModeHiddenField
 0001:00036560       TCustomAdapter.AddOrigValueHiddenFields
 0001:00036778       TCustomAdapter.AddRecordKeysHiddenFields
 0001:0003540C       TCustomAdapter.CanAddActionClass
 0001:00035418       TCustomAdapter.CanAddFieldClass
 0001:00036420       TCustomAdapter.CheckModifyAccess
 0001:00035678       TCustomAdapter.ClearAdapterValues
 0001:00035310       TCustomAdapter.ClearErrors
 0001:00034FD8       TCustomAdapter.Create
 0001:00036B54       TCustomAdapter.CreateActionRequestContext
 0001:00034FC8       TCustomAdapter.CreateErrorsList
 0001:00035178       TCustomAdapter.Destroy
 0001:0003FADC       TCustomAdapter.EncodeActionParams
 0001:00035474       TCustomAdapter.EndIterator
 0001:0003FB04       TCustomAdapter.ExtractRequestParams
 0001:00036BE8       TCustomAdapter.FindAction
 0001:00036C00       TCustomAdapter.FindField
 0001:00034E3C       TCustomAdapter.FindNamedAction
 0001:00034E30       TCustomAdapter.FindNamedField
 0001:00034E48       TCustomAdapter.FindNamedVariable
 0001:00034E68       TCustomAdapter.FindVariable
 0001:00034F04       TCustomAdapter.FindVariableContainer
 0001:000352BC       TCustomAdapter.GetActionsClass
 0001:00036BB0       TCustomAdapter.GetActionsList
 0001:0003546C       TCustomAdapter.GetAdapterActions
 0001:000352CC       TCustomAdapter.GetAdapterErrors
 0001:00035408       TCustomAdapter.GetAdapterErrorsList
 0001:00035470       TCustomAdapter.GetAdapterFields
 0001:000364CC       TCustomAdapter.GetAdapterHiddenFields
 0001:00036B1C       TCustomAdapter.GetAdapterHiddenRecordFields
 0001:00035290       TCustomAdapter.GetChildren
 0001:000352C4       TCustomAdapter.GetDataClass
 0001:000356B0       TCustomAdapter.GetEchoActionFieldValues
 0001:00036BC0       TCustomAdapter.GetFieldsList
 0001:00036C68       TCustomAdapter.GetHiddenFieldOptions
 0001:0003FAB4       TCustomAdapter.GetIteratorIndex
 0001:0003542C       TCustomAdapter.GetScriptObject
 0001:00034F3C       TCustomAdapter.GetVariable
 0001:00034F48       TCustomAdapter.GetVariableCount
 0001:00034F10       TCustomAdapter.GetVariableName
 0001:00036BD0       TCustomAdapter.GetVisibleActions
 0001:00036BDC       TCustomAdapter.GetVisibleFields
 0001:00036438       TCustomAdapter.HasExecuteAccess
 0001:000362F8       TCustomAdapter.HasModifyAccess
 0001:00036300       TCustomAdapter.HasViewAccess
 0001:00035424       TCustomAdapter.ImplCanAddActionClass
 0001:00035428       TCustomAdapter.ImplCanAddFieldClass
 0001:0003531C       TCustomAdapter.ImplClearAdapterValues
 0001:00035480       TCustomAdapter.ImplEndIterator
 0001:00034E74       TCustomAdapter.ImplFindVariable
 0001:00034E80       TCustomAdapter.ImplFindVariableContainer
 0001:00036C18       TCustomAdapter.ImplGetActionsList
 0001:000356B8       TCustomAdapter.ImplGetEchoActionFieldValues
 0001:00036C20       TCustomAdapter.ImplGetFieldsList
 0001:0003FAC0       TCustomAdapter.ImplGetIteratorIndex
 0001:00035444       TCustomAdapter.ImplGetScriptObject
 0001:00034F54       TCustomAdapter.ImplGetVariable
 0001:00034FA0       TCustomAdapter.ImplGetVariableCount
 0001:00034F28       TCustomAdapter.ImplGetVariableName
 0001:000353FC       TCustomAdapter.ImplGetVisibleActions
 0001:000353F0       TCustomAdapter.ImplGetVisibleFields
 0001:00036440       TCustomAdapter.ImplHasExecuteAccess
 0001:00036308       TCustomAdapter.ImplHasModifyAccess
 0001:00036394       TCustomAdapter.ImplHasViewAccess
 0001:0003FAC8       TCustomAdapter.ImplInIterator
 0001:00035538       TCustomAdapter.ImplNextIteration
 0001:000352F4       TCustomAdapter.ImplNotifyActivate
 0001:000352D0       TCustomAdapter.ImplNotifyDeactivate
 0001:00035240       TCustomAdapter.ImplSetActions
 0001:000351F0       TCustomAdapter.ImplSetData
 0001:0003532C       TCustomAdapter.ImplSetEchoActionFieldValues
 0001:000355D8       TCustomAdapter.ImplStartIterator
 0001:0003FAD0       TCustomAdapter.InIterator
 0001:00036C28       TCustomAdapter.IsActionInUse
 0001:00036C48       TCustomAdapter.IsFieldInUse
 0001:00035F80       TCustomAdapter.ListAdapterUpdateFields
 0001:00036AC8       TCustomAdapter.ListHiddenFields
 0001:00036AEC       TCustomAdapter.ListHiddenRecordFields
 0001:0003552C       TCustomAdapter.NextIteration
 0001:000351B8       TCustomAdapter.Notification
 0001:00035304       TCustomAdapter.NotifyActivate
 0001:000350E0       TCustomAdapter.NotifyAdapterChange
 0001:000352F8       TCustomAdapter.NotifyDeactivate
 0001:00035684       TCustomAdapter.SetActions
 0001:00035698       TCustomAdapter.SetData
 0001:000356BC       TCustomAdapter.SetEchoActionFieldValues
 0001:000355CC       TCustomAdapter.StartIterator
 0001:00035B7C       TCustomAdapter.UpdateFieldsExecuteValues
 0001:000356D0       TCustomAdapter.UpdateFieldsGetAnyChanges
 0001:00035C8C       TCustomAdapter.UpdateFieldsUpdateValues
 0001:0003590C       TCustomAdapter.UpdateFieldsValidateValues
 0001:0003613C       TCustomAdapter.UpdateRecords
 0001:00035808       TCustomAdapter.UpdateRecordsGetAnyChanges
 0001:00035E0C       TCustomAdapter.UpdateRecordsUpdateValues
 0001:00035A8C       TCustomAdapter.UpdateRecordsValidateValues
 0001:000350D4       TCustomAdapter.WebComponentsChange
 0001:00038FB8       TCustomAdapterAction.ImplExecuteActionRequest
 0001:00039050       TCustomAdapterAction.ImplGetActionName
 0001:0003907C       TCustomAdapterAction.ImplGetAdapterItemRequestParams
 0001:00039170       TCustomAdapterAction.ImplGetSuccessOptions
 0001:00039100       TCustomAdapterAction.ImplSetActionName
 0001:000390D0       TCustomAdapterAction.ImplWebEnabled
 0001:0003FB38       TCustomAdapterAction.IsActionNameStored
 0001:000390F8       TCustomAdapterAction.SetActionName
 0001:0004DD7C       TCustomAdapterActionButton.Create
 0001:0004DDE4       TCustomAdapterActionButton.Destroy
 0001:0004DCF4       TCustomAdapterActionButton.FindAssociatedAction
 0001:0004C018       TCustomAdapterActionButton.GetActionName
 0001:0005022C       TCustomAdapterActionButton.GetAdapterModeOfAdapter
 0001:0004DF80       TCustomAdapterActionButton.GetAdapterVariableName
 0001:0004C02C       TCustomAdapterActionButton.GetCaption
 0001:0004DE14       TCustomAdapterActionButton.GetControlRequirements
 0001:0004DFE4       TCustomAdapterActionButton.GetDesigntimeWarnings
 0001:0004C0F0       TCustomAdapterActionButton.GetHTMLFormVarName
 0001:0004DF0C       TCustomAdapterActionButton.GetImageProducerComponent
 0001:0004DEE4       TCustomAdapterActionButton.GetImageProducerVariableName
 0001:00050560       TCustomAdapterActionButton.GetLayoutAttributes
 0001:0004D730       TCustomAdapterActionButton.ImplContent
 0001:0004DE1C       TCustomAdapterActionButton.ImplGetControlRequirements
 0001:0004DC5C       TCustomAdapterActionButton.ImplRestoreDefaults
 0001:00050338       TCustomAdapterActionButton.Notification
 0001:0004DC54       TCustomAdapterActionButton.RestoreDefaults
 0001:0004DB30       TCustomAdapterActionButton.SetActionName
 0001:0004C09C       TCustomAdapterActionButton.SetCaption
 0001:0005030C       TCustomAdapterActionButton.SetImageProducer
 0001:0003E73C       TCustomAdapterBooleanField.ConvertValue
 0001:0003E610       TCustomAdapterBooleanField.GetDisplayStyleType
 0001:0003E614       TCustomAdapterBooleanField.GetInputStyleType
 0001:0003E618       TCustomAdapterBooleanField.ImplGetValue
 0001:0003E6E0       TCustomAdapterBooleanField.ImplIsEqual
 0001:0003E7E4       TCustomAdapterBooleanField.ImplUpdateValue
 0001:0003E8A0       TCustomAdapterBooleanField.IsEqual
 0001:0004F140       TCustomAdapterCommandColumn.Create
 0001:0004F1C8       TCustomAdapterCommandColumn.Destroy
 0001:0004EE64       TCustomAdapterCommandColumn.FormatColumnData
 0001:0004EF94       TCustomAdapterCommandColumn.FormatColumnHeading
 0001:0004F208       TCustomAdapterCommandColumn.GetAdapterDisplayCharacteristics
 0001:0004F268       TCustomAdapterCommandColumn.GetAddDefaultCommands
[...]
 0001:00059860       TCustomDataSetAdapter.AddDefaultFields
 0001:00059874       TCustomDataSetAdapter.OnDataSetStateChange
 0001:00059880       TCustomDataSetAdapter.AddDefaultActions
 0001:00059888       TCustomDataSetAdapter.GetAdapterMode
 0001:000598BC       TCustomDataSetAdapter.SetAdapterMode
 0001:000598EC       TCustomDataSetAdapter.RestoreDefaultAdapterMode
 0001:000598F4       TCustomDataSetAdapter.Create
 0001:00059968       TCustomDataSetAdapter.CreateDataLink
 0001:000599F8       TCustomDataSetAdapter.SetMode
 0001:00059A44       TCustomDataSetAdapter.StringToMode
 0001:00059AE8       TCustomDataSetAdapter.GetMode
 0001:00059BC8       TCustomDataSetAdapter.GetDefaultMode
 0001:00059BCC       TCustomDataSetAdapter.ImplNotifyDeactivate
 0001:00059C24       TCustomDataSetAdapter.ImplCanAddActionClass
 0001:00059C58       TCustomDataSetAdapter.ImplCanAddFieldClass
 0001:00059C9C       TCustomDataSetAdapter.GetProviderSupport
 0001:00059CD4       TCustomDataSetAdapter.GetKeyFields
 0001:00059DFC       TCustomDataSetAdapter.GetKeyParams
 0001:00059F64       TCustomDataSetAdapter.GetKeyParamStrings
 0001:0005A0E8       TCustomDataSetAdapter.Locate
 0001:0005A17C       TCustomDataSetAdapter.ApplyAdapterMode
 0001:0005A2C4       CalcAdapterMode
 0001:0005A368       TCustomDataSetAdapter.LocateAndApply
 0001:0005A640       Add
 0001:0005A694       TCustomDataSetAdapter.GetMasterDetailAdapters
 0001:0005A7E8       TLocateParamsWrapper.Count
 0001:0005A7F4       TLocateParamsWrapper.Create
 0001:0005A830       TLocateParamsWrapper.GetName
 0001:0005A84C       TLocateParamsWrapper.GetValue
 0001:0005A868       TCustomDataSetAdapter.SilentLocate
 0001:0005A98C       TCustomDataSetAdapter.RaiseNilDataSet
 0001:0005A9E0       TCustomDataSetAdapter.RaiseRowNotFound
 0001:0005AA6C       TCustomDataSetAdapter.RaiseFieldChangedByAnotherUser
 0001:0005AAC8       TCustomDataSetAdapter.RaiseFieldNotFound
 0001:0005AB34       TCustomDataSetAdapter.GetDesigntimeWarnings
 0001:0005ACAC       TCustomDataSetAdapter.LocateKeyParams
 0001:0005B098       TAdapterRecordKeysWrapper.Count
 0001:0005B0A4       TAdapterRecordKeysWrapper.Create
 0001:0005B120       TAdapterRecordKeysWrapper.GetName
 0001:0005B13C       TAdapterRecordKeysWrapper.GetValue
 0001:0005B158       TCustomDataSetAdapter.LocateRequestRecord
 0001:0005B258       TCustomDataSetAdapter.UpdateFieldsValidateValues
 0001:0005B3B0       TCustomDataSetAdapter.UpdateFieldsGetAnyChanges
 0001:0005B440       TCustomDataSetAdapter.UpdateFieldsUpdateValues
 0001:0005B508       TCustomDataSetAdapter.UpdateFieldsExecuteValues
 0001:0005B580       TCustomDataSetAdapter.GetNeedAdapterMode
 0001:0005B584       TCustomDataSetAdapter.GetAdapterModeNames
 0001:0005B5A4       TCustomDataSetAdapter.EncodeActionParams
 0001:0005B5FC       TCustomDataSetAdapter.EncodeActionParamsFlags
 0001:0005B868       GetAdapterRequestParamsIntf
 0001:0005B8D4       AddLocateParamsString
 0001:0005B9D8       TCustomDataSetAdapter.ExtractRequestParams
 0001:0005BA30       TCustomDataSetAdapter.ExtractRequestParamsFlags
 0001:0005BC44       TCustomDataSetAdapter.PrepareDataSet
 0001:0005BD14       TCustomDataSetAdapter.GetHiddenFieldOptions
 0001:0005BD54       TCustomDataSetAdapter.GetEOF
 0001:0005BD70       TCustomDataSetAdapter.GetFirstRecord
 0001:0005BDD8       TCustomDataSetAdapter.GetNextRecord
 0001:0005BE14       TCustomDataSetAdapter.GetRecordCount
 0001:0005BE80       TCustomDataSetAdapter.GetRecordIndex
 0001:0005BE88       TCustomDataSetAdapterAction.GetAdapter
 0001:0005BEBC       TCustomDataSetAdapterAction.GetDataSet
 0001:0005BEDC       TCustomDataSetAdapterAction.ImplWebEnabled
 0001:0005BF10       TCustomDataSetAdapterAction.Create
 0001:0005BF54       TCustomDataSetAdapterAction.ImplGetVisible
 0001:0005BF78       TCustomDataSetAdapterRowAction.Create
 0001:0005BFBC       TCustomDataSetAdapterRowAction.ImplGetAdapterItemRequestParams
 0001:0005C01C       TCustomDataSetAdapterRowAction.ImplWebEnabled
 0001:0005C080       TDataSetAdapterRowAction.ImplExecuteActionRequest
 0001:0005C154       TDataSetAdapterRowAction.ImplGetAdapterItemRequestParams
 0001:0005C1A8       TDataSetAdapterDeleteRowAction.GetDefaultActionName
 0001:0005C1D0       DeleteRow
 0001:0005C238       TDataSetAdapterDeleteRowAction.ImplExecuteActionRequest
 0001:0005C2F8       TDataSetAdapterDeleteRowAction.ImplIsDefaultAction
 0001:0005C388       TDataSetAdapterNextRowAction.GetDefaultActionName
 0001:0005C3AC       TDataSetAdapterNextRowAction.ImplWebEnabled
 0001:0005C3E0       TDataSetAdapterNextRowAction.ImplExecuteActionRequest
 0001:0005C450       TDataSetAdapterPrevRowAction.GetDefaultActionName
 0001:0005C474       TDataSetAdapterPrevRowAction.ImplWebEnabled
 0001:0005C4A8       TDataSetAdapterPrevRowAction.ImplExecuteActionRequest
 0001:0005C518       TDataSetAdapterFirstRowAction.GetDefaultActionName
 0001:0005C540       TDataSetAdapterFirstRowAction.ImplWebEnabled
 0001:0005C574       TDataSetAdapterFirstRowAction.ImplExecuteActionRequest
 0001:0005C5E4       TDataSetAdapterLastRowAction.GetDefaultActionName
 0001:0005C608       TDataSetAdapterLastRowAction.ImplWebEnabled
 0001:0005C63C       TDataSetAdapterLastRowAction.ImplExecuteActionRequest
 0001:0005C6AC       TDataSetAdapterNewRowAction.GetDefaultActionName
 0001:0005C6D0       TDataSetAdapterNewRowAction.ImplWebEnabled
 0001:0005C6D8       TDataSetAdapterNewRowAction.ImplExecuteActionRequest
 0001:0005C768       TDataSetAdapterCancelRowAction.GetDefaultActionName
 0001:0005C78C       TDataSetAdapterCancelRowAction.ImplWebEnabled
 0001:0005C7B4       TDataSetAdapterCancelRowAction.ImplExecuteActionRequest
 0001:0005C854       TDataSetAdapterCancelRowAction.ImplIsDefaultAction
 0001:0005C8F4       TDataSetAdapterRefreshRowAction.GetDefaultActionName
 0001:0005C91C       TDataSetAdapterRefreshRowAction.ImplWebEnabled
 0001:0005C924       TDataSetAdapterRefreshRowAction.ImplExecuteActionRequest
 0001:0005C9E4       TDataSetAdapterRefreshRowAction.ImplIsDefaultAction
 0001:0005CA84       TDataSetAdapterEditRowAction.GetDefaultActionName
 0001:0005CAA8       TDataSetAdapterEditRowAction.ImplWebEnabled
 0001:0005CAB0       TDataSetAdapterEditRowAction.ImplExecuteActionRequest
 0001:0005CB28       TDataSetAdapterEditRowAction.ImplIsDefaultAction
 0001:0005CBAC       TDataSetAdapterBrowseRowAction.GetDefaultActionName
 0001:0005CBD4       TDataSetAdapterBrowseRowAction.ImplWebEnabled
 0001:0005CBDC       TDataSetAdapterBrowseRowAction.ImplExecuteActionRequest
 0001:0005CC54       TDataSetAdapterBrowseRowAction.ImplIsDefaultAction
 0001:0005CCD8       TDataSetAdapterApplyRowAction.GetDefaultActionName
 0001:0005CCFC       TDataSetAdapterApplyRowAction.ImplWebEnabled
 0001:0005CD24       TDataSetAdapterApplyRowAction.ImplExecuteActionRequest
 0001:0005CD88       TDataSetAdapterApplyRowAction.ImplIsDefaultAction
 0001:0005CE28       TDataSetAdapterDataLink.Create
 0001:0005CE60       TDataSetAdapterDataLink.DataEvent
 0001:0005CE9C       TDataSetAdapterDataLink.RecordChanged
 0001:0005CEB4       TCustomDataSetValuesList.Create
 0001:0005CEFC       TCustomDataSetValuesList.PrepareDataSet
 0001:0005CF3C       TCustomDataSetValuesList.Destroy
 0001:0005CF6C       TCustomDataSetValuesList.GetNameFieldClass
 0001:0005CF74       TCustomDataSetValuesList.GetValueFieldClass
 0001:0005CF7C       TCustomDataSetValuesList.ImplEndIterator
 0001:0005CFB0       TCustomDataSetValuesList.ImplGetListNameOfValue
 0001:0005D0C8       TCustomDataSetValuesList.ImplGetListName
 0001:0005D104       TCustomDataSetValuesList.ImplGetListValue
 0001:0005D190       TCustomDataSetValuesList.ImplNextIteration
 0001:0005D1B0       TCustomDataSetValuesList.ImplStartIterator
 0001:0005D1E0       TCustomDataSetValuesList.CacheValuesList
 0001:0005D33C       TCustomDataSetValuesList.SetDataSet
 0001:0005D360       TCustomDataSetValuesList.Notification
 0001:0005D390       TCustomDataSetValuesList.GetDataSet
 0001:0005D3B4       TCustomDataSetValuesList.ImplNotifyDeactivate
 0001:0005D3D8       TCustomDataSetValuesList.GetDesigntimeWarnings
 0001:0005D520       TCustomDataSetAdapterMemoField.ImplAsFormatted
 0001:0005D610       TCustomDataSetAdapterMemoField.ImplGetValue
 0001:0005D6A0       TCustomDataSetAdapterMemoField.CheckOrUpdateValue
 0001:0005D870       TCustomDataSetAdapterMemoField.ImplUpdateValue
 0001:0005D8CC       TCustomDataSetAdapterMemoField.ImplCheckValueChange
 0001:0005D924       TCustomDataSetAdapterMemoField.GetInputStyleType
 0001:0005D928       TDataSetAdapterMoveRowAction.ImplIsDefaultAction
 0001:0005D9B8       TDataSetAdapterNewRowAction.ImplIsDefaultAction
 0001:0005D9BC       TDataSetAdapterNewRowAction.Create
 0001:0005DA00       TDataSetAdapterEditRowAction.Create
 0001:0005DA44       TDataSetAdapterBrowseRowAction.Create
 0001:0005DA88       TDataSetAdapterCancelRowAction.Create
 0001:0005DACC       TDataSetAdapterApplyRowAction.Create
 0001:0005DB10       TCustomDataSetAdapter.SetMasterAdapter
 0001:0005DB54       TLocateParamsList.Add
 0001:0005DB64       TLocateParamsList.Clear
 0001:0005DB70       TLocateParamsList.Create
 0001:0005DBB8       TLocateParamsList.Destroy
 0001:0005DBE8       TLocateParamsList.GetCount
 0001:0005DBF0       TLocateParamsList.GetItem
 0001:0005DC04       TLocateParams.AddParam
 0001:0005DC10       TLocateParams.AddParam
 0001:0005DC98       TLocateParams.Create
 0001:0005DCF0       TLocateParams.Destroy
 0001:0005DD20       TLocateParams.GetCount
 0001:0005DD2C       TLocateParams.GetItem
 0001:0005DD48       TLocateParams.GetParamName
 0001:0005DD64       TLocateParams.GetParamValue
 0001:0005DDC4       TLocateParamsList.ItemByAdapterName
 0001:0005DE08       TCustomDataSetAdapter.ImplGetIteratorIndex
 0001:0005DE10       TCustomDataSetAdapter.ImplInIterator
 0001:0005DE18       TCustomDataSetAdapter.GetRecordKeys
 0001:0005DE30       TCustomDataSetAdapter.ImplGetRecordKeys
 0001:0005DE4C       TCustomDataSetAdapter.FullyQualifyInputNames
 0001:0005DE68       TBaseDataSetAdapterField.FullyQualifyInputName
 0001:0005DE90       TBaseDataSetAdapterField.GetKeyName
 0001:0005DEBC       TBaseDataSetAdapterInputField.ImplGetEchoActionFieldValue
 0001:0005DEC4       TBaseDataSetAdapterInputField.ImplSetEchoActionFieldValue
 0001:0005DECC       TBaseDataSetAdapterInputField.ValidateValue
 0001:0005DF20       TBaseDataSetAdapterInputField.ImplValidateValue
 0001:0005DFF4       TBaseDataSetAdapterInputField.TestValueChange
 0001:0005E0C0       TCustomDataSetAdapter.SetInDefaultMode
 0001:0005E0D0       TCustomDataSetAdapter.ImplSetEchoActionFieldValues
 0001:0005E1B8       TBaseDataSetAdapterField.PrepareDataSet
 0001:0005E1D0       Finalization
 0001:0005E218       DBAdapt
 0001:0005E7BC       TCustomDataSetAdapterImageField.GetAdapterImage
 0001:0005E7F4       TCustomDataSetAdapterImageField.GetDisplayStyleType
 0001:0005E7F8       TCustomDataSetAdapterImageField.GetInputStyleType
 0001:0005E7FC       ConvertBitmapToJpeg
 0001:0005E900       TCustomDataSetAdapterImageField.RenderAdapterImage
 0001:0005ED04       GetActionFieldValues
 0001:0005ED70       TCustomDataSetAdapterImageField.CheckOrUpdateValue
 0001:0005F130       TCustomDataSetAdapterImageField.ImplUpdateValue
 0001:0005F18C       TCustomDataSetAdapterImageField.GetDataSetFieldValue
 0001:0005F1DC       TCustomDataSetAdapterImageField.ImplCheckValueChange
 0001:0005F234       TCustomDataSetAdapterImageField.ImplWebImageHREF
 0001:0005F2C8       TCustomDataSetAdapterImageField.WebImageHREF
 0001:0005F2D4       TCustomDataSetAdapterImageField.CreateRequestContext
 0001:0005F320       TCustomDataSetAdapterImageField.HandleRequest
 0001:0005F374       TCustomDataSetAdapterImageField.ImplCreateRequestContext
 0001:0005F3D0       TCustomDataSetAdapterImageField.ImplHandleRequest
 0001:0005F4B8       TCustomDataSetAdapterImageField.GetAdapterItemRequestParams
 0001:0005F53C       TCustomDataSetAdapterImageField.Create
 0001:0005F580       Finalization
 0001:0005F5B0       DBAdaptImg
 0001:0005FECC       TWebUserItem.Assign
 0001:0005FF64       TWebUserItems.Create
 0001:0005FFA8       TWebUserItems.FindUserID
 0001:0006001C       TWebUserItems.FindUserName
 0001:00060098       RightsAsStrings
 0001:00060144       TWebUserItem.CheckRights
 0001:0006021C       TWebUserItem.Create
 0001:00060254       TWebUserItem.Destroy
 0001:00060284       TWebUserItems.GetAttrCount
 0001:0006028C       TWebUserItems.GetAttr
 0001:000602D0       TWebUserItems.GetItemAttr
 0001:00060338       TWebUserItems.GetOwner
 0001:0006033C       TWebUserItems.GetUserItem
 0001:00060350       TWebUserItems.SetUserItem
 0001:00060370       TCustomWebUserList.CheckAccessRights
 0001:000604A4       TCustomWebUserList.Create
 0001:00060500       TCustomWebUserList.Destroy
 0001:00060538       TCustomWebUserList.LoadFromFile
 0001:000605C0       TCustomWebUserList.SaveToFile
 0001:00060648       TCustomWebUserList.GetItem
 0001:00060654       TCustomWebUserList.SetItems
 0001:00060664       TCustomWebUserList.ValidateUser
 0001:000608A8       TWebUserItem.GetAccessRightsStrings
 0001:000608C4       TWebUserItem.GetUserID
 0001:000608D8       TWebUserItem.SetAccessRights
 0001:000608F4       Finalization
 0001:00060924       WebUsers
 0001:00060F3C       RaiseXSLPageProducerError
 0001:00060F54       RaiseNoXMLDocument
 0001:00060F9C       RaiseNoXMLData
 0001:00060FE4       TCustomXSLPageProducer.ContentFromStream
 0001:000610EC       TCustomXSLPageProducer.GetTemplateStream
 0001:000610F4       TCustomXSLPageProducer.GetXSLStream
 0001:00061208       TCustomXSLPageProducer.Notification
 0001:00061248       TCustomXSLPageProducer.SetXMLData
 0001:00061264       TCustomXSLPageProducer.SetDispatcher
 0001:00061288       TCustomXSLPageProducer.Content
 0001:000613B0       TCustomXSLPageProducer.SetAppDispatcher
 0001:000613B8       TCustomXSLPageProducer.GetDispatcher
 0001:00061404       TCustomXSLPageProducer.ProduceContent
 0001:00061418       TCustomXSLPageProducer.ProduceContentFromStream
 0001:00061430       TCustomXSLPageProducer.ProduceContentFromString
 0001:00061448       TCustomXSLPageProducer.GetAppDispatcher
 0001:00061450       TCustomXSLPageProducer.ContentFromString
 0001:000614AC       TCustomXSLPageProducer.ContentFromWideString
 0001:000615A0       TCustomXSLPageProducer.GetXMLDocument
 0001:0006171C       TCustomXSLPageProducer.HasScriptView
 0001:00061720       TCustomXSLPageProducer.HasXMLBrowserView
 0001:00061724       TCustomXSLPageProducer.GetXMLData
 0001:00061918       TCustomXSLPageProducer.GetXSLData
 0001:00061980       TCustomXSLPageProducer.HasHTMLBrowserView
 0001:00061984       TCustomXSLPageProducer.HasXSLBrowserView
 0001:00061988       TCustomXSLPageProducer.GetTemplateFileType
 0001:000619A8       TCustomXSLPageProducer.GetProducerTemplateFileName
 0001:000619F8       TCustomXSLPageProducer.GetProducerTemplateStream
 0001:00061A00       Finalization
 0001:00061A30       XSLProd
 0001:00061CF8       @GetPackageInfoTable
 0001:00061D00       @PackageLoad
 0001:00061D0C       @PackageUnload
 0001:00061D18       websnap
 0002:00000000       Module
 0002:00000018       TlsProc
 0002:00000028       AdapterInputHTMLElementTypeNames
 0002:0000004C       AdapterDisplayHTMLElementTypeNames
 0002:0000005C       AdapterActionHTMLElementTypeNames
 0002:0000006C       AdapterDisplayViewModeTypeNames
 0002:0000007C       InetFileTypes
 0002:00000080       ScriptDebugger
 0002:00000084       InternetEnvOptions
 0002:00000088       ExecuteScript
 0002:0000008C       IDEFileManager
 0002:00000090       GetHTMLSampleImage
 0002:00000094       LIBID_ActiveScriptLib
 0002:000000A4       IID_IActiveScript
 0002:000000B4       IID_IActiveScriptSite
 0002:000000C4       IID_IActiveScriptError
 0002:000000D4       IID_IActiveScriptParse
 0002:000000E4       IID_IActiveScriptSiteWindow
 0002:000000F4       LIBID_WebScript
 0002:00000104       IID_IComponentWrapper
 0002:00000114       IID_IBaseAdapterWrapper
 0002:00000124       IID_IComponentsWrapper
 0002:00000134       IID_IAdapterErrorsWrapper
 0002:00000144       CLASS_AdapterErrorsWrapper
 0002:00000154       IID_IAdapterRecordsWrapper
 0002:00000164       CLASS_AdapterRecordsWrapper
 0002:00000174       IID_IAdapterFieldWrapper
 0002:00000184       CLASS_AdapterFieldWrapper
 0002:00000194       IID_IAdapterActionWrapper
 0002:000001A4       CLASS_AdapterActionWrapper
 0002:000001B4       CLASS_ComponentsWrapper
 0002:000001C4       CLASS_EnumVariantWrapper
 0002:000001D4       IID_IAdapterRecordWrapper
 0002:000001E4       CLASS_AdapterRecordWrapper
 0002:000001F4       IID_IResponseWrapper
 0002:00000204       CLASS_ResponseWrapper
 0002:00000214       IID_IHTMLItemsWrapper
 0002:00000224       CLASS_HTMLItemsWrapper
 0002:00000234       IID_IPageWrapper
 0002:00000244       CLASS_PageWrapper
 0002:00000254       IID_IModuleWrapper
 0002:00000264       CLASS_ModuleWrapper
 0002:00000274       IID_IModulesWrapper
 0002:00000284       CLASS_ModulesWrapper
 0002:00000294       IID_IProducerWrapper
 0002:000002A4       CLASS_ProducerWrapper
 0002:000002B4       IID_IAdapterErrorWrapper
 0002:000002C4       CLASS_AdapterErrorWrapper
 0002:000002D4       IID_IPagesWrapper
 0002:000002E4       CLASS_PagesWrapper
 0002:000002F4       IID_IBaseRecordsAdapterWrapper
 0002:00000304       IID_IAdapterWrapper
 0002:00000314       IID_ISessionWrapper
 0002:00000324       CLASS_SessionWrapper
 0002:00000334       IID_ISessionIDWrapper
 0002:00000344       CLASS_SessionIDWrapper
 0002:00000354       IID_IEndUserWrapper
 0002:00000364       CLASS_EndUserWrapper
 0002:00000374       IID_IAdapterValuesListWrapper
 0002:00000384       CLASS_AdapterValuesListWrapper
 0002:00000394       CLASS_AdapterWrapper
 0002:000003A4       IID_IApplicationWrapper
 0002:000003B4       IID_IAdapterImageWrapper
 0002:000003C4       CLASS_AdapterImageWrapper
 0002:000003D4       CLASS_ApplicationWrapper
 0002:000003E4       IID_IAdapterFieldValuesWrapper
 0002:000003F4       CLASS_AdapterFieldValuesWrapper
 0002:00000404       IID_IAdapterHiddenFieldsWrapper
 0002:00000414       CLASS_AdapterHiddenFieldsWrapper
 0002:00000424       IID_IAdapterHiddenFieldWrapper
 0002:00000434       CLASS_AdapterHiddenFieldWrapper
 0002:00000444       IID_IAdapterActionArrayWrapper
 0002:00000454       CLASS_AdapterActionArrayWrapper
 0002:00000464       IID_IRequestWrapper
 0002:00000474       CLASS_RequestWrapper
 0002:00000484       IID_IImageProducerWrapper
 0002:00000494       CLASS_ImageProducerWrapper
 0002:000004A4       GlobalScriptVariableNames
 0002:000004CC       CharValue
 0002:000005CC       SymbolTable
 0002:000006C8       DataSetAdapterModeNames
 0002:00001000       ModuleIsLib
 0002:00001001       ModuleIsPackage
 0002:00001004       TlsIndex
 0002:0000100C       HInstance
 0002:00001010       .1
 0002:00001014       tlsBuffer
 0002:00001018       .1
 0002:0000101C       .3
 0002:00001020       .4
 0002:00001024       .01
 0002:00001028       .1
 0002:0000102C       .92
 0002:00001030       .72
 0002:00001034       .1
 0002:00001038       ScriptComServer
 0002:0000103C       .01
 0002:00001040       FactoryList
 0002:00001044       ScriptSiteClass
 0002:00001048       ScriptObjectFactories
 0002:0000104C       .04
 0002:00001050       Sessions
 0002:00001054       .7
 0002:00001058       .5
 0002:0000105C       .41
 0002:00001060       .81
 0002:00001064       RegisteredRequestIdentifiers
 0002:00001068       .61
 0002:0000106C       .9
 0002:00001070       NotifyPossibleHTMLChange
 0002:00001074       .28
 0002:00001078       .13
 0002:0000107C       .5
 0002:00001080       .4
 0002:00001084       .2
 0002:00001088       .2
 0002:0000108C       DataSetAdapterImageFieldClass
 0002:00001090       .13
 0002:00001094       .3
 0002:00001098       .8
 0002:0000109C       .4


Bound resource files

websnap.res
c:\TEMP\dtf6FFC.tmp


Program entry point at 0001:00061D18
